<!doctype html public "-//w3c//dtd html 4.0 transitional//en">
<html><head>
<title>Static Call Graph - [.\Objects\timer.axf]</title></head>
<body><HR>
<H1>Static Call Graph for image .\Objects\timer.axf</H1><HR>
<BR><P>#&#060CALLGRAPH&#062# ARM Linker, 5060750: Last Updated: Tue Jun 20 17:12:13 2023
<BR><P>
<H3>Maximum Stack Usage =        256 bytes + Unknown(Cycles, Untraceable Function Pointers)</H3><H3>
Call chain for Maximum Stack Depth:</H3>
timer_ProcessEvent &rArr; timer_test &rArr; dbg_printf &rArr; log_vsprintf &rArr; number
<P>
<H3>
Mutually Recursive functions
</H3> <LI><a href="#[3]">SVC_Handler</a>&nbsp;&nbsp;&nbsp;&rArr;&nbsp;&nbsp;&nbsp;<a href="#[3]">SVC_Handler</a><BR>
 <LI><a href="#[5]">SysTick_Handler</a>&nbsp;&nbsp;&nbsp;&rArr;&nbsp;&nbsp;&nbsp;<a href="#[5]">SysTick_Handler</a><BR>
 <LI><a href="#[10]">AACI_IRQHandler</a>&nbsp;&nbsp;&nbsp;&rArr;&nbsp;&nbsp;&nbsp;<a href="#[10]">AACI_IRQHandler</a><BR>
</UL>
<P>
<H3>
Function Pointers
</H3><UL>
 <LI><a href="#[10]">AACI_IRQHandler</a> from startup_armcm0.o(.text) referenced from startup_armcm0.o(RESET)
 <LI><a href="#[17]">CAN_IRQHandler</a> from startup_armcm0.o(.text) referenced from startup_armcm0.o(RESET)
 <LI><a href="#[15]">CHLCD_IRQHandler</a> from startup_armcm0.o(.text) referenced from startup_armcm0.o(RESET)
 <LI><a href="#[11]">CLCD_IRQHandler</a> from startup_armcm0.o(.text) referenced from startup_armcm0.o(RESET)
 <LI><a href="#[1a]">CPU_CLCD_IRQHandler</a> from startup_armcm0.o(.text) referenced from startup_armcm0.o(RESET)
 <LI><a href="#[12]">ENET_IRQHandler</a> from startup_armcm0.o(.text) referenced from startup_armcm0.o(RESET)
 <LI><a href="#[16]">FLEXRAY_IRQHandler</a> from startup_armcm0.o(.text) referenced from startup_armcm0.o(RESET)
 <LI><a href="#[2]">HardFault_Handler</a> from bb_rom_sym_m0.txt(ABSOLUTE) referenced from startup_armcm0.o(RESET)
 <LI><a href="#[19]">I2C_IRQHandler</a> from startup_armcm0.o(.text) referenced from startup_armcm0.o(RESET)
 <LI><a href="#[18]">LIN_IRQHandler</a> from startup_armcm0.o(.text) referenced from startup_armcm0.o(RESET)
 <LI><a href="#[3f]">LL_Disconnect1</a> from patch.o(_func_xip_code_.LL_Disconnect1) referenced from patch.o(_section_xip_code_)
 <LI><a href="#[33]">LL_ENC_AES128_Encrypt1</a> from patch.o(i.LL_ENC_AES128_Encrypt1) referenced from patch.o(_section_xip_code_)
 <LI><a href="#[35]">LL_ENC_Decrypt1</a> from patch.o(i.LL_ENC_Decrypt1) referenced from patch.o(_section_xip_code_)
 <LI><a href="#[34]">LL_ENC_Encrypt1</a> from patch.o(i.LL_ENC_Encrypt1) referenced from patch.o(_section_xip_code_)
 <LI><a href="#[30]">LL_IRQHandler1</a> from patch.o(i.LL_IRQHandler1) referenced from patch.o(_section_xip_code_)
 <LI><a href="#[28]">LL_ProcessEvent</a> from bb_rom_sym_m0.txt(ABSOLUTE) referenced from osal_timer.o(_section_sram_code_)
 <LI><a href="#[47]">LL_ProcessEvent1</a> from patch.o(i.LL_ProcessEvent1) referenced from patch.o(_section_xip_code_)
 <LI><a href="#[44]">LL_Reset1</a> from patch.o(i.LL_Reset1) referenced from patch.o(_section_xip_code_)
 <LI><a href="#[3b]">LL_SetDataLengh1</a> from patch.o(_func_xip_code_.LL_SetDataLengh1) referenced from patch.o(_section_xip_code_)
 <LI><a href="#[46]">LL_TxData1</a> from patch.o(_func_xip_code_.LL_TxData1) referenced from patch.o(_section_xip_code_)
 <LI><a href="#[3e]">LL_set_default_conn_params1</a> from patch.o(i.LL_set_default_conn_params1) referenced from patch.o(_section_xip_code_)
 <LI><a href="#[a]">MCIA_IRQHandler</a> from startup_armcm0.o(.text) referenced from startup_armcm0.o(RESET)
 <LI><a href="#[b]">MCIB_IRQHandler</a> from startup_armcm0.o(.text) referenced from startup_armcm0.o(RESET)
 <LI><a href="#[1]">NMI_Handler</a> from bb_rom_sym_m0.txt(ABSOLUTE) referenced from startup_armcm0.o(RESET)
 <LI><a href="#[4]">PendSV_Handler</a> from bb_rom_sym_m0.txt(ABSOLUTE) referenced from startup_armcm0.o(RESET)
 <LI><a href="#[7]">RTC_IRQHandler</a> from startup_armcm0.o(.text) referenced from startup_armcm0.o(RESET)
 <LI><a href="#[0]">Reset_Handler</a> from startup_armcm0.o(.text) referenced from startup_armcm0.o(RESET)
 <LI><a href="#[1c]">SPI_IRQHandler</a> from startup_armcm0.o(.text) referenced from startup_armcm0.o(RESET)
 <LI><a href="#[3]">SVC_Handler</a> from startup_armcm0.o(.text) referenced from startup_armcm0.o(RESET)
 <LI><a href="#[5]">SysTick_Handler</a> from startup_armcm0.o(.text) referenced from startup_armcm0.o(RESET)
 <LI><a href="#[1f]">SystemInit</a> from system_armcm0.o(i.SystemInit) referenced from startup_armcm0.o(.text)
 <LI><a href="#[8]">TIM0_IRQHandler</a> from startup_armcm0.o(.text) referenced from startup_armcm0.o(RESET)
 <LI><a href="#[9]">TIM2_IRQHandler</a> from startup_armcm0.o(.text) referenced from startup_armcm0.o(RESET)
 <LI><a href="#[c]">UART0_IRQHandler</a> from startup_armcm0.o(.text) referenced from startup_armcm0.o(RESET)
 <LI><a href="#[d]">UART1_IRQHandler</a> from startup_armcm0.o(.text) referenced from startup_armcm0.o(RESET)
 <LI><a href="#[e]">UART2_IRQHandler</a> from startup_armcm0.o(.text) referenced from startup_armcm0.o(RESET)
 <LI><a href="#[1b]">UART3_IRQHandler</a> from startup_armcm0.o(.text) referenced from startup_armcm0.o(RESET)
 <LI><a href="#[f]">UART4_IRQHandler</a> from startup_armcm0.o(.text) referenced from startup_armcm0.o(RESET)
 <LI><a href="#[13]">USBDC_IRQHandler</a> from startup_armcm0.o(.text) referenced from startup_armcm0.o(RESET)
 <LI><a href="#[14]">USBHC_IRQHandler</a> from startup_armcm0.o(.text) referenced from startup_armcm0.o(RESET)
 <LI><a href="#[6]">WDT_IRQHandler</a> from startup_armcm0.o(.text) referenced from startup_armcm0.o(RESET)
 <LI><a href="#[20]">__main</a> from entry.o(.ARM.Collect$$$$00000000) referenced from startup_armcm0.o(.text)
 <LI><a href="#[1e]">_hard_fault</a> from jump_table.o(i._hard_fault) referenced from jump_table.o(.emb_text)
 <LI><a href="#[21]">_uart_putc</a> from my_printf.o(i._uart_putc) referenced from my_printf.o(i.dbg_printf)
 <LI><a href="#[37]">config_RTC1</a> from patch.o(i.config_RTC1) referenced from patch.o(_section_xip_code_)
 <LI><a href="#[36]">enterSleepProcess1</a> from patch.o(i.enterSleepProcess1) referenced from patch.o(_section_xip_code_)
 <LI><a href="#[4b]">hal_TIMER5_IRQHandler</a> from timer.o(i.hal_TIMER5_IRQHandler) referenced from timer.o(i.hal_timer_set)
 <LI><a href="#[4c]">hal_TIMER6_IRQHandler</a> from timer.o(i.hal_TIMER6_IRQHandler) referenced from timer.o(i.hal_timer_set)
 <LI><a href="#[26]">hal_UART0_IRQHandler</a> from uart.o(i.hal_UART0_IRQHandler) referenced from uart.o(i.uart_hw_init)
 <LI><a href="#[26]">hal_UART0_IRQHandler</a> from uart.o(i.hal_UART0_IRQHandler) referenced from jump_table.o(jump_table_mem_area)
 <LI><a href="#[27]">hal_UART1_IRQHandler</a> from uart.o(i.hal_UART1_IRQHandler) referenced from uart.o(i.uart_hw_init)
 <LI><a href="#[2b]">hal_pwrmgr_sleep_process</a> from pwrmgr.o(i.hal_pwrmgr_sleep_process) referenced from jump_table.o(jump_table_mem_area)
 <LI><a href="#[2c]">hal_pwrmgr_wakeup_process</a> from pwrmgr.o(i.hal_pwrmgr_wakeup_process) referenced from jump_table.o(jump_table_mem_area)
 <LI><a href="#[4a]">hal_timer_sleep_handler</a> from timer.o(i.hal_timer_sleep_handler) referenced from timer.o(i.hal_timer_init)
 <LI><a href="#[49]">hal_timer_wakeup_handler</a> from timer.o(i.hal_timer_wakeup_handler) referenced from timer.o(i.hal_timer_init)
 <LI><a href="#[2e]">hard_fault</a> from jump_table.o(.emb_text) referenced from jump_table.o(jump_table_mem_area)
 <LI><a href="#[22]">hw_spif_cache_config</a> from flash.o(i.hw_spif_cache_config) referenced from flash.o(i.hal_spif_cache_init)
 <LI><a href="#[3a]">l2capPocessFragmentTxData</a> from patch.o(i.l2capPocessFragmentTxData) referenced from patch.o(_section_xip_code_)
 <LI><a href="#[3c]">llProcessTxData1</a> from patch.o(i.llProcessTxData1) referenced from patch.o(_section_xip_code_)
 <LI><a href="#[45]">llReleaseConnId1</a> from patch.o(i.llReleaseConnId1) referenced from patch.o(_section_xip_code_)
 <LI><a href="#[41]">llSlaveEvt_TaskEndOk1</a> from patch.o(i.llSlaveEvt_TaskEndOk1) referenced from patch.o(_section_xip_code_)
 <LI><a href="#[43]">llWriteTxData1</a> from patch.o(i.llWriteTxData1) referenced from patch.o(_section_xip_code_)
 <LI><a href="#[3d]">ll_generateTxBuffer1</a> from patch.o(i.ll_generateTxBuffer1) referenced from patch.o(_section_xip_code_)
 <LI><a href="#[2f]">ll_hw_go1</a> from patch.o(i.ll_hw_go1) referenced from patch.o(_section_xip_code_)
 <LI><a href="#[42]">ll_hw_read_tfifo_rtlp1</a> from patch.o(i.ll_hw_read_tfifo_rtlp1) referenced from patch.o(_section_xip_code_)
 <LI><a href="#[48]">ll_read_rxfifo1</a> from patch.o(i.ll_read_rxfifo1) referenced from patch.o(_section_xip_code_)
 <LI><a href="#[1d]">main</a> from main.o(i.main) referenced from entry9a.o(.ARM.Collect$$$$0000000B)
 <LI><a href="#[2a]">osalInitTasks</a> from osal_timer.o(i.osalInitTasks) referenced from jump_table.o(jump_table_mem_area)
 <LI><a href="#[40]">osal_idle_task0</a> from patch.o(i.osal_idle_task0) referenced from patch.o(_section_xip_code_)
 <LI><a href="#[31]">rf_calibrate1</a> from rf_phy_driver.o(i.rf_calibrate1) referenced from patch.o(_section_xip_code_)
 <LI><a href="#[32]">rf_phy_change_cfg0</a> from rf_phy_driver.o(i.rf_phy_change_cfg0) referenced from patch.o(_section_xip_code_)
 <LI><a href="#[2d]">rf_phy_ini</a> from rf_phy_driver.o(i.rf_phy_ini) referenced from jump_table.o(jump_table_mem_area)
 <LI><a href="#[29]">timer_ProcessEvent</a> from timer_demo.o(i.timer_ProcessEvent) referenced from osal_timer.o(_section_sram_code_)
 <LI><a href="#[25]">timer_int_process</a> from timer_demo.o(i.timer_int_process) referenced from timer_demo.o(i.timer_Init)
 <LI><a href="#[25]">timer_int_process</a> from timer_demo.o(i.timer_int_process) referenced from timer_demo.o(i.timer_test)
 <LI><a href="#[23]">uart_wakeup_process_0</a> from uart.o(i.uart_wakeup_process_0) referenced from uart.o(i.hal_uart_init)
 <LI><a href="#[24]">uart_wakeup_process_1</a> from uart.o(i.uart_wakeup_process_1) referenced from uart.o(i.hal_uart_init)
 <LI><a href="#[39]">wakeupProcess1</a> from patch.o(i.wakeupProcess1) referenced from patch.o(_section_xip_code_)
 <LI><a href="#[38]">wakeup_init1</a> from patch.o(i.wakeup_init1) referenced from patch.o(_section_xip_code_)
</UL>
<P>
<H3>
Global Symbols
</H3>
<P><STRONG><a name="[e1]"></a>__aeabi_uidivmod</STRONG> (Thumb, 0 bytes, Stack size 0 bytes, bb_rom_sym_m0.txt(ABSOLUTE))
<BR><BR>[Called By]<UL><LI><a href="#[be]">&gt;&gt;</a>&nbsp;&nbsp;&nbsp;uart_hw_init (via Veneer)
<LI><a href="#[de]">&gt;&gt;</a>&nbsp;&nbsp;&nbsp;number (via Veneer)
<LI><a href="#[39]">&gt;&gt;</a>&nbsp;&nbsp;&nbsp;wakeupProcess1 (via Veneer)
</UL>

<P><STRONG><a name="[cc]"></a>__aeabi_memcpy</STRONG> (Thumb, 0 bytes, Stack size 0 bytes, bb_rom_sym_m0.txt(ABSOLUTE))
<BR><BR>[Called By]<UL><LI><a href="#[bf]">&gt;&gt;</a>&nbsp;&nbsp;&nbsp;txmit_buf_use_tx_buf (via Veneer)
<LI><a href="#[43]">&gt;&gt;</a>&nbsp;&nbsp;&nbsp;llWriteTxData1 (via Veneer)
</UL>

<P><STRONG><a name="[ae]"></a>__aeabi_memcpy4</STRONG> (Thumb, 0 bytes, Stack size 0 bytes, bb_rom_sym_m0.txt(ABSOLUTE))
<BR><BR>[Called By]<UL><LI><a href="#[a9]">&gt;&gt;</a>&nbsp;&nbsp;&nbsp;hal_low_power_io_init (via Veneer)
<LI><a href="#[b7]">&gt;&gt;</a>&nbsp;&nbsp;&nbsp;hal_pwrmgr_unregister (via Veneer)
</UL>

<P><STRONG><a name="[b3]"></a>__aeabi_memclr4</STRONG> (Thumb, 0 bytes, Stack size 0 bytes, bb_rom_sym_m0.txt(ABSOLUTE))
<BR><BR>[Called By]<UL><LI><a href="#[98]">&gt;&gt;</a>&nbsp;&nbsp;&nbsp;hal_uart_init (via Veneer)
<LI><a href="#[ab]">&gt;&gt;</a>&nbsp;&nbsp;&nbsp;hal_pwrmgr_init (via Veneer)
<LI><a href="#[ad]">&gt;&gt;</a>&nbsp;&nbsp;&nbsp;hal_gpio_init (via Veneer)
<LI><a href="#[8c]">&gt;&gt;</a>&nbsp;&nbsp;&nbsp;LL_InitConnectContext (via Veneer)
</UL>

<P><STRONG><a name="[5b]"></a>__aeabi_uread4</STRONG> (Thumb, 0 bytes, Stack size 0 bytes, bb_rom_sym_m0.txt(ABSOLUTE))
<BR><BR>[Called By]<UL><LI><a href="#[34]">&gt;&gt;</a>&nbsp;&nbsp;&nbsp;LL_ENC_Encrypt1 (via Veneer)
<LI><a href="#[35]">&gt;&gt;</a>&nbsp;&nbsp;&nbsp;LL_ENC_Decrypt1 (via Veneer)
</UL>

<P><STRONG><a name="[2]"></a>HardFault_Handler</STRONG> (Thumb, 0 bytes, Stack size 0 bytes, bb_rom_sym_m0.txt(ABSOLUTE), UNUSED)
<BR>[Address Reference Count : 1]<UL><LI> startup_armcm0.o(RESET)
</UL>
<P><STRONG><a name="[10a]"></a>LL_CreateConnCancel0</STRONG> (Thumb, 0 bytes, Stack size 0 bytes, bb_rom_sym_m0.txt(ABSOLUTE), UNUSED)
<BR><BR>[Called By]<UL><LI><a href="#[109]">&gt;&gt;</a>&nbsp;&nbsp;&nbsp;LL_CreateConnCancel1 (via Veneer)
</UL>

<P><STRONG><a name="[105]"></a>LL_Disconnect0</STRONG> (Thumb, 0 bytes, Stack size 0 bytes, bb_rom_sym_m0.txt(ABSOLUTE))
<BR><BR>[Called By]<UL><LI><a href="#[3f]">&gt;&gt;</a>&nbsp;&nbsp;&nbsp;LL_Disconnect1 (via Veneer)
</UL>

<P><STRONG><a name="[74]"></a>LL_DisconnectCback</STRONG> (Thumb, 0 bytes, Stack size 0 bytes, bb_rom_sym_m0.txt(ABSOLUTE))
<BR><BR>[Called By]<UL><LI><a href="#[47]">&gt;&gt;</a>&nbsp;&nbsp;&nbsp;LL_ProcessEvent1 (via Veneer)
</UL>

<P><STRONG><a name="[9f]"></a>LL_ENC_AES128_Encrypt</STRONG> (Thumb, 0 bytes, Stack size 0 bytes, bb_rom_sym_m0.txt(ABSOLUTE))
<BR><BR>[Called By]<UL><LI><a href="#[7d]">&gt;&gt;</a>&nbsp;&nbsp;&nbsp;finidv (via Veneer)
</UL>

<P><STRONG><a name="[58]"></a>LL_ENC_AES128_Encrypt0</STRONG> (Thumb, 0 bytes, Stack size 0 bytes, bb_rom_sym_m0.txt(ABSOLUTE))
<BR><BR>[Called By]<UL><LI><a href="#[33]">&gt;&gt;</a>&nbsp;&nbsp;&nbsp;LL_ENC_AES128_Encrypt1 (via Veneer)
</UL>

<P><STRONG><a name="[cb]"></a>LL_ENC_Encrypt</STRONG> (Thumb, 0 bytes, Stack size 0 bytes, bb_rom_sym_m0.txt(ABSOLUTE))
<BR><BR>[Called By]<UL><LI><a href="#[43]">&gt;&gt;</a>&nbsp;&nbsp;&nbsp;llWriteTxData1 (via Veneer)
</UL>

<P><STRONG><a name="[5a]"></a>LL_ENC_GenerateNonce</STRONG> (Thumb, 0 bytes, Stack size 0 bytes, bb_rom_sym_m0.txt(ABSOLUTE))
<BR><BR>[Called By]<UL><LI><a href="#[34]">&gt;&gt;</a>&nbsp;&nbsp;&nbsp;LL_ENC_Encrypt1 (via Veneer)
<LI><a href="#[35]">&gt;&gt;</a>&nbsp;&nbsp;&nbsp;LL_ENC_Decrypt1 (via Veneer)
</UL>

<P><STRONG><a name="[59]"></a>LL_ENC_LoadKey</STRONG> (Thumb, 0 bytes, Stack size 0 bytes, bb_rom_sym_m0.txt(ABSOLUTE))
<BR><BR>[Called By]<UL><LI><a href="#[34]">&gt;&gt;</a>&nbsp;&nbsp;&nbsp;LL_ENC_Encrypt1 (via Veneer)
<LI><a href="#[35]">&gt;&gt;</a>&nbsp;&nbsp;&nbsp;LL_ENC_Decrypt1 (via Veneer)
</UL>

<P><STRONG><a name="[e3]"></a>LL_Init</STRONG> (Thumb, 0 bytes, Stack size 0 bytes, bb_rom_sym_m0.txt(ABSOLUTE))
<BR><BR>[Called By]<UL><LI><a href="#[2a]">&gt;&gt;</a>&nbsp;&nbsp;&nbsp;osalInitTasks (via Veneer)
</UL>

<P><STRONG><a name="[28]"></a>LL_ProcessEvent</STRONG> (Thumb, 0 bytes, Stack size 0 bytes, bb_rom_sym_m0.txt(ABSOLUTE), UNUSED)
<BR>[Address Reference Count : 1]<UL><LI> osal_timer.o(_section_sram_code_)
</UL>
<P><STRONG><a name="[75]"></a>LL_ProcessEvent0</STRONG> (Thumb, 0 bytes, Stack size 0 bytes, bb_rom_sym_m0.txt(ABSOLUTE))
<BR><BR>[Called By]<UL><LI><a href="#[47]">&gt;&gt;</a>&nbsp;&nbsp;&nbsp;LL_ProcessEvent1 (via Veneer)
</UL>

<P><STRONG><a name="[77]"></a>LL_Reset0</STRONG> (Thumb, 0 bytes, Stack size 0 bytes, bb_rom_sym_m0.txt(ABSOLUTE))
<BR><BR>[Called By]<UL><LI><a href="#[44]">&gt;&gt;</a>&nbsp;&nbsp;&nbsp;LL_Reset1 (via Veneer)
</UL>

<P><STRONG><a name="[106]"></a>LL_SetDataLengh0</STRONG> (Thumb, 0 bytes, Stack size 0 bytes, bb_rom_sym_m0.txt(ABSOLUTE))
<BR><BR>[Called By]<UL><LI><a href="#[3b]">&gt;&gt;</a>&nbsp;&nbsp;&nbsp;LL_SetDataLengh1 (via Veneer)
</UL>

<P><STRONG><a name="[78]"></a>LL_set_default_conn_params0</STRONG> (Thumb, 0 bytes, Stack size 0 bytes, bb_rom_sym_m0.txt(ABSOLUTE))
<BR><BR>[Called By]<UL><LI><a href="#[3e]">&gt;&gt;</a>&nbsp;&nbsp;&nbsp;LL_set_default_conn_params1 (via Veneer)
</UL>

<P><STRONG><a name="[1]"></a>NMI_Handler</STRONG> (Thumb, 0 bytes, Stack size 0 bytes, bb_rom_sym_m0.txt(ABSOLUTE), UNUSED)
<BR>[Address Reference Count : 1]<UL><LI> startup_armcm0.o(RESET)
</UL>
<P><STRONG><a name="[4]"></a>PendSV_Handler</STRONG> (Thumb, 0 bytes, Stack size 0 bytes, bb_rom_sym_m0.txt(ABSOLUTE), UNUSED)
<BR>[Address Reference Count : 1]<UL><LI> startup_armcm0.o(RESET)
</UL>
<P><STRONG><a name="[8e]"></a>WaitRTCCount</STRONG> (Thumb, 0 bytes, Stack size 0 bytes, bb_rom_sym_m0.txt(ABSOLUTE))
<BR><BR>[Called By]<UL><LI><a href="#[90]">&gt;&gt;</a>&nbsp;&nbsp;&nbsp;check_96MXtal_by_rcTracking (via Veneer)
<LI><a href="#[8d]">&gt;&gt;</a>&nbsp;&nbsp;&nbsp;check_16MXtal_by_rcTracking (via Veneer)
<LI><a href="#[e6]">&gt;&gt;</a>&nbsp;&nbsp;&nbsp;rc32k_calibration (via Veneer)
<LI><a href="#[38]">&gt;&gt;</a>&nbsp;&nbsp;&nbsp;wakeup_init1 (via Veneer)
<LI><a href="#[39]">&gt;&gt;</a>&nbsp;&nbsp;&nbsp;wakeupProcess1 (via Veneer)
<LI><a href="#[9c]">&gt;&gt;</a>&nbsp;&nbsp;&nbsp;rc32k_cap_cal (via Veneer)
<LI><a href="#[37]">&gt;&gt;</a>&nbsp;&nbsp;&nbsp;config_RTC1 (via Veneer)
</UL>

<P><STRONG><a name="[ee]"></a>__ARM_common_switch8</STRONG> (Thumb, 0 bytes, Stack size 0 bytes, bb_rom_sym_m0.txt(ABSOLUTE))
<BR><BR>[Called By]<UL><LI><a href="#[f1]">&gt;&gt;</a>&nbsp;&nbsp;&nbsp;timer_test (via Veneer)
<LI><a href="#[ed]">&gt;&gt;</a>&nbsp;&nbsp;&nbsp;rf_tp_cal (via Veneer)
</UL>

<P><STRONG><a name="[ff]"></a>app_wakeup_process</STRONG> (Thumb, 0 bytes, Stack size 0 bytes, bb_rom_sym_m0.txt(ABSOLUTE))
<BR><BR>[Called By]<UL><LI><a href="#[39]">&gt;&gt;</a>&nbsp;&nbsp;&nbsp;wakeupProcess1 (via Veneer)
</UL>

<P><STRONG><a name="[fa]"></a>clk_get_pclk</STRONG> (Thumb, 0 bytes, Stack size 0 bytes, bb_rom_sym_m0.txt(ABSOLUTE))
<BR><BR>[Called By]<UL><LI><a href="#[be]">&gt;&gt;</a>&nbsp;&nbsp;&nbsp;uart_hw_init (via Veneer)
</UL>

<P><STRONG><a name="[55]"></a>config_RTC</STRONG> (Thumb, 0 bytes, Stack size 0 bytes, bb_rom_sym_m0.txt(ABSOLUTE))
<BR><BR>[Called By]<UL><LI><a href="#[53]">&gt;&gt;</a>&nbsp;&nbsp;&nbsp;hal_pwrmgr_enter_sleep_rtc_reset (via Veneer)
</UL>

<P><STRONG><a name="[b4]"></a>disableSleep</STRONG> (Thumb, 0 bytes, Stack size 0 bytes, bb_rom_sym_m0.txt(ABSOLUTE))
<BR><BR>[Called By]<UL><LI><a href="#[ab]">&gt;&gt;</a>&nbsp;&nbsp;&nbsp;hal_pwrmgr_init (via Veneer)
<LI><a href="#[52]">&gt;&gt;</a>&nbsp;&nbsp;&nbsp;hal_pwrmgr_unlock (via Veneer)
<LI><a href="#[b6]">&gt;&gt;</a>&nbsp;&nbsp;&nbsp;hal_pwrmgr_lock (via Veneer)
</UL>

<P><STRONG><a name="[54]"></a>drv_disable_irq</STRONG> (Thumb, 0 bytes, Stack size 0 bytes, bb_rom_sym_m0.txt(ABSOLUTE))
<BR><BR>[Called By]<UL><LI><a href="#[bf]">&gt;&gt;</a>&nbsp;&nbsp;&nbsp;txmit_buf_use_tx_buf (via Veneer)
<LI><a href="#[a4]">&gt;&gt;</a>&nbsp;&nbsp;&nbsp;hal_cache_tag_flush (via Veneer)
<LI><a href="#[53]">&gt;&gt;</a>&nbsp;&nbsp;&nbsp;hal_pwrmgr_enter_sleep_rtc_reset (via Veneer)
<LI><a href="#[b7]">&gt;&gt;</a>&nbsp;&nbsp;&nbsp;hal_pwrmgr_unregister (via Veneer)
<LI><a href="#[52]">&gt;&gt;</a>&nbsp;&nbsp;&nbsp;hal_pwrmgr_unlock (via Veneer)
<LI><a href="#[b6]">&gt;&gt;</a>&nbsp;&nbsp;&nbsp;hal_pwrmgr_lock (via Veneer)
<LI><a href="#[3f]">&gt;&gt;</a>&nbsp;&nbsp;&nbsp;LL_Disconnect1 (via Veneer)
<LI><a href="#[c3]">&gt;&gt;</a>&nbsp;&nbsp;&nbsp;ll_osal_mem_free (via Veneer)
<LI><a href="#[ca]">&gt;&gt;</a>&nbsp;&nbsp;&nbsp;ll_osal_mem_alloc (via Veneer)
<LI><a href="#[109]">&gt;&gt;</a>&nbsp;&nbsp;&nbsp;LL_CreateConnCancel1 (via Veneer)
<LI><a href="#[46]">&gt;&gt;</a>&nbsp;&nbsp;&nbsp;LL_TxData1 (via Veneer)
</UL>

<P><STRONG><a name="[a5]"></a>drv_enable_irq</STRONG> (Thumb, 0 bytes, Stack size 0 bytes, bb_rom_sym_m0.txt(ABSOLUTE))
<BR><BR>[Called By]<UL><LI><a href="#[bf]">&gt;&gt;</a>&nbsp;&nbsp;&nbsp;txmit_buf_use_tx_buf (via Veneer)
<LI><a href="#[a4]">&gt;&gt;</a>&nbsp;&nbsp;&nbsp;hal_cache_tag_flush (via Veneer)
<LI><a href="#[b7]">&gt;&gt;</a>&nbsp;&nbsp;&nbsp;hal_pwrmgr_unregister (via Veneer)
<LI><a href="#[52]">&gt;&gt;</a>&nbsp;&nbsp;&nbsp;hal_pwrmgr_unlock (via Veneer)
<LI><a href="#[b6]">&gt;&gt;</a>&nbsp;&nbsp;&nbsp;hal_pwrmgr_lock (via Veneer)
<LI><a href="#[3f]">&gt;&gt;</a>&nbsp;&nbsp;&nbsp;LL_Disconnect1 (via Veneer)
<LI><a href="#[c3]">&gt;&gt;</a>&nbsp;&nbsp;&nbsp;ll_osal_mem_free (via Veneer)
<LI><a href="#[ca]">&gt;&gt;</a>&nbsp;&nbsp;&nbsp;ll_osal_mem_alloc (via Veneer)
<LI><a href="#[109]">&gt;&gt;</a>&nbsp;&nbsp;&nbsp;LL_CreateConnCancel1 (via Veneer)
<LI><a href="#[46]">&gt;&gt;</a>&nbsp;&nbsp;&nbsp;LL_TxData1 (via Veneer)
</UL>

<P><STRONG><a name="[df]"></a>drv_irq_init</STRONG> (Thumb, 0 bytes, Stack size 0 bytes, bb_rom_sym_m0.txt(ABSOLUTE))
<BR><BR>[Called By]<UL><LI><a href="#[1d]">&gt;&gt;</a>&nbsp;&nbsp;&nbsp;main (via Veneer)
<LI><a href="#[39]">&gt;&gt;</a>&nbsp;&nbsp;&nbsp;wakeupProcess1 (via Veneer)
</UL>

<P><STRONG><a name="[7c]"></a>efuse_read</STRONG> (Thumb, 0 bytes, Stack size 0 bytes, bb_rom_sym_m0.txt(ABSOLUTE))
<BR><BR>[Called By]<UL><LI><a href="#[7d]">&gt;&gt;</a>&nbsp;&nbsp;&nbsp;finidv (via Veneer)
<LI><a href="#[7b]">&gt;&gt;</a>&nbsp;&nbsp;&nbsp;_efuse_chip_version_check (via Veneer)
<LI><a href="#[81]">&gt;&gt;</a>&nbsp;&nbsp;&nbsp;_rom_efuse_version_init (via Veneer)
</UL>

<P><STRONG><a name="[b5]"></a>enableSleep</STRONG> (Thumb, 0 bytes, Stack size 0 bytes, bb_rom_sym_m0.txt(ABSOLUTE))
<BR><BR>[Called By]<UL><LI><a href="#[e0]">&gt;&gt;</a>&nbsp;&nbsp;&nbsp;init_config (via Veneer)
<LI><a href="#[ab]">&gt;&gt;</a>&nbsp;&nbsp;&nbsp;hal_pwrmgr_init (via Veneer)
<LI><a href="#[52]">&gt;&gt;</a>&nbsp;&nbsp;&nbsp;hal_pwrmgr_unlock (via Veneer)
</UL>

<P><STRONG><a name="[9e]"></a>enterSleepProcess0</STRONG> (Thumb, 0 bytes, Stack size 0 bytes, bb_rom_sym_m0.txt(ABSOLUTE))
<BR><BR>[Called By]<UL><LI><a href="#[36]">&gt;&gt;</a>&nbsp;&nbsp;&nbsp;enterSleepProcess1 (via Veneer)
</UL>

<P><STRONG><a name="[57]"></a>enter_sleep_off_mode</STRONG> (Thumb, 0 bytes, Stack size 0 bytes, bb_rom_sym_m0.txt(ABSOLUTE))
<BR><BR>[Called By]<UL><LI><a href="#[53]">&gt;&gt;</a>&nbsp;&nbsp;&nbsp;hal_pwrmgr_enter_sleep_rtc_reset (via Veneer)
</UL>

<P><STRONG><a name="[d6]"></a>getRxBufferFree</STRONG> (Thumb, 0 bytes, Stack size 0 bytes, bb_rom_sym_m0.txt(ABSOLUTE))
<BR><BR>[Called By]<UL><LI><a href="#[2f]">&gt;&gt;</a>&nbsp;&nbsp;&nbsp;ll_hw_go1 (via Veneer)
</UL>

<P><STRONG><a name="[c8]"></a>getTxBufferFree</STRONG> (Thumb, 0 bytes, Stack size 0 bytes, bb_rom_sym_m0.txt(ABSOLUTE))
<BR><BR>[Called By]<UL><LI><a href="#[43]">&gt;&gt;</a>&nbsp;&nbsp;&nbsp;llWriteTxData1 (via Veneer)
</UL>

<P><STRONG><a name="[d0]"></a>getTxBufferSize</STRONG> (Thumb, 0 bytes, Stack size 0 bytes, bb_rom_sym_m0.txt(ABSOLUTE))
<BR><BR>[Called By]<UL><LI><a href="#[3d]">&gt;&gt;</a>&nbsp;&nbsp;&nbsp;ll_generateTxBuffer1 (via Veneer)
</UL>

<P><STRONG><a name="[d5]"></a>get_rx_write_ptr</STRONG> (Thumb, 0 bytes, Stack size 0 bytes, bb_rom_sym_m0.txt(ABSOLUTE))
<BR><BR>[Called By]<UL><LI><a href="#[2f]">&gt;&gt;</a>&nbsp;&nbsp;&nbsp;ll_hw_go1 (via Veneer)
</UL>

<P><STRONG><a name="[d1]"></a>get_tx_read_ptr</STRONG> (Thumb, 0 bytes, Stack size 0 bytes, bb_rom_sym_m0.txt(ABSOLUTE))
<BR><BR>[Called By]<UL><LI><a href="#[3d]">&gt;&gt;</a>&nbsp;&nbsp;&nbsp;ll_generateTxBuffer1 (via Veneer)
</UL>

<P><STRONG><a name="[c9]"></a>get_tx_write_ptr</STRONG> (Thumb, 0 bytes, Stack size 0 bytes, bb_rom_sym_m0.txt(ABSOLUTE))
<BR><BR>[Called By]<UL><LI><a href="#[43]">&gt;&gt;</a>&nbsp;&nbsp;&nbsp;llWriteTxData1 (via Veneer)
</UL>

<P><STRONG><a name="[7e]"></a>rom_uart_init</STRONG> (Thumb, 0 bytes, Stack size 0 bytes, bb_rom_sym_m0.txt(ABSOLUTE))
<BR><BR>[Called By]<UL><LI><a href="#[1e]">&gt;&gt;</a>&nbsp;&nbsp;&nbsp;_hard_fault (via Veneer)
</UL>

<P><STRONG><a name="[d3]"></a>llEnqueueCtrlPkt</STRONG> (Thumb, 0 bytes, Stack size 0 bytes, bb_rom_sym_m0.txt(ABSOLUTE))
<BR><BR>[Called By]<UL><LI><a href="#[3d]">&gt;&gt;</a>&nbsp;&nbsp;&nbsp;ll_generateTxBuffer1 (via Veneer)
</UL>

<P><STRONG><a name="[107]"></a>llEnqueueDataQ</STRONG> (Thumb, 0 bytes, Stack size 0 bytes, bb_rom_sym_m0.txt(ABSOLUTE))
<BR><BR>[Called By]<UL><LI><a href="#[46]">&gt;&gt;</a>&nbsp;&nbsp;&nbsp;LL_TxData1 (via Veneer)
</UL>

<P><STRONG><a name="[108]"></a>llProcessTxData</STRONG> (Thumb, 0 bytes, Stack size 0 bytes, bb_rom_sym_m0.txt(ABSOLUTE))
<BR><BR>[Called By]<UL><LI><a href="#[46]">&gt;&gt;</a>&nbsp;&nbsp;&nbsp;LL_TxData1 (via Veneer)
</UL>

<P><STRONG><a name="[c4]"></a>llProcessTxData0</STRONG> (Thumb, 0 bytes, Stack size 0 bytes, bb_rom_sym_m0.txt(ABSOLUTE))
<BR><BR>[Called By]<UL><LI><a href="#[3c]">&gt;&gt;</a>&nbsp;&nbsp;&nbsp;llProcessTxData1 (via Veneer)
</UL>

<P><STRONG><a name="[c6]"></a>llReleaseConnId0</STRONG> (Thumb, 0 bytes, Stack size 0 bytes, bb_rom_sym_m0.txt(ABSOLUTE))
<BR><BR>[Called By]<UL><LI><a href="#[45]">&gt;&gt;</a>&nbsp;&nbsp;&nbsp;llReleaseConnId1 (via Veneer)
</UL>

<P><STRONG><a name="[6f]"></a>llSecAdvAllow</STRONG> (Thumb, 0 bytes, Stack size 0 bytes, bb_rom_sym_m0.txt(ABSOLUTE))
<BR><BR>[Called By]<UL><LI><a href="#[30]">&gt;&gt;</a>&nbsp;&nbsp;&nbsp;LL_IRQHandler1 (via Veneer)
</UL>

<P><STRONG><a name="[70]"></a>llSetupSecAdvEvt</STRONG> (Thumb, 0 bytes, Stack size 0 bytes, bb_rom_sym_m0.txt(ABSOLUTE))
<BR><BR>[Called By]<UL><LI><a href="#[30]">&gt;&gt;</a>&nbsp;&nbsp;&nbsp;LL_IRQHandler1 (via Veneer)
</UL>

<P><STRONG><a name="[73]"></a>llSetupSecInit</STRONG> (Thumb, 0 bytes, Stack size 0 bytes, bb_rom_sym_m0.txt(ABSOLUTE))
<BR><BR>[Called By]<UL><LI><a href="#[30]">&gt;&gt;</a>&nbsp;&nbsp;&nbsp;LL_IRQHandler1 (via Veneer)
</UL>

<P><STRONG><a name="[72]"></a>llSetupSecScan</STRONG> (Thumb, 0 bytes, Stack size 0 bytes, bb_rom_sym_m0.txt(ABSOLUTE))
<BR><BR>[Called By]<UL><LI><a href="#[30]">&gt;&gt;</a>&nbsp;&nbsp;&nbsp;LL_IRQHandler1 (via Veneer)
</UL>

<P><STRONG><a name="[c7]"></a>llSlaveEvt_TaskEndOk0</STRONG> (Thumb, 0 bytes, Stack size 0 bytes, bb_rom_sym_m0.txt(ABSOLUTE))
<BR><BR>[Called By]<UL><LI><a href="#[41]">&gt;&gt;</a>&nbsp;&nbsp;&nbsp;llSlaveEvt_TaskEndOk1 (via Veneer)
</UL>

<P><STRONG><a name="[5d]"></a>ll_debug_output</STRONG> (Thumb, 0 bytes, Stack size 0 bytes, bb_rom_sym_m0.txt(ABSOLUTE))
<BR><BR>[Called By]<UL><LI><a href="#[39]">&gt;&gt;</a>&nbsp;&nbsp;&nbsp;wakeupProcess1 (via Veneer)
<LI><a href="#[30]">&gt;&gt;</a>&nbsp;&nbsp;&nbsp;LL_IRQHandler1 (via Veneer)
</UL>

<P><STRONG><a name="[60]"></a>ll_hw_clr_irq</STRONG> (Thumb, 0 bytes, Stack size 0 bytes, bb_rom_sym_m0.txt(ABSOLUTE))
<BR><BR>[Called By]<UL><LI><a href="#[30]">&gt;&gt;</a>&nbsp;&nbsp;&nbsp;LL_IRQHandler1 (via Veneer)
</UL>

<P><STRONG><a name="[5e]"></a>ll_hw_get_irq_status</STRONG> (Thumb, 0 bytes, Stack size 0 bytes, bb_rom_sym_m0.txt(ABSOLUTE))
<BR><BR>[Called By]<UL><LI><a href="#[30]">&gt;&gt;</a>&nbsp;&nbsp;&nbsp;LL_IRQHandler1 (via Veneer)
</UL>

<P><STRONG><a name="[cf]"></a>ll_hw_get_tfifo_wrptr</STRONG> (Thumb, 0 bytes, Stack size 0 bytes, bb_rom_sym_m0.txt(ABSOLUTE))
<BR><BR>[Called By]<UL><LI><a href="#[3d]">&gt;&gt;</a>&nbsp;&nbsp;&nbsp;ll_generateTxBuffer1 (via Veneer)
</UL>

<P><STRONG><a name="[5f]"></a>ll_hw_get_tr_mode</STRONG> (Thumb, 0 bytes, Stack size 0 bytes, bb_rom_sym_m0.txt(ABSOLUTE))
<BR><BR>[Called By]<UL><LI><a href="#[2f]">&gt;&gt;</a>&nbsp;&nbsp;&nbsp;ll_hw_go1 (via Veneer)
<LI><a href="#[30]">&gt;&gt;</a>&nbsp;&nbsp;&nbsp;LL_IRQHandler1 (via Veneer)
</UL>

<P><STRONG><a name="[104]"></a>ll_hw_ign_rfifo</STRONG> (Thumb, 0 bytes, Stack size 0 bytes, bb_rom_sym_m0.txt(ABSOLUTE))
<BR><BR>[Called By]<UL><LI><a href="#[38]">&gt;&gt;</a>&nbsp;&nbsp;&nbsp;wakeup_init1 (via Veneer)
</UL>

<P><STRONG><a name="[d9]"></a>ll_hw_read_tfifo_packet</STRONG> (Thumb, 0 bytes, Stack size 0 bytes, bb_rom_sym_m0.txt(ABSOLUTE))
<BR><BR>[Called By]<UL><LI><a href="#[42]">&gt;&gt;</a>&nbsp;&nbsp;&nbsp;ll_hw_read_tfifo_rtlp1 (via Veneer)
</UL>

<P><STRONG><a name="[e9]"></a>ll_hw_set_crc_fmt</STRONG> (Thumb, 0 bytes, Stack size 0 bytes, bb_rom_sym_m0.txt(ABSOLUTE))
<BR><BR>[Called By]<UL><LI><a href="#[e8]">&gt;&gt;</a>&nbsp;&nbsp;&nbsp;rf_phy_bb_cfg (via Veneer)
</UL>

<P><STRONG><a name="[102]"></a>ll_hw_set_empty_head</STRONG> (Thumb, 0 bytes, Stack size 0 bytes, bb_rom_sym_m0.txt(ABSOLUTE))
<BR><BR>[Called By]<UL><LI><a href="#[38]">&gt;&gt;</a>&nbsp;&nbsp;&nbsp;wakeup_init1 (via Veneer)
</UL>

<P><STRONG><a name="[d4]"></a>ll_hw_set_loop_timeout</STRONG> (Thumb, 0 bytes, Stack size 0 bytes, bb_rom_sym_m0.txt(ABSOLUTE))
<BR><BR>[Called By]<UL><LI><a href="#[38]">&gt;&gt;</a>&nbsp;&nbsp;&nbsp;wakeup_init1 (via Veneer)
<LI><a href="#[2f]">&gt;&gt;</a>&nbsp;&nbsp;&nbsp;ll_hw_go1 (via Veneer)
</UL>

<P><STRONG><a name="[71]"></a>ll_hw_set_rx_timeout</STRONG> (Thumb, 0 bytes, Stack size 0 bytes, bb_rom_sym_m0.txt(ABSOLUTE))
<BR><BR>[Called By]<UL><LI><a href="#[38]">&gt;&gt;</a>&nbsp;&nbsp;&nbsp;wakeup_init1 (via Veneer)
<LI><a href="#[2f]">&gt;&gt;</a>&nbsp;&nbsp;&nbsp;ll_hw_go1 (via Veneer)
<LI><a href="#[30]">&gt;&gt;</a>&nbsp;&nbsp;&nbsp;LL_IRQHandler1 (via Veneer)
</UL>

<P><STRONG><a name="[9b]"></a>ll_hw_set_rx_timeout_1st</STRONG> (Thumb, 0 bytes, Stack size 0 bytes, bb_rom_sym_m0.txt(ABSOLUTE))
<BR><BR>[Called By]<UL><LI><a href="#[99]">&gt;&gt;</a>&nbsp;&nbsp;&nbsp;enlarge_rx_timeout_1st (via Veneer)
<LI><a href="#[38]">&gt;&gt;</a>&nbsp;&nbsp;&nbsp;wakeup_init1 (via Veneer)
</UL>

<P><STRONG><a name="[103]"></a>ll_hw_set_timing</STRONG> (Thumb, 0 bytes, Stack size 0 bytes, bb_rom_sym_m0.txt(ABSOLUTE))
<BR><BR>[Called By]<UL><LI><a href="#[38]">&gt;&gt;</a>&nbsp;&nbsp;&nbsp;wakeup_init1 (via Veneer)
</UL>

<P><STRONG><a name="[ec]"></a>ll_hw_tx2rx_timing_config</STRONG> (Thumb, 0 bytes, Stack size 0 bytes, bb_rom_sym_m0.txt(ABSOLUTE))
<BR><BR>[Called By]<UL><LI><a href="#[2d]">&gt;&gt;</a>&nbsp;&nbsp;&nbsp;rf_phy_ini (via Veneer)
<LI><a href="#[39]">&gt;&gt;</a>&nbsp;&nbsp;&nbsp;wakeupProcess1 (via Veneer)
</UL>

<P><STRONG><a name="[ce]"></a>ll_hw_write_tfifo</STRONG> (Thumb, 0 bytes, Stack size 0 bytes, bb_rom_sym_m0.txt(ABSOLUTE))
<BR><BR>[Called By]<UL><LI><a href="#[3d]">&gt;&gt;</a>&nbsp;&nbsp;&nbsp;ll_generateTxBuffer1 (via Veneer)
</UL>

<P><STRONG><a name="[6a]"></a>ll_processBasicIRQ</STRONG> (Thumb, 0 bytes, Stack size 0 bytes, bb_rom_sym_m0.txt(ABSOLUTE))
<BR><BR>[Called By]<UL><LI><a href="#[6b]">&gt;&gt;</a>&nbsp;&nbsp;&nbsp;ll_processBasicIRQ_secondaryScanSRX (via Veneer)
<LI><a href="#[6c]">&gt;&gt;</a>&nbsp;&nbsp;&nbsp;ll_processBasicIRQ_secondaryInitSRX (via Veneer)
<LI><a href="#[68]">&gt;&gt;</a>&nbsp;&nbsp;&nbsp;ll_processBasicIRQ_secondaryAdvTRX (via Veneer)
<LI><a href="#[67]">&gt;&gt;</a>&nbsp;&nbsp;&nbsp;ll_processBasicIRQ_secondaryAdvSTX (via Veneer)
<LI><a href="#[6d]">&gt;&gt;</a>&nbsp;&nbsp;&nbsp;ll_processBasicIRQ_secScanTRX (via Veneer)
<LI><a href="#[69]">&gt;&gt;</a>&nbsp;&nbsp;&nbsp;ll_processBasicIRQ_ScanTRX (via Veneer)
<LI><a href="#[66]">&gt;&gt;</a>&nbsp;&nbsp;&nbsp;ll_processBasicIRQ_SRX (via Veneer)
<LI><a href="#[30]">&gt;&gt;</a>&nbsp;&nbsp;&nbsp;LL_IRQHandler1 (via Veneer)
</UL>

<P><STRONG><a name="[61]"></a>ll_processExtAdvIRQ</STRONG> (Thumb, 0 bytes, Stack size 0 bytes, bb_rom_sym_m0.txt(ABSOLUTE))
<BR><BR>[Called By]<UL><LI><a href="#[30]">&gt;&gt;</a>&nbsp;&nbsp;&nbsp;LL_IRQHandler1 (via Veneer)
</UL>

<P><STRONG><a name="[63]"></a>ll_processExtInitIRQ</STRONG> (Thumb, 0 bytes, Stack size 0 bytes, bb_rom_sym_m0.txt(ABSOLUTE))
<BR><BR>[Called By]<UL><LI><a href="#[30]">&gt;&gt;</a>&nbsp;&nbsp;&nbsp;LL_IRQHandler1 (via Veneer)
</UL>

<P><STRONG><a name="[62]"></a>ll_processExtScanIRQ</STRONG> (Thumb, 0 bytes, Stack size 0 bytes, bb_rom_sym_m0.txt(ABSOLUTE))
<BR><BR>[Called By]<UL><LI><a href="#[30]">&gt;&gt;</a>&nbsp;&nbsp;&nbsp;LL_IRQHandler1 (via Veneer)
</UL>

<P><STRONG><a name="[64]"></a>ll_processPrdAdvIRQ</STRONG> (Thumb, 0 bytes, Stack size 0 bytes, bb_rom_sym_m0.txt(ABSOLUTE))
<BR><BR>[Called By]<UL><LI><a href="#[30]">&gt;&gt;</a>&nbsp;&nbsp;&nbsp;LL_IRQHandler1 (via Veneer)
</UL>

<P><STRONG><a name="[65]"></a>ll_processPrdScanIRQ</STRONG> (Thumb, 0 bytes, Stack size 0 bytes, bb_rom_sym_m0.txt(ABSOLUTE))
<BR><BR>[Called By]<UL><LI><a href="#[30]">&gt;&gt;</a>&nbsp;&nbsp;&nbsp;LL_IRQHandler1 (via Veneer)
</UL>

<P><STRONG><a name="[db]"></a>ll_read_rxfifo0</STRONG> (Thumb, 0 bytes, Stack size 0 bytes, bb_rom_sym_m0.txt(ABSOLUTE))
<BR><BR>[Called By]<UL><LI><a href="#[48]">&gt;&gt;</a>&nbsp;&nbsp;&nbsp;ll_read_rxfifo1 (via Veneer)
</UL>

<P><STRONG><a name="[6e]"></a>ll_schedule_next_event</STRONG> (Thumb, 0 bytes, Stack size 0 bytes, bb_rom_sym_m0.txt(ABSOLUTE))
<BR><BR>[Called By]<UL><LI><a href="#[30]">&gt;&gt;</a>&nbsp;&nbsp;&nbsp;LL_IRQHandler1 (via Veneer)
</UL>

<P><STRONG><a name="[7f]"></a>log_printf</STRONG> (Thumb, 0 bytes, Stack size 0 bytes, bb_rom_sym_m0.txt(ABSOLUTE))
<BR><BR>[Called By]<UL><LI><a href="#[1e]">&gt;&gt;</a>&nbsp;&nbsp;&nbsp;_hard_fault (via Veneer)
</UL>

<P><STRONG><a name="[fd]"></a>osalTimeUpdate</STRONG> (Thumb, 0 bytes, Stack size 0 bytes, bb_rom_sym_m0.txt(ABSOLUTE))
<BR><BR>[Called By]<UL><LI><a href="#[39]">&gt;&gt;</a>&nbsp;&nbsp;&nbsp;wakeupProcess1 (via Veneer)
</UL>

<P><STRONG><a name="[87]"></a>osal_init_system</STRONG> (Thumb, 0 bytes, Stack size 0 bytes, bb_rom_sym_m0.txt(ABSOLUTE))
<BR><BR>[Called By]<UL><LI><a href="#[86]">&gt;&gt;</a>&nbsp;&nbsp;&nbsp;app_main (via Veneer)
</UL>

<P><STRONG><a name="[da]"></a>osal_mem_alloc</STRONG> (Thumb, 0 bytes, Stack size 0 bytes, bb_rom_sym_m0.txt(ABSOLUTE))
<BR><BR>[Called By]<UL><LI><a href="#[2a]">&gt;&gt;</a>&nbsp;&nbsp;&nbsp;osalInitTasks (via Veneer)
<LI><a href="#[ca]">&gt;&gt;</a>&nbsp;&nbsp;&nbsp;ll_osal_mem_alloc (via Veneer)
</UL>

<P><STRONG><a name="[8b]"></a>osal_mem_set_heap</STRONG> (Thumb, 0 bytes, Stack size 0 bytes, bb_rom_sym_m0.txt(ABSOLUTE))
<BR><BR>[Called By]<UL><LI><a href="#[8a]">&gt;&gt;</a>&nbsp;&nbsp;&nbsp;ble_mem_init_config (via Veneer)
</UL>

<P><STRONG><a name="[a0]"></a>osal_memcmp</STRONG> (Thumb, 0 bytes, Stack size 0 bytes, bb_rom_sym_m0.txt(ABSOLUTE))
<BR><BR>[Called By]<UL><LI><a href="#[7d]">&gt;&gt;</a>&nbsp;&nbsp;&nbsp;finidv (via Veneer)
</UL>

<P><STRONG><a name="[e2]"></a>osal_memset</STRONG> (Thumb, 0 bytes, Stack size 0 bytes, bb_rom_sym_m0.txt(ABSOLUTE))
<BR><BR>[Called By]<UL><LI><a href="#[2a]">&gt;&gt;</a>&nbsp;&nbsp;&nbsp;osalInitTasks (via Veneer)
</UL>

<P><STRONG><a name="[88]"></a>osal_pwrmgr_device</STRONG> (Thumb, 0 bytes, Stack size 0 bytes, bb_rom_sym_m0.txt(ABSOLUTE))
<BR><BR>[Called By]<UL><LI><a href="#[86]">&gt;&gt;</a>&nbsp;&nbsp;&nbsp;app_main (via Veneer)
</UL>

<P><STRONG><a name="[e5]"></a>osal_pwrmgr_powerconserve0</STRONG> (Thumb, 0 bytes, Stack size 0 bytes, bb_rom_sym_m0.txt(ABSOLUTE))
<BR><BR>[Called By]<UL><LI><a href="#[40]">&gt;&gt;</a>&nbsp;&nbsp;&nbsp;osal_idle_task0 (via Veneer)
</UL>

<P><STRONG><a name="[ef]"></a>osal_start_reload_timer</STRONG> (Thumb, 0 bytes, Stack size 0 bytes, bb_rom_sym_m0.txt(ABSOLUTE))
<BR><BR>[Called By]<UL><LI><a href="#[e4]">&gt;&gt;</a>&nbsp;&nbsp;&nbsp;timer_Init (via Veneer)
</UL>

<P><STRONG><a name="[89]"></a>osal_start_system</STRONG> (Thumb, 0 bytes, Stack size 0 bytes, bb_rom_sym_m0.txt(ABSOLUTE))
<BR><BR>[Called By]<UL><LI><a href="#[86]">&gt;&gt;</a>&nbsp;&nbsp;&nbsp;app_main (via Veneer)
<LI><a href="#[39]">&gt;&gt;</a>&nbsp;&nbsp;&nbsp;wakeupProcess1 (via Veneer)
</UL>

<P><STRONG><a name="[92]"></a>read_LL_remainder_time</STRONG> (Thumb, 0 bytes, Stack size 0 bytes, bb_rom_sym_m0.txt(ABSOLUTE))
<BR><BR>[Called By]<UL><LI><a href="#[37]">&gt;&gt;</a>&nbsp;&nbsp;&nbsp;config_RTC1 (via Veneer)
</UL>

<P><STRONG><a name="[5c]"></a>read_current_fine_time</STRONG> (Thumb, 0 bytes, Stack size 0 bytes, bb_rom_sym_m0.txt(ABSOLUTE))
<BR><BR>[Called By]<UL><LI><a href="#[39]">&gt;&gt;</a>&nbsp;&nbsp;&nbsp;wakeupProcess1 (via Veneer)
<LI><a href="#[d7]">&gt;&gt;</a>&nbsp;&nbsp;&nbsp;llbuf_alloc_time_statics (via Veneer)
<LI><a href="#[2f]">&gt;&gt;</a>&nbsp;&nbsp;&nbsp;ll_hw_go1 (via Veneer)
<LI><a href="#[30]">&gt;&gt;</a>&nbsp;&nbsp;&nbsp;LL_IRQHandler1 (via Veneer)
</UL>

<P><STRONG><a name="[80]"></a>rtc_get_counter</STRONG> (Thumb, 0 bytes, Stack size 0 bytes, bb_rom_sym_m0.txt(ABSOLUTE))
<BR><BR>[Called By]<UL><LI><a href="#[1e]">&gt;&gt;</a>&nbsp;&nbsp;&nbsp;_hard_fault (via Veneer)
<LI><a href="#[8d]">&gt;&gt;</a>&nbsp;&nbsp;&nbsp;check_16MXtal_by_rcTracking (via Veneer)
<LI><a href="#[38]">&gt;&gt;</a>&nbsp;&nbsp;&nbsp;wakeup_init1 (via Veneer)
<LI><a href="#[39]">&gt;&gt;</a>&nbsp;&nbsp;&nbsp;wakeupProcess1 (via Veneer)
</UL>

<P><STRONG><a name="[10c]"></a>setSleepMode</STRONG> (Thumb, 0 bytes, Stack size 0 bytes, bb_rom_sym_m0.txt(ABSOLUTE))
<BR><BR>[Called By]<UL><LI><a href="#[e0]">&gt;&gt;</a>&nbsp;&nbsp;&nbsp;init_config (via Veneer)
</UL>

<P><STRONG><a name="[d8]"></a>set_max_length</STRONG> (Thumb, 0 bytes, Stack size 0 bytes, bb_rom_sym_m0.txt(ABSOLUTE))
<BR><BR>[Called By]<UL><LI><a href="#[38]">&gt;&gt;</a>&nbsp;&nbsp;&nbsp;wakeup_init1 (via Veneer)
<LI><a href="#[2f]">&gt;&gt;</a>&nbsp;&nbsp;&nbsp;ll_hw_go1 (via Veneer)
</UL>

<P><STRONG><a name="[8f]"></a>set_sleep_flag</STRONG> (Thumb, 0 bytes, Stack size 0 bytes, bb_rom_sym_m0.txt(ABSOLUTE))
<BR><BR>[Called By]<UL><LI><a href="#[8d]">&gt;&gt;</a>&nbsp;&nbsp;&nbsp;check_16MXtal_by_rcTracking (via Veneer)
<LI><a href="#[39]">&gt;&gt;</a>&nbsp;&nbsp;&nbsp;wakeupProcess1 (via Veneer)
</UL>

<P><STRONG><a name="[fe]"></a>set_timer</STRONG> (Thumb, 0 bytes, Stack size 0 bytes, bb_rom_sym_m0.txt(ABSOLUTE))
<BR><BR>[Called By]<UL><LI><a href="#[38]">&gt;&gt;</a>&nbsp;&nbsp;&nbsp;wakeup_init1 (via Veneer)
<LI><a href="#[39]">&gt;&gt;</a>&nbsp;&nbsp;&nbsp;wakeupProcess1 (via Veneer)
</UL>

<P><STRONG><a name="[c1]"></a>spif_config</STRONG> (Thumb, 0 bytes, Stack size 0 bytes, bb_rom_sym_m0.txt(ABSOLUTE))
<BR><BR>[Called By]<UL><LI><a href="#[22]">&gt;&gt;</a>&nbsp;&nbsp;&nbsp;hw_spif_cache_config (via Veneer)
</UL>

<P><STRONG><a name="[a7]"></a>spif_read_id</STRONG> (Thumb, 0 bytes, Stack size 0 bytes, bb_rom_sym_m0.txt(ABSOLUTE))
<BR><BR>[Called By]<UL><LI><a href="#[a6]">&gt;&gt;</a>&nbsp;&nbsp;&nbsp;hal_get_flash_info (via Veneer)
</UL>

<P><STRONG><a name="[d2]"></a>update_tx_read_ptr</STRONG> (Thumb, 0 bytes, Stack size 0 bytes, bb_rom_sym_m0.txt(ABSOLUTE))
<BR><BR>[Called By]<UL><LI><a href="#[3d]">&gt;&gt;</a>&nbsp;&nbsp;&nbsp;ll_generateTxBuffer1 (via Veneer)
</UL>

<P><STRONG><a name="[cd]"></a>update_tx_write_ptr</STRONG> (Thumb, 0 bytes, Stack size 0 bytes, bb_rom_sym_m0.txt(ABSOLUTE))
<BR><BR>[Called By]<UL><LI><a href="#[43]">&gt;&gt;</a>&nbsp;&nbsp;&nbsp;llWriteTxData1 (via Veneer)
</UL>

<P><STRONG><a name="[3f]"></a>LL_Disconnect1</STRONG> (Thumb, 28 bytes, Stack size 16 bytes, patch.o(_func_xip_code_.LL_Disconnect1))
<BR><BR>[Stack]<UL><LI>Max Depth = 16<LI>Call Chain = LL_Disconnect1
</UL>
<BR>[Calls]<UL><LI><a href="#[105]">&gt;&gt;</a>&nbsp;&nbsp;&nbsp;LL_Disconnect0 (via Veneer)
<LI><a href="#[a5]">&gt;&gt;</a>&nbsp;&nbsp;&nbsp;drv_enable_irq (via Veneer)
<LI><a href="#[54]">&gt;&gt;</a>&nbsp;&nbsp;&nbsp;drv_disable_irq (via Veneer)
</UL>
<BR>[Address Reference Count : 1]<UL><LI> patch.o(_section_xip_code_)
</UL>
<P><STRONG><a name="[8c]"></a>LL_InitConnectContext</STRONG> (Thumb, 250 bytes, Stack size 32 bytes, patch.o(_func_xip_code_.LL_InitConnectContext))
<BR><BR>[Stack]<UL><LI>Max Depth = 80<LI>Call Chain = LL_InitConnectContext &rArr; ll_osal_mem_alloc
</UL>
<BR>[Calls]<UL><LI><a href="#[b3]">&gt;&gt;</a>&nbsp;&nbsp;&nbsp;__aeabi_memclr4 (via Veneer)
<LI><a href="#[ca]">&gt;&gt;</a>&nbsp;&nbsp;&nbsp;ll_osal_mem_alloc (via Veneer)
</UL>
<BR>[Called By]<UL><LI><a href="#[8a]">&gt;&gt;</a>&nbsp;&nbsp;&nbsp;ble_mem_init_config (via Veneer)
</UL>

<P><STRONG><a name="[3b]"></a>LL_SetDataLengh1</STRONG> (Thumb, 40 bytes, Stack size 8 bytes, patch.o(_func_xip_code_.LL_SetDataLengh1))
<BR><BR>[Stack]<UL><LI>Max Depth = 8<LI>Call Chain = LL_SetDataLengh1
</UL>
<BR>[Calls]<UL><LI><a href="#[106]">&gt;&gt;</a>&nbsp;&nbsp;&nbsp;LL_SetDataLengh0 (via Veneer)
</UL>
<BR>[Address Reference Count : 1]<UL><LI> patch.o(_section_xip_code_)
</UL>
<P><STRONG><a name="[46]"></a>LL_TxData1</STRONG> (Thumb, 150 bytes, Stack size 40 bytes, patch.o(_func_xip_code_.LL_TxData1))
<BR><BR>[Stack]<UL><LI>Max Depth = 40<LI>Call Chain = LL_TxData1
</UL>
<BR>[Calls]<UL><LI><a href="#[a5]">&gt;&gt;</a>&nbsp;&nbsp;&nbsp;drv_enable_irq (via Veneer)
<LI><a href="#[54]">&gt;&gt;</a>&nbsp;&nbsp;&nbsp;drv_disable_irq (via Veneer)
<LI><a href="#[108]">&gt;&gt;</a>&nbsp;&nbsp;&nbsp;llProcessTxData (via Veneer)
<LI><a href="#[107]">&gt;&gt;</a>&nbsp;&nbsp;&nbsp;llEnqueueDataQ (via Veneer)
</UL>
<BR>[Address Reference Count : 1]<UL><LI> patch.o(_section_xip_code_)
</UL>
<P><STRONG><a name="[109]"></a>LL_CreateConnCancel1</STRONG> (Thumb, 30 bytes, Stack size 16 bytes, patch.o(_section_xip_code_), UNUSED)
<BR><BR>[Calls]<UL><LI><a href="#[10a]">&gt;&gt;</a>&nbsp;&nbsp;&nbsp;LL_CreateConnCancel0 (via Veneer)
<LI><a href="#[a5]">&gt;&gt;</a>&nbsp;&nbsp;&nbsp;drv_enable_irq (via Veneer)
<LI><a href="#[54]">&gt;&gt;</a>&nbsp;&nbsp;&nbsp;drv_disable_irq (via Veneer)
</UL>

<P><STRONG><a name="[11c]"></a>global_config_maxscanrsplen</STRONG> (Thumb, 12 bytes, Stack size 0 bytes, patch.o(_section_xip_code_), UNUSED)

<P><STRONG><a name="[e0]"></a>init_config</STRONG> (Thumb, 540 bytes, Stack size 24 bytes, patch.o(_section_xip_code_))
<BR><BR>[Stack]<UL><LI>Max Depth = 52<LI>Call Chain = init_config &rArr; _rom_efuse_version_init &rArr; lib_efuse_load
</UL>
<BR>[Calls]<UL><LI><a href="#[b5]">&gt;&gt;</a>&nbsp;&nbsp;&nbsp;enableSleep (via Veneer)
<LI><a href="#[10c]">&gt;&gt;</a>&nbsp;&nbsp;&nbsp;setSleepMode (via Veneer)
<LI><a href="#[81]">&gt;&gt;</a>&nbsp;&nbsp;&nbsp;_rom_efuse_version_init (via Veneer)
<LI><a href="#[10b]">&gt;&gt;</a>&nbsp;&nbsp;&nbsp;global_config_hclk_related (via Veneer)
</UL>
<BR>[Called By]<UL><LI><a href="#[1d]">&gt;&gt;</a>&nbsp;&nbsp;&nbsp;main (via Veneer)
</UL>

<P><STRONG><a name="[4d]"></a>hal_GPIO_IRQHandler</STRONG> (Thumb, 24 bytes, Stack size 16 bytes, gpio.o(i.hal_GPIO_IRQHandler), UNUSED, KEPT)
<BR><BR>[Stack]<UL><LI>Max Depth = 64<LI>Call Chain = hal_GPIO_IRQHandler &rArr; hal_gpioin_event &rArr; hal_gpioin_event_pin
</UL>
<BR>[Calls]<UL><LI><a href="#[10d]">&gt;&gt;</a>&nbsp;&nbsp;&nbsp;hal_gpioin_event
</UL>

<P><STRONG><a name="[4b]"></a>hal_TIMER5_IRQHandler</STRONG> (Thumb, 40 bytes, Stack size 8 bytes, timer.o(i.hal_TIMER5_IRQHandler))
<BR><BR>[Stack]<UL><LI>Max Depth = 8<LI>Call Chain = hal_TIMER5_IRQHandler
</UL>
<BR>[Calls]<UL><LI><a href="#[10e]">&gt;&gt;</a>&nbsp;&nbsp;&nbsp;hal_timer_clear_int
</UL>
<BR>[Address Reference Count : 1]<UL><LI> timer.o(i.hal_timer_set)
</UL>
<P><STRONG><a name="[4c]"></a>hal_TIMER6_IRQHandler</STRONG> (Thumb, 40 bytes, Stack size 8 bytes, timer.o(i.hal_TIMER6_IRQHandler))
<BR><BR>[Stack]<UL><LI>Max Depth = 8<LI>Call Chain = hal_TIMER6_IRQHandler
</UL>
<BR>[Calls]<UL><LI><a href="#[10e]">&gt;&gt;</a>&nbsp;&nbsp;&nbsp;hal_timer_clear_int
</UL>
<BR>[Address Reference Count : 1]<UL><LI> timer.o(i.hal_timer_set)
</UL>
<P><STRONG><a name="[10f]"></a>hal_gpio_cfg_analog_io</STRONG> (Thumb, 76 bytes, Stack size 12 bytes, gpio.o(i.hal_gpio_cfg_analog_io))
<BR><BR>[Stack]<UL><LI>Max Depth = 32<LI>Call Chain = hal_gpio_cfg_analog_io &rArr; hal_gpio_pull_set
</UL>
<BR>[Calls]<UL><LI><a href="#[af]">&gt;&gt;</a>&nbsp;&nbsp;&nbsp;hal_gpio_pull_set
</UL>
<BR>[Called By]<UL><LI><a href="#[112]">&gt;&gt;</a>&nbsp;&nbsp;&nbsp;hal_gpio_pin_init
</UL>

<P><STRONG><a name="[f9]"></a>hal_gpio_fmux</STRONG> (Thumb, 44 bytes, Stack size 0 bytes, gpio.o(i.hal_gpio_fmux))
<BR><BR>[Called By]<UL><LI><a href="#[be]">&gt;&gt;</a>&nbsp;&nbsp;&nbsp;uart_hw_init (via Veneer)
<LI><a href="#[f6]">&gt;&gt;</a>&nbsp;&nbsp;&nbsp;uart_hw_deinit (via Veneer)
<LI><a href="#[112]">&gt;&gt;</a>&nbsp;&nbsp;&nbsp;hal_gpio_pin_init
<LI><a href="#[fb]">&gt;&gt;</a>&nbsp;&nbsp;&nbsp;hal_gpio_fmux_set
</UL>

<P><STRONG><a name="[fb]"></a>hal_gpio_fmux_set</STRONG> (Thumb, 84 bytes, Stack size 32 bytes, gpio.o(i.hal_gpio_fmux_set))
<BR><BR>[Stack]<UL><LI>Max Depth = 92<LI>Call Chain = hal_gpio_fmux_set &rArr; hal_gpioin_disable &rArr; hal_gpio_pin_init &rArr; hal_gpio_cfg_analog_io &rArr; hal_gpio_pull_set
</UL>
<BR>[Calls]<UL><LI><a href="#[110]">&gt;&gt;</a>&nbsp;&nbsp;&nbsp;hal_gpioin_disable
<LI><a href="#[f9]">&gt;&gt;</a>&nbsp;&nbsp;&nbsp;hal_gpio_fmux
</UL>
<BR>[Called By]<UL><LI><a href="#[be]">&gt;&gt;</a>&nbsp;&nbsp;&nbsp;uart_hw_init (via Veneer)
</UL>

<P><STRONG><a name="[ad]"></a>hal_gpio_init</STRONG> (Thumb, 84 bytes, Stack size 8 bytes, gpio.o(i.hal_gpio_init))
<BR><BR>[Stack]<UL><LI>Max Depth = 16<LI>Call Chain = hal_gpio_init &rArr; __NVIC_SetPriority
</UL>
<BR>[Calls]<UL><LI><a href="#[b3]">&gt;&gt;</a>&nbsp;&nbsp;&nbsp;__aeabi_memclr4 (via Veneer)
<LI><a href="#[111]">&gt;&gt;</a>&nbsp;&nbsp;&nbsp;__NVIC_SetPriority
</UL>
<BR>[Called By]<UL><LI><a href="#[a8]">&gt;&gt;</a>&nbsp;&nbsp;&nbsp;hal_init (via Veneer)
</UL>

<P><STRONG><a name="[113]"></a>hal_gpio_pin2pin3_control</STRONG> (Thumb, 42 bytes, Stack size 8 bytes, gpio.o(i.hal_gpio_pin2pin3_control))
<BR><BR>[Stack]<UL><LI>Max Depth = 8<LI>Call Chain = hal_gpio_pin2pin3_control
</UL>
<BR>[Called By]<UL><LI><a href="#[112]">&gt;&gt;</a>&nbsp;&nbsp;&nbsp;hal_gpio_pin_init
</UL>

<P><STRONG><a name="[112]"></a>hal_gpio_pin_init</STRONG> (Thumb, 122 bytes, Stack size 12 bytes, gpio.o(i.hal_gpio_pin_init))
<BR><BR>[Stack]<UL><LI>Max Depth = 44<LI>Call Chain = hal_gpio_pin_init &rArr; hal_gpio_cfg_analog_io &rArr; hal_gpio_pull_set
</UL>
<BR>[Calls]<UL><LI><a href="#[113]">&gt;&gt;</a>&nbsp;&nbsp;&nbsp;hal_gpio_pin2pin3_control
<LI><a href="#[f9]">&gt;&gt;</a>&nbsp;&nbsp;&nbsp;hal_gpio_fmux
<LI><a href="#[10f]">&gt;&gt;</a>&nbsp;&nbsp;&nbsp;hal_gpio_cfg_analog_io
</UL>
<BR>[Called By]<UL><LI><a href="#[110]">&gt;&gt;</a>&nbsp;&nbsp;&nbsp;hal_gpioin_disable
</UL>

<P><STRONG><a name="[af]"></a>hal_gpio_pull_set</STRONG> (Thumb, 112 bytes, Stack size 20 bytes, gpio.o(i.hal_gpio_pull_set))
<BR><BR>[Stack]<UL><LI>Max Depth = 20<LI>Call Chain = hal_gpio_pull_set
</UL>
<BR>[Called By]<UL><LI><a href="#[be]">&gt;&gt;</a>&nbsp;&nbsp;&nbsp;uart_hw_init (via Veneer)
<LI><a href="#[10f]">&gt;&gt;</a>&nbsp;&nbsp;&nbsp;hal_gpio_cfg_analog_io
<LI><a href="#[aa]">&gt;&gt;</a>&nbsp;&nbsp;&nbsp;hal_rtc_clock_config (via Veneer)
<LI><a href="#[a9]">&gt;&gt;</a>&nbsp;&nbsp;&nbsp;hal_low_power_io_init (via Veneer)
</UL>

<P><STRONG><a name="[110]"></a>hal_gpioin_disable</STRONG> (Thumb, 42 bytes, Stack size 16 bytes, gpio.o(i.hal_gpioin_disable))
<BR><BR>[Stack]<UL><LI>Max Depth = 60<LI>Call Chain = hal_gpioin_disable &rArr; hal_gpio_pin_init &rArr; hal_gpio_cfg_analog_io &rArr; hal_gpio_pull_set
</UL>
<BR>[Calls]<UL><LI><a href="#[112]">&gt;&gt;</a>&nbsp;&nbsp;&nbsp;hal_gpio_pin_init
<LI><a href="#[114]">&gt;&gt;</a>&nbsp;&nbsp;&nbsp;hal_gpio_interrupt_disable
</UL>
<BR>[Called By]<UL><LI><a href="#[fb]">&gt;&gt;</a>&nbsp;&nbsp;&nbsp;hal_gpio_fmux_set
</UL>

<P><STRONG><a name="[f5]"></a>hal_timer_deinit</STRONG> (Thumb, 16 bytes, Stack size 8 bytes, timer.o(i.hal_timer_deinit))
<BR><BR>[Stack]<UL><LI>Max Depth = 24<LI>Call Chain = hal_timer_deinit &rArr; hal_pwrmgr_unregister
</UL>
<BR>[Calls]<UL><LI><a href="#[b7]">&gt;&gt;</a>&nbsp;&nbsp;&nbsp;hal_pwrmgr_unregister (via Veneer)
</UL>
<BR>[Called By]<UL><LI><a href="#[f1]">&gt;&gt;</a>&nbsp;&nbsp;&nbsp;timer_test (via Veneer)
</UL>

<P><STRONG><a name="[f0]"></a>hal_timer_init</STRONG> (Thumb, 32 bytes, Stack size 8 bytes, timer.o(i.hal_timer_init))
<BR><BR>[Stack]<UL><LI>Max Depth = 28<LI>Call Chain = hal_timer_init &rArr; hal_pwrmgr_register
</UL>
<BR>[Calls]<UL><LI><a href="#[f4]">&gt;&gt;</a>&nbsp;&nbsp;&nbsp;hal_timer_stop
<LI><a href="#[bd]">&gt;&gt;</a>&nbsp;&nbsp;&nbsp;hal_pwrmgr_register (via Veneer)
</UL>
<BR>[Called By]<UL><LI><a href="#[f1]">&gt;&gt;</a>&nbsp;&nbsp;&nbsp;timer_test (via Veneer)
<LI><a href="#[e4]">&gt;&gt;</a>&nbsp;&nbsp;&nbsp;timer_Init (via Veneer)
</UL>

<P><STRONG><a name="[f3]"></a>hal_timer_mask_int</STRONG> (Thumb, 40 bytes, Stack size 8 bytes, timer.o(i.hal_timer_mask_int))
<BR><BR>[Stack]<UL><LI>Max Depth = 8<LI>Call Chain = hal_timer_mask_int
</UL>
<BR>[Called By]<UL><LI><a href="#[f1]">&gt;&gt;</a>&nbsp;&nbsp;&nbsp;timer_test (via Veneer)
</UL>

<P><STRONG><a name="[f2]"></a>hal_timer_set</STRONG> (Thumb, 102 bytes, Stack size 16 bytes, timer.o(i.hal_timer_set))
<BR><BR>[Stack]<UL><LI>Max Depth = 24<LI>Call Chain = hal_timer_set &rArr; __NVIC_SetPriority
</UL>
<BR>[Calls]<UL><LI><a href="#[a3]">&gt;&gt;</a>&nbsp;&nbsp;&nbsp;hal_clk_gate_enable (via Veneer)
<LI><a href="#[119]">&gt;&gt;</a>&nbsp;&nbsp;&nbsp;hal_timer_set_loadtimer
<LI><a href="#[118]">&gt;&gt;</a>&nbsp;&nbsp;&nbsp;__NVIC_SetPriority
<LI><a href="#[117]">&gt;&gt;</a>&nbsp;&nbsp;&nbsp;__NVIC_EnableIRQ
</UL>
<BR>[Called By]<UL><LI><a href="#[f1]">&gt;&gt;</a>&nbsp;&nbsp;&nbsp;timer_test (via Veneer)
</UL>

<P><STRONG><a name="[4a]"></a>hal_timer_sleep_handler</STRONG> (Thumb, 20 bytes, Stack size 8 bytes, timer.o(i.hal_timer_sleep_handler))
<BR><BR>[Stack]<UL><LI>Max Depth = 8<LI>Call Chain = hal_timer_sleep_handler
</UL>
<BR>[Address Reference Count : 1]<UL><LI> timer.o(i.hal_timer_init)
</UL>
<P><STRONG><a name="[f4]"></a>hal_timer_stop</STRONG> (Thumb, 78 bytes, Stack size 8 bytes, timer.o(i.hal_timer_stop))
<BR><BR>[Stack]<UL><LI>Max Depth = 8<LI>Call Chain = hal_timer_stop
</UL>
<BR>[Calls]<UL><LI><a href="#[f8]">&gt;&gt;</a>&nbsp;&nbsp;&nbsp;hal_clk_gate_disable (via Veneer)
<LI><a href="#[11b]">&gt;&gt;</a>&nbsp;&nbsp;&nbsp;hal_timer_stop_counter
<LI><a href="#[11a]">&gt;&gt;</a>&nbsp;&nbsp;&nbsp;__NVIC_DisableIRQ
</UL>
<BR>[Called By]<UL><LI><a href="#[f0]">&gt;&gt;</a>&nbsp;&nbsp;&nbsp;hal_timer_init
<LI><a href="#[f1]">&gt;&gt;</a>&nbsp;&nbsp;&nbsp;timer_test (via Veneer)
</UL>

<P><STRONG><a name="[20]"></a>__main</STRONG> (Thumb, 0 bytes, Stack size unknown bytes, entry.o(.ARM.Collect$$$$00000000))
<BR>[Address Reference Count : 1]<UL><LI> startup_armcm0.o(.text)
</UL>
<P><STRONG><a name="[11d]"></a>_main_stk</STRONG> (Thumb, 0 bytes, Stack size unknown bytes, entry2.o(.ARM.Collect$$$$00000001))

<P><STRONG><a name="[4e]"></a>_main_scatterload</STRONG> (Thumb, 0 bytes, Stack size unknown bytes, entry5.o(.ARM.Collect$$$$00000004))
<BR><BR>[Calls]<UL><LI><a href="#[4f]">&gt;&gt;</a>&nbsp;&nbsp;&nbsp;__scatterload
</UL>

<P><STRONG><a name="[50]"></a>__main_after_scatterload</STRONG> (Thumb, 0 bytes, Stack size unknown bytes, entry5.o(.ARM.Collect$$$$00000004))
<BR><BR>[Called By]<UL><LI><a href="#[4f]">&gt;&gt;</a>&nbsp;&nbsp;&nbsp;__scatterload
</UL>

<P><STRONG><a name="[11e]"></a>_main_clock</STRONG> (Thumb, 0 bytes, Stack size unknown bytes, entry7b.o(.ARM.Collect$$$$00000008))

<P><STRONG><a name="[11f]"></a>_main_cpp_init</STRONG> (Thumb, 0 bytes, Stack size unknown bytes, entry8b.o(.ARM.Collect$$$$0000000A))

<P><STRONG><a name="[120]"></a>_main_init</STRONG> (Thumb, 0 bytes, Stack size unknown bytes, entry9a.o(.ARM.Collect$$$$0000000B))

<P><STRONG><a name="[121]"></a>__rt_final_cpp</STRONG> (Thumb, 0 bytes, Stack size unknown bytes, entry10a.o(.ARM.Collect$$$$0000000D))

<P><STRONG><a name="[122]"></a>__rt_final_exit</STRONG> (Thumb, 0 bytes, Stack size unknown bytes, entry11a.o(.ARM.Collect$$$$0000000F))

<P><STRONG><a name="[2e]"></a>hard_fault</STRONG> (Thumb, 44 bytes, Stack size 0 bytes, jump_table.o(.emb_text))
<BR>[Address Reference Count : 1]<UL><LI> jump_table.o(jump_table_mem_area)
</UL>
<P><STRONG><a name="[0]"></a>Reset_Handler</STRONG> (Thumb, 8 bytes, Stack size 0 bytes, startup_armcm0.o(.text))
<BR>[Address Reference Count : 1]<UL><LI> startup_armcm0.o(RESET)
</UL>
<P><STRONG><a name="[3]"></a>SVC_Handler</STRONG> (Thumb, 2 bytes, Stack size 0 bytes, startup_armcm0.o(.text))
<BR><BR>[Calls]<UL><LI><a href="#[3]">&gt;&gt;</a>&nbsp;&nbsp;&nbsp;SVC_Handler
</UL>
<BR>[Called By]<UL><LI><a href="#[3]">&gt;&gt;</a>&nbsp;&nbsp;&nbsp;SVC_Handler
</UL>
<BR>[Address Reference Count : 1]<UL><LI> startup_armcm0.o(RESET)
</UL>
<P><STRONG><a name="[5]"></a>SysTick_Handler</STRONG> (Thumb, 2 bytes, Stack size 0 bytes, startup_armcm0.o(.text))
<BR><BR>[Calls]<UL><LI><a href="#[5]">&gt;&gt;</a>&nbsp;&nbsp;&nbsp;SysTick_Handler
</UL>
<BR>[Called By]<UL><LI><a href="#[5]">&gt;&gt;</a>&nbsp;&nbsp;&nbsp;SysTick_Handler
</UL>
<BR>[Address Reference Count : 1]<UL><LI> startup_armcm0.o(RESET)
</UL>
<P><STRONG><a name="[10]"></a>AACI_IRQHandler</STRONG> (Thumb, 0 bytes, Stack size 0 bytes, startup_armcm0.o(.text))
<BR><BR>[Calls]<UL><LI><a href="#[10]">&gt;&gt;</a>&nbsp;&nbsp;&nbsp;AACI_IRQHandler
</UL>
<BR>[Called By]<UL><LI><a href="#[10]">&gt;&gt;</a>&nbsp;&nbsp;&nbsp;AACI_IRQHandler
</UL>
<BR>[Address Reference Count : 1]<UL><LI> startup_armcm0.o(RESET)
</UL>
<P><STRONG><a name="[17]"></a>CAN_IRQHandler</STRONG> (Thumb, 0 bytes, Stack size 0 bytes, startup_armcm0.o(.text))
<BR>[Address Reference Count : 1]<UL><LI> startup_armcm0.o(RESET)
</UL>
<P><STRONG><a name="[15]"></a>CHLCD_IRQHandler</STRONG> (Thumb, 0 bytes, Stack size 0 bytes, startup_armcm0.o(.text))
<BR>[Address Reference Count : 1]<UL><LI> startup_armcm0.o(RESET)
</UL>
<P><STRONG><a name="[11]"></a>CLCD_IRQHandler</STRONG> (Thumb, 0 bytes, Stack size 0 bytes, startup_armcm0.o(.text))
<BR>[Address Reference Count : 1]<UL><LI> startup_armcm0.o(RESET)
</UL>
<P><STRONG><a name="[1a]"></a>CPU_CLCD_IRQHandler</STRONG> (Thumb, 0 bytes, Stack size 0 bytes, startup_armcm0.o(.text))
<BR>[Address Reference Count : 1]<UL><LI> startup_armcm0.o(RESET)
</UL>
<P><STRONG><a name="[12]"></a>ENET_IRQHandler</STRONG> (Thumb, 0 bytes, Stack size 0 bytes, startup_armcm0.o(.text))
<BR>[Address Reference Count : 1]<UL><LI> startup_armcm0.o(RESET)
</UL>
<P><STRONG><a name="[16]"></a>FLEXRAY_IRQHandler</STRONG> (Thumb, 0 bytes, Stack size 0 bytes, startup_armcm0.o(.text))
<BR>[Address Reference Count : 1]<UL><LI> startup_armcm0.o(RESET)
</UL>
<P><STRONG><a name="[19]"></a>I2C_IRQHandler</STRONG> (Thumb, 0 bytes, Stack size 0 bytes, startup_armcm0.o(.text))
<BR>[Address Reference Count : 1]<UL><LI> startup_armcm0.o(RESET)
</UL>
<P><STRONG><a name="[18]"></a>LIN_IRQHandler</STRONG> (Thumb, 0 bytes, Stack size 0 bytes, startup_armcm0.o(.text))
<BR>[Address Reference Count : 1]<UL><LI> startup_armcm0.o(RESET)
</UL>
<P><STRONG><a name="[a]"></a>MCIA_IRQHandler</STRONG> (Thumb, 0 bytes, Stack size 0 bytes, startup_armcm0.o(.text))
<BR>[Address Reference Count : 1]<UL><LI> startup_armcm0.o(RESET)
</UL>
<P><STRONG><a name="[b]"></a>MCIB_IRQHandler</STRONG> (Thumb, 0 bytes, Stack size 0 bytes, startup_armcm0.o(.text))
<BR>[Address Reference Count : 1]<UL><LI> startup_armcm0.o(RESET)
</UL>
<P><STRONG><a name="[7]"></a>RTC_IRQHandler</STRONG> (Thumb, 0 bytes, Stack size 0 bytes, startup_armcm0.o(.text))
<BR>[Address Reference Count : 1]<UL><LI> startup_armcm0.o(RESET)
</UL>
<P><STRONG><a name="[1c]"></a>SPI_IRQHandler</STRONG> (Thumb, 0 bytes, Stack size 0 bytes, startup_armcm0.o(.text))
<BR>[Address Reference Count : 1]<UL><LI> startup_armcm0.o(RESET)
</UL>
<P><STRONG><a name="[8]"></a>TIM0_IRQHandler</STRONG> (Thumb, 0 bytes, Stack size 0 bytes, startup_armcm0.o(.text))
<BR>[Address Reference Count : 1]<UL><LI> startup_armcm0.o(RESET)
</UL>
<P><STRONG><a name="[9]"></a>TIM2_IRQHandler</STRONG> (Thumb, 0 bytes, Stack size 0 bytes, startup_armcm0.o(.text))
<BR>[Address Reference Count : 1]<UL><LI> startup_armcm0.o(RESET)
</UL>
<P><STRONG><a name="[c]"></a>UART0_IRQHandler</STRONG> (Thumb, 0 bytes, Stack size 0 bytes, startup_armcm0.o(.text))
<BR>[Address Reference Count : 1]<UL><LI> startup_armcm0.o(RESET)
</UL>
<P><STRONG><a name="[d]"></a>UART1_IRQHandler</STRONG> (Thumb, 0 bytes, Stack size 0 bytes, startup_armcm0.o(.text))
<BR>[Address Reference Count : 1]<UL><LI> startup_armcm0.o(RESET)
</UL>
<P><STRONG><a name="[e]"></a>UART2_IRQHandler</STRONG> (Thumb, 0 bytes, Stack size 0 bytes, startup_armcm0.o(.text))
<BR>[Address Reference Count : 1]<UL><LI> startup_armcm0.o(RESET)
</UL>
<P><STRONG><a name="[1b]"></a>UART3_IRQHandler</STRONG> (Thumb, 0 bytes, Stack size 0 bytes, startup_armcm0.o(.text))
<BR>[Address Reference Count : 1]<UL><LI> startup_armcm0.o(RESET)
</UL>
<P><STRONG><a name="[f]"></a>UART4_IRQHandler</STRONG> (Thumb, 0 bytes, Stack size 0 bytes, startup_armcm0.o(.text))
<BR>[Address Reference Count : 1]<UL><LI> startup_armcm0.o(RESET)
</UL>
<P><STRONG><a name="[13]"></a>USBDC_IRQHandler</STRONG> (Thumb, 0 bytes, Stack size 0 bytes, startup_armcm0.o(.text))
<BR>[Address Reference Count : 1]<UL><LI> startup_armcm0.o(RESET)
</UL>
<P><STRONG><a name="[14]"></a>USBHC_IRQHandler</STRONG> (Thumb, 0 bytes, Stack size 0 bytes, startup_armcm0.o(.text))
<BR>[Address Reference Count : 1]<UL><LI> startup_armcm0.o(RESET)
</UL>
<P><STRONG><a name="[6]"></a>WDT_IRQHandler</STRONG> (Thumb, 0 bytes, Stack size 0 bytes, startup_armcm0.o(.text))
<BR>[Address Reference Count : 1]<UL><LI> startup_armcm0.o(RESET)
</UL>
<P><STRONG><a name="[4f]"></a>__scatterload</STRONG> (Thumb, 28 bytes, Stack size 0 bytes, init.o(.text))
<BR><BR>[Calls]<UL><LI><a href="#[50]">&gt;&gt;</a>&nbsp;&nbsp;&nbsp;__main_after_scatterload
</UL>
<BR>[Called By]<UL><LI><a href="#[4e]">&gt;&gt;</a>&nbsp;&nbsp;&nbsp;_main_scatterload
</UL>

<P><STRONG><a name="[123]"></a>__scatterload_rt2</STRONG> (Thumb, 0 bytes, Stack size 0 bytes, init.o(.text), UNUSED)

<P><STRONG><a name="[124]"></a>__decompress</STRONG> (Thumb, 0 bytes, Stack size unknown bytes, __dczerorl.o(.text), UNUSED)

<P><STRONG><a name="[125]"></a>__decompress0</STRONG> (Thumb, 58 bytes, Stack size unknown bytes, __dczerorl.o(.text), UNUSED)

<P><STRONG><a name="[53]"></a>hal_pwrmgr_enter_sleep_rtc_reset</STRONG> (Thumb, 54 bytes, Stack size 0 bytes, pwrmgr.o(_section_sram_code_))
<BR><BR>[Calls]<UL><LI><a href="#[57]">&gt;&gt;</a>&nbsp;&nbsp;&nbsp;enter_sleep_off_mode (via Veneer)
<LI><a href="#[55]">&gt;&gt;</a>&nbsp;&nbsp;&nbsp;config_RTC (via Veneer)
<LI><a href="#[56]">&gt;&gt;</a>&nbsp;&nbsp;&nbsp;hal_pwrmgr_RAM_retention_clr
<LI><a href="#[54]">&gt;&gt;</a>&nbsp;&nbsp;&nbsp;drv_disable_irq (via Veneer)
</UL>
<BR>[Called By]<UL><LI><a href="#[8d]">&gt;&gt;</a>&nbsp;&nbsp;&nbsp;check_16MXtal_by_rcTracking
</UL>

<P><STRONG><a name="[33]"></a>LL_ENC_AES128_Encrypt1</STRONG> (Thumb, 26 bytes, Stack size 16 bytes, patch.o(i.LL_ENC_AES128_Encrypt1))
<BR><BR>[Stack]<UL><LI>Max Depth = 16<LI>Call Chain = LL_ENC_AES128_Encrypt1
</UL>
<BR>[Calls]<UL><LI><a href="#[58]">&gt;&gt;</a>&nbsp;&nbsp;&nbsp;LL_ENC_AES128_Encrypt0 (via Veneer)
</UL>
<BR>[Address Reference Count : 1]<UL><LI> patch.o(_section_xip_code_)
</UL>
<P><STRONG><a name="[35]"></a>LL_ENC_Decrypt1</STRONG> (Thumb, 364 bytes, Stack size 40 bytes, patch.o(i.LL_ENC_Decrypt1))
<BR><BR>[Stack]<UL><LI>Max Depth = 40<LI>Call Chain = LL_ENC_Decrypt1
</UL>
<BR>[Calls]<UL><LI><a href="#[59]">&gt;&gt;</a>&nbsp;&nbsp;&nbsp;LL_ENC_LoadKey (via Veneer)
<LI><a href="#[5a]">&gt;&gt;</a>&nbsp;&nbsp;&nbsp;LL_ENC_GenerateNonce (via Veneer)
<LI><a href="#[5b]">&gt;&gt;</a>&nbsp;&nbsp;&nbsp;__aeabi_uread4 (via Veneer)
</UL>
<BR>[Address Reference Count : 1]<UL><LI> patch.o(_section_xip_code_)
</UL>
<P><STRONG><a name="[34]"></a>LL_ENC_Encrypt1</STRONG> (Thumb, 342 bytes, Stack size 40 bytes, patch.o(i.LL_ENC_Encrypt1))
<BR><BR>[Stack]<UL><LI>Max Depth = 40<LI>Call Chain = LL_ENC_Encrypt1
</UL>
<BR>[Calls]<UL><LI><a href="#[59]">&gt;&gt;</a>&nbsp;&nbsp;&nbsp;LL_ENC_LoadKey (via Veneer)
<LI><a href="#[5a]">&gt;&gt;</a>&nbsp;&nbsp;&nbsp;LL_ENC_GenerateNonce (via Veneer)
<LI><a href="#[5b]">&gt;&gt;</a>&nbsp;&nbsp;&nbsp;__aeabi_uread4 (via Veneer)
</UL>
<BR>[Address Reference Count : 1]<UL><LI> patch.o(_section_xip_code_)
</UL>
<P><STRONG><a name="[30]"></a>LL_IRQHandler1</STRONG> (Thumb, 406 bytes, Stack size 24 bytes, patch.o(i.LL_IRQHandler1))
<BR><BR>[Stack]<UL><LI>Max Depth = 32<LI>Call Chain = LL_IRQHandler1 &rArr; ll_processBasicIRQ_secondaryScanSRX
</UL>
<BR>[Calls]<UL><LI><a href="#[5c]">&gt;&gt;</a>&nbsp;&nbsp;&nbsp;read_current_fine_time (via Veneer)
<LI><a href="#[6e]">&gt;&gt;</a>&nbsp;&nbsp;&nbsp;ll_schedule_next_event (via Veneer)
<LI><a href="#[65]">&gt;&gt;</a>&nbsp;&nbsp;&nbsp;ll_processPrdScanIRQ (via Veneer)
<LI><a href="#[64]">&gt;&gt;</a>&nbsp;&nbsp;&nbsp;ll_processPrdAdvIRQ (via Veneer)
<LI><a href="#[62]">&gt;&gt;</a>&nbsp;&nbsp;&nbsp;ll_processExtScanIRQ (via Veneer)
<LI><a href="#[63]">&gt;&gt;</a>&nbsp;&nbsp;&nbsp;ll_processExtInitIRQ (via Veneer)
<LI><a href="#[61]">&gt;&gt;</a>&nbsp;&nbsp;&nbsp;ll_processExtAdvIRQ (via Veneer)
<LI><a href="#[6a]">&gt;&gt;</a>&nbsp;&nbsp;&nbsp;ll_processBasicIRQ (via Veneer)
<LI><a href="#[71]">&gt;&gt;</a>&nbsp;&nbsp;&nbsp;ll_hw_set_rx_timeout (via Veneer)
<LI><a href="#[5f]">&gt;&gt;</a>&nbsp;&nbsp;&nbsp;ll_hw_get_tr_mode (via Veneer)
<LI><a href="#[5e]">&gt;&gt;</a>&nbsp;&nbsp;&nbsp;ll_hw_get_irq_status (via Veneer)
<LI><a href="#[60]">&gt;&gt;</a>&nbsp;&nbsp;&nbsp;ll_hw_clr_irq (via Veneer)
<LI><a href="#[5d]">&gt;&gt;</a>&nbsp;&nbsp;&nbsp;ll_debug_output (via Veneer)
<LI><a href="#[72]">&gt;&gt;</a>&nbsp;&nbsp;&nbsp;llSetupSecScan (via Veneer)
<LI><a href="#[73]">&gt;&gt;</a>&nbsp;&nbsp;&nbsp;llSetupSecInit (via Veneer)
<LI><a href="#[70]">&gt;&gt;</a>&nbsp;&nbsp;&nbsp;llSetupSecAdvEvt (via Veneer)
<LI><a href="#[6f]">&gt;&gt;</a>&nbsp;&nbsp;&nbsp;llSecAdvAllow (via Veneer)
<LI><a href="#[6b]">&gt;&gt;</a>&nbsp;&nbsp;&nbsp;ll_processBasicIRQ_secondaryScanSRX
<LI><a href="#[6c]">&gt;&gt;</a>&nbsp;&nbsp;&nbsp;ll_processBasicIRQ_secondaryInitSRX
<LI><a href="#[68]">&gt;&gt;</a>&nbsp;&nbsp;&nbsp;ll_processBasicIRQ_secondaryAdvTRX
<LI><a href="#[67]">&gt;&gt;</a>&nbsp;&nbsp;&nbsp;ll_processBasicIRQ_secondaryAdvSTX
<LI><a href="#[6d]">&gt;&gt;</a>&nbsp;&nbsp;&nbsp;ll_processBasicIRQ_secScanTRX
<LI><a href="#[69]">&gt;&gt;</a>&nbsp;&nbsp;&nbsp;ll_processBasicIRQ_ScanTRX
<LI><a href="#[66]">&gt;&gt;</a>&nbsp;&nbsp;&nbsp;ll_processBasicIRQ_SRX
</UL>
<BR>[Address Reference Count : 1]<UL><LI> patch.o(_section_xip_code_)
</UL>
<P><STRONG><a name="[47]"></a>LL_ProcessEvent1</STRONG> (Thumb, 72 bytes, Stack size 24 bytes, patch.o(i.LL_ProcessEvent1))
<BR><BR>[Stack]<UL><LI>Max Depth = 24<LI>Call Chain = LL_ProcessEvent1
</UL>
<BR>[Calls]<UL><LI><a href="#[75]">&gt;&gt;</a>&nbsp;&nbsp;&nbsp;LL_ProcessEvent0 (via Veneer)
<LI><a href="#[74]">&gt;&gt;</a>&nbsp;&nbsp;&nbsp;LL_DisconnectCback (via Veneer)
</UL>
<BR>[Address Reference Count : 1]<UL><LI> patch.o(_section_xip_code_)
</UL>
<P><STRONG><a name="[44]"></a>LL_Reset1</STRONG> (Thumb, 24 bytes, Stack size 8 bytes, patch.o(i.LL_Reset1))
<BR><BR>[Stack]<UL><LI>Max Depth = 28<LI>Call Chain = LL_Reset1 &rArr; patch_linkBuf_init
</UL>
<BR>[Calls]<UL><LI><a href="#[77]">&gt;&gt;</a>&nbsp;&nbsp;&nbsp;LL_Reset0 (via Veneer)
<LI><a href="#[76]">&gt;&gt;</a>&nbsp;&nbsp;&nbsp;patch_linkBuf_init
</UL>
<BR>[Address Reference Count : 1]<UL><LI> patch.o(_section_xip_code_)
</UL>
<P><STRONG><a name="[3e]"></a>LL_set_default_conn_params1</STRONG> (Thumb, 72 bytes, Stack size 16 bytes, patch.o(i.LL_set_default_conn_params1))
<BR><BR>[Stack]<UL><LI>Max Depth = 16<LI>Call Chain = LL_set_default_conn_params1
</UL>
<BR>[Calls]<UL><LI><a href="#[78]">&gt;&gt;</a>&nbsp;&nbsp;&nbsp;LL_set_default_conn_params0 (via Veneer)
</UL>
<BR>[Address Reference Count : 1]<UL><LI> patch.o(_section_xip_code_)
</UL>
<P><STRONG><a name="[1f]"></a>SystemInit</STRONG> (Thumb, 8 bytes, Stack size 0 bytes, system_armcm0.o(i.SystemInit))
<BR>[Address Reference Count : 1]<UL><LI> startup_armcm0.o(.text)
</UL>
<P><STRONG><a name="[126]"></a>__scatterload_copy</STRONG> (Thumb, 14 bytes, Stack size unknown bytes, handlers.o(i.__scatterload_copy), UNUSED)

<P><STRONG><a name="[127]"></a>__scatterload_null</STRONG> (Thumb, 2 bytes, Stack size unknown bytes, handlers.o(i.__scatterload_null), UNUSED)

<P><STRONG><a name="[128]"></a>__scatterload_zeroinit</STRONG> (Thumb, 14 bytes, Stack size unknown bytes, handlers.o(i.__scatterload_zeroinit), UNUSED)

<P><STRONG><a name="[100]"></a>__wdt_init</STRONG> (Thumb, 12 bytes, Stack size 0 bytes, patch.o(i.__wdt_init))
<BR><BR>[Called By]<UL><LI><a href="#[38]">&gt;&gt;</a>&nbsp;&nbsp;&nbsp;wakeup_init1
</UL>

<P><STRONG><a name="[7b]"></a>_efuse_chip_version_check</STRONG> (Thumb, 26 bytes, Stack size 16 bytes, phy_sec_ext.o(i._efuse_chip_version_check))
<BR><BR>[Stack]<UL><LI>Max Depth = 72<LI>Call Chain = _efuse_chip_version_check &rArr; finidv
</UL>
<BR>[Calls]<UL><LI><a href="#[7c]">&gt;&gt;</a>&nbsp;&nbsp;&nbsp;efuse_read (via Veneer)
<LI><a href="#[7d]">&gt;&gt;</a>&nbsp;&nbsp;&nbsp;finidv
</UL>
<BR>[Called By]<UL><LI><a href="#[83]">&gt;&gt;</a>&nbsp;&nbsp;&nbsp;_rom_sec_boot_init
</UL>

<P><STRONG><a name="[1e]"></a>_hard_fault</STRONG> (Thumb, 258 bytes, Stack size 32 bytes, jump_table.o(i._hard_fault))
<BR><BR>[Stack]<UL><LI>Max Depth = 32<LI>Call Chain = _hard_fault
</UL>
<BR>[Calls]<UL><LI><a href="#[80]">&gt;&gt;</a>&nbsp;&nbsp;&nbsp;rtc_get_counter (via Veneer)
<LI><a href="#[7e]">&gt;&gt;</a>&nbsp;&nbsp;&nbsp;rom_uart_init (via Veneer)
<LI><a href="#[7f]">&gt;&gt;</a>&nbsp;&nbsp;&nbsp;log_printf (via Veneer)
</UL>
<BR>[Address Reference Count : 1]<UL><LI> jump_table.o(.emb_text)
</UL>
<P><STRONG><a name="[81]"></a>_rom_efuse_version_init</STRONG> (Thumb, 32 bytes, Stack size 16 bytes, phy_sec_ext.o(i._rom_efuse_version_init))
<BR><BR>[Stack]<UL><LI>Max Depth = 28<LI>Call Chain = _rom_efuse_version_init &rArr; lib_efuse_load
</UL>
<BR>[Calls]<UL><LI><a href="#[7c]">&gt;&gt;</a>&nbsp;&nbsp;&nbsp;efuse_read (via Veneer)
<LI><a href="#[82]">&gt;&gt;</a>&nbsp;&nbsp;&nbsp;lib_efuse_load
</UL>
<BR>[Called By]<UL><LI><a href="#[e0]">&gt;&gt;</a>&nbsp;&nbsp;&nbsp;init_config (via Veneer)
</UL>

<P><STRONG><a name="[83]"></a>_rom_sec_boot_init</STRONG> (Thumb, 22 bytes, Stack size 8 bytes, phy_sec_ext.o(i._rom_sec_boot_init))
<BR><BR>[Stack]<UL><LI>Max Depth = 80<LI>Call Chain = _rom_sec_boot_init &rArr; _efuse_chip_version_check &rArr; finidv
</UL>
<BR>[Calls]<UL><LI><a href="#[7b]">&gt;&gt;</a>&nbsp;&nbsp;&nbsp;_efuse_chip_version_check
<LI><a href="#[84]">&gt;&gt;</a>&nbsp;&nbsp;&nbsp;efuse_init
</UL>
<BR>[Called By]<UL><LI><a href="#[bb]">&gt;&gt;</a>&nbsp;&nbsp;&nbsp;hal_rom_boot_init
</UL>

<P><STRONG><a name="[21]"></a>_uart_putc</STRONG> (Thumb, 18 bytes, Stack size 16 bytes, my_printf.o(i._uart_putc))
<BR><BR>[Stack]<UL><LI>Max Depth = 88<LI>Call Chain = _uart_putc &rArr; hal_uart_send_buff &rArr; txmit_buf_use_tx_buf &rArr; hal_pwrmgr_lock
</UL>
<BR>[Calls]<UL><LI><a href="#[85]">&gt;&gt;</a>&nbsp;&nbsp;&nbsp;hal_uart_send_buff
</UL>
<BR>[Address Reference Count : 1]<UL><LI> my_printf.o(i.dbg_printf)
</UL>
<P><STRONG><a name="[86]"></a>app_main</STRONG> (Thumb, 20 bytes, Stack size 8 bytes, timer_main.o(i.app_main))
<BR><BR>[Stack]<UL><LI>Max Depth = 8<LI>Call Chain = app_main
</UL>
<BR>[Calls]<UL><LI><a href="#[89]">&gt;&gt;</a>&nbsp;&nbsp;&nbsp;osal_start_system (via Veneer)
<LI><a href="#[88]">&gt;&gt;</a>&nbsp;&nbsp;&nbsp;osal_pwrmgr_device (via Veneer)
<LI><a href="#[87]">&gt;&gt;</a>&nbsp;&nbsp;&nbsp;osal_init_system (via Veneer)
</UL>
<BR>[Called By]<UL><LI><a href="#[1d]">&gt;&gt;</a>&nbsp;&nbsp;&nbsp;main
</UL>

<P><STRONG><a name="[91]"></a>clk_init</STRONG> (Thumb, 108 bytes, Stack size 32 bytes, patch.o(i.clk_init))
<BR><BR>[Stack]<UL><LI>Max Depth = 80<LI>Call Chain = clk_init &rArr; _clk_apply_setting1
</UL>
<BR>[Calls]<UL><LI><a href="#[79]">&gt;&gt;</a>&nbsp;&nbsp;&nbsp;_clk_apply_setting1
</UL>
<BR>[Called By]<UL><LI><a href="#[a8]">&gt;&gt;</a>&nbsp;&nbsp;&nbsp;hal_init
<LI><a href="#[38]">&gt;&gt;</a>&nbsp;&nbsp;&nbsp;wakeup_init1
</UL>

<P><STRONG><a name="[37]"></a>config_RTC1</STRONG> (Thumb, 144 bytes, Stack size 24 bytes, patch.o(i.config_RTC1))
<BR><BR>[Stack]<UL><LI>Max Depth = 24<LI>Call Chain = config_RTC1
</UL>
<BR>[Calls]<UL><LI><a href="#[8e]">&gt;&gt;</a>&nbsp;&nbsp;&nbsp;WaitRTCCount (via Veneer)
<LI><a href="#[94]">&gt;&gt;</a>&nbsp;&nbsp;&nbsp;read_TIM5_remainder_timer
<LI><a href="#[92]">&gt;&gt;</a>&nbsp;&nbsp;&nbsp;read_LL_remainder_time (via Veneer)
<LI><a href="#[93]">&gt;&gt;</a>&nbsp;&nbsp;&nbsp;isTimer5Running
</UL>
<BR>[Address Reference Count : 1]<UL><LI> patch.o(_section_xip_code_)
</UL>
<P><STRONG><a name="[95]"></a>dbg_printf</STRONG> (Thumb, 30 bytes, Stack size 24 bytes, my_printf.o(i.dbg_printf))
<BR><BR>[Stack]<UL><LI>Max Depth = 232<LI>Call Chain = dbg_printf &rArr; log_vsprintf &rArr; number
</UL>
<BR>[Calls]<UL><LI><a href="#[96]">&gt;&gt;</a>&nbsp;&nbsp;&nbsp;log_vsprintf
</UL>
<BR>[Called By]<UL><LI><a href="#[25]">&gt;&gt;</a>&nbsp;&nbsp;&nbsp;timer_int_process
<LI><a href="#[f1]">&gt;&gt;</a>&nbsp;&nbsp;&nbsp;timer_test
<LI><a href="#[e4]">&gt;&gt;</a>&nbsp;&nbsp;&nbsp;timer_Init
<LI><a href="#[1d]">&gt;&gt;</a>&nbsp;&nbsp;&nbsp;main
</UL>

<P><STRONG><a name="[97]"></a>dbg_printf_init</STRONG> (Thumb, 30 bytes, Stack size 24 bytes, my_printf.o(i.dbg_printf_init))
<BR><BR>[Stack]<UL><LI>Max Depth = 188<LI>Call Chain = dbg_printf_init &rArr; hal_uart_init &rArr; uart_hw_init &rArr; hal_gpio_fmux_set &rArr; hal_gpioin_disable &rArr; hal_gpio_pin_init &rArr; hal_gpio_cfg_analog_io &rArr; hal_gpio_pull_set
</UL>
<BR>[Calls]<UL><LI><a href="#[98]">&gt;&gt;</a>&nbsp;&nbsp;&nbsp;hal_uart_init
</UL>
<BR>[Called By]<UL><LI><a href="#[a8]">&gt;&gt;</a>&nbsp;&nbsp;&nbsp;hal_init
</UL>

<P><STRONG><a name="[84]"></a>efuse_init</STRONG> (Thumb, 14 bytes, Stack size 0 bytes, phy_sec_ext.o(i.efuse_init))
<BR><BR>[Called By]<UL><LI><a href="#[83]">&gt;&gt;</a>&nbsp;&nbsp;&nbsp;_rom_sec_boot_init
<LI><a href="#[38]">&gt;&gt;</a>&nbsp;&nbsp;&nbsp;wakeup_init1
</UL>

<P><STRONG><a name="[36]"></a>enterSleepProcess1</STRONG> (Thumb, 56 bytes, Stack size 16 bytes, patch.o(i.enterSleepProcess1))
<BR><BR>[Stack]<UL><LI>Max Depth = 24<LI>Call Chain = enterSleepProcess1 &rArr; rc32k_cap_cal
</UL>
<BR>[Calls]<UL><LI><a href="#[9e]">&gt;&gt;</a>&nbsp;&nbsp;&nbsp;enterSleepProcess0 (via Veneer)
<LI><a href="#[9c]">&gt;&gt;</a>&nbsp;&nbsp;&nbsp;rc32k_cap_cal
<LI><a href="#[9d]">&gt;&gt;</a>&nbsp;&nbsp;&nbsp;osal_search_active_task
</UL>
<BR>[Address Reference Count : 1]<UL><LI> patch.o(_section_xip_code_)
</UL>
<P><STRONG><a name="[7d]"></a>finidv</STRONG> (Thumb, 126 bytes, Stack size 56 bytes, phy_sec_ext.o(i.finidv))
<BR><BR>[Stack]<UL><LI>Max Depth = 56<LI>Call Chain = finidv
</UL>
<BR>[Calls]<UL><LI><a href="#[9f]">&gt;&gt;</a>&nbsp;&nbsp;&nbsp;LL_ENC_AES128_Encrypt (via Veneer)
<LI><a href="#[a0]">&gt;&gt;</a>&nbsp;&nbsp;&nbsp;osal_memcmp (via Veneer)
<LI><a href="#[7c]">&gt;&gt;</a>&nbsp;&nbsp;&nbsp;efuse_read (via Veneer)
</UL>
<BR>[Called By]<UL><LI><a href="#[7b]">&gt;&gt;</a>&nbsp;&nbsp;&nbsp;_efuse_chip_version_check
</UL>

<P><STRONG><a name="[10b]"></a>global_config_hclk_related</STRONG> (Thumb, 140 bytes, Stack size 8 bytes, patch.o(i.global_config_hclk_related))
<BR><BR>[Stack]<UL><LI>Max Depth = 8<LI>Call Chain = global_config_hclk_related
</UL>
<BR>[Called By]<UL><LI><a href="#[e0]">&gt;&gt;</a>&nbsp;&nbsp;&nbsp;init_config (via Veneer)
</UL>

<P><STRONG><a name="[26]"></a>hal_UART0_IRQHandler</STRONG> (Thumb, 78 bytes, Stack size 8 bytes, uart.o(i.hal_UART0_IRQHandler))
<BR><BR>[Stack]<UL><LI>Max Depth = 64<LI>Call Chain = hal_UART0_IRQHandler &rArr; irq_tx_empty_handler &rArr; hal_pwrmgr_unlock
</UL>
<BR>[Calls]<UL><LI><a href="#[51]">&gt;&gt;</a>&nbsp;&nbsp;&nbsp;irq_tx_empty_handler
<LI><a href="#[a1]">&gt;&gt;</a>&nbsp;&nbsp;&nbsp;irq_rx_handler
</UL>
<BR>[Address Reference Count : 2]<UL><LI> jump_table.o(jump_table_mem_area)
<LI> uart.o(i.uart_hw_init)
</UL>
<P><STRONG><a name="[27]"></a>hal_UART1_IRQHandler</STRONG> (Thumb, 78 bytes, Stack size 8 bytes, uart.o(i.hal_UART1_IRQHandler))
<BR><BR>[Stack]<UL><LI>Max Depth = 64<LI>Call Chain = hal_UART1_IRQHandler &rArr; irq_tx_empty_handler &rArr; hal_pwrmgr_unlock
</UL>
<BR>[Calls]<UL><LI><a href="#[51]">&gt;&gt;</a>&nbsp;&nbsp;&nbsp;irq_tx_empty_handler
<LI><a href="#[a1]">&gt;&gt;</a>&nbsp;&nbsp;&nbsp;irq_rx_handler
</UL>
<BR>[Address Reference Count : 1]<UL><LI> uart.o(i.uart_hw_init)
</UL>
<P><STRONG><a name="[a4]"></a>hal_cache_tag_flush</STRONG> (Thumb, 86 bytes, Stack size 16 bytes, flash.o(i.hal_cache_tag_flush))
<BR><BR>[Stack]<UL><LI>Max Depth = 16<LI>Call Chain = hal_cache_tag_flush
</UL>
<BR>[Calls]<UL><LI><a href="#[a5]">&gt;&gt;</a>&nbsp;&nbsp;&nbsp;drv_enable_irq (via Veneer)
<LI><a href="#[54]">&gt;&gt;</a>&nbsp;&nbsp;&nbsp;drv_disable_irq (via Veneer)
</UL>
<BR>[Called By]<UL><LI><a href="#[a2]">&gt;&gt;</a>&nbsp;&nbsp;&nbsp;hal_cache_init
</UL>

<P><STRONG><a name="[f8]"></a>hal_clk_gate_disable</STRONG> (Thumb, 80 bytes, Stack size 0 bytes, clock.o(i.hal_clk_gate_disable))
<BR><BR>[Called By]<UL><LI><a href="#[f6]">&gt;&gt;</a>&nbsp;&nbsp;&nbsp;uart_hw_deinit
<LI><a href="#[f4]">&gt;&gt;</a>&nbsp;&nbsp;&nbsp;hal_timer_stop (via Veneer)
</UL>

<P><STRONG><a name="[a3]"></a>hal_clk_gate_enable</STRONG> (Thumb, 80 bytes, Stack size 0 bytes, clock.o(i.hal_clk_gate_enable))
<BR><BR>[Called By]<UL><LI><a href="#[be]">&gt;&gt;</a>&nbsp;&nbsp;&nbsp;uart_hw_init
<LI><a href="#[f2]">&gt;&gt;</a>&nbsp;&nbsp;&nbsp;hal_timer_set (via Veneer)
<LI><a href="#[a2]">&gt;&gt;</a>&nbsp;&nbsp;&nbsp;hal_cache_init
</UL>

<P><STRONG><a name="[f7]"></a>hal_clk_reset</STRONG> (Thumb, 216 bytes, Stack size 0 bytes, clock.o(i.hal_clk_reset))
<BR><BR>[Called By]<UL><LI><a href="#[be]">&gt;&gt;</a>&nbsp;&nbsp;&nbsp;uart_hw_init
<LI><a href="#[f6]">&gt;&gt;</a>&nbsp;&nbsp;&nbsp;uart_hw_deinit
</UL>

<P><STRONG><a name="[a6]"></a>hal_get_flash_info</STRONG> (Thumb, 12 bytes, Stack size 8 bytes, flash.o(i.hal_get_flash_info))
<BR><BR>[Stack]<UL><LI>Max Depth = 8<LI>Call Chain = hal_get_flash_info
</UL>
<BR>[Calls]<UL><LI><a href="#[a7]">&gt;&gt;</a>&nbsp;&nbsp;&nbsp;spif_read_id (via Veneer)
</UL>
<BR>[Called By]<UL><LI><a href="#[22]">&gt;&gt;</a>&nbsp;&nbsp;&nbsp;hw_spif_cache_config
</UL>

<P><STRONG><a name="[b2]"></a>hal_pwrmgr_LowCurrentLdo_enable</STRONG> (Thumb, 18 bytes, Stack size 0 bytes, pwrmgr.o(i.hal_pwrmgr_LowCurrentLdo_enable))
<BR><BR>[Called By]<UL><LI><a href="#[a9]">&gt;&gt;</a>&nbsp;&nbsp;&nbsp;hal_low_power_io_init
</UL>

<P><STRONG><a name="[b0]"></a>hal_pwrmgr_RAM_retention</STRONG> (Thumb, 48 bytes, Stack size 0 bytes, pwrmgr.o(i.hal_pwrmgr_RAM_retention))
<BR><BR>[Called By]<UL><LI><a href="#[a9]">&gt;&gt;</a>&nbsp;&nbsp;&nbsp;hal_low_power_io_init
</UL>

<P><STRONG><a name="[56]"></a>hal_pwrmgr_RAM_retention_clr</STRONG> (Thumb, 18 bytes, Stack size 0 bytes, pwrmgr.o(i.hal_pwrmgr_RAM_retention_clr))
<BR><BR>[Called By]<UL><LI><a href="#[53]">&gt;&gt;</a>&nbsp;&nbsp;&nbsp;hal_pwrmgr_enter_sleep_rtc_reset
</UL>

<P><STRONG><a name="[b1]"></a>hal_pwrmgr_RAM_retention_set</STRONG> (Thumb, 28 bytes, Stack size 0 bytes, pwrmgr.o(i.hal_pwrmgr_RAM_retention_set))
<BR><BR>[Called By]<UL><LI><a href="#[a9]">&gt;&gt;</a>&nbsp;&nbsp;&nbsp;hal_low_power_io_init
</UL>

<P><STRONG><a name="[ab]"></a>hal_pwrmgr_init</STRONG> (Thumb, 48 bytes, Stack size 8 bytes, pwrmgr.o(i.hal_pwrmgr_init))
<BR><BR>[Stack]<UL><LI>Max Depth = 8<LI>Call Chain = hal_pwrmgr_init
</UL>
<BR>[Calls]<UL><LI><a href="#[b3]">&gt;&gt;</a>&nbsp;&nbsp;&nbsp;__aeabi_memclr4 (via Veneer)
<LI><a href="#[b5]">&gt;&gt;</a>&nbsp;&nbsp;&nbsp;enableSleep (via Veneer)
<LI><a href="#[b4]">&gt;&gt;</a>&nbsp;&nbsp;&nbsp;disableSleep (via Veneer)
</UL>
<BR>[Called By]<UL><LI><a href="#[a8]">&gt;&gt;</a>&nbsp;&nbsp;&nbsp;hal_init
</UL>

<P><STRONG><a name="[b6]"></a>hal_pwrmgr_lock</STRONG> (Thumb, 100 bytes, Stack size 16 bytes, pwrmgr.o(i.hal_pwrmgr_lock))
<BR><BR>[Stack]<UL><LI>Max Depth = 16<LI>Call Chain = hal_pwrmgr_lock
</UL>
<BR>[Calls]<UL><LI><a href="#[b4]">&gt;&gt;</a>&nbsp;&nbsp;&nbsp;disableSleep (via Veneer)
<LI><a href="#[a5]">&gt;&gt;</a>&nbsp;&nbsp;&nbsp;drv_enable_irq (via Veneer)
<LI><a href="#[54]">&gt;&gt;</a>&nbsp;&nbsp;&nbsp;drv_disable_irq (via Veneer)
</UL>
<BR>[Called By]<UL><LI><a href="#[bf]">&gt;&gt;</a>&nbsp;&nbsp;&nbsp;txmit_buf_use_tx_buf
</UL>

<P><STRONG><a name="[bd]"></a>hal_pwrmgr_register</STRONG> (Thumb, 108 bytes, Stack size 20 bytes, pwrmgr.o(i.hal_pwrmgr_register))
<BR><BR>[Stack]<UL><LI>Max Depth = 20<LI>Call Chain = hal_pwrmgr_register
</UL>
<BR>[Called By]<UL><LI><a href="#[98]">&gt;&gt;</a>&nbsp;&nbsp;&nbsp;hal_uart_init
<LI><a href="#[f0]">&gt;&gt;</a>&nbsp;&nbsp;&nbsp;hal_timer_init (via Veneer)
<LI><a href="#[ac]">&gt;&gt;</a>&nbsp;&nbsp;&nbsp;hal_spif_cache_init
</UL>

<P><STRONG><a name="[2b]"></a>hal_pwrmgr_sleep_process</STRONG> (Thumb, 4 bytes, Stack size 0 bytes, pwrmgr.o(i.hal_pwrmgr_sleep_process))
<BR>[Address Reference Count : 1]<UL><LI> jump_table.o(jump_table_mem_area)
</UL>
<P><STRONG><a name="[52]"></a>hal_pwrmgr_unlock</STRONG> (Thumb, 122 bytes, Stack size 16 bytes, pwrmgr.o(i.hal_pwrmgr_unlock))
<BR><BR>[Stack]<UL><LI>Max Depth = 16<LI>Call Chain = hal_pwrmgr_unlock
</UL>
<BR>[Calls]<UL><LI><a href="#[b5]">&gt;&gt;</a>&nbsp;&nbsp;&nbsp;enableSleep (via Veneer)
<LI><a href="#[b4]">&gt;&gt;</a>&nbsp;&nbsp;&nbsp;disableSleep (via Veneer)
<LI><a href="#[a5]">&gt;&gt;</a>&nbsp;&nbsp;&nbsp;drv_enable_irq (via Veneer)
<LI><a href="#[54]">&gt;&gt;</a>&nbsp;&nbsp;&nbsp;drv_disable_irq (via Veneer)
</UL>
<BR>[Called By]<UL><LI><a href="#[51]">&gt;&gt;</a>&nbsp;&nbsp;&nbsp;irq_tx_empty_handler
</UL>

<P><STRONG><a name="[b7]"></a>hal_pwrmgr_unregister</STRONG> (Thumb, 124 bytes, Stack size 16 bytes, pwrmgr.o(i.hal_pwrmgr_unregister))
<BR><BR>[Stack]<UL><LI>Max Depth = 16<LI>Call Chain = hal_pwrmgr_unregister
</UL>
<BR>[Calls]<UL><LI><a href="#[ae]">&gt;&gt;</a>&nbsp;&nbsp;&nbsp;__aeabi_memcpy4 (via Veneer)
<LI><a href="#[a5]">&gt;&gt;</a>&nbsp;&nbsp;&nbsp;drv_enable_irq (via Veneer)
<LI><a href="#[54]">&gt;&gt;</a>&nbsp;&nbsp;&nbsp;drv_disable_irq (via Veneer)
</UL>
<BR>[Called By]<UL><LI><a href="#[f5]">&gt;&gt;</a>&nbsp;&nbsp;&nbsp;hal_timer_deinit (via Veneer)
</UL>

<P><STRONG><a name="[2c]"></a>hal_pwrmgr_wakeup_process</STRONG> (Thumb, 4 bytes, Stack size 0 bytes, pwrmgr.o(i.hal_pwrmgr_wakeup_process))
<BR>[Address Reference Count : 1]<UL><LI> jump_table.o(jump_table_mem_area)
</UL>
<P><STRONG><a name="[b8]"></a>hal_rc32k_clk_tracking_init</STRONG> (Thumb, 24 bytes, Stack size 8 bytes, clock.o(i.hal_rc32k_clk_tracking_init))
<BR><BR>[Stack]<UL><LI>Max Depth = 8<LI>Call Chain = hal_rc32k_clk_tracking_init
</UL>
<BR>[Calls]<UL><LI><a href="#[b9]">&gt;&gt;</a>&nbsp;&nbsp;&nbsp;aon_register_init
</UL>
<BR>[Called By]<UL><LI><a href="#[ba]">&gt;&gt;</a>&nbsp;&nbsp;&nbsp;hal_rfphy_init
</UL>

<P><STRONG><a name="[bb]"></a>hal_rom_boot_init</STRONG> (Thumb, 8 bytes, Stack size 8 bytes, patch.o(i.hal_rom_boot_init))
<BR><BR>[Stack]<UL><LI>Max Depth = 88<LI>Call Chain = hal_rom_boot_init &rArr; _rom_sec_boot_init &rArr; _efuse_chip_version_check &rArr; finidv
</UL>
<BR>[Calls]<UL><LI><a href="#[83]">&gt;&gt;</a>&nbsp;&nbsp;&nbsp;_rom_sec_boot_init
</UL>
<BR>[Called By]<UL><LI><a href="#[ba]">&gt;&gt;</a>&nbsp;&nbsp;&nbsp;hal_rfphy_init
</UL>

<P><STRONG><a name="[aa]"></a>hal_rtc_clock_config</STRONG> (Thumb, 156 bytes, Stack size 8 bytes, clock.o(i.hal_rtc_clock_config))
<BR><BR>[Stack]<UL><LI>Max Depth = 28<LI>Call Chain = hal_rtc_clock_config &rArr; hal_gpio_pull_set
</UL>
<BR>[Calls]<UL><LI><a href="#[af]">&gt;&gt;</a>&nbsp;&nbsp;&nbsp;hal_gpio_pull_set (via Veneer)
</UL>
<BR>[Called By]<UL><LI><a href="#[a8]">&gt;&gt;</a>&nbsp;&nbsp;&nbsp;hal_init
</UL>

<P><STRONG><a name="[ac]"></a>hal_spif_cache_init</STRONG> (Thumb, 30 bytes, Stack size 8 bytes, flash.o(i.hal_spif_cache_init))
<BR><BR>[Stack]<UL><LI>Max Depth = 48<LI>Call Chain = hal_spif_cache_init &rArr; hw_spif_cache_config &rArr; hal_cache_init &rArr; hal_cache_tag_flush
</UL>
<BR>[Calls]<UL><LI><a href="#[22]">&gt;&gt;</a>&nbsp;&nbsp;&nbsp;hw_spif_cache_config
<LI><a href="#[bd]">&gt;&gt;</a>&nbsp;&nbsp;&nbsp;hal_pwrmgr_register
</UL>
<BR>[Called By]<UL><LI><a href="#[a8]">&gt;&gt;</a>&nbsp;&nbsp;&nbsp;hal_init
</UL>

<P><STRONG><a name="[101]"></a>hal_system_clock_change_process</STRONG> (Thumb, 12 bytes, Stack size 0 bytes, patch.o(i.hal_system_clock_change_process))
<BR><BR>[Called By]<UL><LI><a href="#[38]">&gt;&gt;</a>&nbsp;&nbsp;&nbsp;wakeup_init1
</UL>

<P><STRONG><a name="[98]"></a>hal_uart_init</STRONG> (Thumb, 102 bytes, Stack size 32 bytes, uart.o(i.hal_uart_init))
<BR><BR>[Stack]<UL><LI>Max Depth = 164<LI>Call Chain = hal_uart_init &rArr; uart_hw_init &rArr; hal_gpio_fmux_set &rArr; hal_gpioin_disable &rArr; hal_gpio_pin_init &rArr; hal_gpio_cfg_analog_io &rArr; hal_gpio_pull_set
</UL>
[...]
<LI><a href="#[7a]">&gt;&gt;</a>&nbsp;&nbsp;&nbsp;NVIC_EnableIRQ
<LI><a href="#[fe]">&gt;&gt;</a>&nbsp;&nbsp;&nbsp;set_timer (via Veneer)
<LI><a href="#[d8]">&gt;&gt;</a>&nbsp;&nbsp;&nbsp;set_max_length (via Veneer)
<LI><a href="#[103]">&gt;&gt;</a>&nbsp;&nbsp;&nbsp;ll_hw_set_timing (via Veneer)
<LI><a href="#[9b]">&gt;&gt;</a>&nbsp;&nbsp;&nbsp;ll_hw_set_rx_timeout_1st (via Veneer)
<LI><a href="#[71]">&gt;&gt;</a>&nbsp;&nbsp;&nbsp;ll_hw_set_rx_timeout (via Veneer)
<LI><a href="#[d4]">&gt;&gt;</a>&nbsp;&nbsp;&nbsp;ll_hw_set_loop_timeout (via Veneer)
<LI><a href="#[102]">&gt;&gt;</a>&nbsp;&nbsp;&nbsp;ll_hw_set_empty_head (via Veneer)
<LI><a href="#[104]">&gt;&gt;</a>&nbsp;&nbsp;&nbsp;ll_hw_ign_rfifo (via Veneer)
<LI><a href="#[84]">&gt;&gt;</a>&nbsp;&nbsp;&nbsp;efuse_init
<LI><a href="#[101]">&gt;&gt;</a>&nbsp;&nbsp;&nbsp;hal_system_clock_change_process
<LI><a href="#[100]">&gt;&gt;</a>&nbsp;&nbsp;&nbsp;__wdt_init
</UL>
<BR>[Called By]<UL><LI><a href="#[39]">&gt;&gt;</a>&nbsp;&nbsp;&nbsp;wakeupProcess1
</UL>
<BR>[Address Reference Count : 1]<UL><LI> patch.o(_section_xip_code_)
</UL><P>
<H3>
Local Symbols
</H3>
<P><STRONG><a name="[bc]"></a>__NVIC_SetPriority</STRONG> (Thumb, 110 bytes, Stack size 8 bytes, main.o(i.__NVIC_SetPriority))
<BR><BR>[Stack]<UL><LI>Max Depth = 8<LI>Call Chain = __NVIC_SetPriority
</UL>
<BR>[Called By]<UL><LI><a href="#[ba]">&gt;&gt;</a>&nbsp;&nbsp;&nbsp;hal_rfphy_init
</UL>

<P><STRONG><a name="[8a]"></a>ble_mem_init_config</STRONG> (Thumb, 34 bytes, Stack size 16 bytes, main.o(i.ble_mem_init_config))
<BR><BR>[Stack]<UL><LI>Max Depth = 96<LI>Call Chain = ble_mem_init_config &rArr; LL_InitConnectContext &rArr; ll_osal_mem_alloc
</UL>
<BR>[Calls]<UL><LI><a href="#[8b]">&gt;&gt;</a>&nbsp;&nbsp;&nbsp;osal_mem_set_heap (via Veneer)
<LI><a href="#[8c]">&gt;&gt;</a>&nbsp;&nbsp;&nbsp;LL_InitConnectContext (via Veneer)
</UL>
<BR>[Called By]<UL><LI><a href="#[ba]">&gt;&gt;</a>&nbsp;&nbsp;&nbsp;hal_rfphy_init
</UL>

<P><STRONG><a name="[a8]"></a>hal_init</STRONG> (Thumb, 48 bytes, Stack size 8 bytes, main.o(i.hal_init))
<BR><BR>[Stack]<UL><LI>Max Depth = 196<LI>Call Chain = hal_init &rArr; dbg_printf_init &rArr; hal_uart_init &rArr; uart_hw_init &rArr; hal_gpio_fmux_set &rArr; hal_gpioin_disable &rArr; hal_gpio_pin_init &rArr; hal_gpio_cfg_analog_io &rArr; hal_gpio_pull_set
</UL>
<BR>[Calls]<UL><LI><a href="#[ac]">&gt;&gt;</a>&nbsp;&nbsp;&nbsp;hal_spif_cache_init
<LI><a href="#[aa]">&gt;&gt;</a>&nbsp;&nbsp;&nbsp;hal_rtc_clock_config
<LI><a href="#[ab]">&gt;&gt;</a>&nbsp;&nbsp;&nbsp;hal_pwrmgr_init
<LI><a href="#[ad]">&gt;&gt;</a>&nbsp;&nbsp;&nbsp;hal_gpio_init (via Veneer)
<LI><a href="#[97]">&gt;&gt;</a>&nbsp;&nbsp;&nbsp;dbg_printf_init
<LI><a href="#[91]">&gt;&gt;</a>&nbsp;&nbsp;&nbsp;clk_init
<LI><a href="#[a9]">&gt;&gt;</a>&nbsp;&nbsp;&nbsp;hal_low_power_io_init
</UL>
<BR>[Called By]<UL><LI><a href="#[1d]">&gt;&gt;</a>&nbsp;&nbsp;&nbsp;main
</UL>

<P><STRONG><a name="[a9]"></a>hal_low_power_io_init</STRONG> (Thumb, 116 bytes, Stack size 56 bytes, main.o(i.hal_low_power_io_init))
<BR><BR>[Stack]<UL><LI>Max Depth = 76<LI>Call Chain = hal_low_power_io_init &rArr; hal_gpio_pull_set
</UL>
<BR>[Calls]<UL><LI><a href="#[b1]">&gt;&gt;</a>&nbsp;&nbsp;&nbsp;hal_pwrmgr_RAM_retention_set
<LI><a href="#[b0]">&gt;&gt;</a>&nbsp;&nbsp;&nbsp;hal_pwrmgr_RAM_retention
<LI><a href="#[b2]">&gt;&gt;</a>&nbsp;&nbsp;&nbsp;hal_pwrmgr_LowCurrentLdo_enable
<LI><a href="#[af]">&gt;&gt;</a>&nbsp;&nbsp;&nbsp;hal_gpio_pull_set (via Veneer)
<LI><a href="#[ae]">&gt;&gt;</a>&nbsp;&nbsp;&nbsp;__aeabi_memcpy4 (via Veneer)
</UL>
<BR>[Called By]<UL><LI><a href="#[a8]">&gt;&gt;</a>&nbsp;&nbsp;&nbsp;hal_init
</UL>

<P><STRONG><a name="[ba]"></a>hal_rfphy_init</STRONG> (Thumb, 94 bytes, Stack size 8 bytes, main.o(i.hal_rfphy_init))
<BR><BR>[Stack]<UL><LI>Max Depth = 104<LI>Call Chain = hal_rfphy_init &rArr; ble_mem_init_config &rArr; LL_InitConnectContext &rArr; ll_osal_mem_alloc
</UL>
<BR>[Calls]<UL><LI><a href="#[bb]">&gt;&gt;</a>&nbsp;&nbsp;&nbsp;hal_rom_boot_init
<LI><a href="#[b8]">&gt;&gt;</a>&nbsp;&nbsp;&nbsp;hal_rc32k_clk_tracking_init
<LI><a href="#[8a]">&gt;&gt;</a>&nbsp;&nbsp;&nbsp;ble_mem_init_config
<LI><a href="#[bc]">&gt;&gt;</a>&nbsp;&nbsp;&nbsp;__NVIC_SetPriority
</UL>
<BR>[Called By]<UL><LI><a href="#[1d]">&gt;&gt;</a>&nbsp;&nbsp;&nbsp;main
</UL>

<P><STRONG><a name="[f1]"></a>timer_test</STRONG> (Thumb, 166 bytes, Stack size 8 bytes, timer_demo.o(i.timer_test))
<BR><BR>[Stack]<UL><LI>Max Depth = 240<LI>Call Chain = timer_test &rArr; dbg_printf &rArr; log_vsprintf &rArr; number
</UL>
<BR>[Calls]<UL><LI><a href="#[f4]">&gt;&gt;</a>&nbsp;&nbsp;&nbsp;hal_timer_stop (via Veneer)
<LI><a href="#[f2]">&gt;&gt;</a>&nbsp;&nbsp;&nbsp;hal_timer_set (via Veneer)
<LI><a href="#[f3]">&gt;&gt;</a>&nbsp;&nbsp;&nbsp;hal_timer_mask_int (via Veneer)
<LI><a href="#[f0]">&gt;&gt;</a>&nbsp;&nbsp;&nbsp;hal_timer_init (via Veneer)
<LI><a href="#[f5]">&gt;&gt;</a>&nbsp;&nbsp;&nbsp;hal_timer_deinit (via Veneer)
<LI><a href="#[95]">&gt;&gt;</a>&nbsp;&nbsp;&nbsp;dbg_printf
<LI><a href="#[ee]">&gt;&gt;</a>&nbsp;&nbsp;&nbsp;__ARM_common_switch8 (via Veneer)
</UL>
<BR>[Called By]<UL><LI><a href="#[29]">&gt;&gt;</a>&nbsp;&nbsp;&nbsp;timer_ProcessEvent
</UL>

<P><STRONG><a name="[b9]"></a>aon_register_init</STRONG> (Thumb, 58 bytes, Stack size 0 bytes, clock.o(i.aon_register_init))
<BR><BR>[Called By]<UL><LI><a href="#[b8]">&gt;&gt;</a>&nbsp;&nbsp;&nbsp;hal_rc32k_clk_tracking_init
</UL>

<P><STRONG><a name="[111]"></a>__NVIC_SetPriority</STRONG> (Thumb, 110 bytes, Stack size 8 bytes, gpio.o(i.__NVIC_SetPriority))
<BR><BR>[Stack]<UL><LI>Max Depth = 8<LI>Call Chain = __NVIC_SetPriority
</UL>
<BR>[Called By]<UL><LI><a href="#[ad]">&gt;&gt;</a>&nbsp;&nbsp;&nbsp;hal_gpio_init
</UL>

<P><STRONG><a name="[114]"></a>hal_gpio_interrupt_disable</STRONG> (Thumb, 66 bytes, Stack size 0 bytes, gpio.o(i.hal_gpio_interrupt_disable))
<BR><BR>[Called By]<UL><LI><a href="#[110]">&gt;&gt;</a>&nbsp;&nbsp;&nbsp;hal_gpioin_disable
</UL>

<P><STRONG><a name="[116]"></a>hal_gpio_interrupt_enable</STRONG> (Thumb, 88 bytes, Stack size 8 bytes, gpio.o(i.hal_gpio_interrupt_enable), UNUSED, KEPT)
<BR><BR>[Stack]<UL><LI>Max Depth = 8<LI>Call Chain = hal_gpio_interrupt_enable
</UL>
<BR>[Called By]<UL><LI><a href="#[10d]">&gt;&gt;</a>&nbsp;&nbsp;&nbsp;hal_gpioin_event
</UL>

<P><STRONG><a name="[10d]"></a>hal_gpioin_event</STRONG> (Thumb, 148 bytes, Stack size 32 bytes, gpio.o(i.hal_gpioin_event), UNUSED, KEPT)
<BR><BR>[Stack]<UL><LI>Max Depth = 48<LI>Call Chain = hal_gpioin_event &rArr; hal_gpioin_event_pin
</UL>
<BR>[Calls]<UL><LI><a href="#[115]">&gt;&gt;</a>&nbsp;&nbsp;&nbsp;hal_gpioin_event_pin
<LI><a href="#[116]">&gt;&gt;</a>&nbsp;&nbsp;&nbsp;hal_gpio_interrupt_enable
</UL>
<BR>[Called By]<UL><LI><a href="#[4d]">&gt;&gt;</a>&nbsp;&nbsp;&nbsp;hal_GPIO_IRQHandler
</UL>

<P><STRONG><a name="[115]"></a>hal_gpioin_event_pin</STRONG> (Thumb, 80 bytes, Stack size 16 bytes, gpio.o(i.hal_gpioin_event_pin), UNUSED, KEPT)
<BR><BR>[Stack]<UL><LI>Max Depth = 16<LI>Call Chain = hal_gpioin_event_pin
</UL>
<BR>[Called By]<UL><LI><a href="#[10d]">&gt;&gt;</a>&nbsp;&nbsp;&nbsp;hal_gpioin_event
</UL>

<P><STRONG><a name="[dd]"></a>_strnlen</STRONG> (Thumb, 30 bytes, Stack size 8 bytes, my_printf.o(i._strnlen))
<BR><BR>[Stack]<UL><LI>Max Depth = 8<LI>Call Chain = _strnlen
</UL>
<BR>[Called By]<UL><LI><a href="#[96]">&gt;&gt;</a>&nbsp;&nbsp;&nbsp;log_vsprintf
</UL>

<P><STRONG><a name="[96]"></a>log_vsprintf</STRONG> (Thumb, 824 bytes, Stack size 80 bytes, my_printf.o(i.log_vsprintf))
<BR><BR>[Stack]<UL><LI>Max Depth = 208<LI>Call Chain = log_vsprintf &rArr; number
</UL>
<BR>[Calls]<UL><LI><a href="#[dc]">&gt;&gt;</a>&nbsp;&nbsp;&nbsp;skip_atoi
<LI><a href="#[de]">&gt;&gt;</a>&nbsp;&nbsp;&nbsp;number
<LI><a href="#[dd]">&gt;&gt;</a>&nbsp;&nbsp;&nbsp;_strnlen
</UL>
<BR>[Called By]<UL><LI><a href="#[95]">&gt;&gt;</a>&nbsp;&nbsp;&nbsp;dbg_printf
</UL>

<P><STRONG><a name="[de]"></a>number</STRONG> (Thumb, 430 bytes, Stack size 128 bytes, my_printf.o(i.number))
<BR><BR>[Stack]<UL><LI>Max Depth = 128<LI>Call Chain = number
</UL>
<BR>[Calls]<UL><LI><a href="#[e1]">&gt;&gt;</a>&nbsp;&nbsp;&nbsp;__aeabi_uidivmod (via Veneer)
</UL>
<BR>[Called By]<UL><LI><a href="#[96]">&gt;&gt;</a>&nbsp;&nbsp;&nbsp;log_vsprintf
</UL>

<P><STRONG><a name="[dc]"></a>skip_atoi</STRONG> (Thumb, 42 bytes, Stack size 0 bytes, my_printf.o(i.skip_atoi))
<BR><BR>[Called By]<UL><LI><a href="#[96]">&gt;&gt;</a>&nbsp;&nbsp;&nbsp;log_vsprintf
</UL>

<P><STRONG><a name="[a1]"></a>irq_rx_handler</STRONG> (Thumb, 102 bytes, Stack size 56 bytes, uart.o(_section_sram_code_))
<BR><BR>[Stack]<UL><LI>Max Depth = 56<LI>Call Chain = irq_rx_handler
</UL>
<BR>[Called By]<UL><LI><a href="#[27]">&gt;&gt;</a>&nbsp;&nbsp;&nbsp;hal_UART1_IRQHandler
<LI><a href="#[26]">&gt;&gt;</a>&nbsp;&nbsp;&nbsp;hal_UART0_IRQHandler
</UL>

<P><STRONG><a name="[51]"></a>irq_tx_empty_handler</STRONG> (Thumb, 192 bytes, Stack size 40 bytes, uart.o(_section_sram_code_))
<BR><BR>[Stack]<UL><LI>Max Depth = 56<LI>Call Chain = irq_tx_empty_handler &rArr; hal_pwrmgr_unlock
</UL>
<BR>[Calls]<UL><LI><a href="#[52]">&gt;&gt;</a>&nbsp;&nbsp;&nbsp;hal_pwrmgr_unlock
</UL>
<BR>[Called By]<UL><LI><a href="#[27]">&gt;&gt;</a>&nbsp;&nbsp;&nbsp;hal_UART1_IRQHandler
<LI><a href="#[26]">&gt;&gt;</a>&nbsp;&nbsp;&nbsp;hal_UART0_IRQHandler
</UL>

<P><STRONG><a name="[fc]"></a>__NVIC_SetPriority</STRONG> (Thumb, 110 bytes, Stack size 8 bytes, uart.o(i.__NVIC_SetPriority))
<BR><BR>[Stack]<UL><LI>Max Depth = 8<LI>Call Chain = __NVIC_SetPriority
</UL>
<BR>[Called By]<UL><LI><a href="#[be]">&gt;&gt;</a>&nbsp;&nbsp;&nbsp;uart_hw_init
</UL>

<P><STRONG><a name="[c0]"></a>txmit_buf_polling</STRONG> (Thumb, 130 bytes, Stack size 16 bytes, uart.o(i.txmit_buf_polling))
<BR><BR>[Stack]<UL><LI>Max Depth = 16<LI>Call Chain = txmit_buf_polling
</UL>
<BR>[Called By]<UL><LI><a href="#[85]">&gt;&gt;</a>&nbsp;&nbsp;&nbsp;hal_uart_send_buff
</UL>

<P><STRONG><a name="[bf]"></a>txmit_buf_use_tx_buf</STRONG> (Thumb, 210 bytes, Stack size 40 bytes, uart.o(i.txmit_buf_use_tx_buf))
<BR><BR>[Stack]<UL><LI>Max Depth = 56<LI>Call Chain = txmit_buf_use_tx_buf &rArr; hal_pwrmgr_lock
</UL>
<BR>[Calls]<UL><LI><a href="#[b6]">&gt;&gt;</a>&nbsp;&nbsp;&nbsp;hal_pwrmgr_lock
<LI><a href="#[a5]">&gt;&gt;</a>&nbsp;&nbsp;&nbsp;drv_enable_irq (via Veneer)
<LI><a href="#[54]">&gt;&gt;</a>&nbsp;&nbsp;&nbsp;drv_disable_irq (via Veneer)
<LI><a href="#[cc]">&gt;&gt;</a>&nbsp;&nbsp;&nbsp;__aeabi_memcpy (via Veneer)
</UL>
<BR>[Called By]<UL><LI><a href="#[85]">&gt;&gt;</a>&nbsp;&nbsp;&nbsp;hal_uart_send_buff
</UL>

<P><STRONG><a name="[f6]"></a>uart_hw_deinit</STRONG> (Thumb, 128 bytes, Stack size 24 bytes, uart.o(i.uart_hw_deinit))
<BR><BR>[Stack]<UL><LI>Max Depth = 24<LI>Call Chain = uart_hw_deinit
</UL>
<BR>[Calls]<UL><LI><a href="#[f9]">&gt;&gt;</a>&nbsp;&nbsp;&nbsp;hal_gpio_fmux (via Veneer)
<LI><a href="#[f7]">&gt;&gt;</a>&nbsp;&nbsp;&nbsp;hal_clk_reset
<LI><a href="#[f8]">&gt;&gt;</a>&nbsp;&nbsp;&nbsp;hal_clk_gate_disable
</UL>
<BR>[Called By]<UL><LI><a href="#[be]">&gt;&gt;</a>&nbsp;&nbsp;&nbsp;uart_hw_init
</UL>

<P><STRONG><a name="[be]"></a>uart_hw_init</STRONG> (Thumb, 384 bytes, Stack size 40 bytes, uart.o(i.uart_hw_init))
<BR><BR>[Stack]<UL><LI>Max Depth = 132<LI>Call Chain = uart_hw_init &rArr; hal_gpio_fmux_set &rArr; hal_gpioin_disable &rArr; hal_gpio_pin_init &rArr; hal_gpio_cfg_analog_io &rArr; hal_gpio_pull_set
</UL>
<BR>[Calls]<UL><LI><a href="#[f6]">&gt;&gt;</a>&nbsp;&nbsp;&nbsp;uart_hw_deinit
<LI><a href="#[fc]">&gt;&gt;</a>&nbsp;&nbsp;&nbsp;__NVIC_SetPriority
<LI><a href="#[fb]">&gt;&gt;</a>&nbsp;&nbsp;&nbsp;hal_gpio_fmux_set (via Veneer)
<LI><a href="#[f9]">&gt;&gt;</a>&nbsp;&nbsp;&nbsp;hal_gpio_fmux (via Veneer)
<LI><a href="#[e1]">&gt;&gt;</a>&nbsp;&nbsp;&nbsp;__aeabi_uidivmod (via Veneer)
<LI><a href="#[f7]">&gt;&gt;</a>&nbsp;&nbsp;&nbsp;hal_clk_reset
<LI><a href="#[a3]">&gt;&gt;</a>&nbsp;&nbsp;&nbsp;hal_clk_gate_enable
<LI><a href="#[af]">&gt;&gt;</a>&nbsp;&nbsp;&nbsp;hal_gpio_pull_set (via Veneer)
<LI><a href="#[fa]">&gt;&gt;</a>&nbsp;&nbsp;&nbsp;clk_get_pclk (via Veneer)
</UL>
<BR>[Called By]<UL><LI><a href="#[24]">&gt;&gt;</a>&nbsp;&nbsp;&nbsp;uart_wakeup_process_1
<LI><a href="#[23]">&gt;&gt;</a>&nbsp;&nbsp;&nbsp;uart_wakeup_process_0
<LI><a href="#[98]">&gt;&gt;</a>&nbsp;&nbsp;&nbsp;hal_uart_init
</UL>

<P><STRONG><a name="[23]"></a>uart_wakeup_process_0</STRONG> (Thumb, 10 bytes, Stack size 8 bytes, uart.o(i.uart_wakeup_process_0))
<BR><BR>[Stack]<UL><LI>Max Depth = 140<LI>Call Chain = uart_wakeup_process_0 &rArr; uart_hw_init &rArr; hal_gpio_fmux_set &rArr; hal_gpioin_disable &rArr; hal_gpio_pin_init &rArr; hal_gpio_cfg_analog_io &rArr; hal_gpio_pull_set
</UL>
<BR>[Calls]<UL><LI><a href="#[be]">&gt;&gt;</a>&nbsp;&nbsp;&nbsp;uart_hw_init
</UL>
<BR>[Address Reference Count : 1]<UL><LI> uart.o(i.hal_uart_init)
</UL>
<P><STRONG><a name="[24]"></a>uart_wakeup_process_1</STRONG> (Thumb, 10 bytes, Stack size 8 bytes, uart.o(i.uart_wakeup_process_1))
<BR><BR>[Stack]<UL><LI>Max Depth = 140<LI>Call Chain = uart_wakeup_process_1 &rArr; uart_hw_init &rArr; hal_gpio_fmux_set &rArr; hal_gpioin_disable &rArr; hal_gpio_pin_init &rArr; hal_gpio_cfg_analog_io &rArr; hal_gpio_pull_set
</UL>
<BR>[Calls]<UL><LI><a href="#[be]">&gt;&gt;</a>&nbsp;&nbsp;&nbsp;uart_hw_init
</UL>
<BR>[Address Reference Count : 1]<UL><LI> uart.o(i.hal_uart_init)
</UL>
<P><STRONG><a name="[11a]"></a>__NVIC_DisableIRQ</STRONG> (Thumb, 26 bytes, Stack size 0 bytes, timer.o(i.__NVIC_DisableIRQ))
<BR><BR>[Called By]<UL><LI><a href="#[f4]">&gt;&gt;</a>&nbsp;&nbsp;&nbsp;hal_timer_stop
</UL>

<P><STRONG><a name="[117]"></a>__NVIC_EnableIRQ</STRONG> (Thumb, 26 bytes, Stack size 0 bytes, timer.o(i.__NVIC_EnableIRQ))
<BR><BR>[Called By]<UL><LI><a href="#[f2]">&gt;&gt;</a>&nbsp;&nbsp;&nbsp;hal_timer_set
</UL>

<P><STRONG><a name="[118]"></a>__NVIC_SetPriority</STRONG> (Thumb, 110 bytes, Stack size 8 bytes, timer.o(i.__NVIC_SetPriority))
<BR><BR>[Stack]<UL><LI>Max Depth = 8<LI>Call Chain = __NVIC_SetPriority
</UL>
<BR>[Called By]<UL><LI><a href="#[f2]">&gt;&gt;</a>&nbsp;&nbsp;&nbsp;hal_timer_set
</UL>

<P><STRONG><a name="[10e]"></a>hal_timer_clear_int</STRONG> (Thumb, 6 bytes, Stack size 0 bytes, timer.o(i.hal_timer_clear_int))
<BR><BR>[Called By]<UL><LI><a href="#[4c]">&gt;&gt;</a>&nbsp;&nbsp;&nbsp;hal_TIMER6_IRQHandler
<LI><a href="#[4b]">&gt;&gt;</a>&nbsp;&nbsp;&nbsp;hal_TIMER5_IRQHandler
</UL>

<P><STRONG><a name="[119]"></a>hal_timer_set_loadtimer</STRONG> (Thumb, 28 bytes, Stack size 0 bytes, timer.o(i.hal_timer_set_loadtimer))
<BR><BR>[Called By]<UL><LI><a href="#[f2]">&gt;&gt;</a>&nbsp;&nbsp;&nbsp;hal_timer_set
</UL>

<P><STRONG><a name="[11b]"></a>hal_timer_stop_counter</STRONG> (Thumb, 10 bytes, Stack size 0 bytes, timer.o(i.hal_timer_stop_counter))
<BR><BR>[Called By]<UL><LI><a href="#[f4]">&gt;&gt;</a>&nbsp;&nbsp;&nbsp;hal_timer_stop
</UL>

<P><STRONG><a name="[49]"></a>hal_timer_wakeup_handler</STRONG> (Thumb, 20 bytes, Stack size 8 bytes, timer.o(i.hal_timer_wakeup_handler))
<BR><BR>[Stack]<UL><LI>Max Depth = 8<LI>Call Chain = hal_timer_wakeup_handler
</UL>
<BR>[Address Reference Count : 1]<UL><LI> timer.o(i.hal_timer_init)
</UL>
<P><STRONG><a name="[c2]"></a>__NVIC_SetPriority</STRONG> (Thumb, 110 bytes, Stack size 8 bytes, flash.o(i.__NVIC_SetPriority))
<BR><BR>[Stack]<UL><LI>Max Depth = 8<LI>Call Chain = __NVIC_SetPriority
</UL>
<BR>[Called By]<UL><LI><a href="#[22]">&gt;&gt;</a>&nbsp;&nbsp;&nbsp;hw_spif_cache_config
</UL>

<P><STRONG><a name="[a2]"></a>hal_cache_init</STRONG> (Thumb, 58 bytes, Stack size 8 bytes, flash.o(i.hal_cache_init))
<BR><BR>[Stack]<UL><LI>Max Depth = 24<LI>Call Chain = hal_cache_init &rArr; hal_cache_tag_flush
</UL>
<BR>[Calls]<UL><LI><a href="#[a3]">&gt;&gt;</a>&nbsp;&nbsp;&nbsp;hal_clk_gate_enable
<LI><a href="#[a4]">&gt;&gt;</a>&nbsp;&nbsp;&nbsp;hal_cache_tag_flush
</UL>
<BR>[Called By]<UL><LI><a href="#[22]">&gt;&gt;</a>&nbsp;&nbsp;&nbsp;hw_spif_cache_config
</UL>

<P><STRONG><a name="[22]"></a>hw_spif_cache_config</STRONG> (Thumb, 136 bytes, Stack size 16 bytes, flash.o(i.hw_spif_cache_config))
<BR><BR>[Stack]<UL><LI>Max Depth = 40<LI>Call Chain = hw_spif_cache_config &rArr; hal_cache_init &rArr; hal_cache_tag_flush
</UL>
<BR>[Calls]<UL><LI><a href="#[c1]">&gt;&gt;</a>&nbsp;&nbsp;&nbsp;spif_config (via Veneer)
<LI><a href="#[a6]">&gt;&gt;</a>&nbsp;&nbsp;&nbsp;hal_get_flash_info
<LI><a href="#[a2]">&gt;&gt;</a>&nbsp;&nbsp;&nbsp;hal_cache_init
<LI><a href="#[c2]">&gt;&gt;</a>&nbsp;&nbsp;&nbsp;__NVIC_SetPriority
</UL>
<BR>[Called By]<UL><LI><a href="#[ac]">&gt;&gt;</a>&nbsp;&nbsp;&nbsp;hal_spif_cache_init
</UL>
<BR>[Address Reference Count : 1]<UL><LI> flash.o(i.hal_spif_cache_init)
</UL>
<P><STRONG><a name="[7a]"></a>NVIC_EnableIRQ</STRONG> (Thumb, 14 bytes, Stack size 0 bytes, patch.o(i.NVIC_EnableIRQ))
<BR><BR>[Called By]<UL><LI><a href="#[79]">&gt;&gt;</a>&nbsp;&nbsp;&nbsp;_clk_apply_setting1
<LI><a href="#[38]">&gt;&gt;</a>&nbsp;&nbsp;&nbsp;wakeup_init1
</UL>

<P><STRONG><a name="[79]"></a>_clk_apply_setting1</STRONG> (Thumb, 250 bytes, Stack size 48 bytes, patch.o(i._clk_apply_setting1))
<BR><BR>[Stack]<UL><LI>Max Depth = 48<LI>Call Chain = _clk_apply_setting1
</UL>
<BR>[Calls]<UL><LI><a href="#[7a]">&gt;&gt;</a>&nbsp;&nbsp;&nbsp;NVIC_EnableIRQ
</UL>
<BR>[Called By]<UL><LI><a href="#[91]">&gt;&gt;</a>&nbsp;&nbsp;&nbsp;clk_init
</UL>

<P><STRONG><a name="[8d]"></a>check_16MXtal_by_rcTracking</STRONG> (Thumb, 316 bytes, Stack size 24 bytes, patch.o(i.check_16MXtal_by_rcTracking))
<BR><BR>[Stack]<UL><LI>Max Depth = 24<LI>Call Chain = check_16MXtal_by_rcTracking
</UL>
<BR>[Calls]<UL><LI><a href="#[8e]">&gt;&gt;</a>&nbsp;&nbsp;&nbsp;WaitRTCCount (via Veneer)
<LI><a href="#[80]">&gt;&gt;</a>&nbsp;&nbsp;&nbsp;rtc_get_counter (via Veneer)
<LI><a href="#[8f]">&gt;&gt;</a>&nbsp;&nbsp;&nbsp;set_sleep_flag (via Veneer)
<LI><a href="#[53]">&gt;&gt;</a>&nbsp;&nbsp;&nbsp;hal_pwrmgr_enter_sleep_rtc_reset
</UL>
<BR>[Called By]<UL><LI><a href="#[38]">&gt;&gt;</a>&nbsp;&nbsp;&nbsp;wakeup_init1
</UL>

<P><STRONG><a name="[90]"></a>check_96MXtal_by_rcTracking</STRONG> (Thumb, 246 bytes, Stack size 24 bytes, patch.o(i.check_96MXtal_by_rcTracking))
<BR><BR>[Stack]<UL><LI>Max Depth = 24<LI>Call Chain = check_96MXtal_by_rcTracking
</UL>
<BR>[Calls]<UL><LI><a href="#[8e]">&gt;&gt;</a>&nbsp;&nbsp;&nbsp;WaitRTCCount (via Veneer)
</UL>
<BR>[Called By]<UL><LI><a href="#[38]">&gt;&gt;</a>&nbsp;&nbsp;&nbsp;wakeup_init1
</UL>

<P><STRONG><a name="[9a]"></a>cusum_advance_slave_rx_window</STRONG> (Thumb, 124 bytes, Stack size 8 bytes, patch.o(i.cusum_advance_slave_rx_window))
<BR><BR>[Stack]<UL><LI>Max Depth = 8<LI>Call Chain = cusum_advance_slave_rx_window
</UL>
<BR>[Called By]<UL><LI><a href="#[99]">&gt;&gt;</a>&nbsp;&nbsp;&nbsp;enlarge_rx_timeout_1st
</UL>

<P><STRONG><a name="[99]"></a>enlarge_rx_timeout_1st</STRONG> (Thumb, 158 bytes, Stack size 16 bytes, patch.o(i.enlarge_rx_timeout_1st))
<BR><BR>[Stack]<UL><LI>Max Depth = 24<LI>Call Chain = enlarge_rx_timeout_1st &rArr; cusum_advance_slave_rx_window
</UL>
<BR>[Calls]<UL><LI><a href="#[9a]">&gt;&gt;</a>&nbsp;&nbsp;&nbsp;cusum_advance_slave_rx_window
<LI><a href="#[9b]">&gt;&gt;</a>&nbsp;&nbsp;&nbsp;ll_hw_set_rx_timeout_1st (via Veneer)
</UL>
<BR>[Called By]<UL><LI><a href="#[2f]">&gt;&gt;</a>&nbsp;&nbsp;&nbsp;ll_hw_go1
</UL>

<P><STRONG><a name="[c5]"></a>ll_flow_ctrl_restore</STRONG> (Thumb, 82 bytes, Stack size 8 bytes, patch.o(i.ll_flow_ctrl_restore))
<BR><BR>[Stack]<UL><LI>Max Depth = 8<LI>Call Chain = ll_flow_ctrl_restore
</UL>
<BR>[Called By]<UL><LI><a href="#[2f]">&gt;&gt;</a>&nbsp;&nbsp;&nbsp;ll_hw_go1
<LI><a href="#[45]">&gt;&gt;</a>&nbsp;&nbsp;&nbsp;llReleaseConnId1
</UL>

<P><STRONG><a name="[94]"></a>read_TIM5_remainder_timer</STRONG> (Thumb, 8 bytes, Stack size 0 bytes, patch.o(i.read_TIM5_remainder_timer))
<BR><BR>[Called By]<UL><LI><a href="#[37]">&gt;&gt;</a>&nbsp;&nbsp;&nbsp;config_RTC1
</UL>
<P>
<H3>
Undefined Global Symbols
</H3><HR></body></html>
