<html>
<body>
<pre>
<h1>µVision Build Log</h1>
<h2>Tool Versions:</h2>
IDE-Version: ¦ÌVision V5.28.0.0
Copyright (C) 2019 ARM Ltd and ARM Germany GmbH. All rights reserved.
License Information: 1 1, 1, LIC=VGXG8-3PUQK-Z9RG9-4HY7S-SY4SK-LMVB7
 
Tool Versions:
Toolchain:       MDK-ARM Plus  Version: 5.28.0.0
Toolchain Path:  C:\Keil_v5\ARM\ARMCC\Bin
C Compiler:      Armcc.exe V5.06 update 6 (build 750)
Assembler:       Armasm.exe V5.06 update 6 (build 750)
Linker/Locator:  ArmLink.exe V5.06 update 6 (build 750)
Library Manager: ArmAr.exe V5.06 update 6 (build 750)
Hex Converter:   FromElf.exe V5.06 update 6 (build 750)
CPU DLL:         SARM.DLL V5.28.0.0
Dialog DLL:      DARMP3.DLL
Target DLL:      Segger\JLTAgdi.dll V1.61.0.0
Dialog DLL:      TARMP3.DLL V1.4.0.0
 
<h2>Project:</h2>
C:\Users\chenyudong\Desktop\ble_3432_sdk_ext_12_0404\projects\ble_app_gatt\bk3432.uvproj
Project File Date:  12/15/2023

<h2>Output:</h2>
*** Using Compiler 'V5.06 update 6 (build 750)', folder: 'C:\Keil_v5\ARM\ARMCC\Bin'
Build target 'BK3432_app'
compiling arch_main.c...
linking...
Program Size: Code=21810 RO-data=1410 RW-data=88 ZI-data=8940  
After Build - User command #1: fromelf --bin --output .\output\app\bk3432_ble_app.bin .\obj\bk3432_ble_app.axf
After Build - User command #2: .\output\encrypt_app.bat
C:\Users\chenyudong\Desktop\ble_3432_sdk_ext_12_0404\projects\ble_app_gatt>.\output\BinConvert_3432.exe  -oad .\output\bim\bk3432_ble_bim.bin  .\output\stack\bk3432_ble_stack.bin  .\output\app\bk3432_ble_app.bin -m 0x2020 -l 0x1b020 -v 0x1111 -rom_v 0x0004 -e 00000000 00000000 00000000 00000000 
cmd_bin_oad.stack_file_addr :0x2020
binary version hex:0x1111; dec:4369
Arm Image Binary will be converted to OAD format binary file.....
cmd_bin_oad.stack_file_addr=2020
boot_bin_len=175c
add stack bin start
oad_stack_app_bin_len=1ec00
oad_app_bin_len=5c00
8f 13 c3 5e 11 11 00 17 42 42 42 42 ff ff 04 00 /**< @CREATE_FILE_SUCCESS */
/**< @Download flash file:.\output\app\bk3432_ble_app_merge.bin
/**< @OAD file :.\output\app\bk3432_ble_app_stack.bin,CRC = 0x15367646
/**< @OAD file :.\output\app\bk3432_ble_app_app.bin,CRC = 0x5ec3138f
/**< @author <gang.cheng@bekencorp.com> */
/**< @version v0.3 */
".\obj\bk3432_ble_app.axf" - 0 Error(s), 0 Warning(s).
Build Time Elapsed:  00:00:05
</pre>
</body>
</html>
