<!doctype html public "-//w3c//dtd html 4.0 transitional//en">
<html><head>
<title>Static Call Graph - [.\Objects\bsp_btn.axf]</title></head>
<body><HR>
<H1>Static Call Graph for image .\Objects\bsp_btn.axf</H1><HR>
<BR><P>#&#060CALLGRAPH&#062# ARM Linker, 5060750: Last Updated: Mon May 29 17:34:48 2023
<BR><P>
<H3>Maximum Stack Usage =        336 bytes + Unknown(Cycles, Untraceable Function Pointers)</H3><H3>
Call chain for Maximum Stack Depth:</H3>
Bsp_Btn_ProcessEvent &rArr; poweroff_Key_switch_keybaord_checking &rArr; power_Off_init_phase_key_checking &rArr; poweroff_key_Release_StartPhaseReport &rArr; bsp_set_key_value_by_row_col &rArr; dbg_printf &rArr; log_vsprintf &rArr; number
<P>
<H3>
Mutually Recursive functions
</H3> <LI><a href="#[d]">SVC_Handler</a>&nbsp;&nbsp;&nbsp;&rArr;&nbsp;&nbsp;&nbsp;<a href="#[d]">SVC_Handler</a><BR>
 <LI><a href="#[f]">SysTick_Handler</a>&nbsp;&nbsp;&nbsp;&rArr;&nbsp;&nbsp;&nbsp;<a href="#[f]">SysTick_Handler</a><BR>
 <LI><a href="#[1a]">AACI_IRQHandler</a>&nbsp;&nbsp;&nbsp;&rArr;&nbsp;&nbsp;&nbsp;<a href="#[1a]">AACI_IRQHandler</a><BR>
</UL>
<P>
<H3>
Function Pointers
</H3><UL>
 <LI><a href="#[1a]">AACI_IRQHandler</a> from startup_armcm0.o(.text) referenced from startup_armcm0.o(RESET)
 <LI><a href="#[34]">Bsp_Btn_ProcessEvent</a> from bsp_button_task.o(i.Bsp_Btn_ProcessEvent) referenced from osal_bsp_btn.o(_section_sram_code_)
 <LI><a href="#[21]">CAN_IRQHandler</a> from startup_armcm0.o(.text) referenced from startup_armcm0.o(RESET)
 <LI><a href="#[1f]">CHLCD_IRQHandler</a> from startup_armcm0.o(.text) referenced from startup_armcm0.o(RESET)
 <LI><a href="#[1b]">CLCD_IRQHandler</a> from startup_armcm0.o(.text) referenced from startup_armcm0.o(RESET)
 <LI><a href="#[24]">CPU_CLCD_IRQHandler</a> from startup_armcm0.o(.text) referenced from startup_armcm0.o(RESET)
 <LI><a href="#[35]">Demo_ProcessEvent</a> from bsp_btn_demo.o(i.Demo_ProcessEvent) referenced from osal_bsp_btn.o(_section_sram_code_)
 <LI><a href="#[1c]">ENET_IRQHandler</a> from startup_armcm0.o(.text) referenced from startup_armcm0.o(RESET)
 <LI><a href="#[20]">FLEXRAY_IRQHandler</a> from startup_armcm0.o(.text) referenced from startup_armcm0.o(RESET)
 <LI><a href="#[c]">HardFault_Handler</a> from bb_rom_sym_m0.txt(ABSOLUTE) referenced from startup_armcm0.o(RESET)
 <LI><a href="#[23]">I2C_IRQHandler</a> from startup_armcm0.o(.text) referenced from startup_armcm0.o(RESET)
 <LI><a href="#[22]">LIN_IRQHandler</a> from startup_armcm0.o(.text) referenced from startup_armcm0.o(RESET)
 <LI><a href="#[4b]">LL_Disconnect1</a> from patch.o(_func_xip_code_.LL_Disconnect1) referenced from patch.o(_section_xip_code_)
 <LI><a href="#[3f]">LL_ENC_AES128_Encrypt1</a> from patch.o(i.LL_ENC_AES128_Encrypt1) referenced from patch.o(_section_xip_code_)
 <LI><a href="#[41]">LL_ENC_Decrypt1</a> from patch.o(i.LL_ENC_Decrypt1) referenced from patch.o(_section_xip_code_)
 <LI><a href="#[40]">LL_ENC_Encrypt1</a> from patch.o(i.LL_ENC_Encrypt1) referenced from patch.o(_section_xip_code_)
 <LI><a href="#[3c]">LL_IRQHandler1</a> from patch.o(i.LL_IRQHandler1) referenced from patch.o(_section_xip_code_)
 <LI><a href="#[33]">LL_ProcessEvent</a> from bb_rom_sym_m0.txt(ABSOLUTE) referenced from osal_bsp_btn.o(_section_sram_code_)
 <LI><a href="#[53]">LL_ProcessEvent1</a> from patch.o(i.LL_ProcessEvent1) referenced from patch.o(_section_xip_code_)
 <LI><a href="#[50]">LL_Reset1</a> from patch.o(i.LL_Reset1) referenced from patch.o(_section_xip_code_)
 <LI><a href="#[47]">LL_SetDataLengh1</a> from patch.o(_func_xip_code_.LL_SetDataLengh1) referenced from patch.o(_section_xip_code_)
 <LI><a href="#[52]">LL_TxData1</a> from patch.o(_func_xip_code_.LL_TxData1) referenced from patch.o(_section_xip_code_)
 <LI><a href="#[4a]">LL_set_default_conn_params1</a> from patch.o(i.LL_set_default_conn_params1) referenced from patch.o(_section_xip_code_)
 <LI><a href="#[14]">MCIA_IRQHandler</a> from startup_armcm0.o(.text) referenced from startup_armcm0.o(RESET)
 <LI><a href="#[15]">MCIB_IRQHandler</a> from startup_armcm0.o(.text) referenced from startup_armcm0.o(RESET)
 <LI><a href="#[b]">NMI_Handler</a> from bb_rom_sym_m0.txt(ABSOLUTE) referenced from startup_armcm0.o(RESET)
 <LI><a href="#[e]">PendSV_Handler</a> from bb_rom_sym_m0.txt(ABSOLUTE) referenced from startup_armcm0.o(RESET)
 <LI><a href="#[0]">PowerOff_key_change_event</a> from bsp_button_task.o(i.PowerOff_key_change_event) referenced 2 times from bsp_button_task.o(.data)
 <LI><a href="#[1]">PowerOff_key_polling_event</a> from bsp_button_task.o(i.PowerOff_key_polling_event) referenced 2 times from bsp_button_task.o(.data)
 <LI><a href="#[2]">PowerOff_key_restore_event</a> from bsp_button_task.o(i.PowerOff_key_restore_event) referenced 2 times from bsp_button_task.o(.data)
 <LI><a href="#[11]">RTC_IRQHandler</a> from startup_armcm0.o(.text) referenced from startup_armcm0.o(RESET)
 <LI><a href="#[a]">Reset_Handler</a> from startup_armcm0.o(.text) referenced from startup_armcm0.o(RESET)
 <LI><a href="#[26]">SPI_IRQHandler</a> from startup_armcm0.o(.text) referenced from startup_armcm0.o(RESET)
 <LI><a href="#[d]">SVC_Handler</a> from startup_armcm0.o(.text) referenced from startup_armcm0.o(RESET)
 <LI><a href="#[f]">SysTick_Handler</a> from startup_armcm0.o(.text) referenced from startup_armcm0.o(RESET)
 <LI><a href="#[29]">SystemInit</a> from system_armcm0.o(i.SystemInit) referenced from startup_armcm0.o(.text)
 <LI><a href="#[12]">TIM0_IRQHandler</a> from startup_armcm0.o(.text) referenced from startup_armcm0.o(RESET)
 <LI><a href="#[13]">TIM2_IRQHandler</a> from startup_armcm0.o(.text) referenced from startup_armcm0.o(RESET)
 <LI><a href="#[16]">UART0_IRQHandler</a> from startup_armcm0.o(.text) referenced from startup_armcm0.o(RESET)
 <LI><a href="#[17]">UART1_IRQHandler</a> from startup_armcm0.o(.text) referenced from startup_armcm0.o(RESET)
 <LI><a href="#[18]">UART2_IRQHandler</a> from startup_armcm0.o(.text) referenced from startup_armcm0.o(RESET)
 <LI><a href="#[25]">UART3_IRQHandler</a> from startup_armcm0.o(.text) referenced from startup_armcm0.o(RESET)
 <LI><a href="#[19]">UART4_IRQHandler</a> from startup_armcm0.o(.text) referenced from startup_armcm0.o(RESET)
 <LI><a href="#[1d]">USBDC_IRQHandler</a> from startup_armcm0.o(.text) referenced from startup_armcm0.o(RESET)
 <LI><a href="#[1e]">USBHC_IRQHandler</a> from startup_armcm0.o(.text) referenced from startup_armcm0.o(RESET)
 <LI><a href="#[10]">WDT_IRQHandler</a> from startup_armcm0.o(.text) referenced from startup_armcm0.o(RESET)
 <LI><a href="#[2a]">__main</a> from entry.o(.ARM.Collect$$$$00000000) referenced from startup_armcm0.o(.text)
 <LI><a href="#[28]">_hard_fault</a> from jump_table.o(i._hard_fault) referenced from jump_table.o(.emb_text)
 <LI><a href="#[2b]">_uart_putc</a> from my_printf.o(i._uart_putc) referenced from my_printf.o(i.dbg_printf)
 <LI><a href="#[9]">app_powerkey_longpress_report</a> from bsp_btn_demo.o(i.app_powerkey_longpress_report) referenced 2 times from bsp_btn_demo.o(.data)
 <LI><a href="#[7]">app_powerkey_press_report</a> from bsp_btn_demo.o(i.app_powerkey_press_report) referenced 2 times from bsp_btn_demo.o(.data)
 <LI><a href="#[8]">app_powerkey_release_report</a> from bsp_btn_demo.o(i.app_powerkey_release_report) referenced 2 times from bsp_btn_demo.o(.data)
 <LI><a href="#[43]">config_RTC1</a> from patch.o(i.config_RTC1) referenced from patch.o(_section_xip_code_)
 <LI><a href="#[42]">enterSleepProcess1</a> from patch.o(i.enterSleepProcess1) referenced from patch.o(_section_xip_code_)
 <LI><a href="#[31]">hal_UART0_IRQHandler</a> from uart.o(i.hal_UART0_IRQHandler) referenced from uart.o(i.uart_hw_init)
 <LI><a href="#[31]">hal_UART0_IRQHandler</a> from uart.o(i.hal_UART0_IRQHandler) referenced from jump_table.o(jump_table_mem_area)
 <LI><a href="#[32]">hal_UART1_IRQHandler</a> from uart.o(i.hal_UART1_IRQHandler) referenced from uart.o(i.uart_hw_init)
 <LI><a href="#[56]">hal_gpio_sleep_handler</a> from gpio.o(i.hal_gpio_sleep_handler) referenced from gpio.o(i.hal_gpio_init)
 <LI><a href="#[55]">hal_gpio_wakeup_handler</a> from gpio.o(i.hal_gpio_wakeup_handler) referenced from gpio.o(i.hal_gpio_init)
 <LI><a href="#[37]">hal_pwrmgr_sleep_process</a> from pwrmgr.o(i.hal_pwrmgr_sleep_process) referenced from jump_table.o(jump_table_mem_area)
 <LI><a href="#[38]">hal_pwrmgr_wakeup_process</a> from pwrmgr.o(i.hal_pwrmgr_wakeup_process) referenced from jump_table.o(jump_table_mem_area)
 <LI><a href="#[3a]">hard_fault</a> from jump_table.o(.emb_text) referenced from jump_table.o(jump_table_mem_area)
 <LI><a href="#[2c]">hw_spif_cache_config</a> from flash.o(i.hw_spif_cache_config) referenced from flash.o(i.hal_spif_cache_init)
 <LI><a href="#[6]">keyboard_bsp_btn_callback</a> from bsp_btn_demo.o(i.keyboard_bsp_btn_callback) referenced 2 times from bsp_btn_demo.o(.data)
 <LI><a href="#[30]">keyboard_sleep_handler</a> from keyboard.o(_section_sram_code_) referenced from keyboard.o(i.keyboard_register)
 <LI><a href="#[2f]">keyboard_wakeup_handler</a> from keyboard.o(_section_sram_code_) referenced from keyboard.o(i.keyboard_register)
 <LI><a href="#[46]">l2capPocessFragmentTxData</a> from patch.o(i.l2capPocessFragmentTxData) referenced from patch.o(_section_xip_code_)
 <LI><a href="#[48]">llProcessTxData1</a> from patch.o(i.llProcessTxData1) referenced from patch.o(_section_xip_code_)
 <LI><a href="#[51]">llReleaseConnId1</a> from patch.o(i.llReleaseConnId1) referenced from patch.o(_section_xip_code_)
 <LI><a href="#[4d]">llSlaveEvt_TaskEndOk1</a> from patch.o(i.llSlaveEvt_TaskEndOk1) referenced from patch.o(_section_xip_code_)
 <LI><a href="#[4f]">llWriteTxData1</a> from patch.o(i.llWriteTxData1) referenced from patch.o(_section_xip_code_)
 <LI><a href="#[49]">ll_generateTxBuffer1</a> from patch.o(i.ll_generateTxBuffer1) referenced from patch.o(_section_xip_code_)
 <LI><a href="#[3b]">ll_hw_go1</a> from patch.o(i.ll_hw_go1) referenced from patch.o(_section_xip_code_)
 <LI><a href="#[4e]">ll_hw_read_tfifo_rtlp1</a> from patch.o(i.ll_hw_read_tfifo_rtlp1) referenced from patch.o(_section_xip_code_)
 <LI><a href="#[54]">ll_read_rxfifo1</a> from patch.o(i.ll_read_rxfifo1) referenced from patch.o(_section_xip_code_)
 <LI><a href="#[27]">main</a> from main.o(i.main) referenced from entry9a.o(.ARM.Collect$$$$0000000B)
 <LI><a href="#[3]">normal_key_change_event</a> from bsp_button_task.o(i.normal_key_change_event) referenced 2 times from bsp_button_task.o(.data)
 <LI><a href="#[4]">normal_key_polling_event</a> from bsp_button_task.o(i.normal_key_polling_event) referenced 2 times from bsp_button_task.o(.data)
 <LI><a href="#[5]">normal_key_retore_event</a> from bsp_button_task.o(i.normal_key_retore_event) referenced 2 times from bsp_button_task.o(.data)
 <LI><a href="#[36]">osalInitTasks</a> from osal_bsp_btn.o(i.osalInitTasks) referenced from jump_table.o(jump_table_mem_area)
 <LI><a href="#[4c]">osal_idle_task0</a> from patch.o(i.osal_idle_task0) referenced from patch.o(_section_xip_code_)
 <LI><a href="#[3d]">rf_calibrate1</a> from rf_phy_driver.o(i.rf_calibrate1) referenced from patch.o(_section_xip_code_)
 <LI><a href="#[3e]">rf_phy_change_cfg0</a> from rf_phy_driver.o(i.rf_phy_change_cfg0) referenced from patch.o(_section_xip_code_)
 <LI><a href="#[39]">rf_phy_ini</a> from rf_phy_driver.o(i.rf_phy_ini) referenced from jump_table.o(jump_table_mem_area)
 <LI><a href="#[2d]">uart_wakeup_process_0</a> from uart.o(i.uart_wakeup_process_0) referenced from uart.o(i.hal_uart_init)
 <LI><a href="#[2e]">uart_wakeup_process_1</a> from uart.o(i.uart_wakeup_process_1) referenced from uart.o(i.hal_uart_init)
 <LI><a href="#[45]">wakeupProcess1</a> from patch.o(i.wakeupProcess1) referenced from patch.o(_section_xip_code_)
 <LI><a href="#[44]">wakeup_init1</a> from patch.o(i.wakeup_init1) referenced from patch.o(_section_xip_code_)
</UL>
<P>
<H3>
Global Symbols
</H3>
<P><STRONG><a name="[113]"></a>__aeabi_uidivmod</STRONG> (Thumb, 0 bytes, Stack size 0 bytes, bb_rom_sym_m0.txt(ABSOLUTE))
<BR><BR>[Called By]<UL><LI><a href="#[e1]">&gt;&gt;</a>&nbsp;&nbsp;&nbsp;uart_hw_init (via Veneer)
<LI><a href="#[110]">&gt;&gt;</a>&nbsp;&nbsp;&nbsp;number (via Veneer)
<LI><a href="#[45]">&gt;&gt;</a>&nbsp;&nbsp;&nbsp;wakeupProcess1 (via Veneer)
</UL>

<P><STRONG><a name="[f5]"></a>__aeabi_memcpy</STRONG> (Thumb, 0 bytes, Stack size 0 bytes, bb_rom_sym_m0.txt(ABSOLUTE))
<BR><BR>[Called By]<UL><LI><a href="#[e2]">&gt;&gt;</a>&nbsp;&nbsp;&nbsp;txmit_buf_use_tx_buf (via Veneer)
<LI><a href="#[c3]">&gt;&gt;</a>&nbsp;&nbsp;&nbsp;kscan_compare_key (via Veneer)
<LI><a href="#[4f]">&gt;&gt;</a>&nbsp;&nbsp;&nbsp;llWriteTxData1 (via Veneer)
</UL>

<P><STRONG><a name="[c4]"></a>__aeabi_memcpy4</STRONG> (Thumb, 0 bytes, Stack size 0 bytes, bb_rom_sym_m0.txt(ABSOLUTE))
<BR><BR>[Called By]<UL><LI><a href="#[cd]">&gt;&gt;</a>&nbsp;&nbsp;&nbsp;hal_low_power_io_init (via Veneer)
<LI><a href="#[58]">&gt;&gt;</a>&nbsp;&nbsp;&nbsp;hal_KSCAN_IRQHandler (via Veneer)
</UL>

<P><STRONG><a name="[d5]"></a>__aeabi_memclr4</STRONG> (Thumb, 0 bytes, Stack size 0 bytes, bb_rom_sym_m0.txt(ABSOLUTE))
<BR><BR>[Called By]<UL><LI><a href="#[b7]">&gt;&gt;</a>&nbsp;&nbsp;&nbsp;hal_uart_init (via Veneer)
<LI><a href="#[cf]">&gt;&gt;</a>&nbsp;&nbsp;&nbsp;hal_pwrmgr_init (via Veneer)
<LI><a href="#[d1]">&gt;&gt;</a>&nbsp;&nbsp;&nbsp;hal_gpio_init (via Veneer)
<LI><a href="#[a9]">&gt;&gt;</a>&nbsp;&nbsp;&nbsp;LL_InitConnectContext (via Veneer)
</UL>

<P><STRONG><a name="[70]"></a>__aeabi_uread4</STRONG> (Thumb, 0 bytes, Stack size 0 bytes, bb_rom_sym_m0.txt(ABSOLUTE))
<BR><BR>[Called By]<UL><LI><a href="#[40]">&gt;&gt;</a>&nbsp;&nbsp;&nbsp;LL_ENC_Encrypt1 (via Veneer)
<LI><a href="#[41]">&gt;&gt;</a>&nbsp;&nbsp;&nbsp;LL_ENC_Decrypt1 (via Veneer)
</UL>

<P><STRONG><a name="[c]"></a>HardFault_Handler</STRONG> (Thumb, 0 bytes, Stack size 0 bytes, bb_rom_sym_m0.txt(ABSOLUTE), UNUSED)
<BR>[Address Reference Count : 1]<UL><LI> startup_armcm0.o(RESET)
</UL>
<P><STRONG><a name="[135]"></a>LL_CreateConnCancel0</STRONG> (Thumb, 0 bytes, Stack size 0 bytes, bb_rom_sym_m0.txt(ABSOLUTE), UNUSED)
<BR><BR>[Called By]<UL><LI><a href="#[134]">&gt;&gt;</a>&nbsp;&nbsp;&nbsp;LL_CreateConnCancel1 (via Veneer)
</UL>

<P><STRONG><a name="[130]"></a>LL_Disconnect0</STRONG> (Thumb, 0 bytes, Stack size 0 bytes, bb_rom_sym_m0.txt(ABSOLUTE))
<BR><BR>[Called By]<UL><LI><a href="#[4b]">&gt;&gt;</a>&nbsp;&nbsp;&nbsp;LL_Disconnect1 (via Veneer)
</UL>

<P><STRONG><a name="[89]"></a>LL_DisconnectCback</STRONG> (Thumb, 0 bytes, Stack size 0 bytes, bb_rom_sym_m0.txt(ABSOLUTE))
<BR><BR>[Called By]<UL><LI><a href="#[53]">&gt;&gt;</a>&nbsp;&nbsp;&nbsp;LL_ProcessEvent1 (via Veneer)
</UL>

<P><STRONG><a name="[be]"></a>LL_ENC_AES128_Encrypt</STRONG> (Thumb, 0 bytes, Stack size 0 bytes, bb_rom_sym_m0.txt(ABSOLUTE))
<BR><BR>[Called By]<UL><LI><a href="#[98]">&gt;&gt;</a>&nbsp;&nbsp;&nbsp;finidv (via Veneer)
</UL>

<P><STRONG><a name="[6d]"></a>LL_ENC_AES128_Encrypt0</STRONG> (Thumb, 0 bytes, Stack size 0 bytes, bb_rom_sym_m0.txt(ABSOLUTE))
<BR><BR>[Called By]<UL><LI><a href="#[3f]">&gt;&gt;</a>&nbsp;&nbsp;&nbsp;LL_ENC_AES128_Encrypt1 (via Veneer)
</UL>

<P><STRONG><a name="[fe]"></a>LL_ENC_Encrypt</STRONG> (Thumb, 0 bytes, Stack size 0 bytes, bb_rom_sym_m0.txt(ABSOLUTE))
<BR><BR>[Called By]<UL><LI><a href="#[4f]">&gt;&gt;</a>&nbsp;&nbsp;&nbsp;llWriteTxData1 (via Veneer)
</UL>

<P><STRONG><a name="[6f]"></a>LL_ENC_GenerateNonce</STRONG> (Thumb, 0 bytes, Stack size 0 bytes, bb_rom_sym_m0.txt(ABSOLUTE))
<BR><BR>[Called By]<UL><LI><a href="#[40]">&gt;&gt;</a>&nbsp;&nbsp;&nbsp;LL_ENC_Encrypt1 (via Veneer)
<LI><a href="#[41]">&gt;&gt;</a>&nbsp;&nbsp;&nbsp;LL_ENC_Decrypt1 (via Veneer)
</UL>

<P><STRONG><a name="[6e]"></a>LL_ENC_LoadKey</STRONG> (Thumb, 0 bytes, Stack size 0 bytes, bb_rom_sym_m0.txt(ABSOLUTE))
<BR><BR>[Called By]<UL><LI><a href="#[40]">&gt;&gt;</a>&nbsp;&nbsp;&nbsp;LL_ENC_Encrypt1 (via Veneer)
<LI><a href="#[41]">&gt;&gt;</a>&nbsp;&nbsp;&nbsp;LL_ENC_Decrypt1 (via Veneer)
</UL>

<P><STRONG><a name="[114]"></a>LL_Init</STRONG> (Thumb, 0 bytes, Stack size 0 bytes, bb_rom_sym_m0.txt(ABSOLUTE))
<BR><BR>[Called By]<UL><LI><a href="#[36]">&gt;&gt;</a>&nbsp;&nbsp;&nbsp;osalInitTasks (via Veneer)
</UL>

<P><STRONG><a name="[33]"></a>LL_ProcessEvent</STRONG> (Thumb, 0 bytes, Stack size 0 bytes, bb_rom_sym_m0.txt(ABSOLUTE), UNUSED)
<BR>[Address Reference Count : 1]<UL><LI> osal_bsp_btn.o(_section_sram_code_)
</UL>
<P><STRONG><a name="[8a]"></a>LL_ProcessEvent0</STRONG> (Thumb, 0 bytes, Stack size 0 bytes, bb_rom_sym_m0.txt(ABSOLUTE))
<BR><BR>[Called By]<UL><LI><a href="#[53]">&gt;&gt;</a>&nbsp;&nbsp;&nbsp;LL_ProcessEvent1 (via Veneer)
</UL>

<P><STRONG><a name="[8c]"></a>LL_Reset0</STRONG> (Thumb, 0 bytes, Stack size 0 bytes, bb_rom_sym_m0.txt(ABSOLUTE))
<BR><BR>[Called By]<UL><LI><a href="#[50]">&gt;&gt;</a>&nbsp;&nbsp;&nbsp;LL_Reset1 (via Veneer)
</UL>

<P><STRONG><a name="[131]"></a>LL_SetDataLengh0</STRONG> (Thumb, 0 bytes, Stack size 0 bytes, bb_rom_sym_m0.txt(ABSOLUTE))
<BR><BR>[Called By]<UL><LI><a href="#[47]">&gt;&gt;</a>&nbsp;&nbsp;&nbsp;LL_SetDataLengh1 (via Veneer)
</UL>

<P><STRONG><a name="[8d]"></a>LL_set_default_conn_params0</STRONG> (Thumb, 0 bytes, Stack size 0 bytes, bb_rom_sym_m0.txt(ABSOLUTE))
<BR><BR>[Called By]<UL><LI><a href="#[4a]">&gt;&gt;</a>&nbsp;&nbsp;&nbsp;LL_set_default_conn_params1 (via Veneer)
</UL>

<P><STRONG><a name="[b]"></a>NMI_Handler</STRONG> (Thumb, 0 bytes, Stack size 0 bytes, bb_rom_sym_m0.txt(ABSOLUTE), UNUSED)
<BR>[Address Reference Count : 1]<UL><LI> startup_armcm0.o(RESET)
</UL>
<P><STRONG><a name="[e]"></a>PendSV_Handler</STRONG> (Thumb, 0 bytes, Stack size 0 bytes, bb_rom_sym_m0.txt(ABSOLUTE), UNUSED)
<BR>[Address Reference Count : 1]<UL><LI> startup_armcm0.o(RESET)
</UL>
<P><STRONG><a name="[ae]"></a>WaitRTCCount</STRONG> (Thumb, 0 bytes, Stack size 0 bytes, bb_rom_sym_m0.txt(ABSOLUTE))
<BR><BR>[Called By]<UL><LI><a href="#[118]">&gt;&gt;</a>&nbsp;&nbsp;&nbsp;rc32k_calibration (via Veneer)
<LI><a href="#[44]">&gt;&gt;</a>&nbsp;&nbsp;&nbsp;wakeup_init1 (via Veneer)
<LI><a href="#[45]">&gt;&gt;</a>&nbsp;&nbsp;&nbsp;wakeupProcess1 (via Veneer)
<LI><a href="#[bb]">&gt;&gt;</a>&nbsp;&nbsp;&nbsp;rc32k_cap_cal (via Veneer)
<LI><a href="#[43]">&gt;&gt;</a>&nbsp;&nbsp;&nbsp;config_RTC1 (via Veneer)
<LI><a href="#[b0]">&gt;&gt;</a>&nbsp;&nbsp;&nbsp;check_96MXtal_by_rcTracking (via Veneer)
<LI><a href="#[ad]">&gt;&gt;</a>&nbsp;&nbsp;&nbsp;check_16MXtal_by_rcTracking (via Veneer)
</UL>

<P><STRONG><a name="[120]"></a>__ARM_common_switch8</STRONG> (Thumb, 0 bytes, Stack size 0 bytes, bb_rom_sym_m0.txt(ABSOLUTE))
<BR><BR>[Called By]<UL><LI><a href="#[11f]">&gt;&gt;</a>&nbsp;&nbsp;&nbsp;rf_tp_cal (via Veneer)
</UL>

<P><STRONG><a name="[12a]"></a>app_wakeup_process</STRONG> (Thumb, 0 bytes, Stack size 0 bytes, bb_rom_sym_m0.txt(ABSOLUTE))
<BR><BR>[Called By]<UL><LI><a href="#[45]">&gt;&gt;</a>&nbsp;&nbsp;&nbsp;wakeupProcess1 (via Veneer)
</UL>

<P><STRONG><a name="[125]"></a>clk_get_pclk</STRONG> (Thumb, 0 bytes, Stack size 0 bytes, bb_rom_sym_m0.txt(ABSOLUTE))
<BR><BR>[Called By]<UL><LI><a href="#[e1]">&gt;&gt;</a>&nbsp;&nbsp;&nbsp;uart_hw_init (via Veneer)
</UL>

<P><STRONG><a name="[60]"></a>config_RTC</STRONG> (Thumb, 0 bytes, Stack size 0 bytes, bb_rom_sym_m0.txt(ABSOLUTE))
<BR><BR>[Called By]<UL><LI><a href="#[5e]">&gt;&gt;</a>&nbsp;&nbsp;&nbsp;hal_pwrmgr_enter_sleep_rtc_reset (via Veneer)
</UL>

<P><STRONG><a name="[d6]"></a>disableSleep</STRONG> (Thumb, 0 bytes, Stack size 0 bytes, bb_rom_sym_m0.txt(ABSOLUTE))
<BR><BR>[Called By]<UL><LI><a href="#[5d]">&gt;&gt;</a>&nbsp;&nbsp;&nbsp;hal_pwrmgr_unlock (via Veneer)
<LI><a href="#[d8]">&gt;&gt;</a>&nbsp;&nbsp;&nbsp;hal_pwrmgr_lock (via Veneer)
<LI><a href="#[cf]">&gt;&gt;</a>&nbsp;&nbsp;&nbsp;hal_pwrmgr_init (via Veneer)
<LI><a href="#[ef]">&gt;&gt;</a>&nbsp;&nbsp;&nbsp;hal_pwrmgr_get_module_lock_status (via Veneer)
</UL>

<P><STRONG><a name="[5f]"></a>drv_disable_irq</STRONG> (Thumb, 0 bytes, Stack size 0 bytes, bb_rom_sym_m0.txt(ABSOLUTE))
<BR><BR>[Called By]<UL><LI><a href="#[5d]">&gt;&gt;</a>&nbsp;&nbsp;&nbsp;hal_pwrmgr_unlock (via Veneer)
<LI><a href="#[d8]">&gt;&gt;</a>&nbsp;&nbsp;&nbsp;hal_pwrmgr_lock (via Veneer)
<LI><a href="#[e2]">&gt;&gt;</a>&nbsp;&nbsp;&nbsp;txmit_buf_use_tx_buf (via Veneer)
<LI><a href="#[c8]">&gt;&gt;</a>&nbsp;&nbsp;&nbsp;hal_cache_tag_flush (via Veneer)
<LI><a href="#[5e]">&gt;&gt;</a>&nbsp;&nbsp;&nbsp;hal_pwrmgr_enter_sleep_rtc_reset (via Veneer)
<LI><a href="#[f6]">&gt;&gt;</a>&nbsp;&nbsp;&nbsp;ll_osal_mem_free (via Veneer)
<LI><a href="#[fd]">&gt;&gt;</a>&nbsp;&nbsp;&nbsp;ll_osal_mem_alloc (via Veneer)
<LI><a href="#[134]">&gt;&gt;</a>&nbsp;&nbsp;&nbsp;LL_CreateConnCancel1 (via Veneer)
<LI><a href="#[52]">&gt;&gt;</a>&nbsp;&nbsp;&nbsp;LL_TxData1 (via Veneer)
<LI><a href="#[4b]">&gt;&gt;</a>&nbsp;&nbsp;&nbsp;LL_Disconnect1 (via Veneer)
</UL>

<P><STRONG><a name="[c9]"></a>drv_enable_irq</STRONG> (Thumb, 0 bytes, Stack size 0 bytes, bb_rom_sym_m0.txt(ABSOLUTE))
<BR><BR>[Called By]<UL><LI><a href="#[5d]">&gt;&gt;</a>&nbsp;&nbsp;&nbsp;hal_pwrmgr_unlock (via Veneer)
<LI><a href="#[d8]">&gt;&gt;</a>&nbsp;&nbsp;&nbsp;hal_pwrmgr_lock (via Veneer)
<LI><a href="#[e2]">&gt;&gt;</a>&nbsp;&nbsp;&nbsp;txmit_buf_use_tx_buf (via Veneer)
<LI><a href="#[c8]">&gt;&gt;</a>&nbsp;&nbsp;&nbsp;hal_cache_tag_flush (via Veneer)
<LI><a href="#[f6]">&gt;&gt;</a>&nbsp;&nbsp;&nbsp;ll_osal_mem_free (via Veneer)
<LI><a href="#[fd]">&gt;&gt;</a>&nbsp;&nbsp;&nbsp;ll_osal_mem_alloc (via Veneer)
<LI><a href="#[134]">&gt;&gt;</a>&nbsp;&nbsp;&nbsp;LL_CreateConnCancel1 (via Veneer)
<LI><a href="#[52]">&gt;&gt;</a>&nbsp;&nbsp;&nbsp;LL_TxData1 (via Veneer)
<LI><a href="#[4b]">&gt;&gt;</a>&nbsp;&nbsp;&nbsp;LL_Disconnect1 (via Veneer)
</UL>

<P><STRONG><a name="[111]"></a>drv_irq_init</STRONG> (Thumb, 0 bytes, Stack size 0 bytes, bb_rom_sym_m0.txt(ABSOLUTE))
<BR><BR>[Called By]<UL><LI><a href="#[27]">&gt;&gt;</a>&nbsp;&nbsp;&nbsp;main (via Veneer)
<LI><a href="#[45]">&gt;&gt;</a>&nbsp;&nbsp;&nbsp;wakeupProcess1 (via Veneer)
</UL>

<P><STRONG><a name="[97]"></a>efuse_read</STRONG> (Thumb, 0 bytes, Stack size 0 bytes, bb_rom_sym_m0.txt(ABSOLUTE))
<BR><BR>[Called By]<UL><LI><a href="#[98]">&gt;&gt;</a>&nbsp;&nbsp;&nbsp;finidv (via Veneer)
<LI><a href="#[96]">&gt;&gt;</a>&nbsp;&nbsp;&nbsp;_efuse_chip_version_check (via Veneer)
<LI><a href="#[9c]">&gt;&gt;</a>&nbsp;&nbsp;&nbsp;_rom_efuse_version_init (via Veneer)
</UL>

<P><STRONG><a name="[d7]"></a>enableSleep</STRONG> (Thumb, 0 bytes, Stack size 0 bytes, bb_rom_sym_m0.txt(ABSOLUTE))
<BR><BR>[Called By]<UL><LI><a href="#[5d]">&gt;&gt;</a>&nbsp;&nbsp;&nbsp;hal_pwrmgr_unlock (via Veneer)
<LI><a href="#[112]">&gt;&gt;</a>&nbsp;&nbsp;&nbsp;init_config (via Veneer)
<LI><a href="#[cf]">&gt;&gt;</a>&nbsp;&nbsp;&nbsp;hal_pwrmgr_init (via Veneer)
</UL>

<P><STRONG><a name="[bd]"></a>enterSleepProcess0</STRONG> (Thumb, 0 bytes, Stack size 0 bytes, bb_rom_sym_m0.txt(ABSOLUTE))
<BR><BR>[Called By]<UL><LI><a href="#[42]">&gt;&gt;</a>&nbsp;&nbsp;&nbsp;enterSleepProcess1 (via Veneer)
</UL>

<P><STRONG><a name="[62]"></a>enter_sleep_off_mode</STRONG> (Thumb, 0 bytes, Stack size 0 bytes, bb_rom_sym_m0.txt(ABSOLUTE))
<BR><BR>[Called By]<UL><LI><a href="#[5e]">&gt;&gt;</a>&nbsp;&nbsp;&nbsp;hal_pwrmgr_enter_sleep_rtc_reset (via Veneer)
</UL>

<P><STRONG><a name="[108]"></a>getRxBufferFree</STRONG> (Thumb, 0 bytes, Stack size 0 bytes, bb_rom_sym_m0.txt(ABSOLUTE))
<BR><BR>[Called By]<UL><LI><a href="#[3b]">&gt;&gt;</a>&nbsp;&nbsp;&nbsp;ll_hw_go1 (via Veneer)
</UL>

<P><STRONG><a name="[fb]"></a>getTxBufferFree</STRONG> (Thumb, 0 bytes, Stack size 0 bytes, bb_rom_sym_m0.txt(ABSOLUTE))
<BR><BR>[Called By]<UL><LI><a href="#[4f]">&gt;&gt;</a>&nbsp;&nbsp;&nbsp;llWriteTxData1 (via Veneer)
</UL>

<P><STRONG><a name="[102]"></a>getTxBufferSize</STRONG> (Thumb, 0 bytes, Stack size 0 bytes, bb_rom_sym_m0.txt(ABSOLUTE))
<BR><BR>[Called By]<UL><LI><a href="#[49]">&gt;&gt;</a>&nbsp;&nbsp;&nbsp;ll_generateTxBuffer1 (via Veneer)
</UL>

<P><STRONG><a name="[107]"></a>get_rx_write_ptr</STRONG> (Thumb, 0 bytes, Stack size 0 bytes, bb_rom_sym_m0.txt(ABSOLUTE))
<BR><BR>[Called By]<UL><LI><a href="#[3b]">&gt;&gt;</a>&nbsp;&nbsp;&nbsp;ll_hw_go1 (via Veneer)
</UL>

<P><STRONG><a name="[103]"></a>get_tx_read_ptr</STRONG> (Thumb, 0 bytes, Stack size 0 bytes, bb_rom_sym_m0.txt(ABSOLUTE))
<BR><BR>[Called By]<UL><LI><a href="#[49]">&gt;&gt;</a>&nbsp;&nbsp;&nbsp;ll_generateTxBuffer1 (via Veneer)
</UL>

<P><STRONG><a name="[fc]"></a>get_tx_write_ptr</STRONG> (Thumb, 0 bytes, Stack size 0 bytes, bb_rom_sym_m0.txt(ABSOLUTE))
<BR><BR>[Called By]<UL><LI><a href="#[4f]">&gt;&gt;</a>&nbsp;&nbsp;&nbsp;llWriteTxData1 (via Veneer)
</UL>

<P><STRONG><a name="[99]"></a>rom_uart_init</STRONG> (Thumb, 0 bytes, Stack size 0 bytes, bb_rom_sym_m0.txt(ABSOLUTE))
<BR><BR>[Called By]<UL><LI><a href="#[28]">&gt;&gt;</a>&nbsp;&nbsp;&nbsp;_hard_fault (via Veneer)
</UL>

<P><STRONG><a name="[105]"></a>llEnqueueCtrlPkt</STRONG> (Thumb, 0 bytes, Stack size 0 bytes, bb_rom_sym_m0.txt(ABSOLUTE))
<BR><BR>[Called By]<UL><LI><a href="#[49]">&gt;&gt;</a>&nbsp;&nbsp;&nbsp;ll_generateTxBuffer1 (via Veneer)
</UL>

<P><STRONG><a name="[132]"></a>llEnqueueDataQ</STRONG> (Thumb, 0 bytes, Stack size 0 bytes, bb_rom_sym_m0.txt(ABSOLUTE))
<BR><BR>[Called By]<UL><LI><a href="#[52]">&gt;&gt;</a>&nbsp;&nbsp;&nbsp;LL_TxData1 (via Veneer)
</UL>

<P><STRONG><a name="[133]"></a>llProcessTxData</STRONG> (Thumb, 0 bytes, Stack size 0 bytes, bb_rom_sym_m0.txt(ABSOLUTE))
<BR><BR>[Called By]<UL><LI><a href="#[52]">&gt;&gt;</a>&nbsp;&nbsp;&nbsp;LL_TxData1 (via Veneer)
</UL>

<P><STRONG><a name="[f7]"></a>llProcessTxData0</STRONG> (Thumb, 0 bytes, Stack size 0 bytes, bb_rom_sym_m0.txt(ABSOLUTE))
<BR><BR>[Called By]<UL><LI><a href="#[48]">&gt;&gt;</a>&nbsp;&nbsp;&nbsp;llProcessTxData1 (via Veneer)
</UL>

<P><STRONG><a name="[f9]"></a>llReleaseConnId0</STRONG> (Thumb, 0 bytes, Stack size 0 bytes, bb_rom_sym_m0.txt(ABSOLUTE))
<BR><BR>[Called By]<UL><LI><a href="#[51]">&gt;&gt;</a>&nbsp;&nbsp;&nbsp;llReleaseConnId1 (via Veneer)
</UL>

<P><STRONG><a name="[84]"></a>llSecAdvAllow</STRONG> (Thumb, 0 bytes, Stack size 0 bytes, bb_rom_sym_m0.txt(ABSOLUTE))
<BR><BR>[Called By]<UL><LI><a href="#[3c]">&gt;&gt;</a>&nbsp;&nbsp;&nbsp;LL_IRQHandler1 (via Veneer)
</UL>

<P><STRONG><a name="[85]"></a>llSetupSecAdvEvt</STRONG> (Thumb, 0 bytes, Stack size 0 bytes, bb_rom_sym_m0.txt(ABSOLUTE))
<BR><BR>[Called By]<UL><LI><a href="#[3c]">&gt;&gt;</a>&nbsp;&nbsp;&nbsp;LL_IRQHandler1 (via Veneer)
</UL>

<P><STRONG><a name="[88]"></a>llSetupSecInit</STRONG> (Thumb, 0 bytes, Stack size 0 bytes, bb_rom_sym_m0.txt(ABSOLUTE))
<BR><BR>[Called By]<UL><LI><a href="#[3c]">&gt;&gt;</a>&nbsp;&nbsp;&nbsp;LL_IRQHandler1 (via Veneer)
</UL>

<P><STRONG><a name="[87]"></a>llSetupSecScan</STRONG> (Thumb, 0 bytes, Stack size 0 bytes, bb_rom_sym_m0.txt(ABSOLUTE))
<BR><BR>[Called By]<UL><LI><a href="#[3c]">&gt;&gt;</a>&nbsp;&nbsp;&nbsp;LL_IRQHandler1 (via Veneer)
</UL>

<P><STRONG><a name="[fa]"></a>llSlaveEvt_TaskEndOk0</STRONG> (Thumb, 0 bytes, Stack size 0 bytes, bb_rom_sym_m0.txt(ABSOLUTE))
<BR><BR>[Called By]<UL><LI><a href="#[4d]">&gt;&gt;</a>&nbsp;&nbsp;&nbsp;llSlaveEvt_TaskEndOk1 (via Veneer)
</UL>

<P><STRONG><a name="[72]"></a>ll_debug_output</STRONG> (Thumb, 0 bytes, Stack size 0 bytes, bb_rom_sym_m0.txt(ABSOLUTE))
<BR><BR>[Called By]<UL><LI><a href="#[45]">&gt;&gt;</a>&nbsp;&nbsp;&nbsp;wakeupProcess1 (via Veneer)
<LI><a href="#[3c]">&gt;&gt;</a>&nbsp;&nbsp;&nbsp;LL_IRQHandler1 (via Veneer)
</UL>

<P><STRONG><a name="[75]"></a>ll_hw_clr_irq</STRONG> (Thumb, 0 bytes, Stack size 0 bytes, bb_rom_sym_m0.txt(ABSOLUTE))
<BR><BR>[Called By]<UL><LI><a href="#[3c]">&gt;&gt;</a>&nbsp;&nbsp;&nbsp;LL_IRQHandler1 (via Veneer)
</UL>

<P><STRONG><a name="[73]"></a>ll_hw_get_irq_status</STRONG> (Thumb, 0 bytes, Stack size 0 bytes, bb_rom_sym_m0.txt(ABSOLUTE))
<BR><BR>[Called By]<UL><LI><a href="#[3c]">&gt;&gt;</a>&nbsp;&nbsp;&nbsp;LL_IRQHandler1 (via Veneer)
</UL>

<P><STRONG><a name="[101]"></a>ll_hw_get_tfifo_wrptr</STRONG> (Thumb, 0 bytes, Stack size 0 bytes, bb_rom_sym_m0.txt(ABSOLUTE))
<BR><BR>[Called By]<UL><LI><a href="#[49]">&gt;&gt;</a>&nbsp;&nbsp;&nbsp;ll_generateTxBuffer1 (via Veneer)
</UL>

<P><STRONG><a name="[74]"></a>ll_hw_get_tr_mode</STRONG> (Thumb, 0 bytes, Stack size 0 bytes, bb_rom_sym_m0.txt(ABSOLUTE))
<BR><BR>[Called By]<UL><LI><a href="#[3b]">&gt;&gt;</a>&nbsp;&nbsp;&nbsp;ll_hw_go1 (via Veneer)
<LI><a href="#[3c]">&gt;&gt;</a>&nbsp;&nbsp;&nbsp;LL_IRQHandler1 (via Veneer)
</UL>

<P><STRONG><a name="[12f]"></a>ll_hw_ign_rfifo</STRONG> (Thumb, 0 bytes, Stack size 0 bytes, bb_rom_sym_m0.txt(ABSOLUTE))
<BR><BR>[Called By]<UL><LI><a href="#[44]">&gt;&gt;</a>&nbsp;&nbsp;&nbsp;wakeup_init1 (via Veneer)
</UL>

<P><STRONG><a name="[10b]"></a>ll_hw_read_tfifo_packet</STRONG> (Thumb, 0 bytes, Stack size 0 bytes, bb_rom_sym_m0.txt(ABSOLUTE))
<BR><BR>[Called By]<UL><LI><a href="#[4e]">&gt;&gt;</a>&nbsp;&nbsp;&nbsp;ll_hw_read_tfifo_rtlp1 (via Veneer)
</UL>

<P><STRONG><a name="[11b]"></a>ll_hw_set_crc_fmt</STRONG> (Thumb, 0 bytes, Stack size 0 bytes, bb_rom_sym_m0.txt(ABSOLUTE))
<BR><BR>[Called By]<UL><LI><a href="#[11a]">&gt;&gt;</a>&nbsp;&nbsp;&nbsp;rf_phy_bb_cfg (via Veneer)
</UL>

<P><STRONG><a name="[12d]"></a>ll_hw_set_empty_head</STRONG> (Thumb, 0 bytes, Stack size 0 bytes, bb_rom_sym_m0.txt(ABSOLUTE))
<BR><BR>[Called By]<UL><LI><a href="#[44]">&gt;&gt;</a>&nbsp;&nbsp;&nbsp;wakeup_init1 (via Veneer)
</UL>

<P><STRONG><a name="[106]"></a>ll_hw_set_loop_timeout</STRONG> (Thumb, 0 bytes, Stack size 0 bytes, bb_rom_sym_m0.txt(ABSOLUTE))
<BR><BR>[Called By]<UL><LI><a href="#[44]">&gt;&gt;</a>&nbsp;&nbsp;&nbsp;wakeup_init1 (via Veneer)
<LI><a href="#[3b]">&gt;&gt;</a>&nbsp;&nbsp;&nbsp;ll_hw_go1 (via Veneer)
</UL>

<P><STRONG><a name="[86]"></a>ll_hw_set_rx_timeout</STRONG> (Thumb, 0 bytes, Stack size 0 bytes, bb_rom_sym_m0.txt(ABSOLUTE))
<BR><BR>[Called By]<UL><LI><a href="#[44]">&gt;&gt;</a>&nbsp;&nbsp;&nbsp;wakeup_init1 (via Veneer)
<LI><a href="#[3b]">&gt;&gt;</a>&nbsp;&nbsp;&nbsp;ll_hw_go1 (via Veneer)
<LI><a href="#[3c]">&gt;&gt;</a>&nbsp;&nbsp;&nbsp;LL_IRQHandler1 (via Veneer)
</UL>

<P><STRONG><a name="[ba]"></a>ll_hw_set_rx_timeout_1st</STRONG> (Thumb, 0 bytes, Stack size 0 bytes, bb_rom_sym_m0.txt(ABSOLUTE))
<BR><BR>[Called By]<UL><LI><a href="#[44]">&gt;&gt;</a>&nbsp;&nbsp;&nbsp;wakeup_init1 (via Veneer)
<LI><a href="#[b8]">&gt;&gt;</a>&nbsp;&nbsp;&nbsp;enlarge_rx_timeout_1st (via Veneer)
</UL>

<P><STRONG><a name="[12e]"></a>ll_hw_set_timing</STRONG> (Thumb, 0 bytes, Stack size 0 bytes, bb_rom_sym_m0.txt(ABSOLUTE))
<BR><BR>[Called By]<UL><LI><a href="#[44]">&gt;&gt;</a>&nbsp;&nbsp;&nbsp;wakeup_init1 (via Veneer)
</UL>

<P><STRONG><a name="[11e]"></a>ll_hw_tx2rx_timing_config</STRONG> (Thumb, 0 bytes, Stack size 0 bytes, bb_rom_sym_m0.txt(ABSOLUTE))
<BR><BR>[Called By]<UL><LI><a href="#[39]">&gt;&gt;</a>&nbsp;&nbsp;&nbsp;rf_phy_ini (via Veneer)
<LI><a href="#[45]">&gt;&gt;</a>&nbsp;&nbsp;&nbsp;wakeupProcess1 (via Veneer)
</UL>

<P><STRONG><a name="[100]"></a>ll_hw_write_tfifo</STRONG> (Thumb, 0 bytes, Stack size 0 bytes, bb_rom_sym_m0.txt(ABSOLUTE))
<BR><BR>[Called By]<UL><LI><a href="#[49]">&gt;&gt;</a>&nbsp;&nbsp;&nbsp;ll_generateTxBuffer1 (via Veneer)
</UL>

<P><STRONG><a name="[7f]"></a>ll_processBasicIRQ</STRONG> (Thumb, 0 bytes, Stack size 0 bytes, bb_rom_sym_m0.txt(ABSOLUTE))
<BR><BR>[Called By]<UL><LI><a href="#[80]">&gt;&gt;</a>&nbsp;&nbsp;&nbsp;ll_processBasicIRQ_secondaryScanSRX (via Veneer)
<LI><a href="#[81]">&gt;&gt;</a>&nbsp;&nbsp;&nbsp;ll_processBasicIRQ_secondaryInitSRX (via Veneer)
<LI><a href="#[7d]">&gt;&gt;</a>&nbsp;&nbsp;&nbsp;ll_processBasicIRQ_secondaryAdvTRX (via Veneer)
<LI><a href="#[7c]">&gt;&gt;</a>&nbsp;&nbsp;&nbsp;ll_processBasicIRQ_secondaryAdvSTX (via Veneer)
<LI><a href="#[82]">&gt;&gt;</a>&nbsp;&nbsp;&nbsp;ll_processBasicIRQ_secScanTRX (via Veneer)
<LI><a href="#[7e]">&gt;&gt;</a>&nbsp;&nbsp;&nbsp;ll_processBasicIRQ_ScanTRX (via Veneer)
<LI><a href="#[7b]">&gt;&gt;</a>&nbsp;&nbsp;&nbsp;ll_processBasicIRQ_SRX (via Veneer)
<LI><a href="#[3c]">&gt;&gt;</a>&nbsp;&nbsp;&nbsp;LL_IRQHandler1 (via Veneer)
</UL>

<P><STRONG><a name="[76]"></a>ll_processExtAdvIRQ</STRONG> (Thumb, 0 bytes, Stack size 0 bytes, bb_rom_sym_m0.txt(ABSOLUTE))
<BR><BR>[Called By]<UL><LI><a href="#[3c]">&gt;&gt;</a>&nbsp;&nbsp;&nbsp;LL_IRQHandler1 (via Veneer)
</UL>

<P><STRONG><a name="[78]"></a>ll_processExtInitIRQ</STRONG> (Thumb, 0 bytes, Stack size 0 bytes, bb_rom_sym_m0.txt(ABSOLUTE))
<BR><BR>[Called By]<UL><LI><a href="#[3c]">&gt;&gt;</a>&nbsp;&nbsp;&nbsp;LL_IRQHandler1 (via Veneer)
</UL>

<P><STRONG><a name="[77]"></a>ll_processExtScanIRQ</STRONG> (Thumb, 0 bytes, Stack size 0 bytes, bb_rom_sym_m0.txt(ABSOLUTE))
<BR><BR>[Called By]<UL><LI><a href="#[3c]">&gt;&gt;</a>&nbsp;&nbsp;&nbsp;LL_IRQHandler1 (via Veneer)
</UL>

<P><STRONG><a name="[79]"></a>ll_processPrdAdvIRQ</STRONG> (Thumb, 0 bytes, Stack size 0 bytes, bb_rom_sym_m0.txt(ABSOLUTE))
<BR><BR>[Called By]<UL><LI><a href="#[3c]">&gt;&gt;</a>&nbsp;&nbsp;&nbsp;LL_IRQHandler1 (via Veneer)
</UL>

<P><STRONG><a name="[7a]"></a>ll_processPrdScanIRQ</STRONG> (Thumb, 0 bytes, Stack size 0 bytes, bb_rom_sym_m0.txt(ABSOLUTE))
<BR><BR>[Called By]<UL><LI><a href="#[3c]">&gt;&gt;</a>&nbsp;&nbsp;&nbsp;LL_IRQHandler1 (via Veneer)
</UL>

<P><STRONG><a name="[10d]"></a>ll_read_rxfifo0</STRONG> (Thumb, 0 bytes, Stack size 0 bytes, bb_rom_sym_m0.txt(ABSOLUTE))
<BR><BR>[Called By]<UL><LI><a href="#[54]">&gt;&gt;</a>&nbsp;&nbsp;&nbsp;ll_read_rxfifo1 (via Veneer)
</UL>

<P><STRONG><a name="[83]"></a>ll_schedule_next_event</STRONG> (Thumb, 0 bytes, Stack size 0 bytes, bb_rom_sym_m0.txt(ABSOLUTE))
<BR><BR>[Called By]<UL><LI><a href="#[3c]">&gt;&gt;</a>&nbsp;&nbsp;&nbsp;LL_IRQHandler1 (via Veneer)
</UL>

<P><STRONG><a name="[9a]"></a>log_printf</STRONG> (Thumb, 0 bytes, Stack size 0 bytes, bb_rom_sym_m0.txt(ABSOLUTE))
<BR><BR>[Called By]<UL><LI><a href="#[28]">&gt;&gt;</a>&nbsp;&nbsp;&nbsp;_hard_fault (via Veneer)
</UL>

<P><STRONG><a name="[128]"></a>osalTimeUpdate</STRONG> (Thumb, 0 bytes, Stack size 0 bytes, bb_rom_sym_m0.txt(ABSOLUTE))
<BR><BR>[Called By]<UL><LI><a href="#[45]">&gt;&gt;</a>&nbsp;&nbsp;&nbsp;wakeupProcess1 (via Veneer)
</UL>

<P><STRONG><a name="[f0]"></a>osal_clear_event</STRONG> (Thumb, 0 bytes, Stack size 0 bytes, bb_rom_sym_m0.txt(ABSOLUTE))
<BR><BR>[Called By]<UL><LI><a href="#[ea]">&gt;&gt;</a>&nbsp;&nbsp;&nbsp;keyboard_next_scaning (via Veneer)
</UL>

<P><STRONG><a name="[a2]"></a>osal_init_system</STRONG> (Thumb, 0 bytes, Stack size 0 bytes, bb_rom_sym_m0.txt(ABSOLUTE))
<BR><BR>[Called By]<UL><LI><a href="#[a1]">&gt;&gt;</a>&nbsp;&nbsp;&nbsp;app_main (via Veneer)
</UL>

<P><STRONG><a name="[10c]"></a>osal_mem_alloc</STRONG> (Thumb, 0 bytes, Stack size 0 bytes, bb_rom_sym_m0.txt(ABSOLUTE))
<BR><BR>[Called By]<UL><LI><a href="#[36]">&gt;&gt;</a>&nbsp;&nbsp;&nbsp;osalInitTasks (via Veneer)
<LI><a href="#[fd]">&gt;&gt;</a>&nbsp;&nbsp;&nbsp;ll_osal_mem_alloc (via Veneer)
</UL>

<P><STRONG><a name="[a8]"></a>osal_mem_set_heap</STRONG> (Thumb, 0 bytes, Stack size 0 bytes, bb_rom_sym_m0.txt(ABSOLUTE))
<BR><BR>[Called By]<UL><LI><a href="#[a7]">&gt;&gt;</a>&nbsp;&nbsp;&nbsp;ble_mem_init_config (via Veneer)
</UL>

<P><STRONG><a name="[bf]"></a>osal_memcmp</STRONG> (Thumb, 0 bytes, Stack size 0 bytes, bb_rom_sym_m0.txt(ABSOLUTE))
<BR><BR>[Called By]<UL><LI><a href="#[98]">&gt;&gt;</a>&nbsp;&nbsp;&nbsp;finidv (via Veneer)
</UL>

<P><STRONG><a name="[aa]"></a>osal_memcpy</STRONG> (Thumb, 0 bytes, Stack size 0 bytes, bb_rom_sym_m0.txt(ABSOLUTE))
<BR><BR>[Called By]<UL><LI><a href="#[6c]">&gt;&gt;</a>&nbsp;&nbsp;&nbsp;btp_button_init (via Veneer)
</UL>

<P><STRONG><a name="[ee]"></a>osal_memset</STRONG> (Thumb, 0 bytes, Stack size 0 bytes, bb_rom_sym_m0.txt(ABSOLUTE))
<BR><BR>[Called By]<UL><LI><a href="#[36]">&gt;&gt;</a>&nbsp;&nbsp;&nbsp;osalInitTasks (via Veneer)
<LI><a href="#[e8]">&gt;&gt;</a>&nbsp;&nbsp;&nbsp;keyboard_scan_col (via Veneer)
<LI><a href="#[ea]">&gt;&gt;</a>&nbsp;&nbsp;&nbsp;keyboard_next_scaning (via Veneer)
</UL>

<P><STRONG><a name="[a3]"></a>osal_pwrmgr_device</STRONG> (Thumb, 0 bytes, Stack size 0 bytes, bb_rom_sym_m0.txt(ABSOLUTE))
<BR><BR>[Called By]<UL><LI><a href="#[a1]">&gt;&gt;</a>&nbsp;&nbsp;&nbsp;app_main (via Veneer)
</UL>

<P><STRONG><a name="[116]"></a>osal_pwrmgr_powerconserve0</STRONG> (Thumb, 0 bytes, Stack size 0 bytes, bb_rom_sym_m0.txt(ABSOLUTE))
<BR><BR>[Called By]<UL><LI><a href="#[4c]">&gt;&gt;</a>&nbsp;&nbsp;&nbsp;osal_idle_task0 (via Veneer)
</UL>

<P><STRONG><a name="[ac]"></a>osal_set_event</STRONG> (Thumb, 0 bytes, Stack size 0 bytes, bb_rom_sym_m0.txt(ABSOLUTE))
<BR><BR>[Called By]<UL><LI><a href="#[6c]">&gt;&gt;</a>&nbsp;&nbsp;&nbsp;btp_button_init (via Veneer)
</UL>

<P><STRONG><a name="[a4]"></a>osal_start_system</STRONG> (Thumb, 0 bytes, Stack size 0 bytes, bb_rom_sym_m0.txt(ABSOLUTE))
<BR><BR>[Called By]<UL><LI><a href="#[a1]">&gt;&gt;</a>&nbsp;&nbsp;&nbsp;app_main (via Veneer)
<LI><a href="#[45]">&gt;&gt;</a>&nbsp;&nbsp;&nbsp;wakeupProcess1 (via Veneer)
</UL>

<P><STRONG><a name="[68]"></a>osal_start_timerEx</STRONG> (Thumb, 0 bytes, Stack size 0 bytes, bb_rom_sym_m0.txt(ABSOLUTE))
<BR><BR>[Called By]<UL><LI><a href="#[6c]">&gt;&gt;</a>&nbsp;&nbsp;&nbsp;btp_button_init (via Veneer)
<LI><a href="#[6a]">&gt;&gt;</a>&nbsp;&nbsp;&nbsp;poweroff_Key_switch_keybaord_checking (via Veneer)
<LI><a href="#[ea]">&gt;&gt;</a>&nbsp;&nbsp;&nbsp;keyboard_next_scaning (via Veneer)
<LI><a href="#[2f]">&gt;&gt;</a>&nbsp;&nbsp;&nbsp;keyboard_wakeup_handler (via Veneer)
<LI><a href="#[58]">&gt;&gt;</a>&nbsp;&nbsp;&nbsp;hal_KSCAN_IRQHandler (via Veneer)
</UL>

<P><STRONG><a name="[c0]"></a>osal_stop_timerEx</STRONG> (Thumb, 0 bytes, Stack size 0 bytes, bb_rom_sym_m0.txt(ABSOLUTE), UNUSED, KEPT)
<BR><BR>[Called By]<UL><LI><a href="#[58]">&gt;&gt;</a>&nbsp;&nbsp;&nbsp;hal_KSCAN_IRQHandler (via Veneer)
</UL>

<P><STRONG><a name="[b2]"></a>read_LL_remainder_time</STRONG> (Thumb, 0 bytes, Stack size 0 bytes, bb_rom_sym_m0.txt(ABSOLUTE))
<BR><BR>[Called By]<UL><LI><a href="#[43]">&gt;&gt;</a>&nbsp;&nbsp;&nbsp;config_RTC1 (via Veneer)
</UL>

<P><STRONG><a name="[71]"></a>read_current_fine_time</STRONG> (Thumb, 0 bytes, Stack size 0 bytes, bb_rom_sym_m0.txt(ABSOLUTE))
<BR><BR>[Called By]<UL><LI><a href="#[45]">&gt;&gt;</a>&nbsp;&nbsp;&nbsp;wakeupProcess1 (via Veneer)
<LI><a href="#[109]">&gt;&gt;</a>&nbsp;&nbsp;&nbsp;llbuf_alloc_time_statics (via Veneer)
<LI><a href="#[3b]">&gt;&gt;</a>&nbsp;&nbsp;&nbsp;ll_hw_go1 (via Veneer)
<LI><a href="#[3c]">&gt;&gt;</a>&nbsp;&nbsp;&nbsp;LL_IRQHandler1 (via Veneer)
</UL>

<P><STRONG><a name="[9b]"></a>rtc_get_counter</STRONG> (Thumb, 0 bytes, Stack size 0 bytes, bb_rom_sym_m0.txt(ABSOLUTE))
<BR><BR>[Called By]<UL><LI><a href="#[28]">&gt;&gt;</a>&nbsp;&nbsp;&nbsp;_hard_fault (via Veneer)
<LI><a href="#[44]">&gt;&gt;</a>&nbsp;&nbsp;&nbsp;wakeup_init1 (via Veneer)
<LI><a href="#[45]">&gt;&gt;</a>&nbsp;&nbsp;&nbsp;wakeupProcess1 (via Veneer)
<LI><a href="#[ad]">&gt;&gt;</a>&nbsp;&nbsp;&nbsp;check_16MXtal_by_rcTracking (via Veneer)
</UL>

<P><STRONG><a name="[137]"></a>setSleepMode</STRONG> (Thumb, 0 bytes, Stack size 0 bytes, bb_rom_sym_m0.txt(ABSOLUTE))
<BR><BR>[Called By]<UL><LI><a href="#[112]">&gt;&gt;</a>&nbsp;&nbsp;&nbsp;init_config (via Veneer)
</UL>

<P><STRONG><a name="[10a]"></a>set_max_length</STRONG> (Thumb, 0 bytes, Stack size 0 bytes, bb_rom_sym_m0.txt(ABSOLUTE))
<BR><BR>[Called By]<UL><LI><a href="#[44]">&gt;&gt;</a>&nbsp;&nbsp;&nbsp;wakeup_init1 (via Veneer)
<LI><a href="#[3b]">&gt;&gt;</a>&nbsp;&nbsp;&nbsp;ll_hw_go1 (via Veneer)
</UL>

<P><STRONG><a name="[af]"></a>set_sleep_flag</STRONG> (Thumb, 0 bytes, Stack size 0 bytes, bb_rom_sym_m0.txt(ABSOLUTE))
<BR><BR>[Called By]<UL><LI><a href="#[45]">&gt;&gt;</a>&nbsp;&nbsp;&nbsp;wakeupProcess1 (via Veneer)
<LI><a href="#[ad]">&gt;&gt;</a>&nbsp;&nbsp;&nbsp;check_16MXtal_by_rcTracking (via Veneer)
</UL>

<P><STRONG><a name="[129]"></a>set_timer</STRONG> (Thumb, 0 bytes, Stack size 0 bytes, bb_rom_sym_m0.txt(ABSOLUTE))
<BR><BR>[Called By]<UL><LI><a href="#[44]">&gt;&gt;</a>&nbsp;&nbsp;&nbsp;wakeup_init1 (via Veneer)
<LI><a href="#[45]">&gt;&gt;</a>&nbsp;&nbsp;&nbsp;wakeupProcess1 (via Veneer)
</UL>

<P><STRONG><a name="[e4]"></a>spif_config</STRONG> (Thumb, 0 bytes, Stack size 0 bytes, bb_rom_sym_m0.txt(ABSOLUTE))
<BR><BR>[Called By]<UL><LI><a href="#[2c]">&gt;&gt;</a>&nbsp;&nbsp;&nbsp;hw_spif_cache_config (via Veneer)
</UL>

<P><STRONG><a name="[cb]"></a>spif_read_id</STRONG> (Thumb, 0 bytes, Stack size 0 bytes, bb_rom_sym_m0.txt(ABSOLUTE))
<BR><BR>[Called By]<UL><LI><a href="#[ca]">&gt;&gt;</a>&nbsp;&nbsp;&nbsp;hal_get_flash_info (via Veneer)
</UL>

<P><STRONG><a name="[104]"></a>update_tx_read_ptr</STRONG> (Thumb, 0 bytes, Stack size 0 bytes, bb_rom_sym_m0.txt(ABSOLUTE))
<BR><BR>[Called By]<UL><LI><a href="#[49]">&gt;&gt;</a>&nbsp;&nbsp;&nbsp;ll_generateTxBuffer1 (via Veneer)
</UL>

<P><STRONG><a name="[ff]"></a>update_tx_write_ptr</STRONG> (Thumb, 0 bytes, Stack size 0 bytes, bb_rom_sym_m0.txt(ABSOLUTE))
<BR><BR>[Called By]<UL><LI><a href="#[4f]">&gt;&gt;</a>&nbsp;&nbsp;&nbsp;llWriteTxData1 (via Veneer)
</UL>

<P><STRONG><a name="[4b]"></a>LL_Disconnect1</STRONG> (Thumb, 28 bytes, Stack size 16 bytes, patch.o(_func_xip_code_.LL_Disconnect1))
<BR><BR>[Stack]<UL><LI>Max Depth = 16<LI>Call Chain = LL_Disconnect1
</UL>
<BR>[Calls]<UL><LI><a href="#[c9]">&gt;&gt;</a>&nbsp;&nbsp;&nbsp;drv_enable_irq (via Veneer)
<LI><a href="#[5f]">&gt;&gt;</a>&nbsp;&nbsp;&nbsp;drv_disable_irq (via Veneer)
<LI><a href="#[130]">&gt;&gt;</a>&nbsp;&nbsp;&nbsp;LL_Disconnect0 (via Veneer)
</UL>
<BR>[Address Reference Count : 1]<UL><LI> patch.o(_section_xip_code_)
</UL>
<P><STRONG><a name="[a9]"></a>LL_InitConnectContext</STRONG> (Thumb, 250 bytes, Stack size 32 bytes, patch.o(_func_xip_code_.LL_InitConnectContext))
<BR><BR>[Stack]<UL><LI>Max Depth = 80<LI>Call Chain = LL_InitConnectContext &rArr; ll_osal_mem_alloc
</UL>
<BR>[Calls]<UL><LI><a href="#[d5]">&gt;&gt;</a>&nbsp;&nbsp;&nbsp;__aeabi_memclr4 (via Veneer)
<LI><a href="#[fd]">&gt;&gt;</a>&nbsp;&nbsp;&nbsp;ll_osal_mem_alloc (via Veneer)
</UL>
<BR>[Called By]<UL><LI><a href="#[a7]">&gt;&gt;</a>&nbsp;&nbsp;&nbsp;ble_mem_init_config (via Veneer)
</UL>

<P><STRONG><a name="[47]"></a>LL_SetDataLengh1</STRONG> (Thumb, 40 bytes, Stack size 8 bytes, patch.o(_func_xip_code_.LL_SetDataLengh1))
<BR><BR>[Stack]<UL><LI>Max Depth = 8<LI>Call Chain = LL_SetDataLengh1
</UL>
<BR>[Calls]<UL><LI><a href="#[131]">&gt;&gt;</a>&nbsp;&nbsp;&nbsp;LL_SetDataLengh0 (via Veneer)
</UL>
<BR>[Address Reference Count : 1]<UL><LI> patch.o(_section_xip_code_)
</UL>
<P><STRONG><a name="[52]"></a>LL_TxData1</STRONG> (Thumb, 150 bytes, Stack size 40 bytes, patch.o(_func_xip_code_.LL_TxData1))
<BR><BR>[Stack]<UL><LI>Max Depth = 40<LI>Call Chain = LL_TxData1
</UL>
<BR>[Calls]<UL><LI><a href="#[c9]">&gt;&gt;</a>&nbsp;&nbsp;&nbsp;drv_enable_irq (via Veneer)
<LI><a href="#[5f]">&gt;&gt;</a>&nbsp;&nbsp;&nbsp;drv_disable_irq (via Veneer)
<LI><a href="#[133]">&gt;&gt;</a>&nbsp;&nbsp;&nbsp;llProcessTxData (via Veneer)
<LI><a href="#[132]">&gt;&gt;</a>&nbsp;&nbsp;&nbsp;llEnqueueDataQ (via Veneer)
</UL>
<BR>[Address Reference Count : 1]<UL><LI> patch.o(_section_xip_code_)
</UL>
<P><STRONG><a name="[ef]"></a>hal_pwrmgr_get_module_lock_status</STRONG> (Thumb, 58 bytes, Stack size 8 bytes, pwrmgr.o(_section_xip_code_))
<BR><BR>[Stack]<UL><LI>Max Depth = 8<LI>Call Chain = hal_pwrmgr_get_module_lock_status
</UL>
<BR>[Calls]<UL><LI><a href="#[d6]">&gt;&gt;</a>&nbsp;&nbsp;&nbsp;disableSleep (via Veneer)
</UL>
<BR>[Called By]<UL><LI><a href="#[ea]">&gt;&gt;</a>&nbsp;&nbsp;&nbsp;keyboard_next_scaning (via Veneer)
</UL>

<P><STRONG><a name="[134]"></a>LL_CreateConnCancel1</STRONG> (Thumb, 30 bytes, Stack size 16 bytes, patch.o(_section_xip_code_), UNUSED)
<BR><BR>[Calls]<UL><LI><a href="#[c9]">&gt;&gt;</a>&nbsp;&nbsp;&nbsp;drv_enable_irq (via Veneer)
<LI><a href="#[5f]">&gt;&gt;</a>&nbsp;&nbsp;&nbsp;drv_disable_irq (via Veneer)
<LI><a href="#[135]">&gt;&gt;</a>&nbsp;&nbsp;&nbsp;LL_CreateConnCancel0 (via Veneer)
</UL>

<P><STRONG><a name="[14d]"></a>global_config_maxscanrsplen</STRONG> (Thumb, 12 bytes, Stack size 0 bytes, patch.o(_section_xip_code_), UNUSED)

<P><STRONG><a name="[112]"></a>init_config</STRONG> (Thumb, 540 bytes, Stack size 24 bytes, patch.o(_section_xip_code_))
<BR><BR>[Stack]<UL><LI>Max Depth = 52<LI>Call Chain = init_config &rArr; _rom_efuse_version_init &rArr; lib_efuse_load
</UL>
<BR>[Calls]<UL><LI><a href="#[d7]">&gt;&gt;</a>&nbsp;&nbsp;&nbsp;enableSleep (via Veneer)
<LI><a href="#[9c]">&gt;&gt;</a>&nbsp;&nbsp;&nbsp;_rom_efuse_version_init (via Veneer)
<LI><a href="#[136]">&gt;&gt;</a>&nbsp;&nbsp;&nbsp;global_config_hclk_related (via Veneer)
<LI><a href="#[137]">&gt;&gt;</a>&nbsp;&nbsp;&nbsp;setSleepMode (via Veneer)
</UL>
<BR>[Called By]<UL><LI><a href="#[27]">&gt;&gt;</a>&nbsp;&nbsp;&nbsp;main (via Veneer)
</UL>

<P><STRONG><a name="[13c]"></a>bsp_GetKey</STRONG> (Thumb, 46 bytes, Stack size 0 bytes, bsp_button.o(i.bsp_GetKey))
<BR><BR>[Called By]<UL><LI><a href="#[13b]">&gt;&gt;</a>&nbsp;&nbsp;&nbsp;bsp_KeyPro
</UL>

<P><STRONG><a name="[13d]"></a>bsp_InitBtn</STRONG> (Thumb, 306 bytes, Stack size 36 bytes, bsp_button.o(i.bsp_InitBtn))
<BR><BR>[Stack]<UL><LI>Max Depth = 36<LI>Call Chain = bsp_InitBtn
</UL>
<BR>[Called By]<UL><LI><a href="#[e7]">&gt;&gt;</a>&nbsp;&nbsp;&nbsp;bsp_button_param_init
</UL>

<P><STRONG><a name="[13b]"></a>bsp_KeyPro</STRONG> (Thumb, 32 bytes, Stack size 16 bytes, bsp_button.o(i.bsp_KeyPro))
<BR><BR>[Stack]<UL><LI>Max Depth = 56<LI>Call Chain = bsp_KeyPro &rArr; bsp_DetectBtn &rArr; bsp_is_key_press
</UL>
<BR>[Calls]<UL><LI><a href="#[13c]">&gt;&gt;</a>&nbsp;&nbsp;&nbsp;bsp_GetKey
<LI><a href="#[138]">&gt;&gt;</a>&nbsp;&nbsp;&nbsp;bsp_DetectBtn
</UL>
<BR>[Called By]<UL><LI><a href="#[92]">&gt;&gt;</a>&nbsp;&nbsp;&nbsp;poweroff_key_Release_StartPhaseReport
<LI><a href="#[91]">&gt;&gt;</a>&nbsp;&nbsp;&nbsp;keybaord_middle_button_data_handle
</UL>

<P><STRONG><a name="[e7]"></a>bsp_button_param_init</STRONG> (Thumb, 142 bytes, Stack size 16 bytes, bsp_button.o(i.bsp_button_param_init))
<BR><BR>[Stack]<UL><LI>Max Depth = 248<LI>Call Chain = bsp_button_param_init &rArr; dbg_printf &rArr; log_vsprintf &rArr; number
</UL>
<BR>[Calls]<UL><LI><a href="#[a6]">&gt;&gt;</a>&nbsp;&nbsp;&nbsp;dbg_printf (via Veneer)
<LI><a href="#[f2]">&gt;&gt;</a>&nbsp;&nbsp;&nbsp;keyboard_register (via Veneer)
<LI><a href="#[13d]">&gt;&gt;</a>&nbsp;&nbsp;&nbsp;bsp_InitBtn
</UL>
<BR>[Called By]<UL><LI><a href="#[93]">&gt;&gt;</a>&nbsp;&nbsp;&nbsp;keyboard_init (via Veneer)
</UL>

<P><STRONG><a name="[8e]"></a>bsp_set_key_value_by_row_col</STRONG> (Thumb, 212 bytes, Stack size 48 bytes, bsp_button.o(i.bsp_set_key_value_by_row_col))
<BR><BR>[Stack]<UL><LI>Max Depth = 280<LI>Call Chain = bsp_set_key_value_by_row_col &rArr; dbg_printf &rArr; log_vsprintf &rArr; number
</UL>
<BR>[Calls]<UL><LI><a href="#[a6]">&gt;&gt;</a>&nbsp;&nbsp;&nbsp;dbg_printf (via Veneer)
<LI><a href="#[13e]">&gt;&gt;</a>&nbsp;&nbsp;&nbsp;bsp_btn_map
</UL>
<BR>[Called By]<UL><LI><a href="#[3]">&gt;&gt;</a>&nbsp;&nbsp;&nbsp;normal_key_change_event (via Veneer)
<LI><a href="#[0]">&gt;&gt;</a>&nbsp;&nbsp;&nbsp;PowerOff_key_change_event (via Veneer)
<LI><a href="#[92]">&gt;&gt;</a>&nbsp;&nbsp;&nbsp;poweroff_key_Release_StartPhaseReport
</UL>

<P><STRONG><a name="[8f]"></a>get_key_checking_Flag</STRONG> (Thumb, 6 bytes, Stack size 0 bytes, bsp_button.o(i.get_key_checking_Flag))
<BR><BR>[Called By]<UL><LI><a href="#[1]">&gt;&gt;</a>&nbsp;&nbsp;&nbsp;PowerOff_key_polling_event (via Veneer)
<LI><a href="#[117]">&gt;&gt;</a>&nbsp;&nbsp;&nbsp;power_Off_init_phase_key_checking
</UL>

<P><STRONG><a name="[57]"></a>hal_GPIO_IRQHandler</STRONG> (Thumb, 24 bytes, Stack size 16 bytes, gpio.o(i.hal_GPIO_IRQHandler), UNUSED, KEPT)
<BR><BR>[Stack]<UL><LI>Max Depth = 64<LI>Call Chain = hal_GPIO_IRQHandler &rArr; hal_gpioin_event &rArr; hal_gpioin_event_pin
</UL>
<BR>[Calls]<UL><LI><a href="#[13f]">&gt;&gt;</a>&nbsp;&nbsp;&nbsp;hal_gpioin_event
</UL>

<P><STRONG><a name="[140]"></a>hal_gpio_cfg_analog_io</STRONG> (Thumb, 76 bytes, Stack size 12 bytes, gpio.o(i.hal_gpio_cfg_analog_io))
<BR><BR>[Stack]<UL><LI>Max Depth = 32<LI>Call Chain = hal_gpio_cfg_analog_io &rArr; hal_gpio_pull_set
</UL>
<BR>[Calls]<UL><LI><a href="#[65]">&gt;&gt;</a>&nbsp;&nbsp;&nbsp;hal_gpio_pull_set
</UL>
<BR>[Called By]<UL><LI><a href="#[63]">&gt;&gt;</a>&nbsp;&nbsp;&nbsp;hal_gpio_pin_init
</UL>

<P><STRONG><a name="[64]"></a>hal_gpio_fast_write</STRONG> (Thumb, 44 bytes, Stack size 0 bytes, gpio.o(i.hal_gpio_fast_write))
<BR><BR>[Called By]<UL><LI><a href="#[30]">&gt;&gt;</a>&nbsp;&nbsp;&nbsp;keyboard_sleep_handler (via Veneer)
<LI><a href="#[eb]">&gt;&gt;</a>&nbsp;&nbsp;&nbsp;keyboard_matrix_pin_init (via Veneer)
<LI><a href="#[2f]">&gt;&gt;</a>&nbsp;&nbsp;&nbsp;keyboard_wakeup_handler (via Veneer)
</UL>

<P><STRONG><a name="[124]"></a>hal_gpio_fmux</STRONG> (Thumb, 44 bytes, Stack size 0 bytes, gpio.o(i.hal_gpio_fmux))
<BR><BR>[Called By]<UL><LI><a href="#[e1]">&gt;&gt;</a>&nbsp;&nbsp;&nbsp;uart_hw_init (via Veneer)
<LI><a href="#[121]">&gt;&gt;</a>&nbsp;&nbsp;&nbsp;uart_hw_deinit (via Veneer)
<LI><a href="#[63]">&gt;&gt;</a>&nbsp;&nbsp;&nbsp;hal_gpio_pin_init
<LI><a href="#[126]">&gt;&gt;</a>&nbsp;&nbsp;&nbsp;hal_gpio_fmux_set
</UL>

<P><STRONG><a name="[126]"></a>hal_gpio_fmux_set</STRONG> (Thumb, 84 bytes, Stack size 32 bytes, gpio.o(i.hal_gpio_fmux_set))
<BR><BR>[Stack]<UL><LI>Max Depth = 92<LI>Call Chain = hal_gpio_fmux_set &rArr; hal_gpioin_disable &rArr; hal_gpio_pin_init &rArr; hal_gpio_cfg_analog_io &rArr; hal_gpio_pull_set
</UL>
<BR>[Calls]<UL><LI><a href="#[141]">&gt;&gt;</a>&nbsp;&nbsp;&nbsp;hal_gpioin_disable
<LI><a href="#[124]">&gt;&gt;</a>&nbsp;&nbsp;&nbsp;hal_gpio_fmux
</UL>
<BR>[Called By]<UL><LI><a href="#[e1]">&gt;&gt;</a>&nbsp;&nbsp;&nbsp;uart_hw_init (via Veneer)
</UL>

<P><STRONG><a name="[d1]"></a>hal_gpio_init</STRONG> (Thumb, 72 bytes, Stack size 8 bytes, gpio.o(i.hal_gpio_init))
<BR><BR>[Stack]<UL><LI>Max Depth = 28<LI>Call Chain = hal_gpio_init &rArr; hal_pwrmgr_register
</UL>
<BR>[Calls]<UL><LI><a href="#[e0]">&gt;&gt;</a>&nbsp;&nbsp;&nbsp;hal_pwrmgr_register (via Veneer)
<LI><a href="#[d5]">&gt;&gt;</a>&nbsp;&nbsp;&nbsp;__aeabi_memclr4 (via Veneer)
<LI><a href="#[142]">&gt;&gt;</a>&nbsp;&nbsp;&nbsp;__NVIC_SetPriority
<LI><a href="#[143]">&gt;&gt;</a>&nbsp;&nbsp;&nbsp;__NVIC_EnableIRQ
</UL>
<BR>[Called By]<UL><LI><a href="#[cc]">&gt;&gt;</a>&nbsp;&nbsp;&nbsp;hal_init (via Veneer)
</UL>

<P><STRONG><a name="[144]"></a>hal_gpio_pin2pin3_control</STRONG> (Thumb, 42 bytes, Stack size 8 bytes, gpio.o(i.hal_gpio_pin2pin3_control))
<BR><BR>[Stack]<UL><LI>Max Depth = 8<LI>Call Chain = hal_gpio_pin2pin3_control
</UL>
<BR>[Called By]<UL><LI><a href="#[63]">&gt;&gt;</a>&nbsp;&nbsp;&nbsp;hal_gpio_pin_init
<LI><a href="#[55]">&gt;&gt;</a>&nbsp;&nbsp;&nbsp;hal_gpio_wakeup_handler
</UL>

<P><STRONG><a name="[63]"></a>hal_gpio_pin_init</STRONG> (Thumb, 128 bytes, Stack size 12 bytes, gpio.o(i.hal_gpio_pin_init))
<BR><BR>[Stack]<UL><LI>Max Depth = 44<LI>Call Chain = hal_gpio_pin_init &rArr; hal_gpio_cfg_analog_io &rArr; hal_gpio_pull_set
</UL>
<BR>[Calls]<UL><LI><a href="#[144]">&gt;&gt;</a>&nbsp;&nbsp;&nbsp;hal_gpio_pin2pin3_control
<LI><a href="#[124]">&gt;&gt;</a>&nbsp;&nbsp;&nbsp;hal_gpio_fmux
<LI><a href="#[140]">&gt;&gt;</a>&nbsp;&nbsp;&nbsp;hal_gpio_cfg_analog_io
</UL>
<BR>[Called By]<UL><LI><a href="#[146]">&gt;&gt;</a>&nbsp;&nbsp;&nbsp;hal_gpioin_enable
<LI><a href="#[141]">&gt;&gt;</a>&nbsp;&nbsp;&nbsp;hal_gpioin_disable
<LI><a href="#[f4]">&gt;&gt;</a>&nbsp;&nbsp;&nbsp;hal_gpio_write
<LI><a href="#[e6]">&gt;&gt;</a>&nbsp;&nbsp;&nbsp;keybaord_pin_config (via Veneer)
<LI><a href="#[30]">&gt;&gt;</a>&nbsp;&nbsp;&nbsp;keyboard_sleep_handler (via Veneer)
<LI><a href="#[ec]">&gt;&gt;</a>&nbsp;&nbsp;&nbsp;keyboard_to_sleep_gpio_config (via Veneer)
<LI><a href="#[eb]">&gt;&gt;</a>&nbsp;&nbsp;&nbsp;keyboard_matrix_pin_init (via Veneer)
<LI><a href="#[2f]">&gt;&gt;</a>&nbsp;&nbsp;&nbsp;keyboard_wakeup_handler (via Veneer)
<LI><a href="#[f3]">&gt;&gt;</a>&nbsp;&nbsp;&nbsp;keyboard_read_once (via Veneer)
</UL>

<P><STRONG><a name="[65]"></a>hal_gpio_pull_set</STRONG> (Thumb, 112 bytes, Stack size 20 bytes, gpio.o(i.hal_gpio_pull_set))
<BR><BR>[Stack]<UL><LI>Max Depth = 20<LI>Call Chain = hal_gpio_pull_set
</UL>
<BR>[Called By]<UL><LI><a href="#[e1]">&gt;&gt;</a>&nbsp;&nbsp;&nbsp;uart_hw_init (via Veneer)
<LI><a href="#[140]">&gt;&gt;</a>&nbsp;&nbsp;&nbsp;hal_gpio_cfg_analog_io
<LI><a href="#[ce]">&gt;&gt;</a>&nbsp;&nbsp;&nbsp;hal_rtc_clock_config (via Veneer)
<LI><a href="#[cd]">&gt;&gt;</a>&nbsp;&nbsp;&nbsp;hal_low_power_io_init (via Veneer)
<LI><a href="#[e6]">&gt;&gt;</a>&nbsp;&nbsp;&nbsp;keybaord_pin_config (via Veneer)
<LI><a href="#[30]">&gt;&gt;</a>&nbsp;&nbsp;&nbsp;keyboard_sleep_handler (via Veneer)
<LI><a href="#[ec]">&gt;&gt;</a>&nbsp;&nbsp;&nbsp;keyboard_to_sleep_gpio_config (via Veneer)
<LI><a href="#[eb]">&gt;&gt;</a>&nbsp;&nbsp;&nbsp;keyboard_matrix_pin_init (via Veneer)
<LI><a href="#[2f]">&gt;&gt;</a>&nbsp;&nbsp;&nbsp;keyboard_wakeup_handler (via Veneer)
<LI><a href="#[f3]">&gt;&gt;</a>&nbsp;&nbsp;&nbsp;keyboard_read_once (via Veneer)
</UL>

<P><STRONG><a name="[66]"></a>hal_gpio_read</STRONG> (Thumb, 46 bytes, Stack size 0 bytes, gpio.o(i.hal_gpio_read))
<BR><BR>[Called By]<UL><LI><a href="#[146]">&gt;&gt;</a>&nbsp;&nbsp;&nbsp;hal_gpioin_enable
<LI><a href="#[147]">&gt;&gt;</a>&nbsp;&nbsp;&nbsp;hal_gpioin_wakeup_trigger
<LI><a href="#[55]">&gt;&gt;</a>&nbsp;&nbsp;&nbsp;hal_gpio_wakeup_handler
<LI><a href="#[56]">&gt;&gt;</a>&nbsp;&nbsp;&nbsp;hal_gpio_sleep_handler
<LI><a href="#[e8]">&gt;&gt;</a>&nbsp;&nbsp;&nbsp;keyboard_scan_col (via Veneer)
<LI><a href="#[30]">&gt;&gt;</a>&nbsp;&nbsp;&nbsp;keyboard_sleep_handler (via Veneer)
<LI><a href="#[2f]">&gt;&gt;</a>&nbsp;&nbsp;&nbsp;keyboard_wakeup_handler (via Veneer)
<LI><a href="#[f3]">&gt;&gt;</a>&nbsp;&nbsp;&nbsp;keyboard_read_once (via Veneer)
</UL>

<P><STRONG><a name="[67]"></a>hal_gpio_wakeup_set</STRONG> (Thumb, 158 bytes, Stack size 24 bytes, gpio.o(i.hal_gpio_wakeup_set))
<BR><BR>[Stack]<UL><LI>Max Depth = 32<LI>Call Chain = hal_gpio_wakeup_set &rArr; hal_gpio_wakeup_control
</UL>
<BR>[Calls]<UL><LI><a href="#[148]">&gt;&gt;</a>&nbsp;&nbsp;&nbsp;hal_gpio_wakeup_control
</UL>
<BR>[Called By]<UL><LI><a href="#[56]">&gt;&gt;</a>&nbsp;&nbsp;&nbsp;hal_gpio_sleep_handler
<LI><a href="#[30]">&gt;&gt;</a>&nbsp;&nbsp;&nbsp;keyboard_sleep_handler (via Veneer)
</UL>

<P><STRONG><a name="[f4]"></a>hal_gpio_write</STRONG> (Thumb, 58 bytes, Stack size 12 bytes, gpio.o(i.hal_gpio_write))
<BR><BR>[Stack]<UL><LI>Max Depth = 56<LI>Call Chain = hal_gpio_write &rArr; hal_gpio_pin_init &rArr; hal_gpio_cfg_analog_io &rArr; hal_gpio_pull_set
</UL>
<BR>[Calls]<UL><LI><a href="#[63]">&gt;&gt;</a>&nbsp;&nbsp;&nbsp;hal_gpio_pin_init
</UL>
<BR>[Called By]<UL><LI><a href="#[55]">&gt;&gt;</a>&nbsp;&nbsp;&nbsp;hal_gpio_wakeup_handler
<LI><a href="#[e8]">&gt;&gt;</a>&nbsp;&nbsp;&nbsp;keyboard_scan_col (via Veneer)
<LI><a href="#[f3]">&gt;&gt;</a>&nbsp;&nbsp;&nbsp;keyboard_read_once (via Veneer)
</UL>

<P><STRONG><a name="[141]"></a>hal_gpioin_disable</STRONG> (Thumb, 42 bytes, Stack size 16 bytes, gpio.o(i.hal_gpioin_disable))
<BR><BR>[Stack]<UL><LI>Max Depth = 60<LI>Call Chain = hal_gpioin_disable &rArr; hal_gpio_pin_init &rArr; hal_gpio_cfg_analog_io &rArr; hal_gpio_pull_set
</UL>
<BR>[Calls]<UL><LI><a href="#[63]">&gt;&gt;</a>&nbsp;&nbsp;&nbsp;hal_gpio_pin_init
<LI><a href="#[149]">&gt;&gt;</a>&nbsp;&nbsp;&nbsp;hal_gpio_interrupt_disable
</UL>
<BR>[Called By]<UL><LI><a href="#[126]">&gt;&gt;</a>&nbsp;&nbsp;&nbsp;hal_gpio_fmux_set
</UL>

<P><STRONG><a name="[146]"></a>hal_gpioin_enable</STRONG> (Thumb, 158 bytes, Stack size 24 bytes, gpio.o(i.hal_gpioin_enable))
<BR><BR>[Stack]<UL><LI>Max Depth = 68<LI>Call Chain = hal_gpioin_enable &rArr; hal_gpio_pin_init &rArr; hal_gpio_cfg_analog_io &rArr; hal_gpio_pull_set
</UL>
<BR>[Calls]<UL><LI><a href="#[66]">&gt;&gt;</a>&nbsp;&nbsp;&nbsp;hal_gpio_read
<LI><a href="#[63]">&gt;&gt;</a>&nbsp;&nbsp;&nbsp;hal_gpio_pin_init
<LI><a href="#[14a]">&gt;&gt;</a>&nbsp;&nbsp;&nbsp;hal_gpio_interrupt_enable
</UL>
<BR>[Called By]<UL><LI><a href="#[55]">&gt;&gt;</a>&nbsp;&nbsp;&nbsp;hal_gpio_wakeup_handler
</UL>

<P><STRONG><a name="[ab]"></a>key_app_register</STRONG> (Thumb, 14 bytes, Stack size 0 bytes, bsp_button.o(i.key_app_register))
<BR><BR>[Called By]<UL><LI><a href="#[6c]">&gt;&gt;</a>&nbsp;&nbsp;&nbsp;btp_button_init (via Veneer)
</UL>

<P><STRONG><a name="[91]"></a>keybaord_middle_button_data_handle</STRONG> (Thumb, 42 bytes, Stack size 8 bytes, bsp_button.o(i.keybaord_middle_button_data_handle))
<BR><BR>[Stack]<UL><LI>Max Depth = 64<LI>Call Chain = keybaord_middle_button_data_handle &rArr; bsp_KeyPro &rArr; bsp_DetectBtn &rArr; bsp_is_key_press
</UL>
<BR>[Calls]<UL><LI><a href="#[13b]">&gt;&gt;</a>&nbsp;&nbsp;&nbsp;bsp_KeyPro
</UL>
<BR>[Called By]<UL><LI><a href="#[4]">&gt;&gt;</a>&nbsp;&nbsp;&nbsp;normal_key_polling_event (via Veneer)
<LI><a href="#[1]">&gt;&gt;</a>&nbsp;&nbsp;&nbsp;PowerOff_key_polling_event (via Veneer)
</UL>

<P><STRONG><a name="[117]"></a>power_Off_init_phase_key_checking</STRONG> (Thumb, 42 bytes, Stack size 16 bytes, bsp_button.o(i.power_Off_init_phase_key_checking))
<BR><BR>[Stack]<UL><LI>Max Depth = 312<LI>Call Chain = power_Off_init_phase_key_checking &rArr; poweroff_key_Release_StartPhaseReport &rArr; bsp_set_key_value_by_row_col &rArr; dbg_printf &rArr; log_vsprintf &rArr; number
</UL>
<BR>[Calls]<UL><LI><a href="#[14c]">&gt;&gt;</a>&nbsp;&nbsp;&nbsp;pragram_start_checking
<LI><a href="#[92]">&gt;&gt;</a>&nbsp;&nbsp;&nbsp;poweroff_key_Release_StartPhaseReport
<LI><a href="#[8f]">&gt;&gt;</a>&nbsp;&nbsp;&nbsp;get_key_checking_Flag
</UL>
<BR>[Called By]<UL><LI><a href="#[6a]">&gt;&gt;</a>&nbsp;&nbsp;&nbsp;poweroff_Key_switch_keybaord_checking (via Veneer)
</UL>

<P><STRONG><a name="[92]"></a>poweroff_key_Release_StartPhaseReport</STRONG> (Thumb, 116 bytes, Stack size 16 bytes, bsp_button.o(i.poweroff_key_Release_StartPhaseReport))
<BR><BR>[Stack]<UL><LI>Max Depth = 296<LI>Call Chain = poweroff_key_Release_StartPhaseReport &rArr; bsp_set_key_value_by_row_col &rArr; dbg_printf &rArr; log_vsprintf &rArr; number
</UL>
<BR>[Calls]<UL><LI><a href="#[8e]">&gt;&gt;</a>&nbsp;&nbsp;&nbsp;bsp_set_key_value_by_row_col
<LI><a href="#[13b]">&gt;&gt;</a>&nbsp;&nbsp;&nbsp;bsp_KeyPro
</UL>
<BR>[Called By]<UL><LI><a href="#[2]">&gt;&gt;</a>&nbsp;&nbsp;&nbsp;PowerOff_key_restore_event (via Veneer)
<LI><a href="#[117]">&gt;&gt;</a>&nbsp;&nbsp;&nbsp;power_Off_init_phase_key_checking
</UL>

<P><STRONG><a name="[14c]"></a>pragram_start_checking</STRONG> (Thumb, 60 bytes, Stack size 16 bytes, bsp_button.o(i.pragram_start_checking))
<BR><BR>[Stack]<UL><LI>Max Depth = 156<LI>Call Chain = pragram_start_checking &rArr; keyboard_read_once &rArr; keybaord_pin_config &rArr; hal_gpio_pin_init &rArr; hal_gpio_cfg_analog_io &rArr; hal_gpio_pull_set
</UL>
<BR>[Calls]<UL><LI><a href="#[f3]">&gt;&gt;</a>&nbsp;&nbsp;&nbsp;keyboard_read_once (via Veneer)
</UL>
<BR>[Called By]<UL><LI><a href="#[117]">&gt;&gt;</a>&nbsp;&nbsp;&nbsp;power_Off_init_phase_key_checking
</UL>

<P><STRONG><a name="[90]"></a>time_exceed</STRONG> (Thumb, 50 bytes, Stack size 16 bytes, bsp_button.o(i.time_exceed))
<BR><BR>[Stack]<UL><LI>Max Depth = 16<LI>Call Chain = time_exceed
</UL>
<BR>[Calls]<UL><LI><a href="#[a5]">&gt;&gt;</a>&nbsp;&nbsp;&nbsp;hal_systick (via Veneer)
</UL>
<BR>[Called By]<UL><LI><a href="#[1]">&gt;&gt;</a>&nbsp;&nbsp;&nbsp;PowerOff_key_polling_event (via Veneer)
</UL>

<P><STRONG><a name="[2a]"></a>__main</STRONG> (Thumb, 0 bytes, Stack size unknown bytes, entry.o(.ARM.Collect$$$$00000000))
<BR>[Address Reference Count : 1]<UL><LI> startup_armcm0.o(.text)
</UL>
<P><STRONG><a name="[14e]"></a>_main_stk</STRONG> (Thumb, 0 bytes, Stack size unknown bytes, entry2.o(.ARM.Collect$$$$00000001))

<P><STRONG><a name="[59]"></a>_main_scatterload</STRONG> (Thumb, 0 bytes, Stack size unknown bytes, entry5.o(.ARM.Collect$$$$00000004))
<BR><BR>[Calls]<UL><LI><a href="#[5a]">&gt;&gt;</a>&nbsp;&nbsp;&nbsp;__scatterload
</UL>

<P><STRONG><a name="[5b]"></a>__main_after_scatterload</STRONG> (Thumb, 0 bytes, Stack size unknown bytes, entry5.o(.ARM.Collect$$$$00000004))
<BR><BR>[Called By]<UL><LI><a href="#[5a]">&gt;&gt;</a>&nbsp;&nbsp;&nbsp;__scatterload
</UL>

<P><STRONG><a name="[14f]"></a>_main_clock</STRONG> (Thumb, 0 bytes, Stack size unknown bytes, entry7b.o(.ARM.Collect$$$$00000008))

<P><STRONG><a name="[150]"></a>_main_cpp_init</STRONG> (Thumb, 0 bytes, Stack size unknown bytes, entry8b.o(.ARM.Collect$$$$0000000A))

<P><STRONG><a name="[151]"></a>_main_init</STRONG> (Thumb, 0 bytes, Stack size unknown bytes, entry9a.o(.ARM.Collect$$$$0000000B))

<P><STRONG><a name="[152]"></a>__rt_final_cpp</STRONG> (Thumb, 0 bytes, Stack size unknown bytes, entry10a.o(.ARM.Collect$$$$0000000D))

<P><STRONG><a name="[153]"></a>__rt_final_exit</STRONG> (Thumb, 0 bytes, Stack size unknown bytes, entry11a.o(.ARM.Collect$$$$0000000F))

<P><STRONG><a name="[3a]"></a>hard_fault</STRONG> (Thumb, 44 bytes, Stack size 0 bytes, jump_table.o(.emb_text))
<BR>[Address Reference Count : 1]<UL><LI> jump_table.o(jump_table_mem_area)
</UL>
<P><STRONG><a name="[a]"></a>Reset_Handler</STRONG> (Thumb, 8 bytes, Stack size 0 bytes, startup_armcm0.o(.text))
<BR>[Address Reference Count : 1]<UL><LI> startup_armcm0.o(RESET)
</UL>
<P><STRONG><a name="[d]"></a>SVC_Handler</STRONG> (Thumb, 2 bytes, Stack size 0 bytes, startup_armcm0.o(.text))
<BR><BR>[Calls]<UL><LI><a href="#[d]">&gt;&gt;</a>&nbsp;&nbsp;&nbsp;SVC_Handler
</UL>
<BR>[Called By]<UL><LI><a href="#[d]">&gt;&gt;</a>&nbsp;&nbsp;&nbsp;SVC_Handler
</UL>
<BR>[Address Reference Count : 1]<UL><LI> startup_armcm0.o(RESET)
</UL>
<P><STRONG><a name="[f]"></a>SysTick_Handler</STRONG> (Thumb, 2 bytes, Stack size 0 bytes, startup_armcm0.o(.text))
<BR><BR>[Calls]<UL><LI><a href="#[f]">&gt;&gt;</a>&nbsp;&nbsp;&nbsp;SysTick_Handler
</UL>
<BR>[Called By]<UL><LI><a href="#[f]">&gt;&gt;</a>&nbsp;&nbsp;&nbsp;SysTick_Handler
</UL>
<BR>[Address Reference Count : 1]<UL><LI> startup_armcm0.o(RESET)
</UL>
<P><STRONG><a name="[1a]"></a>AACI_IRQHandler</STRONG> (Thumb, 0 bytes, Stack size 0 bytes, startup_armcm0.o(.text))
<BR><BR>[Calls]<UL><LI><a href="#[1a]">&gt;&gt;</a>&nbsp;&nbsp;&nbsp;AACI_IRQHandler
</UL>
<BR>[Called By]<UL><LI><a href="#[1a]">&gt;&gt;</a>&nbsp;&nbsp;&nbsp;AACI_IRQHandler
</UL>
<BR>[Address Reference Count : 1]<UL><LI> startup_armcm0.o(RESET)
</UL>
<P><STRONG><a name="[21]"></a>CAN_IRQHandler</STRONG> (Thumb, 0 bytes, Stack size 0 bytes, startup_armcm0.o(.text))
<BR>[Address Reference Count : 1]<UL><LI> startup_armcm0.o(RESET)
</UL>
<P><STRONG><a name="[1f]"></a>CHLCD_IRQHandler</STRONG> (Thumb, 0 bytes, Stack size 0 bytes, startup_armcm0.o(.text))
<BR>[Address Reference Count : 1]<UL><LI> startup_armcm0.o(RESET)
</UL>
<P><STRONG><a name="[1b]"></a>CLCD_IRQHandler</STRONG> (Thumb, 0 bytes, Stack size 0 bytes, startup_armcm0.o(.text))
<BR>[Address Reference Count : 1]<UL><LI> startup_armcm0.o(RESET)
</UL>
<P><STRONG><a name="[24]"></a>CPU_CLCD_IRQHandler</STRONG> (Thumb, 0 bytes, Stack size 0 bytes, startup_armcm0.o(.text))
<BR>[Address Reference Count : 1]<UL><LI> startup_armcm0.o(RESET)
</UL>
<P><STRONG><a name="[1c]"></a>ENET_IRQHandler</STRONG> (Thumb, 0 bytes, Stack size 0 bytes, startup_armcm0.o(.text))
<BR>[Address Reference Count : 1]<UL><LI> startup_armcm0.o(RESET)
</UL>
<P><STRONG><a name="[20]"></a>FLEXRAY_IRQHandler</STRONG> (Thumb, 0 bytes, Stack size 0 bytes, startup_armcm0.o(.text))
<BR>[Address Reference Count : 1]<UL><LI> startup_armcm0.o(RESET)
</UL>
<P><STRONG><a name="[23]"></a>I2C_IRQHandler</STRONG> (Thumb, 0 bytes, Stack size 0 bytes, startup_armcm0.o(.text))
<BR>[Address Reference Count : 1]<UL><LI> startup_armcm0.o(RESET)
</UL>
<P><STRONG><a name="[22]"></a>LIN_IRQHandler</STRONG> (Thumb, 0 bytes, Stack size 0 bytes, startup_armcm0.o(.text))
<BR>[Address Reference Count : 1]<UL><LI> startup_armcm0.o(RESET)
</UL>
<P><STRONG><a name="[14]"></a>MCIA_IRQHandler</STRONG> (Thumb, 0 bytes, Stack size 0 bytes, startup_armcm0.o(.text))
<BR>[Address Reference Count : 1]<UL><LI> startup_armcm0.o(RESET)
</UL>
<P><STRONG><a name="[15]"></a>MCIB_IRQHandler</STRONG> (Thumb, 0 bytes, Stack size 0 bytes, startup_armcm0.o(.text))
<BR>[Address Reference Count : 1]<UL><LI> startup_armcm0.o(RESET)
</UL>
<P><STRONG><a name="[11]"></a>RTC_IRQHandler</STRONG> (Thumb, 0 bytes, Stack size 0 bytes, startup_armcm0.o(.text))
<BR>[Address Reference Count : 1]<UL><LI> startup_armcm0.o(RESET)
</UL>
<P><STRONG><a name="[26]"></a>SPI_IRQHandler</STRONG> (Thumb, 0 bytes, Stack size 0 bytes, startup_armcm0.o(.text))
<BR>[Address Reference Count : 1]<UL><LI> startup_armcm0.o(RESET)
</UL>
<P><STRONG><a name="[12]"></a>TIM0_IRQHandler</STRONG> (Thumb, 0 bytes, Stack size 0 bytes, startup_armcm0.o(.text))
<BR>[Address Reference Count : 1]<UL><LI> startup_armcm0.o(RESET)
</UL>
<P><STRONG><a name="[13]"></a>TIM2_IRQHandler</STRONG> (Thumb, 0 bytes, Stack size 0 bytes, startup_armcm0.o(.text))
<BR>[Address Reference Count : 1]<UL><LI> startup_armcm0.o(RESET)
</UL>
<P><STRONG><a name="[16]"></a>UART0_IRQHandler</STRONG> (Thumb, 0 bytes, Stack size 0 bytes, startup_armcm0.o(.text))
<BR>[Address Reference Count : 1]<UL><LI> startup_armcm0.o(RESET)
</UL>
<P><STRONG><a name="[17]"></a>UART1_IRQHandler</STRONG> (Thumb, 0 bytes, Stack size 0 bytes, startup_armcm0.o(.text))
<BR>[Address Reference Count : 1]<UL><LI> startup_armcm0.o(RESET)
</UL>
<P><STRONG><a name="[18]"></a>UART2_IRQHandler</STRONG> (Thumb, 0 bytes, Stack size 0 bytes, startup_armcm0.o(.text))
<BR>[Address Reference Count : 1]<UL><LI> startup_armcm0.o(RESET)
</UL>
<P><STRONG><a name="[25]"></a>UART3_IRQHandler</STRONG> (Thumb, 0 bytes, Stack size 0 bytes, startup_armcm0.o(.text))
<BR>[Address Reference Count : 1]<UL><LI> startup_armcm0.o(RESET)
</UL>
<P><STRONG><a name="[19]"></a>UART4_IRQHandler</STRONG> (Thumb, 0 bytes, Stack size 0 bytes, startup_armcm0.o(.text))
<BR>[Address Reference Count : 1]<UL><LI> startup_armcm0.o(RESET)
</UL>
<P><STRONG><a name="[1d]"></a>USBDC_IRQHandler</STRONG> (Thumb, 0 bytes, Stack size 0 bytes, startup_armcm0.o(.text))
<BR>[Address Reference Count : 1]<UL><LI> startup_armcm0.o(RESET)
</UL>
<P><STRONG><a name="[1e]"></a>USBHC_IRQHandler</STRONG> (Thumb, 0 bytes, Stack size 0 bytes, startup_armcm0.o(.text))
<BR>[Address Reference Count : 1]<UL><LI> startup_armcm0.o(RESET)
</UL>
<P><STRONG><a name="[10]"></a>WDT_IRQHandler</STRONG> (Thumb, 0 bytes, Stack size 0 bytes, startup_armcm0.o(.text))
<BR>[Address Reference Count : 1]<UL><LI> startup_armcm0.o(RESET)
</UL>
<P><STRONG><a name="[5a]"></a>__scatterload</STRONG> (Thumb, 28 bytes, Stack size 0 bytes, init.o(.text))
<BR><BR>[Calls]<UL><LI><a href="#[5b]">&gt;&gt;</a>&nbsp;&nbsp;&nbsp;__main_after_scatterload
</UL>
<BR>[Called By]<UL><LI><a href="#[59]">&gt;&gt;</a>&nbsp;&nbsp;&nbsp;_main_scatterload
</UL>

<P><STRONG><a name="[154]"></a>__scatterload_rt2</STRONG> (Thumb, 0 bytes, Stack size 0 bytes, init.o(.text), UNUSED)

<P><STRONG><a name="[155]"></a>__decompress</STRONG> (Thumb, 0 bytes, Stack size unknown bytes, __dczerorl2.o(.text), UNUSED)

<P><STRONG><a name="[156]"></a>__decompress1</STRONG> (Thumb, 86 bytes, Stack size unknown bytes, __dczerorl2.o(.text), UNUSED)

<P><STRONG><a name="[5e]"></a>hal_pwrmgr_enter_sleep_rtc_reset</STRONG> (Thumb, 54 bytes, Stack size 0 bytes, pwrmgr.o(_section_sram_code_))
<BR><BR>[Calls]<UL><LI><a href="#[5f]">&gt;&gt;</a>&nbsp;&nbsp;&nbsp;drv_disable_irq (via Veneer)
<LI><a href="#[62]">&gt;&gt;</a>&nbsp;&nbsp;&nbsp;enter_sleep_off_mode (via Veneer)
<LI><a href="#[60]">&gt;&gt;</a>&nbsp;&nbsp;&nbsp;config_RTC (via Veneer)
<LI><a href="#[61]">&gt;&gt;</a>&nbsp;&nbsp;&nbsp;hal_pwrmgr_RAM_retention_clr
</UL>
<BR>[Called By]<UL><LI><a href="#[ad]">&gt;&gt;</a>&nbsp;&nbsp;&nbsp;check_16MXtal_by_rcTracking
</UL>

<P><STRONG><a name="[30]"></a>keyboard_sleep_handler</STRONG> (Thumb, 126 bytes, Stack size 24 bytes, keyboard.o(_section_sram_code_))
<BR><BR>[Stack]<UL><LI>Max Depth = 68<LI>Call Chain = keyboard_sleep_handler &rArr; hal_gpio_pin_init &rArr; hal_gpio_cfg_analog_io &rArr; hal_gpio_pull_set
</UL>
<BR>[Calls]<UL><LI><a href="#[67]">&gt;&gt;</a>&nbsp;&nbsp;&nbsp;hal_gpio_wakeup_set (via Veneer)
<LI><a href="#[66]">&gt;&gt;</a>&nbsp;&nbsp;&nbsp;hal_gpio_read (via Veneer)
<LI><a href="#[63]">&gt;&gt;</a>&nbsp;&nbsp;&nbsp;hal_gpio_pin_init (via Veneer)
<LI><a href="#[64]">&gt;&gt;</a>&nbsp;&nbsp;&nbsp;hal_gpio_fast_write (via Veneer)
<LI><a href="#[65]">&gt;&gt;</a>&nbsp;&nbsp;&nbsp;hal_gpio_pull_set (via Veneer)
</UL>
<BR>[Address Reference Count : 1]<UL><LI> keyboard.o(i.keyboard_register)
</UL>
<P><STRONG><a name="[115]"></a>Bsp_Btn_Init</STRONG> (Thumb, 6 bytes, Stack size 0 bytes, bsp_button_task.o(i.Bsp_Btn_Init))
<BR><BR>[Called By]<UL><LI><a href="#[36]">&gt;&gt;</a>&nbsp;&nbsp;&nbsp;osalInitTasks
</UL>

<P><STRONG><a name="[34]"></a>Bsp_Btn_ProcessEvent</STRONG> (Thumb, 62 bytes, Stack size 16 bytes, bsp_button_task.o(i.Bsp_Btn_ProcessEvent))
<BR><BR>[Stack]<UL><LI>Max Depth = 336<LI>Call Chain = Bsp_Btn_ProcessEvent &rArr; poweroff_Key_switch_keybaord_checking &rArr; power_Off_init_phase_key_checking &rArr; poweroff_key_Release_StartPhaseReport &rArr; bsp_set_key_value_by_row_col &rArr; dbg_printf &rArr; log_vsprintf &rArr; number
</UL>
<BR>[Calls]<UL><LI><a href="#[6a]">&gt;&gt;</a>&nbsp;&nbsp;&nbsp;poweroff_Key_switch_keybaord_checking
<LI><a href="#[69]">&gt;&gt;</a>&nbsp;&nbsp;&nbsp;keyboard_io_read
</UL>
<BR>[Address Reference Count : 1]<UL><LI> osal_bsp_btn.o(_section_sram_code_)
</UL>
<P><STRONG><a name="[6b]"></a>Demo_Init</STRONG> (Thumb, 16 bytes, Stack size 8 bytes, bsp_btn_demo.o(i.Demo_Init))
<BR><BR>[Stack]<UL><LI>Max Depth = 272<LI>Call Chain = Demo_Init &rArr; btp_button_init &rArr; keyboard_init &rArr; bsp_button_param_init &rArr; dbg_printf &rArr; log_vsprintf &rArr; number
</UL>
<BR>[Calls]<UL><LI><a href="#[6c]">&gt;&gt;</a>&nbsp;&nbsp;&nbsp;btp_button_init
</UL>
<BR>[Called By]<UL><LI><a href="#[36]">&gt;&gt;</a>&nbsp;&nbsp;&nbsp;osalInitTasks
</UL>

<P><STRONG><a name="[35]"></a>Demo_ProcessEvent</STRONG> (Thumb, 18 bytes, Stack size 0 bytes, bsp_btn_demo.o(i.Demo_ProcessEvent))
<BR>[Address Reference Count : 1]<UL><LI> osal_bsp_btn.o(_section_sram_code_)
</UL>
<P><STRONG><a name="[3f]"></a>LL_ENC_AES128_Encrypt1</STRONG> (Thumb, 26 bytes, Stack size 16 bytes, patch.o(i.LL_ENC_AES128_Encrypt1))
<BR><BR>[Stack]<UL><LI>Max Depth = 16<LI>Call Chain = LL_ENC_AES128_Encrypt1
</UL>
<BR>[Calls]<UL><LI><a href="#[6d]">&gt;&gt;</a>&nbsp;&nbsp;&nbsp;LL_ENC_AES128_Encrypt0 (via Veneer)
</UL>
<BR>[Address Reference Count : 1]<UL><LI> patch.o(_section_xip_code_)
</UL>
<P><STRONG><a name="[41]"></a>LL_ENC_Decrypt1</STRONG> (Thumb, 364 bytes, Stack size 40 bytes, patch.o(i.LL_ENC_Decrypt1))
<BR><BR>[Stack]<UL><LI>Max Depth = 40<LI>Call Chain = LL_ENC_Decrypt1
</UL>
<BR>[Calls]<UL><LI><a href="#[6e]">&gt;&gt;</a>&nbsp;&nbsp;&nbsp;LL_ENC_LoadKey (via Veneer)
<LI><a href="#[6f]">&gt;&gt;</a>&nbsp;&nbsp;&nbsp;LL_ENC_GenerateNonce (via Veneer)
<LI><a href="#[70]">&gt;&gt;</a>&nbsp;&nbsp;&nbsp;__aeabi_uread4 (via Veneer)
</UL>
<BR>[Address Reference Count : 1]<UL><LI> patch.o(_section_xip_code_)
</UL>
<P><STRONG><a name="[40]"></a>LL_ENC_Encrypt1</STRONG> (Thumb, 342 bytes, Stack size 40 bytes, patch.o(i.LL_ENC_Encrypt1))
<BR><BR>[Stack]<UL><LI>Max Depth = 40<LI>Call Chain = LL_ENC_Encrypt1
</UL>
<BR>[Calls]<UL><LI><a href="#[6e]">&gt;&gt;</a>&nbsp;&nbsp;&nbsp;LL_ENC_LoadKey (via Veneer)
<LI><a href="#[6f]">&gt;&gt;</a>&nbsp;&nbsp;&nbsp;LL_ENC_GenerateNonce (via Veneer)
<LI><a href="#[70]">&gt;&gt;</a>&nbsp;&nbsp;&nbsp;__aeabi_uread4 (via Veneer)
</UL>
<BR>[Address Reference Count : 1]<UL><LI> patch.o(_section_xip_code_)
</UL>
<P><STRONG><a name="[3c]"></a>LL_IRQHandler1</STRONG> (Thumb, 406 bytes, Stack size 24 bytes, patch.o(i.LL_IRQHandler1))
<BR><BR>[Stack]<UL><LI>Max Depth = 32<LI>Call Chain = LL_IRQHandler1 &rArr; ll_processBasicIRQ_secondaryScanSRX
</UL>
<BR>[Calls]<UL><LI><a href="#[80]">&gt;&gt;</a>&nbsp;&nbsp;&nbsp;ll_processBasicIRQ_secondaryScanSRX
<LI><a href="#[81]">&gt;&gt;</a>&nbsp;&nbsp;&nbsp;ll_processBasicIRQ_secondaryInitSRX
<LI><a href="#[7d]">&gt;&gt;</a>&nbsp;&nbsp;&nbsp;ll_processBasicIRQ_secondaryAdvTRX
<LI><a href="#[7c]">&gt;&gt;</a>&nbsp;&nbsp;&nbsp;ll_processBasicIRQ_secondaryAdvSTX
<LI><a href="#[82]">&gt;&gt;</a>&nbsp;&nbsp;&nbsp;ll_processBasicIRQ_secScanTRX
<LI><a href="#[7e]">&gt;&gt;</a>&nbsp;&nbsp;&nbsp;ll_processBasicIRQ_ScanTRX
<LI><a href="#[7b]">&gt;&gt;</a>&nbsp;&nbsp;&nbsp;ll_processBasicIRQ_SRX
<LI><a href="#[71]">&gt;&gt;</a>&nbsp;&nbsp;&nbsp;read_current_fine_time (via Veneer)
<LI><a href="#[83]">&gt;&gt;</a>&nbsp;&nbsp;&nbsp;ll_schedule_next_event (via Veneer)
<LI><a href="#[7a]">&gt;&gt;</a>&nbsp;&nbsp;&nbsp;ll_processPrdScanIRQ (via Veneer)
<LI><a href="#[79]">&gt;&gt;</a>&nbsp;&nbsp;&nbsp;ll_processPrdAdvIRQ (via Veneer)
<LI><a href="#[77]">&gt;&gt;</a>&nbsp;&nbsp;&nbsp;ll_processExtScanIRQ (via Veneer)
<LI><a href="#[78]">&gt;&gt;</a>&nbsp;&nbsp;&nbsp;ll_processExtInitIRQ (via Veneer)
<LI><a href="#[76]">&gt;&gt;</a>&nbsp;&nbsp;&nbsp;ll_processExtAdvIRQ (via Veneer)
<LI><a href="#[7f]">&gt;&gt;</a>&nbsp;&nbsp;&nbsp;ll_processBasicIRQ (via Veneer)
<LI><a href="#[86]">&gt;&gt;</a>&nbsp;&nbsp;&nbsp;ll_hw_set_rx_timeout (via Veneer)
<LI><a href="#[74]">&gt;&gt;</a>&nbsp;&nbsp;&nbsp;ll_hw_get_tr_mode (via Veneer)
<LI><a href="#[73]">&gt;&gt;</a>&nbsp;&nbsp;&nbsp;ll_hw_get_irq_status (via Veneer)
<LI><a href="#[75]">&gt;&gt;</a>&nbsp;&nbsp;&nbsp;ll_hw_clr_irq (via Veneer)
<LI><a href="#[72]">&gt;&gt;</a>&nbsp;&nbsp;&nbsp;ll_debug_output (via Veneer)
<LI><a href="#[87]">&gt;&gt;</a>&nbsp;&nbsp;&nbsp;llSetupSecScan (via Veneer)
<LI><a href="#[88]">&gt;&gt;</a>&nbsp;&nbsp;&nbsp;llSetupSecInit (via Veneer)
<LI><a href="#[85]">&gt;&gt;</a>&nbsp;&nbsp;&nbsp;llSetupSecAdvEvt (via Veneer)
<LI><a href="#[84]">&gt;&gt;</a>&nbsp;&nbsp;&nbsp;llSecAdvAllow (via Veneer)
</UL>
<BR>[Address Reference Count : 1]<UL><LI> patch.o(_section_xip_code_)
</UL>
<P><STRONG><a name="[53]"></a>LL_ProcessEvent1</STRONG> (Thumb, 72 bytes, Stack size 24 bytes, patch.o(i.LL_ProcessEvent1))
<BR><BR>[Stack]<UL><LI>Max Depth = 24<LI>Call Chain = LL_ProcessEvent1
</UL>
<BR>[Calls]<UL><LI><a href="#[8a]">&gt;&gt;</a>&nbsp;&nbsp;&nbsp;LL_ProcessEvent0 (via Veneer)
<LI><a href="#[89]">&gt;&gt;</a>&nbsp;&nbsp;&nbsp;LL_DisconnectCback (via Veneer)
</UL>
<BR>[Address Reference Count : 1]<UL><LI> patch.o(_section_xip_code_)
</UL>
<P><STRONG><a name="[50]"></a>LL_Reset1</STRONG> (Thumb, 24 bytes, Stack size 8 bytes, patch.o(i.LL_Reset1))
<BR><BR>[Stack]<UL><LI>Max Depth = 28<LI>Call Chain = LL_Reset1 &rArr; patch_linkBuf_init
</UL>
<BR>[Calls]<UL><LI><a href="#[8b]">&gt;&gt;</a>&nbsp;&nbsp;&nbsp;patch_linkBuf_init
<LI><a href="#[8c]">&gt;&gt;</a>&nbsp;&nbsp;&nbsp;LL_Reset0 (via Veneer)
</UL>
<BR>[Address Reference Count : 1]<UL><LI> patch.o(_section_xip_code_)
</UL>
<P><STRONG><a name="[4a]"></a>LL_set_default_conn_params1</STRONG> (Thumb, 72 bytes, Stack size 16 bytes, patch.o(i.LL_set_default_conn_params1))
<BR><BR>[Stack]<UL><LI>Max Depth = 16<LI>Call Chain = LL_set_default_conn_params1
</UL>
<BR>[Calls]<UL><LI><a href="#[8d]">&gt;&gt;</a>&nbsp;&nbsp;&nbsp;LL_set_default_conn_params0 (via Veneer)
</UL>
<BR>[Address Reference Count : 1]<UL><LI> patch.o(_section_xip_code_)
</UL>
<P><STRONG><a name="[29]"></a>SystemInit</STRONG> (Thumb, 8 bytes, Stack size 0 bytes, system_armcm0.o(i.SystemInit))
<BR>[Address Reference Count : 1]<UL><LI> startup_armcm0.o(.text)
</UL>
<P><STRONG><a name="[157]"></a>__scatterload_copy</STRONG> (Thumb, 14 bytes, Stack size unknown bytes, handlers.o(i.__scatterload_copy), UNUSED)

<P><STRONG><a name="[158]"></a>__scatterload_null</STRONG> (Thumb, 2 bytes, Stack size unknown bytes, handlers.o(i.__scatterload_null), UNUSED)

<P><STRONG><a name="[159]"></a>__scatterload_zeroinit</STRONG> (Thumb, 14 bytes, Stack size unknown bytes, handlers.o(i.__scatterload_zeroinit), UNUSED)

<P><STRONG><a name="[12b]"></a>__wdt_init</STRONG> (Thumb, 12 bytes, Stack size 0 bytes, patch.o(i.__wdt_init))
<BR><BR>[Called By]<UL><LI><a href="#[44]">&gt;&gt;</a>&nbsp;&nbsp;&nbsp;wakeup_init1
</UL>

<P><STRONG><a name="[96]"></a>_efuse_chip_version_check</STRONG> (Thumb, 26 bytes, Stack size 16 bytes, phy_sec_ext.o(i._efuse_chip_version_check))
<BR><BR>[Stack]<UL><LI>Max Depth = 72<LI>Call Chain = _efuse_chip_version_check &rArr; finidv
</UL>
<BR>[Calls]<UL><LI><a href="#[98]">&gt;&gt;</a>&nbsp;&nbsp;&nbsp;finidv
<LI><a href="#[97]">&gt;&gt;</a>&nbsp;&nbsp;&nbsp;efuse_read (via Veneer)
</UL>
<BR>[Called By]<UL><LI><a href="#[9e]">&gt;&gt;</a>&nbsp;&nbsp;&nbsp;_rom_sec_boot_init
</UL>

<P><STRONG><a name="[28]"></a>_hard_fault</STRONG> (Thumb, 258 bytes, Stack size 32 bytes, jump_table.o(i._hard_fault))
<BR><BR>[Stack]<UL><LI>Max Depth = 32<LI>Call Chain = _hard_fault
</UL>
<BR>[Calls]<UL><LI><a href="#[9b]">&gt;&gt;</a>&nbsp;&nbsp;&nbsp;rtc_get_counter (via Veneer)
<LI><a href="#[99]">&gt;&gt;</a>&nbsp;&nbsp;&nbsp;rom_uart_init (via Veneer)
<LI><a href="#[9a]">&gt;&gt;</a>&nbsp;&nbsp;&nbsp;log_printf (via Veneer)
</UL>
<BR>[Address Reference Count : 1]<UL><LI> jump_table.o(.emb_text)
</UL>
<P><STRONG><a name="[9c]"></a>_rom_efuse_version_init</STRONG> (Thumb, 32 bytes, Stack size 16 bytes, phy_sec_ext.o(i._rom_efuse_version_init))
<BR><BR>[Stack]<UL><LI>Max Depth = 28<LI>Call Chain = _rom_efuse_version_init &rArr; lib_efuse_load
</UL>
<BR>[Calls]<UL><LI><a href="#[9d]">&gt;&gt;</a>&nbsp;&nbsp;&nbsp;lib_efuse_load
<LI><a href="#[97]">&gt;&gt;</a>&nbsp;&nbsp;&nbsp;efuse_read (via Veneer)
</UL>
<BR>[Called By]<UL><LI><a href="#[112]">&gt;&gt;</a>&nbsp;&nbsp;&nbsp;init_config (via Veneer)
</UL>

<P><STRONG><a name="[9e]"></a>_rom_sec_boot_init</STRONG> (Thumb, 22 bytes, Stack size 8 bytes, phy_sec_ext.o(i._rom_sec_boot_init))
<BR><BR>[Stack]<UL><LI>Max Depth = 80<LI>Call Chain = _rom_sec_boot_init &rArr; _efuse_chip_version_check &rArr; finidv
</UL>
<BR>[Calls]<UL><LI><a href="#[96]">&gt;&gt;</a>&nbsp;&nbsp;&nbsp;_efuse_chip_version_check
<LI><a href="#[9f]">&gt;&gt;</a>&nbsp;&nbsp;&nbsp;efuse_init
</UL>
<BR>[Called By]<UL><LI><a href="#[de]">&gt;&gt;</a>&nbsp;&nbsp;&nbsp;hal_rom_boot_init
</UL>

<P><STRONG><a name="[2b]"></a>_uart_putc</STRONG> (Thumb, 18 bytes, Stack size 16 bytes, my_printf.o(i._uart_putc))
<BR><BR>[Stack]<UL><LI>Max Depth = 88<LI>Call Chain = _uart_putc &rArr; hal_uart_send_buff &rArr; txmit_buf_use_tx_buf &rArr; hal_pwrmgr_lock
</UL>
<BR>[Calls]<UL><LI><a href="#[a0]">&gt;&gt;</a>&nbsp;&nbsp;&nbsp;hal_uart_send_buff
</UL>
<BR>[Address Reference Count : 1]<UL><LI> my_printf.o(i.dbg_printf)
</UL>
<P><STRONG><a name="[a1]"></a>app_main</STRONG> (Thumb, 20 bytes, Stack size 8 bytes, bsp_btn_main.o(i.app_main))
<BR><BR>[Stack]<UL><LI>Max Depth = 8<LI>Call Chain = app_main
</UL>
<BR>[Calls]<UL><LI><a href="#[a4]">&gt;&gt;</a>&nbsp;&nbsp;&nbsp;osal_start_system (via Veneer)
<LI><a href="#[a3]">&gt;&gt;</a>&nbsp;&nbsp;&nbsp;osal_pwrmgr_device (via Veneer)
<LI><a href="#[a2]">&gt;&gt;</a>&nbsp;&nbsp;&nbsp;osal_init_system (via Veneer)
</UL>
<BR>[Called By]<UL><LI><a href="#[27]">&gt;&gt;</a>&nbsp;&nbsp;&nbsp;main
</UL>

<P><STRONG><a name="[6c]"></a>btp_button_init</STRONG> (Thumb, 60 bytes, Stack size 8 bytes, bsp_button_task.o(i.btp_button_init))
<BR><BR>[Stack]<UL><LI>Max Depth = 264<LI>Call Chain = btp_button_init &rArr; keyboard_init &rArr; bsp_button_param_init &rArr; dbg_printf &rArr; log_vsprintf &rArr; number
</UL>
<BR>[Calls]<UL><LI><a href="#[ac]">&gt;&gt;</a>&nbsp;&nbsp;&nbsp;osal_set_event (via Veneer)
<LI><a href="#[93]">&gt;&gt;</a>&nbsp;&nbsp;&nbsp;keyboard_init
<LI><a href="#[ab]">&gt;&gt;</a>&nbsp;&nbsp;&nbsp;key_app_register (via Veneer)
[...]
</UL>
<BR>[Called By]<UL><LI><a href="#[e1]">&gt;&gt;</a>&nbsp;&nbsp;&nbsp;uart_hw_init
</UL>

<P><STRONG><a name="[e1]"></a>uart_hw_init</STRONG> (Thumb, 384 bytes, Stack size 40 bytes, uart.o(i.uart_hw_init))
<BR><BR>[Stack]<UL><LI>Max Depth = 132<LI>Call Chain = uart_hw_init &rArr; hal_gpio_fmux_set &rArr; hal_gpioin_disable &rArr; hal_gpio_pin_init &rArr; hal_gpio_cfg_analog_io &rArr; hal_gpio_pull_set
</UL>
<BR>[Calls]<UL><LI><a href="#[122]">&gt;&gt;</a>&nbsp;&nbsp;&nbsp;hal_clk_reset
<LI><a href="#[c7]">&gt;&gt;</a>&nbsp;&nbsp;&nbsp;hal_clk_gate_enable
<LI><a href="#[125]">&gt;&gt;</a>&nbsp;&nbsp;&nbsp;clk_get_pclk (via Veneer)
<LI><a href="#[121]">&gt;&gt;</a>&nbsp;&nbsp;&nbsp;uart_hw_deinit
<LI><a href="#[127]">&gt;&gt;</a>&nbsp;&nbsp;&nbsp;__NVIC_SetPriority
<LI><a href="#[113]">&gt;&gt;</a>&nbsp;&nbsp;&nbsp;__aeabi_uidivmod (via Veneer)
<LI><a href="#[126]">&gt;&gt;</a>&nbsp;&nbsp;&nbsp;hal_gpio_fmux_set (via Veneer)
<LI><a href="#[124]">&gt;&gt;</a>&nbsp;&nbsp;&nbsp;hal_gpio_fmux (via Veneer)
<LI><a href="#[65]">&gt;&gt;</a>&nbsp;&nbsp;&nbsp;hal_gpio_pull_set (via Veneer)
</UL>
<BR>[Called By]<UL><LI><a href="#[2e]">&gt;&gt;</a>&nbsp;&nbsp;&nbsp;uart_wakeup_process_1
<LI><a href="#[2d]">&gt;&gt;</a>&nbsp;&nbsp;&nbsp;uart_wakeup_process_0
<LI><a href="#[b7]">&gt;&gt;</a>&nbsp;&nbsp;&nbsp;hal_uart_init
</UL>

<P><STRONG><a name="[2d]"></a>uart_wakeup_process_0</STRONG> (Thumb, 10 bytes, Stack size 8 bytes, uart.o(i.uart_wakeup_process_0))
<BR><BR>[Stack]<UL><LI>Max Depth = 140<LI>Call Chain = uart_wakeup_process_0 &rArr; uart_hw_init &rArr; hal_gpio_fmux_set &rArr; hal_gpioin_disable &rArr; hal_gpio_pin_init &rArr; hal_gpio_cfg_analog_io &rArr; hal_gpio_pull_set
</UL>
<BR>[Calls]<UL><LI><a href="#[e1]">&gt;&gt;</a>&nbsp;&nbsp;&nbsp;uart_hw_init
</UL>
<BR>[Address Reference Count : 1]<UL><LI> uart.o(i.hal_uart_init)
</UL>
<P><STRONG><a name="[2e]"></a>uart_wakeup_process_1</STRONG> (Thumb, 10 bytes, Stack size 8 bytes, uart.o(i.uart_wakeup_process_1))
<BR><BR>[Stack]<UL><LI>Max Depth = 140<LI>Call Chain = uart_wakeup_process_1 &rArr; uart_hw_init &rArr; hal_gpio_fmux_set &rArr; hal_gpioin_disable &rArr; hal_gpio_pin_init &rArr; hal_gpio_cfg_analog_io &rArr; hal_gpio_pull_set
</UL>
<BR>[Calls]<UL><LI><a href="#[e1]">&gt;&gt;</a>&nbsp;&nbsp;&nbsp;uart_hw_init
</UL>
<BR>[Address Reference Count : 1]<UL><LI> uart.o(i.hal_uart_init)
</UL>
<P><STRONG><a name="[d9]"></a>__NVIC_SetPriority</STRONG> (Thumb, 110 bytes, Stack size 8 bytes, pwrmgr.o(i.__NVIC_SetPriority))
<BR><BR>[Stack]<UL><LI>Max Depth = 8<LI>Call Chain = __NVIC_SetPriority
</UL>
<BR>[Called By]<UL><LI><a href="#[da]">&gt;&gt;</a>&nbsp;&nbsp;&nbsp;peripheral_interrupt_restore_default
<LI><a href="#[38]">&gt;&gt;</a>&nbsp;&nbsp;&nbsp;hal_pwrmgr_wakeup_process
</UL>

<P><STRONG><a name="[da]"></a>peripheral_interrupt_restore_default</STRONG> (Thumb, 108 bytes, Stack size 8 bytes, pwrmgr.o(i.peripheral_interrupt_restore_default))
<BR><BR>[Stack]<UL><LI>Max Depth = 16<LI>Call Chain = peripheral_interrupt_restore_default &rArr; __NVIC_SetPriority
</UL>
<BR>[Calls]<UL><LI><a href="#[d9]">&gt;&gt;</a>&nbsp;&nbsp;&nbsp;__NVIC_SetPriority
</UL>
<BR>[Called By]<UL><LI><a href="#[38]">&gt;&gt;</a>&nbsp;&nbsp;&nbsp;hal_pwrmgr_wakeup_process
</UL>

<P><STRONG><a name="[dc]"></a>aon_register_init</STRONG> (Thumb, 58 bytes, Stack size 0 bytes, clock.o(i.aon_register_init))
<BR><BR>[Called By]<UL><LI><a href="#[db]">&gt;&gt;</a>&nbsp;&nbsp;&nbsp;hal_rc32k_clk_tracking_init
</UL>

<P><STRONG><a name="[e5]"></a>__NVIC_SetPriority</STRONG> (Thumb, 110 bytes, Stack size 8 bytes, flash.o(i.__NVIC_SetPriority))
<BR><BR>[Stack]<UL><LI>Max Depth = 8<LI>Call Chain = __NVIC_SetPriority
</UL>
<BR>[Called By]<UL><LI><a href="#[2c]">&gt;&gt;</a>&nbsp;&nbsp;&nbsp;hw_spif_cache_config
</UL>

<P><STRONG><a name="[c6]"></a>hal_cache_init</STRONG> (Thumb, 58 bytes, Stack size 8 bytes, flash.o(i.hal_cache_init))
<BR><BR>[Stack]<UL><LI>Max Depth = 24<LI>Call Chain = hal_cache_init &rArr; hal_cache_tag_flush
</UL>
<BR>[Calls]<UL><LI><a href="#[c7]">&gt;&gt;</a>&nbsp;&nbsp;&nbsp;hal_clk_gate_enable
<LI><a href="#[c8]">&gt;&gt;</a>&nbsp;&nbsp;&nbsp;hal_cache_tag_flush
</UL>
<BR>[Called By]<UL><LI><a href="#[2c]">&gt;&gt;</a>&nbsp;&nbsp;&nbsp;hw_spif_cache_config
</UL>

<P><STRONG><a name="[2c]"></a>hw_spif_cache_config</STRONG> (Thumb, 136 bytes, Stack size 16 bytes, flash.o(i.hw_spif_cache_config))
<BR><BR>[Stack]<UL><LI>Max Depth = 40<LI>Call Chain = hw_spif_cache_config &rArr; hal_cache_init &rArr; hal_cache_tag_flush
</UL>
<BR>[Calls]<UL><LI><a href="#[e4]">&gt;&gt;</a>&nbsp;&nbsp;&nbsp;spif_config (via Veneer)
<LI><a href="#[ca]">&gt;&gt;</a>&nbsp;&nbsp;&nbsp;hal_get_flash_info
<LI><a href="#[c6]">&gt;&gt;</a>&nbsp;&nbsp;&nbsp;hal_cache_init
<LI><a href="#[e5]">&gt;&gt;</a>&nbsp;&nbsp;&nbsp;__NVIC_SetPriority
</UL>
<BR>[Called By]<UL><LI><a href="#[d0]">&gt;&gt;</a>&nbsp;&nbsp;&nbsp;hal_spif_cache_init
</UL>
<BR>[Address Reference Count : 1]<UL><LI> flash.o(i.hal_spif_cache_init)
</UL>
<P><STRONG><a name="[c1]"></a>get_key_matrix</STRONG> (Thumb, 48 bytes, Stack size 12 bytes, kscan.o(i.get_key_matrix), UNUSED, KEPT)
<BR><BR>[Stack]<UL><LI>Max Depth = 12<LI>Call Chain = get_key_matrix
</UL>
<BR>[Called By]<UL><LI><a href="#[58]">&gt;&gt;</a>&nbsp;&nbsp;&nbsp;hal_KSCAN_IRQHandler
</UL>

<P><STRONG><a name="[c3]"></a>kscan_compare_key</STRONG> (Thumb, 146 bytes, Stack size 48 bytes, kscan.o(i.kscan_compare_key), UNUSED, KEPT)
<BR><BR>[Stack]<UL><LI>Max Depth = 48<LI>Call Chain = kscan_compare_key
</UL>
<BR>[Calls]<UL><LI><a href="#[f5]">&gt;&gt;</a>&nbsp;&nbsp;&nbsp;__aeabi_memcpy (via Veneer)
</UL>
<BR>[Called By]<UL><LI><a href="#[58]">&gt;&gt;</a>&nbsp;&nbsp;&nbsp;hal_KSCAN_IRQHandler
</UL>

<P><STRONG><a name="[c2]"></a>rmv_ghost_key</STRONG> (Thumb, 86 bytes, Stack size 20 bytes, kscan.o(i.rmv_ghost_key), UNUSED, KEPT)
<BR><BR>[Stack]<UL><LI>Max Depth = 20<LI>Call Chain = rmv_ghost_key
</UL>
<BR>[Called By]<UL><LI><a href="#[58]">&gt;&gt;</a>&nbsp;&nbsp;&nbsp;hal_KSCAN_IRQHandler
</UL>

<P><STRONG><a name="[138]"></a>bsp_DetectBtn</STRONG> (Thumb, 184 bytes, Stack size 16 bytes, bsp_button.o(i.bsp_DetectBtn))
<BR><BR>[Stack]<UL><LI>Max Depth = 40<LI>Call Chain = bsp_DetectBtn &rArr; bsp_is_key_press
</UL>
<BR>[Calls]<UL><LI><a href="#[139]">&gt;&gt;</a>&nbsp;&nbsp;&nbsp;bsp_is_key_press
<LI><a href="#[13a]">&gt;&gt;</a>&nbsp;&nbsp;&nbsp;bsp_PutKey
</UL>
<BR>[Called By]<UL><LI><a href="#[13b]">&gt;&gt;</a>&nbsp;&nbsp;&nbsp;bsp_KeyPro
</UL>

<P><STRONG><a name="[13a]"></a>bsp_PutKey</STRONG> (Thumb, 28 bytes, Stack size 0 bytes, bsp_button.o(i.bsp_PutKey))
<BR><BR>[Called By]<UL><LI><a href="#[138]">&gt;&gt;</a>&nbsp;&nbsp;&nbsp;bsp_DetectBtn
</UL>

<P><STRONG><a name="[13e]"></a>bsp_btn_map</STRONG> (Thumb, 430 bytes, Stack size 0 bytes, bsp_button.o(i.bsp_btn_map))
<BR><BR>[Called By]<UL><LI><a href="#[8e]">&gt;&gt;</a>&nbsp;&nbsp;&nbsp;bsp_set_key_value_by_row_col
<LI><a href="#[139]">&gt;&gt;</a>&nbsp;&nbsp;&nbsp;bsp_is_key_press
</UL>

<P><STRONG><a name="[139]"></a>bsp_is_key_press</STRONG> (Thumb, 164 bytes, Stack size 24 bytes, bsp_button.o(i.bsp_is_key_press))
<BR><BR>[Stack]<UL><LI>Max Depth = 24<LI>Call Chain = bsp_is_key_press
</UL>
<BR>[Calls]<UL><LI><a href="#[13e]">&gt;&gt;</a>&nbsp;&nbsp;&nbsp;bsp_btn_map
</UL>
<BR>[Called By]<UL><LI><a href="#[138]">&gt;&gt;</a>&nbsp;&nbsp;&nbsp;bsp_DetectBtn
</UL>

<P><STRONG><a name="[2f]"></a>keyboard_wakeup_handler</STRONG> (Thumb, 166 bytes, Stack size 24 bytes, keyboard.o(_section_sram_code_))
<BR><BR>[Stack]<UL><LI>Max Depth = 68<LI>Call Chain = keyboard_wakeup_handler &rArr; hal_gpio_pin_init &rArr; hal_gpio_cfg_analog_io &rArr; hal_gpio_pull_set
</UL>
<BR>[Calls]<UL><LI><a href="#[66]">&gt;&gt;</a>&nbsp;&nbsp;&nbsp;hal_gpio_read (via Veneer)
<LI><a href="#[63]">&gt;&gt;</a>&nbsp;&nbsp;&nbsp;hal_gpio_pin_init (via Veneer)
<LI><a href="#[64]">&gt;&gt;</a>&nbsp;&nbsp;&nbsp;hal_gpio_fast_write (via Veneer)
<LI><a href="#[65]">&gt;&gt;</a>&nbsp;&nbsp;&nbsp;hal_gpio_pull_set (via Veneer)
<LI><a href="#[68]">&gt;&gt;</a>&nbsp;&nbsp;&nbsp;osal_start_timerEx (via Veneer)
</UL>
<BR>[Address Reference Count : 1]<UL><LI> keyboard.o(i.keyboard_register)
</UL>
<P><STRONG><a name="[eb]"></a>keyboard_matrix_pin_init</STRONG> (Thumb, 196 bytes, Stack size 16 bytes, keyboard.o(i.keyboard_matrix_pin_init))
<BR><BR>[Stack]<UL><LI>Max Depth = 60<LI>Call Chain = keyboard_matrix_pin_init &rArr; hal_gpio_pin_init &rArr; hal_gpio_cfg_analog_io &rArr; hal_gpio_pull_set
</UL>
<BR>[Calls]<UL><LI><a href="#[63]">&gt;&gt;</a>&nbsp;&nbsp;&nbsp;hal_gpio_pin_init (via Veneer)
<LI><a href="#[64]">&gt;&gt;</a>&nbsp;&nbsp;&nbsp;hal_gpio_fast_write (via Veneer)
<LI><a href="#[65]">&gt;&gt;</a>&nbsp;&nbsp;&nbsp;hal_gpio_pull_set (via Veneer)
</UL>
<BR>[Called By]<UL><LI><a href="#[e8]">&gt;&gt;</a>&nbsp;&nbsp;&nbsp;keyboard_scan_col
</UL>

<P><STRONG><a name="[ec]"></a>keyboard_to_sleep_gpio_config</STRONG> (Thumb, 44 bytes, Stack size 16 bytes, keyboard.o(i.keyboard_to_sleep_gpio_config))
<BR><BR>[Stack]<UL><LI>Max Depth = 60<LI>Call Chain = keyboard_to_sleep_gpio_config &rArr; hal_gpio_pin_init &rArr; hal_gpio_cfg_analog_io &rArr; hal_gpio_pull_set
</UL>
<BR>[Calls]<UL><LI><a href="#[63]">&gt;&gt;</a>&nbsp;&nbsp;&nbsp;hal_gpio_pin_init (via Veneer)
<LI><a href="#[65]">&gt;&gt;</a>&nbsp;&nbsp;&nbsp;hal_gpio_pull_set (via Veneer)
</UL>
<BR>[Called By]<UL><LI><a href="#[ea]">&gt;&gt;</a>&nbsp;&nbsp;&nbsp;keyboard_next_scaning
<LI><a href="#[f2]">&gt;&gt;</a>&nbsp;&nbsp;&nbsp;keyboard_register
</UL>

<P><STRONG><a name="[0]"></a>PowerOff_key_change_event</STRONG> (Thumb, 100 bytes, Stack size 24 bytes, bsp_button_task.o(i.PowerOff_key_change_event))
<BR><BR>[Stack]<UL><LI>Max Depth = 304<LI>Call Chain = PowerOff_key_change_event &rArr; bsp_set_key_value_by_row_col &rArr; dbg_printf &rArr; log_vsprintf &rArr; number
</UL>
<BR>[Calls]<UL><LI><a href="#[8e]">&gt;&gt;</a>&nbsp;&nbsp;&nbsp;bsp_set_key_value_by_row_col (via Veneer)
</UL>
<BR>[Address Reference Count : 1]<UL><LI> bsp_button_task.o(.data)
</UL>
<P><STRONG><a name="[1]"></a>PowerOff_key_polling_event</STRONG> (Thumb, 72 bytes, Stack size 8 bytes, bsp_button_task.o(i.PowerOff_key_polling_event))
<BR><BR>[Stack]<UL><LI>Max Depth = 72<LI>Call Chain = PowerOff_key_polling_event &rArr; keybaord_middle_button_data_handle &rArr; bsp_KeyPro &rArr; bsp_DetectBtn &rArr; bsp_is_key_press
</UL>
<BR>[Calls]<UL><LI><a href="#[90]">&gt;&gt;</a>&nbsp;&nbsp;&nbsp;time_exceed (via Veneer)
<LI><a href="#[91]">&gt;&gt;</a>&nbsp;&nbsp;&nbsp;keybaord_middle_button_data_handle (via Veneer)
<LI><a href="#[8f]">&gt;&gt;</a>&nbsp;&nbsp;&nbsp;get_key_checking_Flag (via Veneer)
</UL>
<BR>[Address Reference Count : 1]<UL><LI> bsp_button_task.o(.data)
</UL>
<P><STRONG><a name="[2]"></a>PowerOff_key_restore_event</STRONG> (Thumb, 18 bytes, Stack size 8 bytes, bsp_button_task.o(i.PowerOff_key_restore_event))
<BR><BR>[Stack]<UL><LI>Max Depth = 304<LI>Call Chain = PowerOff_key_restore_event &rArr; poweroff_key_Release_StartPhaseReport &rArr; bsp_set_key_value_by_row_col &rArr; dbg_printf &rArr; log_vsprintf &rArr; number
</UL>
<BR>[Calls]<UL><LI><a href="#[93]">&gt;&gt;</a>&nbsp;&nbsp;&nbsp;keyboard_init
<LI><a href="#[92]">&gt;&gt;</a>&nbsp;&nbsp;&nbsp;poweroff_key_Release_StartPhaseReport (via Veneer)
</UL>
<BR>[Address Reference Count : 1]<UL><LI> bsp_button_task.o(.data)
</UL>
<P><STRONG><a name="[93]"></a>keyboard_init</STRONG> (Thumb, 106 bytes, Stack size 8 bytes, bsp_button_task.o(i.keyboard_init))
<BR><BR>[Stack]<UL><LI>Max Depth = 256<LI>Call Chain = keyboard_init &rArr; bsp_button_param_init &rArr; dbg_printf &rArr; log_vsprintf &rArr; number
</UL>
<BR>[Calls]<UL><LI><a href="#[e7]">&gt;&gt;</a>&nbsp;&nbsp;&nbsp;bsp_button_param_init (via Veneer)
</UL>
<BR>[Called By]<UL><LI><a href="#[6c]">&gt;&gt;</a>&nbsp;&nbsp;&nbsp;btp_button_init
<LI><a href="#[6a]">&gt;&gt;</a>&nbsp;&nbsp;&nbsp;poweroff_Key_switch_keybaord_checking
<LI><a href="#[2]">&gt;&gt;</a>&nbsp;&nbsp;&nbsp;PowerOff_key_restore_event
</UL>

<P><STRONG><a name="[f1]"></a>keyboard_poweroff_init</STRONG> (Thumb, 96 bytes, Stack size 8 bytes, bsp_button_task.o(i.keyboard_poweroff_init))
<BR><BR>[Stack]<UL><LI>Max Depth = 240<LI>Call Chain = keyboard_poweroff_init &rArr; dbg_printf &rArr; log_vsprintf &rArr; number
</UL>
<BR>[Calls]<UL><LI><a href="#[a6]">&gt;&gt;</a>&nbsp;&nbsp;&nbsp;dbg_printf
<LI><a href="#[f2]">&gt;&gt;</a>&nbsp;&nbsp;&nbsp;keyboard_register
</UL>
<BR>[Called By]<UL><LI><a href="#[6a]">&gt;&gt;</a>&nbsp;&nbsp;&nbsp;poweroff_Key_switch_keybaord_checking
</UL>

<P><STRONG><a name="[3]"></a>normal_key_change_event</STRONG> (Thumb, 40 bytes, Stack size 24 bytes, bsp_button_task.o(i.normal_key_change_event))
<BR><BR>[Stack]<UL><LI>Max Depth = 304<LI>Call Chain = normal_key_change_event &rArr; bsp_set_key_value_by_row_col &rArr; dbg_printf &rArr; log_vsprintf &rArr; number
</UL>
<BR>[Calls]<UL><LI><a href="#[8e]">&gt;&gt;</a>&nbsp;&nbsp;&nbsp;bsp_set_key_value_by_row_col (via Veneer)
</UL>
<BR>[Address Reference Count : 1]<UL><LI> bsp_button_task.o(.data)
</UL>
<P><STRONG><a name="[4]"></a>normal_key_polling_event</STRONG> (Thumb, 8 bytes, Stack size 8 bytes, bsp_button_task.o(i.normal_key_polling_event))
<BR><BR>[Stack]<UL><LI>Max Depth = 72<LI>Call Chain = normal_key_polling_event &rArr; keybaord_middle_button_data_handle &rArr; bsp_KeyPro &rArr; bsp_DetectBtn &rArr; bsp_is_key_press
</UL>
<BR>[Calls]<UL><LI><a href="#[91]">&gt;&gt;</a>&nbsp;&nbsp;&nbsp;keybaord_middle_button_data_handle (via Veneer)
</UL>
<BR>[Address Reference Count : 1]<UL><LI> bsp_button_task.o(.data)
</UL>
<P><STRONG><a name="[5]"></a>normal_key_retore_event</STRONG> (Thumb, 2 bytes, Stack size 0 bytes, bsp_button_task.o(i.normal_key_retore_event))
<BR>[Address Reference Count : 1]<UL><LI> bsp_button_task.o(.data)
</UL>
<P><STRONG><a name="[6a]"></a>poweroff_Key_switch_keybaord_checking</STRONG> (Thumb, 72 bytes, Stack size 8 bytes, bsp_button_task.o(i.poweroff_Key_switch_keybaord_checking))
<BR><BR>[Stack]<UL><LI>Max Depth = 320<LI>Call Chain = poweroff_Key_switch_keybaord_checking &rArr; power_Off_init_phase_key_checking &rArr; poweroff_key_Release_StartPhaseReport &rArr; bsp_set_key_value_by_row_col &rArr; dbg_printf &rArr; log_vsprintf &rArr; number
</UL>
<BR>[Calls]<UL><LI><a href="#[a6]">&gt;&gt;</a>&nbsp;&nbsp;&nbsp;dbg_printf
<LI><a href="#[f1]">&gt;&gt;</a>&nbsp;&nbsp;&nbsp;keyboard_poweroff_init
<LI><a href="#[93]">&gt;&gt;</a>&nbsp;&nbsp;&nbsp;keyboard_init
<LI><a href="#[117]">&gt;&gt;</a>&nbsp;&nbsp;&nbsp;power_Off_init_phase_key_checking (via Veneer)
<LI><a href="#[68]">&gt;&gt;</a>&nbsp;&nbsp;&nbsp;osal_start_timerEx (via Veneer)
</UL>
<BR>[Called By]<UL><LI><a href="#[34]">&gt;&gt;</a>&nbsp;&nbsp;&nbsp;Bsp_Btn_ProcessEvent
</UL>

<P><STRONG><a name="[9]"></a>app_powerkey_longpress_report</STRONG> (Thumb, 18 bytes, Stack size 8 bytes, bsp_btn_demo.o(i.app_powerkey_longpress_report))
<BR><BR>[Stack]<UL><LI>Max Depth = 240<LI>Call Chain = app_powerkey_longpress_report &rArr; dbg_printf &rArr; log_vsprintf &rArr; number
</UL>
<BR>[Calls]<UL><LI><a href="#[a6]">&gt;&gt;</a>&nbsp;&nbsp;&nbsp;dbg_printf
<LI><a href="#[a5]">&gt;&gt;</a>&nbsp;&nbsp;&nbsp;hal_systick
</UL>
<BR>[Address Reference Count : 1]<UL><LI> bsp_btn_demo.o(.data)
</UL>
<P><STRONG><a name="[7]"></a>app_powerkey_press_report</STRONG> (Thumb, 22 bytes, Stack size 16 bytes, bsp_btn_demo.o(i.app_powerkey_press_report))
<BR><BR>[Stack]<UL><LI>Max Depth = 248<LI>Call Chain = app_powerkey_press_report &rArr; dbg_printf &rArr; log_vsprintf &rArr; number
</UL>
<BR>[Calls]<UL><LI><a href="#[a6]">&gt;&gt;</a>&nbsp;&nbsp;&nbsp;dbg_printf
<LI><a href="#[a5]">&gt;&gt;</a>&nbsp;&nbsp;&nbsp;hal_systick
</UL>
<BR>[Address Reference Count : 1]<UL><LI> bsp_btn_demo.o(.data)
</UL>
<P><STRONG><a name="[8]"></a>app_powerkey_release_report</STRONG> (Thumb, 14 bytes, Stack size 8 bytes, bsp_btn_demo.o(i.app_powerkey_release_report))
<BR><BR>[Stack]<UL><LI>Max Depth = 240<LI>Call Chain = app_powerkey_release_report &rArr; dbg_printf &rArr; log_vsprintf &rArr; number
</UL>
<BR>[Calls]<UL><LI><a href="#[a6]">&gt;&gt;</a>&nbsp;&nbsp;&nbsp;dbg_printf
</UL>
<BR>[Address Reference Count : 1]<UL><LI> bsp_btn_demo.o(.data)
</UL>
<P><STRONG><a name="[6]"></a>keyboard_bsp_btn_callback</STRONG> (Thumb, 80 bytes, Stack size 16 bytes, bsp_btn_demo.o(i.keyboard_bsp_btn_callback))
<BR><BR>[Stack]<UL><LI>Max Depth = 248<LI>Call Chain = keyboard_bsp_btn_callback &rArr; dbg_printf &rArr; log_vsprintf &rArr; number
</UL>
<BR>[Calls]<UL><LI><a href="#[a6]">&gt;&gt;</a>&nbsp;&nbsp;&nbsp;dbg_printf
</UL>
<BR>[Address Reference Count : 1]<UL><LI> bsp_btn_demo.o(.data)
</UL>
<P><STRONG><a name="[95]"></a>NVIC_EnableIRQ</STRONG> (Thumb, 14 bytes, Stack size 0 bytes, patch.o(i.NVIC_EnableIRQ))
<BR><BR>[Called By]<UL><LI><a href="#[44]">&gt;&gt;</a>&nbsp;&nbsp;&nbsp;wakeup_init1
<LI><a href="#[94]">&gt;&gt;</a>&nbsp;&nbsp;&nbsp;_clk_apply_setting1
</UL>

<P><STRONG><a name="[94]"></a>_clk_apply_setting1</STRONG> (Thumb, 250 bytes, Stack size 48 bytes, patch.o(i._clk_apply_setting1))
<BR><BR>[Stack]<UL><LI>Max Depth = 48<LI>Call Chain = _clk_apply_setting1
</UL>
<BR>[Calls]<UL><LI><a href="#[95]">&gt;&gt;</a>&nbsp;&nbsp;&nbsp;NVIC_EnableIRQ
</UL>
<BR>[Called By]<UL><LI><a href="#[b1]">&gt;&gt;</a>&nbsp;&nbsp;&nbsp;clk_init
</UL>

<P><STRONG><a name="[ad]"></a>check_16MXtal_by_rcTracking</STRONG> (Thumb, 316 bytes, Stack size 24 bytes, patch.o(i.check_16MXtal_by_rcTracking))
<BR><BR>[Stack]<UL><LI>Max Depth = 24<LI>Call Chain = check_16MXtal_by_rcTracking
</UL>
<BR>[Calls]<UL><LI><a href="#[9b]">&gt;&gt;</a>&nbsp;&nbsp;&nbsp;rtc_get_counter (via Veneer)
<LI><a href="#[af]">&gt;&gt;</a>&nbsp;&nbsp;&nbsp;set_sleep_flag (via Veneer)
<LI><a href="#[ae]">&gt;&gt;</a>&nbsp;&nbsp;&nbsp;WaitRTCCount (via Veneer)
<LI><a href="#[5e]">&gt;&gt;</a>&nbsp;&nbsp;&nbsp;hal_pwrmgr_enter_sleep_rtc_reset
</UL>
<BR>[Called By]<UL><LI><a href="#[44]">&gt;&gt;</a>&nbsp;&nbsp;&nbsp;wakeup_init1
</UL>

<P><STRONG><a name="[b0]"></a>check_96MXtal_by_rcTracking</STRONG> (Thumb, 246 bytes, Stack size 24 bytes, patch.o(i.check_96MXtal_by_rcTracking))
<BR><BR>[Stack]<UL><LI>Max Depth = 24<LI>Call Chain = check_96MXtal_by_rcTracking
</UL>
<BR>[Calls]<UL><LI><a href="#[ae]">&gt;&gt;</a>&nbsp;&nbsp;&nbsp;WaitRTCCount (via Veneer)
</UL>
<BR>[Called By]<UL><LI><a href="#[44]">&gt;&gt;</a>&nbsp;&nbsp;&nbsp;wakeup_init1
</UL>

<P><STRONG><a name="[b9]"></a>cusum_advance_slave_rx_window</STRONG> (Thumb, 124 bytes, Stack size 8 bytes, patch.o(i.cusum_advance_slave_rx_window))
<BR><BR>[Stack]<UL><LI>Max Depth = 8<LI>Call Chain = cusum_advance_slave_rx_window
</UL>
<BR>[Called By]<UL><LI><a href="#[b8]">&gt;&gt;</a>&nbsp;&nbsp;&nbsp;enlarge_rx_timeout_1st
</UL>

<P><STRONG><a name="[b8]"></a>enlarge_rx_timeout_1st</STRONG> (Thumb, 158 bytes, Stack size 16 bytes, patch.o(i.enlarge_rx_timeout_1st))
<BR><BR>[Stack]<UL><LI>Max Depth = 24<LI>Call Chain = enlarge_rx_timeout_1st &rArr; cusum_advance_slave_rx_window
</UL>
<BR>[Calls]<UL><LI><a href="#[b9]">&gt;&gt;</a>&nbsp;&nbsp;&nbsp;cusum_advance_slave_rx_window
<LI><a href="#[ba]">&gt;&gt;</a>&nbsp;&nbsp;&nbsp;ll_hw_set_rx_timeout_1st (via Veneer)
</UL>
<BR>[Called By]<UL><LI><a href="#[3b]">&gt;&gt;</a>&nbsp;&nbsp;&nbsp;ll_hw_go1
</UL>

<P><STRONG><a name="[f8]"></a>ll_flow_ctrl_restore</STRONG> (Thumb, 82 bytes, Stack size 8 bytes, patch.o(i.ll_flow_ctrl_restore))
<BR><BR>[Stack]<UL><LI>Max Depth = 8<LI>Call Chain = ll_flow_ctrl_restore
</UL>
<BR>[Called By]<UL><LI><a href="#[3b]">&gt;&gt;</a>&nbsp;&nbsp;&nbsp;ll_hw_go1
<LI><a href="#[51]">&gt;&gt;</a>&nbsp;&nbsp;&nbsp;llReleaseConnId1
</UL>

<P><STRONG><a name="[b4]"></a>read_TIM5_remainder_timer</STRONG> (Thumb, 8 bytes, Stack size 0 bytes, patch.o(i.read_TIM5_remainder_timer))
<BR><BR>[Called By]<UL><LI><a href="#[43]">&gt;&gt;</a>&nbsp;&nbsp;&nbsp;config_RTC1
</UL>
<P>
<H3>
Undefined Global Symbols
</H3><HR></body></html>
