Component: ARM Compiler 5.06 update 6 (build 750) Tool: armlink [4d35ed]

==============================================================================

Section Cross References

    arch_main.o(.text) refers to uart.o(.text) for uart_printf
    arch_main.o(.text) refers to wdt.o(.text) for wdt_enable
    arch_main.o(.text) refers to flash.o(.text) for flash_read
    arch_main.o(.text) refers to icu.o(.text) for icu_set_sleep_mode
    arch_main.o(.text) refers to rwip.o(.text) for rwip_prevent_sleep_set
    arch_main.o(.text) refers to emi.o(.text) for emi_init
    arch_main.o(.text) refers to timer.o(.text) for timer_init
    arch_main.o(.text) refers to intc.o(.text) for intc_init
    arch_main.o(.text) refers to oads.o(.text) for oad_updating_user_section_pro
    arch_main.o(.text) refers to arch_main.o(.constdata) for .constdata
    arch_main.o(.text) refers to arch_main.o(.data) for .data
    arch_main.o(.text) refers to prf.o(.text) for prf_get_id_from_task
    arch_main.o(.text) refers to rwble_hl.o(.text) for rwble_hl_reset
    arch_main.o(.text) refers to arch_main.o(.bss) for .bss
    arch_main.o(.text) refers to wdt.o(.data) for wdt_disable_flag
    arch_main.o(.text) refers to boot_handlers.o(SYS_BOOT) for boot_stack_base_UNUSED
    boot_handlers.o(SYS_BOOT) refers to arch_main.o(.text) for rw_main
    boot_vectors.o(SYS_BOOT) refers to boot_handlers.o(SYS_BOOT) for sys_Reset
    boot_vectors.o(SYS_BOOT) refers to intc.o(sys_irq_entry) for SYSirq_IRQ_Handler
    boot_vectors.o(SYS_BOOT) refers to intc.o(sys_fiq_entry) for SYSirq_FIQ_Handler
    rwble.o(.text) refers to rwip.o(.text) for rwip_wakeup
    rwble.o(.text) refers to wdt.o(.text) for wdt_feed
    rwip.o(.text) refers to rf_xvr.o(.text) for rf_init
    rwip.o(.text) refers to arch_main.o(.text) for rwip_eif_get
    rwip.o(.text) refers to rwble_hl.o(.text) for rwble_hl_init
    rwip.o(.text) refers to rwble.o(.text) for rwble_init
    rwip.o(.text) refers to app.o(.text) for appm_init
    rwip.o(.text) refers to uart.o(.text) for check_uart_stop
    rwip.o(.text) refers to wdt.o(.text) for wdt_feed
    rwip.o(.text) refers to rwip.o(.bss) for .bss
    rwip.o(.text) refers to rwip.o(ke_heap) for ke_heap
    rwip.o(.text) refers to uart.o(.data) for cur_read_buf_idx
    flash.o(.text) refers to flash.o(.bss) for .bss
    flash.o(.text) refers to flash.o(.data) for .data
    gpio.o(.text) refers to uart.o(.text) for uart_printf
    gpio.o(.text) refers to gpio.o(.data) for .data
    gpio.o(.text) refers to gpio.o(.bss) for .bss
    icu.o(.text) refers to rf_xvr.o(.text) for Delay_us
    icu.o(.text) refers to icu.o(.data) for .data
    intc.o(.text) refers to icu.o(.text) for cpu_wakeup
    intc.o(.text) refers to uart.o(.text) for uart_isr
    intc.o(.text) refers to gpio.o(.text) for gpio_isr
    intc.o(.text) refers to rwble.o(.text) for rwble_isr
    intc.o(sys_fiq_entry) refers to intc.o(.text) for FIQ_Exception
    intc.o(sys_irq_entry) refers to intc.o(.text) for IRQ_Exception
    pwm.o(.text) refers to gpio.o(.text) for gpio_triger
    pwm.o(.text) refers to pwm.o(.bss) for .bss
    wdt.o(.text) refers to wdt.o(.data) for .data
    uart.o(.text) refers to printfa.o(i.__0vsprintf) for vsprintf
    uart.o(.text) refers to arch_main.o(.text) for assert_err
    uart.o(.text) refers to uart.o(.bss) for .bss
    uart.o(.text) refers to uart.o(.data) for .data
    rf_xvr.o(.text) refers to rf_xvr.o(.bss) for .bss
    rf_xvr.o(.text) refers to rf_xvr.o(.data) for .data
    bass.o(.text) refers to prf.o(.text) for prf_env_get
    bass.o(.text) refers to bass.o(.constdata) for .constdata
    bass.o(.text) refers to bass_task.o(.constdata) for bass_default_handler
    bass.o(.constdata) refers to bass.o(.text) for bass_init
    bass_task.o(.text) refers to prf.o(.text) for prf_env_get
    bass_task.o(.text) refers to bass.o(.text) for bass_exe_operation
    bass_task.o(.text) refers to prf_utils.o(.text) for prf_pack_char_pres_fmt
    bass_task.o(.constdata) refers to bass_task.o(.text) for bass_enable_req_handler
    bass_task.o(.constdata) refers to bass_task.o(.constdata) for bass_default_state
    diss.o(.text) refers to diss.o(.constdata) for .constdata
    diss.o(.text) refers to diss_task.o(.constdata) for diss_default_handler
    diss.o(.constdata) refers to diss.o(.text) for diss_init
    diss_task.o(.text) refers to prf.o(.text) for prf_env_get
    diss_task.o(.text) refers to diss.o(.text) for diss_value_to_handle
    diss_task.o(.constdata) refers to diss_task.o(.text) for diss_set_value_req_handler
    diss_task.o(.constdata) refers to diss_task.o(.constdata) for diss_default_state
    fff0s.o(.text) refers to prf.o(.text) for prf_env_get
    fff0s.o(.text) refers to fff0s.o(.constdata) for .constdata
    fff0s.o(.text) refers to fff0s_task.o(.constdata) for fff0s_default_handler
    fff0s.o(.constdata) refers to fff0s.o(.text) for fff0s_init
    fff0s_task.o(.text) refers to prf.o(.text) for prf_env_get
[...]
    llc_pdu_llcp_tx_ack_defer                0x00006f41   Thumb Code     0  stack_rom_symbol.txt ABSOLUTE
    llc_pdu_acl_tx_ack_defer                 0x00007035   Thumb Code     0  stack_rom_symbol.txt ABSOLUTE
    llc_pdu_defer                            0x00007057   Thumb Code     0  stack_rom_symbol.txt ABSOLUTE
    lld_init                                 0x00007105   Thumb Code     0  stack_rom_symbol.txt ABSOLUTE
    lld_core_reset                           0x0000726d   Thumb Code     0  stack_rom_symbol.txt ABSOLUTE
    lld_adv_start                            0x000072c1   Thumb Code     0  stack_rom_symbol.txt ABSOLUTE
    lld_adv_stop                             0x00007475   Thumb Code     0  stack_rom_symbol.txt ABSOLUTE
    lld_con_update_after_param_req           0x0000749d   Thumb Code     0  stack_rom_symbol.txt ABSOLUTE
    lld_con_param_rsp                        0x00007715   Thumb Code     0  stack_rom_symbol.txt ABSOLUTE
    lld_con_param_req                        0x00007809   Thumb Code     0  stack_rom_symbol.txt ABSOLUTE
    lld_con_stop                             0x000078c9   Thumb Code     0  stack_rom_symbol.txt ABSOLUTE
    lld_get_mode                             0x000078d5   Thumb Code     0  stack_rom_symbol.txt ABSOLUTE
    lld_move_to_slave                        0x000078f9   Thumb Code     0  stack_rom_symbol.txt ABSOLUTE
    lld_ch_map_ind                           0x00007a1b   Thumb Code     0  stack_rom_symbol.txt ABSOLUTE
    lld_con_update_ind                       0x00007a5b   Thumb Code     0  stack_rom_symbol.txt ABSOLUTE
    lld_crypt_isr                            0x00007a69   Thumb Code     0  stack_rom_symbol.txt ABSOLUTE
    lld_ral_renew_req                        0x00007a73   Thumb Code     0  stack_rom_symbol.txt ABSOLUTE
    lld_evt_elt_delete                       0x00007ad1   Thumb Code     0  stack_rom_symbol.txt ABSOLUTE
    lld_evt_drift_compute                    0x00007d47   Thumb Code     0  stack_rom_symbol.txt ABSOLUTE
    lld_evt_delete_elt_push                  0x00007e71   Thumb Code     0  stack_rom_symbol.txt ABSOLUTE
    lld_evt_channel_next                     0x000080c5   Thumb Code     0  stack_rom_symbol.txt ABSOLUTE
    lld_evt_deffered_elt_handler             0x000080ff   Thumb Code     0  stack_rom_symbol.txt ABSOLUTE
    lld_evt_init                             0x000081cf   Thumb Code     0  stack_rom_symbol.txt ABSOLUTE
    lld_evt_init_evt                         0x00008255   Thumb Code     0  stack_rom_symbol.txt ABSOLUTE
    lld_evt_restart                          0x000082d5   Thumb Code     0  stack_rom_symbol.txt ABSOLUTE
    lld_evt_elt_insert                       0x00008643   Thumb Code     0  stack_rom_symbol.txt ABSOLUTE
    lld_evt_schedule_next                    0x000086ab   Thumb Code     0  stack_rom_symbol.txt ABSOLUTE
    lld_evt_schedule                         0x00008865   Thumb Code     0  stack_rom_symbol.txt ABSOLUTE
    lld_evt_prevent_stop                     0x00008967   Thumb Code     0  stack_rom_symbol.txt ABSOLUTE
    lld_evt_canceled                         0x00008969   Thumb Code     0  stack_rom_symbol.txt ABSOLUTE
    lld_evt_move_to_slave                    0x000089ab   Thumb Code     0  stack_rom_symbol.txt ABSOLUTE
    lld_evt_slave_update                     0x00008c6b   Thumb Code     0  stack_rom_symbol.txt ABSOLUTE
    lld_evt_adv_create                       0x00008d95   Thumb Code     0  stack_rom_symbol.txt ABSOLUTE
    lld_evt_end                              0x00008e05   Thumb Code     0  stack_rom_symbol.txt ABSOLUTE
    lld_evt_rx                               0x00008f4f   Thumb Code     0  stack_rom_symbol.txt ABSOLUTE
    lld_evt_timer_isr                        0x00008f8b   Thumb Code     0  stack_rom_symbol.txt ABSOLUTE
    lld_evt_end_isr                          0x00008f95   Thumb Code     0  stack_rom_symbol.txt ABSOLUTE
    lld_evt_rx_isr                           0x00009003   Thumb Code     0  stack_rom_symbol.txt ABSOLUTE
    lld_pdu_data_tx_push                     0x000090cd   Thumb Code     0  stack_rom_symbol.txt ABSOLUTE
    lld_pdu_check                            0x0000957d   Thumb Code     0  stack_rom_symbol.txt ABSOLUTE
    lld_pdu_tx_loop                          0x0000974f   Thumb Code     0  stack_rom_symbol.txt ABSOLUTE
    lld_pdu_data_send                        0x00009791   Thumb Code     0  stack_rom_symbol.txt ABSOLUTE
    lld_pdu_tx_push                          0x000097e9   Thumb Code     0  stack_rom_symbol.txt ABSOLUTE
    lld_pdu_tx_prog                          0x00009845   Thumb Code     0  stack_rom_symbol.txt ABSOLUTE
    lld_pdu_tx_flush                         0x00009bcf   Thumb Code     0  stack_rom_symbol.txt ABSOLUTE
    lld_pdu_adv_pack                         0x00009c3f   Thumb Code     0  stack_rom_symbol.txt ABSOLUTE
    lld_pdu_rx_handler                       0x00009c63   Thumb Code     0  stack_rom_symbol.txt ABSOLUTE
    lld_sleep_init                           0x00009e5d   Thumb Code     0  stack_rom_symbol.txt ABSOLUTE
    lld_sleep_enter                          0x00009ea3   Thumb Code     0  stack_rom_symbol.txt ABSOLUTE
    lld_sleep_wakeup                         0x00009ee3   Thumb Code     0  stack_rom_symbol.txt ABSOLUTE
    lld_sleep_wakeup_end                     0x00009efd   Thumb Code     0  stack_rom_symbol.txt ABSOLUTE
    lld_util_instant_get                     0x00009f79   Thumb Code     0  stack_rom_symbol.txt ABSOLUTE
    lld_util_get_bd_address                  0x00009f97   Thumb Code     0  stack_rom_symbol.txt ABSOLUTE
    lld_util_set_bd_address                  0x00009fb7   Thumb Code     0  stack_rom_symbol.txt ABSOLUTE
    lld_util_ral_force_rpa_renew             0x00009ff5   Thumb Code     0  stack_rom_symbol.txt ABSOLUTE
    lld_util_freq2chnl                       0x0000a035   Thumb Code     0  stack_rom_symbol.txt ABSOLUTE
    lld_util_get_local_offset                0x0000a059   Thumb Code     0  stack_rom_symbol.txt ABSOLUTE
    lld_util_get_peer_offset                 0x0000a077   Thumb Code     0  stack_rom_symbol.txt ABSOLUTE
    lld_util_connection_param_set            0x0000a097   Thumb Code     0  stack_rom_symbol.txt ABSOLUTE
    lld_util_dle_set_cs_fields               0x0000a0e1   Thumb Code     0  stack_rom_symbol.txt ABSOLUTE
    lld_util_anchor_point_move               0x0000a103   Thumb Code     0  stack_rom_symbol.txt ABSOLUTE
    lld_util_flush_list                      0x0000a1d3   Thumb Code     0  stack_rom_symbol.txt ABSOLUTE
    lld_util_instant_ongoing                 0x0000a1e9   Thumb Code     0  stack_rom_symbol.txt ABSOLUTE
    lld_util_compute_ce_max                  0x0000a1f5   Thumb Code     0  stack_rom_symbol.txt ABSOLUTE
    lld_util_elt_programmed                  0x0000a287   Thumb Code     0  stack_rom_symbol.txt ABSOLUTE
    lld_util_priority_set                    0x0000a2a5   Thumb Code     0  stack_rom_symbol.txt ABSOLUTE
    lld_util_priority_update                 0x0000a2e9   Thumb Code     0  stack_rom_symbol.txt ABSOLUTE
    lld_util_get_tx_pkt_cnt                  0x0000a2ef   Thumb Code     0  stack_rom_symbol.txt ABSOLUTE
    lld_util_eff_tx_time_set                 0x0000a2f5   Thumb Code     0  stack_rom_symbol.txt ABSOLUTE
    llm_ral_clear                            0x0000a319   Thumb Code     0  stack_rom_symbol.txt ABSOLUTE
    llm_wl_clr                               0x0000a337   Thumb Code     0  stack_rom_symbol.txt ABSOLUTE
    llm_encryption_start                     0x0000a389   Thumb Code     0  stack_rom_symbol.txt ABSOLUTE
    llm_encryption_done                      0x0000a419   Thumb Code     0  stack_rom_symbol.txt ABSOLUTE
    llm_init                                 0x0000a4e5   Thumb Code     0  stack_rom_symbol.txt ABSOLUTE
    llm_common_cmd_complete_send             0x0000a5df   Thumb Code     0  stack_rom_symbol.txt ABSOLUTE
    llm_ble_ready                            0x0000a5f7   Thumb Code     0  stack_rom_symbol.txt ABSOLUTE
    llm_con_req_ind                          0x0000a5fd   Thumb Code     0  stack_rom_symbol.txt ABSOLUTE
    llm_common_cmd_status_send               0x0000a76b   Thumb Code     0  stack_rom_symbol.txt ABSOLUTE
    llm_set_adv_param                        0x0000a783   Thumb Code     0  stack_rom_symbol.txt ABSOLUTE
    llm_ral_update                           0x0000a8eb   Thumb Code     0  stack_rom_symbol.txt ABSOLUTE
    llm_set_adv_en                           0x0000a917   Thumb Code     0  stack_rom_symbol.txt ABSOLUTE
    llm_set_adv_data                         0x0000aa19   Thumb Code     0  stack_rom_symbol.txt ABSOLUTE
    llm_set_scan_rsp_data                    0x0000aaa7   Thumb Code     0  stack_rom_symbol.txt ABSOLUTE
    llm_wl_dev_add                           0x0000ab35   Thumb Code     0  stack_rom_symbol.txt ABSOLUTE
    llm_wl_dev_rem                           0x0000ab8d   Thumb Code     0  stack_rom_symbol.txt ABSOLUTE
    llm_wl_dev_add_hdl                       0x0000abb3   Thumb Code     0  stack_rom_symbol.txt ABSOLUTE
    llm_wl_dev_rem_hdl                       0x0000ac25   Thumb Code     0  stack_rom_symbol.txt ABSOLUTE
    llm_ral_dev_add                          0x0000ac8f   Thumb Code     0  stack_rom_symbol.txt ABSOLUTE
    llm_ral_dev_rm                           0x0000ad8d   Thumb Code     0  stack_rom_symbol.txt ABSOLUTE
    llm_ral_get_rpa                          0x0000adc3   Thumb Code     0  stack_rom_symbol.txt ABSOLUTE
    llm_ral_set_timeout                      0x0000ae3d   Thumb Code     0  stack_rom_symbol.txt ABSOLUTE
    hci_command_handler                      0x0000b59b   Thumb Code     0  stack_rom_symbol.txt ABSOLUTE
    llm_util_bd_addr_wl_position             0x0000b699   Thumb Code     0  stack_rom_symbol.txt ABSOLUTE
    llm_util_bl_check                        0x0000b70b   Thumb Code     0  stack_rom_symbol.txt ABSOLUTE
    llm_util_bd_addr_in_wl                   0x0000b775   Thumb Code     0  stack_rom_symbol.txt ABSOLUTE
    llm_util_check_address_validity          0x0000b7c3   Thumb Code     0  stack_rom_symbol.txt ABSOLUTE
    llm_util_check_map_validity              0x0000b7d3   Thumb Code     0  stack_rom_symbol.txt ABSOLUTE
    llm_util_apply_bd_addr                   0x0000b823   Thumb Code     0  stack_rom_symbol.txt ABSOLUTE
    llm_util_set_public_addr                 0x0000b841   Thumb Code     0  stack_rom_symbol.txt ABSOLUTE
    llm_util_check_evt_mask                  0x0000b851   Thumb Code     0  stack_rom_symbol.txt ABSOLUTE
    llm_util_get_channel_map                 0x0000b871   Thumb Code     0  stack_rom_symbol.txt ABSOLUTE
    llm_util_get_supp_features               0x0000b873   Thumb Code     0  stack_rom_symbol.txt ABSOLUTE
    llm_util_adv_data_update                 0x0000b87f   Thumb Code     0  stack_rom_symbol.txt ABSOLUTE
    llm_util_bd_addr_in_ral                  0x0000b8bb   Thumb Code     0  stack_rom_symbol.txt ABSOLUTE
    llm_util_bl_add                          0x0000b929   Thumb Code     0  stack_rom_symbol.txt ABSOLUTE
    llm_util_bl_rem                          0x0000b9ad   Thumb Code     0  stack_rom_symbol.txt ABSOLUTE
    llm_end_evt_defer                        0x0000ba0f   Thumb Code     0  stack_rom_symbol.txt ABSOLUTE
    llm_pdu_defer                            0x0000bad7   Thumb Code     0  stack_rom_symbol.txt ABSOLUTE
    ea_elt_cancel                            0x0000bbf9   Thumb Code     0  stack_rom_symbol.txt ABSOLUTE
    ea_time_get_slot_rounded                 0x0000bcf5   Thumb Code     0  stack_rom_symbol.txt ABSOLUTE
    ea_init                                  0x0000bdd3   Thumb Code     0  stack_rom_symbol.txt ABSOLUTE
    ea_elt_create                            0x0000bdf7   Thumb Code     0  stack_rom_symbol.txt ABSOLUTE
    ea_time_get_halfslot_rounded             0x0000be11   Thumb Code     0  stack_rom_symbol.txt ABSOLUTE
    ea_elt_insert                            0x0000be3b   Thumb Code     0  stack_rom_symbol.txt ABSOLUTE
    ea_elt_remove                            0x0000c087   Thumb Code     0  stack_rom_symbol.txt ABSOLUTE
    ea_interval_create                       0x0000c0f1   Thumb Code     0  stack_rom_symbol.txt ABSOLUTE
    ea_interval_insert                       0x0000c107   Thumb Code     0  stack_rom_symbol.txt ABSOLUTE
    ea_interval_remove                       0x0000c115   Thumb Code     0  stack_rom_symbol.txt ABSOLUTE
    ea_interval_delete                       0x0000c125   Thumb Code     0  stack_rom_symbol.txt ABSOLUTE
    ea_finetimer_isr                         0x0000c13f   Thumb Code     0  stack_rom_symbol.txt ABSOLUTE
    ea_sw_isr                                0x0000c213   Thumb Code     0  stack_rom_symbol.txt ABSOLUTE
    ea_offset_req                            0x0000c233   Thumb Code     0  stack_rom_symbol.txt ABSOLUTE
    ea_timer_target_get                      0x0000c3eb   Thumb Code     0  stack_rom_symbol.txt ABSOLUTE
    ea_sleep_check                           0x0000c407   Thumb Code     0  stack_rom_symbol.txt ABSOLUTE
    ea_interval_duration_req                 0x0000c455   Thumb Code     0  stack_rom_symbol.txt ABSOLUTE
    gapc_update_state                        0x0000c571   Thumb Code     0  stack_rom_symbol.txt ABSOLUTE
    gapc_get_requester                       0x0000c5a1   Thumb Code     0  stack_rom_symbol.txt ABSOLUTE
    gapc_send_complete_evt                   0x0000c5bd   Thumb Code     0  stack_rom_symbol.txt ABSOLUTE
    gapc_init                                0x0000c687   Thumb Code     0  stack_rom_symbol.txt ABSOLUTE
    gapc_con_create                          0x0000c6b9   Thumb Code     0  stack_rom_symbol.txt ABSOLUTE
    gapc_con_cleanup                         0x0000c7cd   Thumb Code     0  stack_rom_symbol.txt ABSOLUTE
    gapc_send_disconect_ind                  0x0000c7dd   Thumb Code     0  stack_rom_symbol.txt ABSOLUTE
    gapc_get_conidx                          0x0000c7ff   Thumb Code     0  stack_rom_symbol.txt ABSOLUTE
    gapc_get_conhdl                          0x0000c825   Thumb Code     0  stack_rom_symbol.txt ABSOLUTE
    gapc_get_role                            0x0000c839   Thumb Code     0  stack_rom_symbol.txt ABSOLUTE
    gapc_get_bdaddr                          0x0000c855   Thumb Code     0  stack_rom_symbol.txt ABSOLUTE
    gapc_get_csrk                            0x0000c875   Thumb Code     0  stack_rom_symbol.txt ABSOLUTE
    gapc_get_sign_counter                    0x0000c893   Thumb Code     0  stack_rom_symbol.txt ABSOLUTE
    gapc_send_error_evt                      0x0000c8b1   Thumb Code     0  stack_rom_symbol.txt ABSOLUTE
    gapc_get_operation                       0x0000c8d3   Thumb Code     0  stack_rom_symbol.txt ABSOLUTE
    gapc_get_operation_ptr                   0x0000c8e9   Thumb Code     0  stack_rom_symbol.txt ABSOLUTE
    gapc_set_operation_ptr                   0x0000c8f5   Thumb Code     0  stack_rom_symbol.txt ABSOLUTE
    gapc_reschedule_operation                0x0000c901   Thumb Code     0  stack_rom_symbol.txt ABSOLUTE
    gapc_is_sec_set                          0x0000c943   Thumb Code     0  stack_rom_symbol.txt ABSOLUTE
    gapc_lk_sec_lvl_get                      0x0000c977   Thumb Code     0  stack_rom_symbol.txt ABSOLUTE
    gapc_enc_keysize_get                     0x0000c991   Thumb Code     0  stack_rom_symbol.txt ABSOLUTE
    gapc_enc_keysize_set                     0x0000c9a9   Thumb Code     0  stack_rom_symbol.txt ABSOLUTE
    gapc_link_encrypted                      0x0000c9bd   Thumb Code     0  stack_rom_symbol.txt ABSOLUTE
    gapc_auth_set                            0x0000c9d5   Thumb Code     0  stack_rom_symbol.txt ABSOLUTE
    gapc_auth_get                            0x0000ca21   Thumb Code     0  stack_rom_symbol.txt ABSOLUTE
    gapc_svc_chg_ccc_get                     0x0000ca51   Thumb Code     0  stack_rom_symbol.txt ABSOLUTE
    gapc_svc_chg_ccc_set                     0x0000ca61   Thumb Code     0  stack_rom_symbol.txt ABSOLUTE
    gapc_param_update_sanity                 0x0000ca77   Thumb Code     0  stack_rom_symbol.txt ABSOLUTE
    gapc_hci_handler                         0x0000d025   Thumb Code     0  stack_rom_symbol.txt ABSOLUTE
    gapc_sig_pdu_recv_handler                0x0000d12d   Thumb Code     0  stack_rom_symbol.txt ABSOLUTE
    gapc_process_op                          0x0000d169   Thumb Code     0  stack_rom_symbol.txt ABSOLUTE
    gapm_update_state                        0x0000ded1   Thumb Code     0  stack_rom_symbol.txt ABSOLUTE
    gapm_le_psm_cleanup                      0x0000df35   Thumb Code     0  stack_rom_symbol.txt ABSOLUTE
    gapm_init                                0x0000df4f   Thumb Code     0  stack_rom_symbol.txt ABSOLUTE
    gapm_init_attr                           0x0000dfc3   Thumb Code     0  stack_rom_symbol.txt ABSOLUTE
    gapm_get_operation                       0x0000dfef   Thumb Code     0  stack_rom_symbol.txt ABSOLUTE
    gapm_get_requester                       0x0000e001   Thumb Code     0  stack_rom_symbol.txt ABSOLUTE
    gapm_reschedule_operation                0x0000e019   Thumb Code     0  stack_rom_symbol.txt ABSOLUTE
    gapm_send_complete_evt                   0x0000e03b   Thumb Code     0  stack_rom_symbol.txt ABSOLUTE
    gapm_send_error_evt                      0x0000e071   Thumb Code     0  stack_rom_symbol.txt ABSOLUTE
    gapm_get_address_type                    0x0000e091   Thumb Code     0  stack_rom_symbol.txt ABSOLUTE
    gapm_con_create                          0x0000e09b   Thumb Code     0  stack_rom_symbol.txt ABSOLUTE
    gapm_con_enable                          0x0000e107   Thumb Code     0  stack_rom_symbol.txt ABSOLUTE
    gapm_con_cleanup                         0x0000e113   Thumb Code     0  stack_rom_symbol.txt ABSOLUTE
    gapm_get_id_from_task                    0x0000e147   Thumb Code     0  stack_rom_symbol.txt ABSOLUTE
    gapm_get_task_from_id                    0x0000e197   Thumb Code     0  stack_rom_symbol.txt ABSOLUTE
    gapm_is_disc_connection                  0x0000e1df   Thumb Code     0  stack_rom_symbol.txt ABSOLUTE
    gapm_get_max_mtu                         0x0000e205   Thumb Code     0  stack_rom_symbol.txt ABSOLUTE
    gapm_get_max_mps                         0x0000e20b   Thumb Code     0  stack_rom_symbol.txt ABSOLUTE
    gapm_set_max_mtu                         0x0000e211   Thumb Code     0  stack_rom_symbol.txt ABSOLUTE
    gapm_set_max_mps                         0x0000e22b   Thumb Code     0  stack_rom_symbol.txt ABSOLUTE
    gapm_addr_check                          0x0000e241   Thumb Code     0  stack_rom_symbol.txt ABSOLUTE
    gapm_dle_val_check                       0x0000e25d   Thumb Code     0  stack_rom_symbol.txt ABSOLUTE
    gapm_is_legacy_pairing_supp              0x0000e279   Thumb Code     0  stack_rom_symbol.txt ABSOLUTE
    gapm_is_sec_con_pairing_supp             0x0000e283   Thumb Code     0  stack_rom_symbol.txt ABSOLUTE
    gapm_le_psm_find                         0x0000e28d   Thumb Code     0  stack_rom_symbol.txt ABSOLUTE
    gapm_le_psm_get_info                     0x0000e2a3   Thumb Code     0  stack_rom_symbol.txt ABSOLUTE
    gapm_lecb_register                       0x0000e2d3   Thumb Code     0  stack_rom_symbol.txt ABSOLUTE
    gapm_lecb_unregister                     0x0000e31f   Thumb Code     0  stack_rom_symbol.txt ABSOLUTE
    gapm_is_embedded_host                    0x0000e33f   Thumb Code     0  stack_rom_symbol.txt ABSOLUTE
    gapm_set_embedded_host                   0x0000e347   Thumb Code     0  stack_rom_symbol.txt ABSOLUTE
    gapm_is_pref_con_param_pres              0x0000e34f   Thumb Code     0  stack_rom_symbol.txt ABSOLUTE
    gapm_get_att_handle                      0x0000e35b   Thumb Code     0  stack_rom_symbol.txt ABSOLUTE
    gapm_svc_chg_en                          0x0000e385   Thumb Code     0  stack_rom_symbol.txt ABSOLUTE
    gapm_dbg_mode_en                         0x0000e391   Thumb Code     0  stack_rom_symbol.txt ABSOLUTE
    gapm_set_svc_start_hdl                   0x0000e39b   Thumb Code     0  stack_rom_symbol.txt ABSOLUTE
    gapm_hci_handler                         0x0000ec49   Thumb Code     0  stack_rom_symbol.txt ABSOLUTE
    gapm_adv_op_sanity                       0x0000f68f   Thumb Code     0  stack_rom_symbol.txt ABSOLUTE
    gapm_set_adv_mode                        0x0000f821   Thumb Code     0  stack_rom_symbol.txt ABSOLUTE
    gapm_set_adv_data                        0x0000f839   Thumb Code     0  stack_rom_symbol.txt ABSOLUTE
    gapm_get_local_addrtype                  0x0000f863   Thumb Code     0  stack_rom_symbol.txt ABSOLUTE
    gapm_execute_adv_op                      0x0000f883   Thumb Code     0  stack_rom_symbol.txt ABSOLUTE
    gapm_get_role                            0x0000f999   Thumb Code     0  stack_rom_symbol.txt ABSOLUTE
    gapm_update_air_op_state                 0x0000f99f   Thumb Code     0  stack_rom_symbol.txt ABSOLUTE
    gapm_get_irk                             0x0000fa67   Thumb Code     0  stack_rom_symbol.txt ABSOLUTE
    gapm_get_bdaddr                          0x0000fa6b   Thumb Code     0  stack_rom_symbol.txt ABSOLUTE
    gapm_basic_hci_cmd_send                  0x0000fa71   Thumb Code     0  stack_rom_symbol.txt ABSOLUTE
    gapm_setup_conn                          0x0000fa85   Thumb Code     0  stack_rom_symbol.txt ABSOLUTE
    gapm_get_adv_mode                        0x0000fae1   Thumb Code     0  stack_rom_symbol.txt ABSOLUTE
    gapm_op_reset_continue                   0x0000fafd   Thumb Code     0  stack_rom_symbol.txt ABSOLUTE
    gapm_op_setup_continue                   0x0000fb83   Thumb Code     0  stack_rom_symbol.txt ABSOLUTE
    smpc_send_use_enc_block_cmd              0x0000fd41   Thumb Code     0  stack_rom_symbol.txt ABSOLUTE
    smpc_send_start_enc_cmd                  0x0000fd79   Thumb Code     0  stack_rom_symbol.txt ABSOLUTE
    smpc_send_ltk_req_rsp                    0x0000fde9   Thumb Code     0  stack_rom_symbol.txt ABSOLUTE
    smpc_send_pairing_req_ind                0x0000fe45   Thumb Code     0  stack_rom_symbol.txt ABSOLUTE
    smpc_send_pairing_ind                    0x0000fef7   Thumb Code     0  stack_rom_symbol.txt ABSOLUTE
    smpc_check_pairing_feat                  0x0000ff81   Thumb Code     0  stack_rom_symbol.txt ABSOLUTE
    smpc_launch_rep_att_timer                0x0000ffa7   Thumb Code     0  stack_rom_symbol.txt ABSOLUTE
    smpc_check_repeated_attempts             0x0000ffe1   Thumb Code     0  stack_rom_symbol.txt ABSOLUTE
    smpc_check_max_key_size                  0x00010033   Thumb Code     0  stack_rom_symbol.txt ABSOLUTE
    smpc_check_key_distrib                   0x0001005b   Thumb Code     0  stack_rom_symbol.txt ABSOLUTE
    smpc_xor                                 0x000100e1   Thumb Code     0  stack_rom_symbol.txt ABSOLUTE
    smpc_generate_l                          0x000100f9   Thumb Code     0  stack_rom_symbol.txt ABSOLUTE
    smpc_generate_ci                         0x00010161   Thumb Code     0  stack_rom_symbol.txt ABSOLUTE
    smpc_generate_rand                       0x000101c1   Thumb Code     0  stack_rom_symbol.txt ABSOLUTE
    smpc_generate_e1                         0x000101e7   Thumb Code     0  stack_rom_symbol.txt ABSOLUTE
    smpc_generate_cfm                        0x000102a5   Thumb Code     0  stack_rom_symbol.txt ABSOLUTE
    smpc_generate_stk                        0x0001031f   Thumb Code     0  stack_rom_symbol.txt ABSOLUTE
    smpc_calc_subkeys                        0x00010375   Thumb Code     0  stack_rom_symbol.txt ABSOLUTE
    smpc_clear_timeout_timer                 0x000103eb   Thumb Code     0  stack_rom_symbol.txt ABSOLUTE
    smpc_pairing_end                         0x00010413   Thumb Code     0  stack_rom_symbol.txt ABSOLUTE
    smpc_tkdp_rcp_continue                   0x0001047b   Thumb Code     0  stack_rom_symbol.txt ABSOLUTE
    smpc_tkdp_rcp_start                      0x0001050b   Thumb Code     0  stack_rom_symbol.txt ABSOLUTE
    smpc_pdu_send                            0x0001053b   Thumb Code     0  stack_rom_symbol.txt ABSOLUTE
    smpc_tkdp_send_continue                  0x000105cf   Thumb Code     0  stack_rom_symbol.txt ABSOLUTE
    smpc_tkdp_send_start                     0x00010699   Thumb Code     0  stack_rom_symbol.txt ABSOLUTE
    smpc_get_key_sec_prop                    0x000106c9   Thumb Code     0  stack_rom_symbol.txt ABSOLUTE
    smpc_is_sec_mode_reached                 0x00010741   Thumb Code     0  stack_rom_symbol.txt ABSOLUTE
    smpc_handle_enc_change_evt               0x0001076b   Thumb Code     0  stack_rom_symbol.txt ABSOLUTE
    smpc_pdu_recv                            0x000107fb   Thumb Code     0  stack_rom_symbol.txt ABSOLUTE
    smpc_pairing_tk_exch                     0x00010869   Thumb Code     0  stack_rom_symbol.txt ABSOLUTE
    smpc_pairing_ltk_exch                    0x000108cd   Thumb Code     0  stack_rom_symbol.txt ABSOLUTE
    smpc_pairing_irk_exch                    0x00010933   Thumb Code     0  stack_rom_symbol.txt ABSOLUTE
    smpc_pairing_csrk_exch                   0x0001096f   Thumb Code     0  stack_rom_symbol.txt ABSOLUTE
    smpc_pairing_rsp                         0x000109b3   Thumb Code     0  stack_rom_symbol.txt ABSOLUTE
    smpc_pairing_req_handler                 0x00010a97   Thumb Code     0  stack_rom_symbol.txt ABSOLUTE
    smpc_security_req_send                   0x00010acb   Thumb Code     0  stack_rom_symbol.txt ABSOLUTE
    smpc_encrypt_start_handler               0x00010b1d   Thumb Code     0  stack_rom_symbol.txt ABSOLUTE
    smpc_encrypt_cfm                         0x00010b49   Thumb Code     0  stack_rom_symbol.txt ABSOLUTE
    smpc_sign_command                        0x00010b75   Thumb Code     0  stack_rom_symbol.txt ABSOLUTE
    smpc_sign_cont                           0x00010c3f   Thumb Code     0  stack_rom_symbol.txt ABSOLUTE
    smpc_calc_confirm_cont                   0x00010ded   Thumb Code     0  stack_rom_symbol.txt ABSOLUTE
    smpc_confirm_gen_rand                    0x00010ec9   Thumb Code     0  stack_rom_symbol.txt ABSOLUTE
    smpc_key_press_notification_ind          0x00010f17   Thumb Code     0  stack_rom_symbol.txt ABSOLUTE
    smpc_check_param                         0x00010f3d   Thumb Code     0  stack_rom_symbol.txt ABSOLUTE
    smpm_gen_rand_addr                       0x000112e5   Thumb Code     0  stack_rom_symbol.txt ABSOLUTE
    smpm_send_encrypt_req                    0x00011301   Thumb Code     0  stack_rom_symbol.txt ABSOLUTE
    smpm_resolv_addr                         0x0001132f   Thumb Code     0  stack_rom_symbol.txt ABSOLUTE
    smpm_use_enc_block                       0x00011351   Thumb Code     0  stack_rom_symbol.txt ABSOLUTE
    smpm_gen_rand_nb                         0x00011353   Thumb Code     0  stack_rom_symbol.txt ABSOLUTE
    attc_send_att_req                        0x00011379   Thumb Code     0  stack_rom_symbol.txt ABSOLUTE
    attc_send_hdl_cfm                        0x000113a3   Thumb Code     0  stack_rom_symbol.txt ABSOLUTE
    attc_send_execute                        0x000113c3   Thumb Code     0  stack_rom_symbol.txt ABSOLUTE
    attc_send_read_ind                       0x000113e7   Thumb Code     0  stack_rom_symbol.txt ABSOLUTE
    attc_l2cc_pdu_recv_handler               0x00011d63   Thumb Code     0  stack_rom_symbol.txt ABSOLUTE
    attm_convert_to128                       0x00011db9   Thumb Code     0  stack_rom_symbol.txt ABSOLUTE
    attm_uuid_comp                           0x00011de9   Thumb Code     0  stack_rom_symbol.txt ABSOLUTE
    attm_uuid16_comp                         0x00011e41   Thumb Code     0  stack_rom_symbol.txt ABSOLUTE
    attm_is_bt16_uuid                        0x00011e4d   Thumb Code     0  stack_rom_symbol.txt ABSOLUTE
    attm_is_bt32_uuid                        0x00011e73   Thumb Code     0  stack_rom_symbol.txt ABSOLUTE
    attm_convert_to128_ti                    0x00011e9b   Thumb Code     0  stack_rom_symbol.txt ABSOLUTE
    attm_svc_create_db                       0x00011ecb   Thumb Code     0  stack_rom_symbol.txt ABSOLUTE
    attm_svc_create_db_128                   0x00011fcb   Thumb Code     0  stack_rom_symbol.txt ABSOLUTE
    attm_svc_create_db128                    0x000120f7   Thumb Code     0  stack_rom_symbol.txt ABSOLUTE
    attm_reserve_handle_range                0x00012235   Thumb Code     0  stack_rom_symbol.txt ABSOLUTE
    attm_att_set_value                       0x00012257   Thumb Code     0  stack_rom_symbol.txt ABSOLUTE
    attm_get_value                           0x00012309   Thumb Code     0  stack_rom_symbol.txt ABSOLUTE
    attm_att_set_permission                  0x00012471   Thumb Code     0  stack_rom_symbol.txt ABSOLUTE
    attm_att_update_perm                     0x000124e7   Thumb Code     0  stack_rom_symbol.txt ABSOLUTE
    attm_svc_set_permission                  0x00012555   Thumb Code     0  stack_rom_symbol.txt ABSOLUTE
    attm_svc_get_permission                  0x00012579   Thumb Code     0  stack_rom_symbol.txt ABSOLUTE
    attm_init                                0x00012597   Thumb Code     0  stack_rom_symbol.txt ABSOLUTE
    attmdb_svc_check_hdl                     0x000128af   Thumb Code     0  stack_rom_symbol.txt ABSOLUTE
    attmdb_add_service                       0x000128ff   Thumb Code     0  stack_rom_symbol.txt ABSOLUTE
    attmdb_destroy                           0x00012975   Thumb Code     0  stack_rom_symbol.txt ABSOLUTE
    attmdb_get_service                       0x0001298f   Thumb Code     0  stack_rom_symbol.txt ABSOLUTE
    attmdb_get_attribute                     0x000129cd   Thumb Code     0  stack_rom_symbol.txt ABSOLUTE
    attmdb_get_next_att                      0x00012a01   Thumb Code     0  stack_rom_symbol.txt ABSOLUTE
    attmdb_uuid16_comp                       0x00012a77   Thumb Code     0  stack_rom_symbol.txt ABSOLUTE
    attmdb_get_max_len                       0x00012ab5   Thumb Code     0  stack_rom_symbol.txt ABSOLUTE
    attmdb_get_uuid                          0x00012b1f   Thumb Code     0  stack_rom_symbol.txt ABSOLUTE
    attmdb_att_get_permission                0x00012bf5   Thumb Code     0  stack_rom_symbol.txt ABSOLUTE
    attmdb_get_nb_svc                        0x00012d03   Thumb Code     0  stack_rom_symbol.txt ABSOLUTE
    attmdb_get_svc_info                      0x00012d19   Thumb Code     0  stack_rom_symbol.txt ABSOLUTE
    atts_clear_read_cache                    0x00012df5   Thumb Code     0  stack_rom_symbol.txt ABSOLUTE
    atts_send_error                          0x00012f57   Thumb Code     0  stack_rom_symbol.txt ABSOLUTE
    atts_write_signed_cfm                    0x00012f7b   Thumb Code     0  stack_rom_symbol.txt ABSOLUTE
    atts_send_event                          0x00012fbd   Thumb Code     0  stack_rom_symbol.txt ABSOLUTE
    atts_clear_prep_data                     0x00013049   Thumb Code     0  stack_rom_symbol.txt ABSOLUTE
    atts_clear_rsp_data                      0x00013065   Thumb Code     0  stack_rom_symbol.txt ABSOLUTE
    atts_write_rsp_send                      0x00013081   Thumb Code     0  stack_rom_symbol.txt ABSOLUTE
    atts_process_pdu                         0x00013d1b   Thumb Code     0  stack_rom_symbol.txt ABSOLUTE
    atts_l2cc_pdu_recv_handler               0x00013d81   Thumb Code     0  stack_rom_symbol.txt ABSOLUTE
    gattc_update_state                       0x00013fc7   Thumb Code     0  stack_rom_symbol.txt ABSOLUTE
    gattc_get_requester                      0x00013feb   Thumb Code     0  stack_rom_symbol.txt ABSOLUTE
    gattc_send_complete_evt                  0x00014007   Thumb Code     0  stack_rom_symbol.txt ABSOLUTE
    gattc_cleanup                            0x00014065   Thumb Code     0  stack_rom_symbol.txt ABSOLUTE
    gattc_init                               0x000140ff   Thumb Code     0  stack_rom_symbol.txt ABSOLUTE
    gattc_create                             0x00014133   Thumb Code     0  stack_rom_symbol.txt ABSOLUTE
    gattc_con_enable                         0x000141a7   Thumb Code     0  stack_rom_symbol.txt ABSOLUTE
    gattc_get_mtu                            0x000141bb   Thumb Code     0  stack_rom_symbol.txt ABSOLUTE
    gattc_set_mtu                            0x000141c7   Thumb Code     0  stack_rom_symbol.txt ABSOLUTE
    gattc_send_error_evt                     0x00014205   Thumb Code     0  stack_rom_symbol.txt ABSOLUTE
    gattc_get_operation                      0x0001422b   Thumb Code     0  stack_rom_symbol.txt ABSOLUTE
    gattc_get_op_seq_num                     0x00014241   Thumb Code     0  stack_rom_symbol.txt ABSOLUTE
    gattc_get_operation_ptr                  0x00014257   Thumb Code     0  stack_rom_symbol.txt ABSOLUTE
    gattc_set_operation_ptr                  0x00014263   Thumb Code     0  stack_rom_symbol.txt ABSOLUTE
    gattc_reschedule_operation               0x0001426f   Thumb Code     0  stack_rom_symbol.txt ABSOLUTE
    gattm_svc_get_start_hdl                  0x00015199   Thumb Code     0  stack_rom_symbol.txt ABSOLUTE
    gattm_init                               0x0001519f   Thumb Code     0  stack_rom_symbol.txt ABSOLUTE
    gattm_init_attr                          0x000151bd   Thumb Code     0  stack_rom_symbol.txt ABSOLUTE
    gattm_create                             0x00015225   Thumb Code     0  stack_rom_symbol.txt ABSOLUTE
    gattm_cleanup                            0x0001522d   Thumb Code     0  stack_rom_symbol.txt ABSOLUTE
    l2cc_send_error_evt                      0x00015249   Thumb Code     0  stack_rom_symbol.txt ABSOLUTE
    l2cc_update_state                        0x00015271   Thumb Code     0  stack_rom_symbol.txt ABSOLUTE
    l2cc_send_complete_evt                   0x00015297   Thumb Code     0  stack_rom_symbol.txt ABSOLUTE
    l2cc_cleanup                             0x000152e9   Thumb Code     0  stack_rom_symbol.txt ABSOLUTE
    l2cc_init                                0x000153b9   Thumb Code     0  stack_rom_symbol.txt ABSOLUTE
    l2cc_create                              0x000153ef   Thumb Code     0  stack_rom_symbol.txt ABSOLUTE
    l2cc_get_operation                       0x00015431   Thumb Code     0  stack_rom_symbol.txt ABSOLUTE
    l2cc_get_operation_ptr                   0x00015445   Thumb Code     0  stack_rom_symbol.txt ABSOLUTE
    l2cc_set_operation_ptr                   0x00015451   Thumb Code     0  stack_rom_symbol.txt ABSOLUTE
    l2cc_data_send                           0x0001545d   Thumb Code     0  stack_rom_symbol.txt ABSOLUTE
    l2cc_lecb_h2l_err                        0x00015739   Thumb Code     0  stack_rom_symbol.txt ABSOLUTE
    l2cc_lecb_find                           0x00015773   Thumb Code     0  stack_rom_symbol.txt ABSOLUTE
    l2cc_lecb_free                           0x000157af   Thumb Code     0  stack_rom_symbol.txt ABSOLUTE
    l2cc_lecb_init_disconnect                0x00015867   Thumb Code     0  stack_rom_symbol.txt ABSOLUTE
    l2cc_lecb_send_con_req                   0x00015897   Thumb Code     0  stack_rom_symbol.txt ABSOLUTE
    l2cc_lecb_send_con_rsp                   0x000158d3   Thumb Code     0  stack_rom_symbol.txt ABSOLUTE
    l2cc_lecb_send_disc_req                  0x00015903   Thumb Code     0  stack_rom_symbol.txt ABSOLUTE
    l2cc_lecb_send_disc_rsp                  0x00015933   Thumb Code     0  stack_rom_symbol.txt ABSOLUTE
    l2cc_lecb_send_credit_add                0x00015957   Thumb Code     0  stack_rom_symbol.txt ABSOLUTE
    l2cc_lecb_pdu_pack                       0x00015989   Thumb Code     0  stack_rom_symbol.txt ABSOLUTE
    l2cc_lecb_pdu_unpack                     0x000159ed   Thumb Code     0  stack_rom_symbol.txt ABSOLUTE
    l2cc_dbg_pdu_pack                        0x00015a3f   Thumb Code     0  stack_rom_symbol.txt ABSOLUTE
    l2cc_dbg_pdu_unpack                      0x00015a87   Thumb Code     0  stack_rom_symbol.txt ABSOLUTE
    l2cc_pdu_pack                            0x00015ab1   Thumb Code     0  stack_rom_symbol.txt ABSOLUTE
    l2cc_pdu_unpack                          0x00015d21   Thumb Code     0  stack_rom_symbol.txt ABSOLUTE
    l2cc_pdu_header_check                    0x00015f85   Thumb Code     0  stack_rom_symbol.txt ABSOLUTE
    l2cc_sig_send_cmd_reject                 0x00016255   Thumb Code     0  stack_rom_symbol.txt ABSOLUTE
    l2cc_sig_pdu_recv_handler                0x00016735   Thumb Code     0  stack_rom_symbol.txt ABSOLUTE
    l2cc_process_op                          0x00016785   Thumb Code     0  stack_rom_symbol.txt ABSOLUTE
    l2cc_pdu_alloc                           0x00016ecd   Thumb Code     0  stack_rom_symbol.txt ABSOLUTE
    l2cc_pdu_send                            0x00016ef7   Thumb Code     0  stack_rom_symbol.txt ABSOLUTE
    l2cm_init                                0x00016f5b   Thumb Code     0  stack_rom_symbol.txt ABSOLUTE
    l2cm_create                              0x00016f81   Thumb Code     0  stack_rom_symbol.txt ABSOLUTE
    l2cm_cleanup                             0x00016f89   Thumb Code     0  stack_rom_symbol.txt ABSOLUTE
    l2cm_set_link_layer_buff_size            0x00016f93   Thumb Code     0  stack_rom_symbol.txt ABSOLUTE
    l2cm_get_nb_buffer_available             0x00016f9d   Thumb Code     0  stack_rom_symbol.txt ABSOLUTE
    l2cm_tx_status                           0x00016fa3   Thumb Code     0  stack_rom_symbol.txt ABSOLUTE
    hci_evt_mask_set                         0x00016fd5   Thumb Code     0  stack_rom_symbol.txt ABSOLUTE
    hci_init                                 0x0001701f   Thumb Code     0  stack_rom_symbol.txt ABSOLUTE
    hci_reset                                0x00017041   Thumb Code     0  stack_rom_symbol.txt ABSOLUTE
    hci_send_2_host                          0x00017063   Thumb Code     0  stack_rom_symbol.txt ABSOLUTE
    hci_send_2_controller                    0x000170fb   Thumb Code     0  stack_rom_symbol.txt ABSOLUTE
    hci_fc_init                              0x000171c5   Thumb Code     0  stack_rom_symbol.txt ABSOLUTE
    hci_fc_acl_buf_size_set                  0x000171d1   Thumb Code     0  stack_rom_symbol.txt ABSOLUTE
    hci_fc_acl_en                            0x000171f1   Thumb Code     0  stack_rom_symbol.txt ABSOLUTE
    hci_fc_acl_packet_sent                   0x00017219   Thumb Code     0  stack_rom_symbol.txt ABSOLUTE
    hci_fc_host_nb_acl_pkts_complete         0x00017229   Thumb Code     0  stack_rom_symbol.txt ABSOLUTE
    hci_fc_check_host_available_nb_acl_packets 0x0001723b   Thumb Code     0  stack_rom_symbol.txt ABSOLUTE
    hci_dbg_wr_mem_cmd_upk                   0x00017567   Thumb Code     0  stack_rom_symbol.txt ABSOLUTE
    hci_dbg_wr_flash_cmd_upk                 0x000175eb   Thumb Code     0  stack_rom_symbol.txt ABSOLUTE
    hci_dbg_wr_par_cmd_upk                   0x00017671   Thumb Code     0  stack_rom_symbol.txt ABSOLUTE
    hci_dbg_rd_data_cmd_cmp_evt_pk           0x000176db   Thumb Code     0  stack_rom_symbol.txt ABSOLUTE
    hci_dbg_assert_err_evt_pkupk             0x00017743   Thumb Code     0  stack_rom_symbol.txt ABSOLUTE
    hci_look_for_cmd_desc                    0x000177e7   Thumb Code     0  stack_rom_symbol.txt ABSOLUTE
    hci_look_for_evt_desc                    0x00017837   Thumb Code     0  stack_rom_symbol.txt ABSOLUTE
    hci_look_for_dbg_evt_desc                0x0001785d   Thumb Code     0  stack_rom_symbol.txt ABSOLUTE
    hci_look_for_le_evt_desc                 0x00017881   Thumb Code     0  stack_rom_symbol.txt ABSOLUTE
    hci_tl_send                              0x00017b49   Thumb Code     0  stack_rom_symbol.txt ABSOLUTE
    hci_tl_init                              0x00017b93   Thumb Code     0  stack_rom_symbol.txt ABSOLUTE
    hci_cmd_get_max_param_size               0x00017bbd   Thumb Code     0  stack_rom_symbol.txt ABSOLUTE
    hci_cmd_received                         0x00017bcf   Thumb Code     0  stack_rom_symbol.txt ABSOLUTE
    hci_acl_tx_data_alloc                    0x00017cf3   Thumb Code     0  stack_rom_symbol.txt ABSOLUTE
    hci_acl_tx_data_received                 0x00017d67   Thumb Code     0  stack_rom_symbol.txt ABSOLUTE
    hci_util_pack                            0x00017e5d   Thumb Code     0  stack_rom_symbol.txt ABSOLUTE
    hci_util_unpack                          0x00017f5d   Thumb Code     0  stack_rom_symbol.txt ABSOLUTE
    ahi_init                                 0x000180df   Thumb Code     0  stack_rom_symbol.txt ABSOLUTE
    ahi_send_msg                             0x00018101   Thumb Code     0  stack_rom_symbol.txt ABSOLUTE
    h4tl_init                                0x00018543   Thumb Code     0  stack_rom_symbol.txt ABSOLUTE
    h4tl_write                               0x00018581   Thumb Code     0  stack_rom_symbol.txt ABSOLUTE
    h4tl_start                               0x000185f5   Thumb Code     0  stack_rom_symbol.txt ABSOLUTE
    h4tl_stop                                0x0001860f   Thumb Code     0  stack_rom_symbol.txt ABSOLUTE
    __aeabi_uidiv                            0x00018699   Thumb Code     0  stack_rom_symbol.txt ABSOLUTE
    __aeabi_uidivmod                         0x00018699   Thumb Code     0  stack_rom_symbol.txt ABSOLUTE
    __aeabi_idiv                             0x000186c5   Thumb Code     0  stack_rom_symbol.txt ABSOLUTE
    __aeabi_idivmod                          0x000186c5   Thumb Code     0  stack_rom_symbol.txt ABSOLUTE
    rand                                     0x000186ed   Thumb Code     0  stack_rom_symbol.txt ABSOLUTE
    srand                                    0x000186ff   Thumb Code     0  stack_rom_symbol.txt ABSOLUTE
    __aeabi_memcpy                           0x00018711   Thumb Code     0  stack_rom_symbol.txt ABSOLUTE
    __aeabi_memcpy4                          0x00018711   Thumb Code     0  stack_rom_symbol.txt ABSOLUTE
    __aeabi_memcpy8                          0x00018711   Thumb Code     0  stack_rom_symbol.txt ABSOLUTE
    __aeabi_memset                           0x00018735   Thumb Code     0  stack_rom_symbol.txt ABSOLUTE
    __aeabi_memset4                          0x00018735   Thumb Code     0  stack_rom_symbol.txt ABSOLUTE
    __aeabi_memset8                          0x00018735   Thumb Code     0  stack_rom_symbol.txt ABSOLUTE
    __aeabi_memclr                           0x00018745   Thumb Code     0  stack_rom_symbol.txt ABSOLUTE
    __aeabi_memclr4                          0x00018745   Thumb Code     0  stack_rom_symbol.txt ABSOLUTE
    __aeabi_memclr8                          0x00018745   Thumb Code     0  stack_rom_symbol.txt ABSOLUTE
    _memset$wrapper                          0x00018749   Thumb Code     0  stack_rom_symbol.txt ABSOLUTE
    strlen                                   0x0001875b   Thumb Code     0  stack_rom_symbol.txt ABSOLUTE
    memcmp                                   0x00018769   Thumb Code     0  stack_rom_symbol.txt ABSOLUTE
    __ARM_clz                                0x00018784   ARM Code       0  stack_rom_symbol.txt ABSOLUTE
    __ARM_common_disable_fiq                 0x0001878c   ARM Code       0  stack_rom_symbol.txt ABSOLUTE
    __ARM_common_disable_irq                 0x000187a0   ARM Code       0  stack_rom_symbol.txt ABSOLUTE
    __ARM_common_enable_fiq                  0x000187b4   ARM Code       0  stack_rom_symbol.txt ABSOLUTE
    __ARM_common_enable_irq                  0x000187c4   ARM Code       0  stack_rom_symbol.txt ABSOLUTE
    __ARM_common_switch8                     0x000187d4   ARM Code       0  stack_rom_symbol.txt ABSOLUTE
    dbg_default_handler                      0x000188f0   Data           0  stack_rom_symbol.txt ABSOLUTE
    one_bits                                 0x000188f8   Data           0  stack_rom_symbol.txt ABSOLUTE
    co_sca2ppm                               0x00018908   Data           0  stack_rom_symbol.txt ABSOLUTE
    co_null_bdaddr                           0x00018918   Data           0  stack_rom_symbol.txt ABSOLUTE
    llc_default_handler                      0x00018ad0   Data           0  stack_rom_symbol.txt ABSOLUTE
    rwip_coex_cfg                            0x00018ae8   Data           0  stack_rom_symbol.txt ABSOLUTE
    rwip_priority                            0x00018aed   Data           0  stack_rom_symbol.txt ABSOLUTE
    lld_pdu_adv_pk_desc_tab                  0x00018afc   Data           0  stack_rom_symbol.txt ABSOLUTE
    lld_pdu_llcp_pk_desc_tab                 0x00018b50   Data           0  stack_rom_symbol.txt ABSOLUTE
    llm_local_data_len_values                0x00018c5e   Data           0  stack_rom_symbol.txt ABSOLUTE
    llm_local_cmds                           0x00018c7c   Data           0  stack_rom_symbol.txt ABSOLUTE
    llm_local_le_feats                       0x00018cbc   Data           0  stack_rom_symbol.txt ABSOLUTE
    llm_local_le_states                      0x00018cc4   Data           0  stack_rom_symbol.txt ABSOLUTE
    llm_default_handler                      0x00018e2c   Data           0  stack_rom_symbol.txt ABSOLUTE
    LLM_AA_CT1                               0x00018e34   Data           0  stack_rom_symbol.txt ABSOLUTE
    LLM_AA_CT2                               0x00018e37   Data           0  stack_rom_symbol.txt ABSOLUTE
    gapc_sig_handlers                        0x00018ef4   Data           0  stack_rom_symbol.txt ABSOLUTE
    gapc_default_state                       0x00018f0c   Data           0  stack_rom_symbol.txt ABSOLUTE
    gapc_default_handler                     0x0001901c   Data           0  stack_rom_symbol.txt ABSOLUTE
    gapm_default_state                       0x0001918c   Data           0  stack_rom_symbol.txt ABSOLUTE
    gapm_default_handler                     0x00019254   Data           0  stack_rom_symbol.txt ABSOLUTE
    smpc_construct_pdu                       0x00019278   Data           0  stack_rom_symbol.txt ABSOLUTE
    smpc_recv_pdu                            0x000192b4   Data           0  stack_rom_symbol.txt ABSOLUTE
    attc_handlers                            0x000192f0   Data           0  stack_rom_symbol.txt ABSOLUTE
    atts_handlers                            0x00019384   Data           0  stack_rom_symbol.txt ABSOLUTE
    gattc_default_state                      0x000193fc   Data           0  stack_rom_symbol.txt ABSOLUTE
    gattc_default_handler                    0x000194dc   Data           0  stack_rom_symbol.txt ABSOLUTE
    gattm_default_state                      0x00019518   Data           0  stack_rom_symbol.txt ABSOLUTE
    gattm_default_handler                    0x00019520   Data           0  stack_rom_symbol.txt ABSOLUTE
    l2cc_sig_handlers                        0x0001964c   Data           0  stack_rom_symbol.txt ABSOLUTE
    l2cc_default_state                       0x0001968c   Data           0  stack_rom_symbol.txt ABSOLUTE
    l2cc_default_handler                     0x000196ec   Data           0  stack_rom_symbol.txt ABSOLUTE
    hci_cmd_desc_tab_lk_ctrl                 0x00019704   Data           0  stack_rom_symbol.txt ABSOLUTE
    hci_cmd_desc_tab_ctrl_bb                 0x00019728   Data           0  stack_rom_symbol.txt ABSOLUTE
    hci_cmd_desc_tab_info_par                0x000197a0   Data           0  stack_rom_symbol.txt ABSOLUTE
    hci_cmd_desc_tab_stat_par                0x000197dc   Data           0  stack_rom_symbol.txt ABSOLUTE
    hci_cmd_desc_tab_le                      0x000197e8   Data           0  stack_rom_symbol.txt ABSOLUTE
    hci_cmd_desc_tab_vs                      0x00019a10   Data           0  stack_rom_symbol.txt ABSOLUTE
    hci_evt_dbg_desc_tab                     0x00019ab8   Data           0  stack_rom_symbol.txt ABSOLUTE
    hci_cmd_desc_root_tab                    0x00019ac0   Data           0  stack_rom_symbol.txt ABSOLUTE
    hci_evt_desc_tab                         0x00019af0   Data           0  stack_rom_symbol.txt ABSOLUTE
    hci_evt_le_desc_tab                      0x00019b38   Data           0  stack_rom_symbol.txt ABSOLUTE
    ahi_default_state                        0x00019b90   Data           0  stack_rom_symbol.txt ABSOLUTE
    ahi_default_handler                      0x00019b98   Data           0  stack_rom_symbol.txt ABSOLUTE
    boot_stack_base_UNUSED                   0x0001b084   Data           4  boot_handlers.o(SYS_BOOT)
    boot_stack_len_UNUSED                    0x0001b088   Data           4  boot_handlers.o(SYS_BOOT)
    boot_stack_base_IRQ                      0x0001b08c   Data           4  boot_handlers.o(SYS_BOOT)
    boot_stack_len_IRQ                       0x0001b090   Data           4  boot_handlers.o(SYS_BOOT)
    boot_stack_base_SVC                      0x0001b094   Data           4  boot_handlers.o(SYS_BOOT)
    boot_stack_len_SVC                       0x0001b098   Data           4  boot_handlers.o(SYS_BOOT)
    boot_stack_base_FIQ                      0x0001b09c   Data           4  boot_handlers.o(SYS_BOOT)
    boot_stack_len_FIQ                       0x0001b0a0   Data           4  boot_handlers.o(SYS_BOOT)
    sys_Reset                                0x0001b0a4   ARM Code       0  boot_handlers.o(SYS_BOOT)
    Long ARM to Thumb Veneer to Undefined_Exception 0x0001b270   ARM Code       8  anon$$obj.o(Veneer$$Code)
    Long ARM to Thumb Veneer to SoftwareInterrupt_Exception 0x0001b278   ARM Code       8  anon$$obj.o(Veneer$$Code)
    Long ARM to Thumb Veneer to PrefetchAbort_Exception 0x0001b280   ARM Code       8  anon$$obj.o(Veneer$$Code)
    Long ARM to Thumb Veneer to DataAbort_Exception 0x0001b288   ARM Code       8  anon$$obj.o(Veneer$$Code)
    Long ARM to Thumb Veneer to Reserved_Exception 0x0001b290   ARM Code       8  anon$$obj.o(Veneer$$Code)
    Long ARM to Thumb Veneer to rw_main      0x0001b298   ARM Code       8  anon$$obj.o(Veneer$$Code)
    SYSirq_FIQ_Handler                       0x0001b300   ARM Code      16  intc.o(sys_fiq_entry)
    SYSirq_IRQ_Handler                       0x0001b320   ARM Code      16  intc.o(sys_irq_entry)
    assert_err                               0x0001b331   Thumb Code    18  arch_main.o(.text)
    assert_param                             0x0001b343   Thumb Code    22  arch_main.o(.text)
    assert_warn                              0x0001b359   Thumb Code    22  arch_main.o(.text)
    dump_data                                0x0001b36f   Thumb Code    18  arch_main.o(.text)
    platform_reset                           0x0001b381   Thumb Code    46  arch_main.o(.text)
    bdaddr_env_init                          0x0001b3af   Thumb Code    74  arch_main.o(.text)
    ble_clk_enable                           0x0001b3f9   Thumb Code    10  arch_main.o(.text)
    begin_set                                0x0001b403   Thumb Code    50  arch_main.o(.text)
    rom_env_init                             0x0001b435   Thumb Code    86  arch_main.o(.text)
    rwip_eif_api_init                        0x0001b4af   Thumb Code    20  arch_main.o(.text)
    rw_main                                  0x0001b4c3   Thumb Code   186  arch_main.o(.text)
    rwip_eif_get                             0x0001b57d   Thumb Code    16  arch_main.o(.text)
    rwble_hl_init                            0x0001b7f5   Thumb Code    28  rwble_hl.o(.text)
    rwble_hl_reset                           0x0001b811   Thumb Code    28  rwble_hl.o(.text)
    rwble_init                               0x0001b82d   Thumb Code    28  rwble.o(.text)
    rwble_reset                              0x0001b849   Thumb Code    86  rwble.o(.text)
    rwble_sleep_check                        0x0001b89f   Thumb Code    16  rwble.o(.text)
    rwble_activity_ongoing_check             0x0001b8af   Thumb Code    30  rwble.o(.text)
    rwble_version                            0x0001b8cd   Thumb Code    44  rwble.o(.text)
    rwble_isr                                0x0001b8f9   Thumb Code   556  rwble.o(.text)
    rwip_check_wakeup_boundary               0x0001bb35   Thumb Code    34  rwip.o(.text)
    rwip_init                                0x0001bb57   Thumb Code   130  rwip.o(.text)
    rwip_reset                               0x0001bbd9   Thumb Code    56  rwip.o(.text)
    rwip_version                             0x0001bc11   Thumb Code     8  rwip.o(.text)
    rwip_schedule                            0x0001bc19   Thumb Code    16  rwip.o(.text)
    rwip_prevent_sleep_set                   0x0001bc29   Thumb Code    74  rwip.o(.text)
    rwip_sleep                               0x0001bc73   Thumb Code   352  rwip.o(.text)
    rwip_wakeup                              0x0001bdd3   Thumb Code    46  rwip.o(.text)
    rwip_prevent_sleep_clear                 0x0001be01   Thumb Code    74  rwip.o(.text)
    rwip_wakeup_end                          0x0001be4b   Thumb Code    36  rwip.o(.text)
    rwip_us_2_lpcycles                       0x0001be6f   Thumb Code    14  rwip.o(.text)
    rwip_wakeup_delay_set                    0x0001be7d   Thumb Code    12  rwip.o(.text)
    rwip_prevent_sleep_get                   0x0001be89   Thumb Code     6  rwip.o(.text)
    rwip_sleep_enable                        0x0001be8f   Thumb Code     6  rwip.o(.text)
    rwip_ext_wakeup_enable                   0x0001be95   Thumb Code     6  rwip.o(.text)
    rwip_sleep_lpcycles_2_us                 0x0001be9b   Thumb Code    42  rwip.o(.text)
    rwip_assert_err                          0x0001bec5   Thumb Code     2  rwip.o(.text)
    emi_init                                 0x0001bf2d   Thumb Code    20  emi.o(.text)
    flash_init                               0x0001bf45   Thumb Code    24  flash.o(.text)
    flash_readword                           0x0001bf5d   Thumb Code    50  flash.o(.text)
    flash_writeword                          0x0001bf8f   Thumb Code    50  flash.o(.text)
    flash_erase_sector                       0x0001bfc1   Thumb Code    48  flash.o(.text)
    flash_erase                              0x0001bff1   Thumb Code    36  flash.o(.text)
    flash_write                              0x0001c015   Thumb Code   110  flash.o(.text)
    flash_read                               0x0001c083   Thumb Code   102  flash.o(.text)
    crc16                                    0x0001c0e9   Thumb Code    44  flash.o(.text)
    write_lmecc_pointq                       0x0001c115   Thumb Code     2  flash.o(.text)
    read_lmecc_pointq_status                 0x0001c117   Thumb Code     4  flash.o(.text)
    read_lmecc_pointq                        0x0001c11b   Thumb Code     2  flash.o(.text)
    gpio_config                              0x0001c16d   Thumb Code   144  gpio.o(.text)
    gpio_get_input                           0x0001c1fd   Thumb Code    28  gpio.o(.text)
    gpio_set                                 0x0001c219   Thumb Code    36  gpio.o(.text)
    gpio_init                                0x0001c23d   Thumb Code     2  gpio.o(.text)
    gpio_triger                              0x0001c23f   Thumb Code    20  gpio.o(.text)
    gpio_cb_register                         0x0001c253   Thumb Code    12  gpio.o(.text)
    gpio_isr                                 0x0001c25f   Thumb Code    64  gpio.o(.text)
    gpio_test_init                           0x0001c29f   Thumb Code    54  gpio.o(.text)
    gpio_sleep                               0x0001c2d5   Thumb Code    72  gpio.o(.text)
    gpio_wakeup                              0x0001c31d   Thumb Code    52  gpio.o(.text)
    DEBUG_MSG                                0x0001c351   Thumb Code     2  gpio.o(.text)
    system_sleep_init                        0x0001c36d   Thumb Code     8  icu.o(.text)
    icu_init                                 0x0001c375   Thumb Code    56  icu.o(.text)
    icu_get_sleep_mode                       0x0001c3ad   Thumb Code     6  icu.o(.text)
    icu_set_sleep_mode                       0x0001c3b3   Thumb Code     6  icu.o(.text)
    enter_deep_sleep                         0x0001c3b9   Thumb Code    28  icu.o(.text)
    cpu_reduce_voltage_sleep                 0x0001c3d5   Thumb Code    60  icu.o(.text)
    cpu_wakeup                               0x0001c411   Thumb Code    28  icu.o(.text)
    cpu_idle_sleep                           0x0001c42d   Thumb Code     8  icu.o(.text)
    switch_clk                               0x0001c435   Thumb Code    52  icu.o(.text)
    bk3435_singleWaveCfg                     0x0001c469   Thumb Code    20  icu.o(.text)
    intc_spurious                            0x0001c495   Thumb Code     2  intc.o(.text)
    intc_init                                0x0001c497   Thumb Code    28  intc.o(.text)
    intc_stat_clear                          0x0001c4b3   Thumb Code     8  intc.o(.text)
    IRQ_Exception                            0x0001c4bb   Thumb Code    40  intc.o(.text)
    FIQ_Exception                            0x0001c4e3   Thumb Code    22  intc.o(.text)
    timer_init                               0x0001c505   Thumb Code     2  timer.o(.text)
    timer_set_timeout                        0x0001c507   Thumb Code     6  timer.o(.text)
    timer_get_time                           0x0001c50d   Thumb Code     6  timer.o(.text)
    timer_enable                             0x0001c513   Thumb Code     6  timer.o(.text)
    timer_isr                                0x0001c519   Thumb Code    20  timer.o(.text)
    wdt_disable                              0x0001c531   Thumb Code    28  wdt.o(.text)
    wdt_enable                               0x0001c54d   Thumb Code    38  wdt.o(.text)
    wdt_feed                                 0x0001c573   Thumb Code    28  wdt.o(.text)
    Read_Uart_Buf                            0x0001c599   Thumb Code    14  uart.o(.text)
    Uart_Read_Byte                           0x0001c5a7   Thumb Code    10  uart.o(.text)
    uart_putchar                             0x0001c5b1   Thumb Code    34  uart.o(.text)
    uart_printf                              0x0001c5d3   Thumb Code    46  uart.o(.text)
    uart_printf_null                         0x0001c601   Thumb Code     4  uart.o(.text)
    hex2Str                                  0x0001c605   Thumb Code    46  uart.o(.text)
    uart_print_int                           0x0001c633   Thumb Code    48  uart.o(.text)
    cpu_delay                                0x0001c663   Thumb Code    26  uart.o(.text)
    uart_init                                0x0001c67d   Thumb Code   136  uart.o(.text)
    uart_flow_on                             0x0001c705   Thumb Code     2  uart.o(.text)
    uart_clear_rxfifo                        0x0001c707   Thumb Code    26  uart.o(.text)
    uart_flow_off                            0x0001c721   Thumb Code     4  uart.o(.text)
    uart_finish_transfers                    0x0001c725   Thumb Code    24  uart.o(.text)
    uart_read                                0x0001c73d   Thumb Code    66  uart.o(.text)
    uart_write                               0x0001c77f   Thumb Code   112  uart.o(.text)
    uart_send                                0x0001c7ef   Thumb Code    26  uart.o(.text)
    uart_cb_register                         0x0001c809   Thumb Code    10  uart.o(.text)
    uart_cb_clear                            0x0001c813   Thumb Code    14  uart.o(.text)
    uart_isr                                 0x0001c821   Thumb Code   104  uart.o(.text)
    check_uart_stop                          0x0001c889   Thumb Code    10  uart.o(.text)
    Delay_ms                                 0x0001c95b   Thumb Code    26  rf_xvr.o(.text)
    kmod_calibration                         0x0001c975   Thumb Code   280  rf_xvr.o(.text)
    initial_xver_BK3432_openLoop             0x0001ca8d   Thumb Code   318  rf_xvr.o(.text)
    rf_init                                  0x0001cbcb   Thumb Code    36  rf_xvr.o(.text)
    Delay_us                                 0x0001cbef   Thumb Code    20  rf_xvr.o(.text)
    Delay                                    0x0001cc03   Thumb Code    20  rf_xvr.o(.text)
    CLK32K_AutoCali_init                     0x0001cc17   Thumb Code    22  rf_xvr.o(.text)
    bass_get_att_handle                      0x0001cdf3   Thumb Code   122  bass.o(.text)
    bass_prf_itf_get                         0x0001cead   Thumb Code     6  bass.o(.text)
    bass_get_att_idx                         0x0001ceb3   Thumb Code   112  bass.o(.text)
    bass_exe_operation                       0x0001cf23   Thumb Code   238  bass.o(.text)
    diss_compute_cfg_flag                    0x0001d2c5   Thumb Code    40  diss.o(.text)
    diss_prf_itf_get                         0x0001d397   Thumb Code     6  diss.o(.text)
    diss_handle_to_value                     0x0001d39d   Thumb Code    54  diss.o(.text)
    diss_value_to_handle                     0x0001d3d3   Thumb Code    60  diss.o(.text)
    diss_check_val_len                       0x0001d40f   Thumb Code    42  diss.o(.text)
    fff0s_get_att_handle                     0x0001d719   Thumb Code    50  fff0s.o(.text)
    fff0s_notify_fff1_lvl                    0x0001d74b   Thumb Code    64  fff0s.o(.text)
    fff0s_prf_itf_get                        0x0001d78b   Thumb Code     6  fff0s.o(.text)
    fff0s_get_att_idx                        0x0001d791   Thumb Code    62  fff0s.o(.text)
    oad_save_reciveData                      0x0001db03   Thumb Code    32  oads.o(.text)
    oad_updating_user_section_begin          0x0001db23   Thumb Code    38  oads.o(.text)
    oad_updating_user_section_pro            0x0001db49   Thumb Code   104  oads.o(.text)
    oad_updating_user_section_end            0x0001dbb1   Thumb Code    18  oads.o(.text)
    oadImgIdentifyWrite                      0x0001dca5   Thumb Code   320  oads.o(.text)
    oadImgBlockWrite                         0x0001dde5   Thumb Code   590  oads.o(.text)
    oads_prf_itf_get                         0x0001e033   Thumb Code     4  oads.o(.text)
    prf_init                                 0x0001e41f   Thumb Code   112  prf.o(.text)
    prf_add_profile                          0x0001e48f   Thumb Code   130  prf.o(.text)
    prf_create                               0x0001e511   Thumb Code    44  prf.o(.text)
    prf_cleanup                              0x0001e53d   Thumb Code    48  prf.o(.text)
    prf_env_get                              0x0001e56d   Thumb Code    44  prf.o(.text)
    prf_src_task_get                         0x0001e599   Thumb Code    16  prf.o(.text)
    prf_dst_task_get                         0x0001e5a9   Thumb Code    16  prf.o(.text)
    prf_get_id_from_task                     0x0001e5b9   Thumb Code    52  prf.o(.text)
    prf_get_task_from_id                     0x0001e5ed   Thumb Code    52  prf.o(.text)
    prf_pack_char_pres_fmt                   0x0001e625   Thumb Code    30  prf_utils.o(.text)
    prf_pack_date_time                       0x0001e643   Thumb Code    32  prf_utils.o(.text)
    prf_unpack_date_time                     0x0001e663   Thumb Code    34  prf_utils.o(.text)
    appm_init                                0x0001e685   Thumb Code    62  app.o(.text)
    appm_add_svc                             0x0001e6c3   Thumb Code    32  app.o(.text)
    appm_disconnect                          0x0001e6e3   Thumb Code    34  app.o(.text)
    appm_start_advertising                   0x0001e705   Thumb Code   232  app.o(.text)
    appm_stop_advertising                    0x0001e7ed   Thumb Code    48  app.o(.text)
    appm_update_param                        0x0001e81d   Thumb Code    68  app.o(.text)
    appm_get_dev_name                        0x0001e861   Thumb Code    16  app.o(.text)
    app_batt_init                            0x0001e909   Thumb Code    12  app_batt.o(.text)
    app_batt_add_bas                         0x0001e915   Thumb Code    44  app_batt.o(.text)
    app_batt_enable_prf                      0x0001e941   Thumb Code    44  app_batt.o(.text)
    app_batt_send_lvl                        0x0001e96d   Thumb Code    34  app_batt.o(.text)
    app_dis_init                             0x0001ea29   Thumb Code     2  app_dis.o(.text)
    app_dis_add_dis                          0x0001ea2b   Thumb Code    42  app_dis.o(.text)
    app_fff0_init                            0x0001eab9   Thumb Code    10  app_fff0.o(.text)
    app_fff0_add_fff0s                       0x0001eac3   Thumb Code    42  app_fff0.o(.text)
    app_fff1_send_lvl                        0x0001eaed   Thumb Code    46  app_fff0.o(.text)
    app_oads_init                            0x0001f201   Thumb Code     8  app_oads.o(.text)
    app_oad_add_oads                         0x0001f209   Thumb Code    62  app_oads.o(.text)
    app_oads_enable_prf                      0x0001f247   Thumb Code    42  app_oads.o(.text)
    app_ffc1_ntf_req                         0x0001f2c1   Thumb Code    44  app_oads.o(.text)
    app_ffc2_ntf_req                         0x0001f2ed   Thumb Code    46  app_oads.o(.text)
    __aeabi_uldivmod                         0x0001f3b9   Thumb Code    96  uldiv.o(.text)
    __I$use$fp                               0x0001f418   ARM Code       0  iusefp.o(.text)
    __aeabi_dadd                             0x0001f419   Thumb Code   328  dadd.o(.text)
    __aeabi_dsub                             0x0001f561   Thumb Code    12  dadd.o(.text)
    __aeabi_drsub                            0x0001f56d   Thumb Code    12  dadd.o(.text)
    __aeabi_dmul                             0x0001f57d   Thumb Code   202  dmul.o(.text)
    __aeabi_ddiv                             0x0001f64d   Thumb Code   234  ddiv.o(.text)
    __aeabi_d2ulz                            0x0001f73d   Thumb Code    54  dfixul.o(.text)
    __aeabi_cdrcmple                         0x0001f77d   Thumb Code    38  cdrcmple.o(.text)
    __aeabi_llsl                             0x0001f7a5   Thumb Code    32  llshl.o(.text)
    _ll_shift_l                              0x0001f7a5   Thumb Code     0  llshl.o(.text)
    __aeabi_llsr                             0x0001f7c5   Thumb Code    34  llushr.o(.text)
    _ll_ushift_r                             0x0001f7c5   Thumb Code     0  llushr.o(.text)
    __aeabi_lasr                             0x0001f7e7   Thumb Code    38  llsshr.o(.text)
    _ll_sshift_r                             0x0001f7e7   Thumb Code     0  llsshr.o(.text)
    _double_round                            0x0001f80d   Thumb Code    26  depilogue.o(.text)
    _double_epilogue                         0x0001f827   Thumb Code   164  depilogue.o(.text)
    __0vsprintf                              0x0001f8cd   Thumb Code    30  printfa.o(i.__0vsprintf)
    __1vsprintf                              0x0001f8cd   Thumb Code     0  printfa.o(i.__0vsprintf)
    __2vsprintf                              0x0001f8cd   Thumb Code     0  printfa.o(i.__0vsprintf)
    __c89vsprintf                            0x0001f8cd   Thumb Code     0  printfa.o(i.__0vsprintf)
    vsprintf                                 0x0001f8cd   Thumb Code     0  printfa.o(i.__0vsprintf)
    bas_att_db                               0x000201dc   Data          40  bass.o(.constdata)
    bass_itf                                 0x00020204   Data          16  bass.o(.constdata)
    bass_default_state                       0x00020214   Data          48  bass_task.o(.constdata)
    bass_default_handler                     0x00020244   Data           8  bass_task.o(.constdata)
    diss_att_db                              0x0002024c   Data         152  diss.o(.constdata)
    diss_itf                                 0x000202e4   Data          16  diss.o(.constdata)
    diss_default_state                       0x000202f4   Data          24  diss_task.o(.constdata)
    diss_default_handler                     0x0002030c   Data           8  diss_task.o(.constdata)
    fff0_att_db                              0x00020314   Data          48  fff0s.o(.constdata)
    fff0s_itf                                0x00020344   Data          16  fff0s.o(.constdata)
    fff0s_default_state                      0x00020354   Data          40  fff0s_task.o(.constdata)
    fff0s_default_handler                    0x0002037c   Data           8  fff0s_task.o(.constdata)
    oads_att_db                              0x00020384   Data          72  oads.o(.constdata)
    oads_itf                                 0x000203cc   Data          16  oads.o(.constdata)
    oads_default_state                       0x00020424   Data          48  oads_task.o(.constdata)
    braces_default_handler                   0x00020454   Data           8  oads_task.o(.constdata)
    app_batt_msg_handler_list                0x000204b0   Data          32  app_batt.o(.constdata)
    app_batt_table_handler                   0x000204d0   Data           8  app_batt.o(.constdata)
    app_dis_msg_handler_list                 0x000204d8   Data           8  app_dis.o(.constdata)
    app_dis_table_handler                    0x000204e0   Data           8  app_dis.o(.constdata)
    app_fff0_msg_handler_list                0x000204e8   Data          40  app_fff0.o(.constdata)
    app_fff0_table_handler                   0x00020510   Data           8  app_fff0.o(.constdata)
    appm_default_state                       0x00020534   Data         120  app_task.o(.constdata)
    appm_default_handler                     0x000205ac   Data           8  app_task.o(.constdata)
    app_oads_msg_handler_list                0x00020650   Data          48  app_oads.o(.constdata)
    app_oads_table_handler                   0x00020680   Data           8  app_oads.o(.constdata)
    Load$$RAM_DATA$$Base                     0x00020730   Number         0  anon$$obj.o ABSOLUTE
    dbg_state                                0x00400028   Data           0  stack_rom_symbol.txt ABSOLUTE
    co_default_bdaddr                        0x00400029   Data           0  stack_rom_symbol.txt ABSOLUTE
    llc_env                                  0x00400030   Data           0  stack_rom_symbol.txt ABSOLUTE
    llc_state                                0x00400034   Data           0  stack_rom_symbol.txt ABSOLUTE
    latency_disable_state                    0x00400035   Data           0  stack_rom_symbol.txt ABSOLUTE
    system_sleep_flag                        0x00400036   Data           0  stack_rom_symbol.txt ABSOLUTE
    lld_sleep_env                            0x00400038   Data           0  stack_rom_symbol.txt ABSOLUTE
    llm_state                                0x0040003c   Data           0  stack_rom_symbol.txt ABSOLUTE
    gapc_env                                 0x00400040   Data           0  stack_rom_symbol.txt ABSOLUTE
    gapc_state                               0x00400044   Data           0  stack_rom_symbol.txt ABSOLUTE
    gapm_state                               0x00400045   Data           0  stack_rom_symbol.txt ABSOLUTE
    gattc_env                                0x00400048   Data           0  stack_rom_symbol.txt ABSOLUTE
    gattc_state                              0x0040004c   Data           0  stack_rom_symbol.txt ABSOLUTE
    gattm_state                              0x0040004d   Data           0  stack_rom_symbol.txt ABSOLUTE
    l2cc_env                                 0x00400050   Data           0  stack_rom_symbol.txt ABSOLUTE
    l2cc_state                               0x00400054   Data           0  stack_rom_symbol.txt ABSOLUTE
    ahi_state                                0x00400055   Data           0  stack_rom_symbol.txt ABSOLUTE
    ke_env                                   0x00400080   Data           0  stack_rom_symbol.txt ABSOLUTE
    sw_to_hw                                 0x00400164   Data           0  stack_rom_symbol.txt ABSOLUTE
    rwip_rf                                  0x00400184   Data           0  stack_rom_symbol.txt ABSOLUTE
    rom_env                                  0x004001b8   Data           0  stack_rom_symbol.txt ABSOLUTE
    em_buf_env                               0x00400204   Data           0  stack_rom_symbol.txt ABSOLUTE
    lld_evt_env                              0x00400564   Data           0  stack_rom_symbol.txt ABSOLUTE
    llm_le_env                               0x004005cc   Data           0  stack_rom_symbol.txt ABSOLUTE
    gapm_env                                 0x00400684   Data           0  stack_rom_symbol.txt ABSOLUTE
    gattm_env                                0x004006c8   Data           0  stack_rom_symbol.txt ABSOLUTE
    l2cm_env                                 0x004006e8   Data           0  stack_rom_symbol.txt ABSOLUTE
    hci_env                                  0x004006f4   Data           0  stack_rom_symbol.txt ABSOLUTE
    hci_fc_env                               0x00400704   Data           0  stack_rom_symbol.txt ABSOLUTE
    ahi_env                                  0x00400744   Data           0  stack_rom_symbol.txt ABSOLUTE
    Image$$RAM_DATA$$Base                    0x00400800   Number         0  anon$$obj.o ABSOLUTE
    GPIO_CFG                                 0x0040080c   Data          20  gpio.o(.data)
    GPIO_DATA                                0x00400820   Data          20  gpio.o(.data)
    wdt_disable_flag                         0x00400836   Data           1  wdt.o(.data)
    uart_rx_done                             0x00400838   Data           1  uart.o(.data)
    cur_read_buf_idx                         0x00400839   Data           1  uart.o(.data)
    uart_rx_index                            0x00400840   Data           4  uart.o(.data)
    XVR_REG_INIT_VAL                         0x00400848   Data         320  rf_xvr.o(.data)
    oad_firmware_type                        0x00400989   Data           1  oads.o(.data)
    app_batt_env                             0x00400990   Data           2  app_batt.o(.data)
    app_fff0_env                             0x00400992   Data           2  app_fff0.o(.data)
    appm_state                               0x00400994   Data           1  app_task.o(.data)
    app_oads_env                             0x00400995   Data           1  app_oads.o(.data)
    Image$$RAM_BSS$$Base                     0x00400998   Number         0  anon$$obj.o ABSOLUTE
    uart_api                                 0x00400998   Data          16  arch_main.o(.bss)
    GPIO_CFG_BACKUP                          0x004009c4   Data          20  gpio.o(.bss)
    GPIO_DATA_BACKUP                         0x004009d8   Data          20  gpio.o(.bss)
    uart_rx_buf                              0x004009ec   Data          64  uart.o(.bss)
    uart_env                                 0x00400a2c   Data          20  uart.o(.bss)
    uart_buff                                0x00400a40   Data          64  uart.o(.bss)
    XVR_ANALOG_REG_BAK                       0x00400a80   Data          64  rf_xvr.o(.bss)
    bsec                                     0x00400ac0   Data         192  oads.o(.bss)
    prf_env                                  0x00400b80   Data         240  prf.o(.bss)
    app_env                                  0x00400c70   Data          40  app.o(.bss)
    rwip_heap_env                            0x00400c98   Data         868  rwip.o(ke_heap)
    rwip_heap_db                             0x00400ffc   Data        1036  rwip.o(ke_heap)
    rwip_heap_msg                            0x00401408   Data        1404  rwip.o(ke_heap)
    rwip_heap_non_ret                        0x00401984   Data        1548  rwip.o(ke_heap)
    Image$$RAM_STACK_UNUSED$$Base            0x0040370c   Number         0  anon$$obj.o ABSOLUTE
    Image$$RAM_STACK_SVC$$Base               0x0040372c   Number         0  anon$$obj.o ABSOLUTE
    Image$$RAM_STACK_IRQ$$Base               0x00403c1c   Number         0  anon$$obj.o ABSOLUTE
    Image$$RAM_STACK_FIQ$$Base               0x00403e0c   Number         0  anon$$obj.o ABSOLUTE



==============================================================================

Memory Map of the image

  Image Entry point : 0x0001b0a4

  Load Region SECTIONS (Base: 0x0001b020, Size: 0x000058a8, Max: 0xffffffff, ABSOLUTE)

    Execution Region ROM_SYS (Exec base: 0x0001b020, Load base: 0x0001b020, Size: 0x00000280, Max: 0xffffffff, ABSOLUTE)

    Exec Addr    Load Addr    Size         Type   Attr      Idx    E Section Name        Object

    0x0001b020   0x0001b020   0x0000005c   Code   RO           15  * SYS_BOOT            boot_vectors.o
    0x0001b07c   0x0001b07c   0x000001f4   Code   RO           14  * SYS_BOOT            boot_handlers.o
    0x0001b270   0x0001b270   0x00000008   Ven    RO          130    Veneer$$Code        anon$$obj.o
    0x0001b278   0x0001b278   0x00000008   Ven    RO          131    Veneer$$Code        anon$$obj.o
    0x0001b280   0x0001b280   0x00000008   Ven    RO          132    Veneer$$Code        anon$$obj.o
    0x0001b288   0x0001b288   0x00000008   Ven    RO          133    Veneer$$Code        anon$$obj.o
    0x0001b290   0x0001b290   0x00000008   Ven    RO          134    Veneer$$Code        anon$$obj.o
    0x0001b298   0x0001b298   0x00000008   Ven    RO          135    Veneer$$Code        anon$$obj.o


    Execution Region FAST_CALL_SEG (Exec base: 0x0001b300, Load base: 0x0001b300, Size: 0x00000030, Max: 0xffffffff, ABSOLUTE, FIXED)

    Exec Addr    Load Addr    Size         Type   Attr      Idx    E Section Name        Object

    0x0001b300   0x0001b300   0x00000010   Code   RO           31    sys_fiq_entry       intc.o
    0x0001b310   0x0001b310   0x00000010   PAD
    0x0001b320   0x0001b320   0x00000010   Code   RO           32    sys_irq_entry       intc.o


    Execution Region ROM (Exec base: 0x0001b330, Load base: 0x0001b330, Size: 0x00005400, Max: 0xffffffff, ABSOLUTE)

    Exec Addr    Load Addr    Size         Type   Attr      Idx    E Section Name        Object

    0x0001b330   0x0001b330   0x000004c4   Code   RO            5    .text               arch_main.o
    0x0001b7f4   0x0001b7f4   0x00000038   Code   RO           16    .text               rwble_hl.o
    0x0001b82c   0x0001b82c   0x00000308   Code   RO           17    .text               rwble.o
    0x0001bb34   0x0001bb34   0x000003f8   Code   RO           18    .text               rwip.o
    0x0001bf2c   0x0001bf2c   0x00000018   Code   RO           21    .text               emi.o
    0x0001bf44   0x0001bf44   0x00000228   Code   RO           22    .text               flash.o
    0x0001c16c   0x0001c16c   0x00000200   Code   RO           25    .text               gpio.o
    0x0001c36c   0x0001c36c   0x00000128   Code   RO           28    .text               icu.o
    0x0001c494   0x0001c494   0x00000070   Code   RO           30    .text               intc.o
    0x0001c504   0x0001c504   0x0000002c   Code   RO           35    .text               timer.o
    0x0001c530   0x0001c530   0x00000068   Code   RO           36    .text               wdt.o
    0x0001c598   0x0001c598   0x0000038c   Code   RO           38    .text               uart.o
    0x0001c924   0x0001c924   0x00000348   Code   RO           42    .text               rf_xvr.o
    0x0001cc6c   0x0001cc6c   0x000003b4   Code   RO           45    .text               bass.o
    0x0001d020   0x0001d020   0x000002a4   Code   RO           47    .text               bass_task.o
    0x0001d2c4   0x0001d2c4   0x00000180   Code   RO           50    .text               diss.o
    0x0001d444   0x0001d444   0x000001d0   Code   RO           52    .text               diss_task.o
    0x0001d614   0x0001d614   0x000001c8   Code   RO           55    .text               fff0s.o
    0x0001d7dc   0x0001d7dc   0x00000228   Code   RO           57    .text               fff0s_task.o
    0x0001da04   0x0001da04   0x000006d8   Code   RO           60    .text               oads.o
    0x0001e0dc   0x0001e0dc   0x00000310   Code   RO           64    .text               oads_task.o
    0x0001e3ec   0x0001e3ec   0x00000238   Code   RO           68    .text               prf.o
    0x0001e624   0x0001e624   0x00000060   Code   RO           70    .text               prf_utils.o
    0x0001e684   0x0001e684   0x00000284   Code   RO           71    .text               app.o
    0x0001e908   0x0001e908   0x000000a4   Code   RO           74    .text               app_batt.o
    0x0001e9ac   0x0001e9ac   0x0000010c   Code   RO           78    .text               app_dis.o
    0x0001eab8   0x0001eab8   0x0000015c   Code   RO           82    .text               app_fff0.o
    0x0001ec14   0x0001ec14   0x000005ec   Code   RO           87    .text               app_task.o
    0x0001f200   0x0001f200   0x000001b8   Code   RO           92    .text               app_oads.o
    0x0001f3b8   0x0001f3b8   0x00000060   Code   RO          115    .text               mc_5.l(uldiv.o)
    0x0001f418   0x0001f418   0x00000000   Code   RO          116    .text               mc_5.l(iusefp.o)
    0x0001f418   0x0001f418   0x00000164   Code   RO          117    .text               mf_5.l(dadd.o)
    0x0001f57c   0x0001f57c   0x000000d0   Code   RO          118    .text               mf_5.l(dmul.o)
    0x0001f64c   0x0001f64c   0x000000f0   Code   RO          119    .text               mf_5.l(ddiv.o)
    0x0001f73c   0x0001f73c   0x00000040   Code   RO          120    .text               mf_5.l(dfixul.o)
    0x0001f77c   0x0001f77c   0x00000028   Code   RO          121    .text               mf_5.l(cdrcmple.o)
    0x0001f7a4   0x0001f7a4   0x00000020   Code   RO          123    .text               mc_5.l(llshl.o)
    0x0001f7c4   0x0001f7c4   0x00000022   Code   RO          124    .text               mc_5.l(llushr.o)
    0x0001f7e6   0x0001f7e6   0x00000026   Code   RO          125    .text               mc_5.l(llsshr.o)
    0x0001f80c   0x0001f80c   0x000000be   Code   RO          127    .text               mf_5.l(depilogue.o)
    0x0001f8ca   0x0001f8ca   0x00000002   PAD
    0x0001f8cc   0x0001f8cc   0x00000024   Code   RO          106    i.__0vsprintf       mc_5.l(printfa.o)
    0x0001f8f0   0x0001f8f0   0x00000174   Code   RO          107    i._fp_digits        mc_5.l(printfa.o)
    0x0001fa64   0x0001fa64   0x000006f4   Code   RO          108    i._printf_core      mc_5.l(printfa.o)
    0x00020158   0x00020158   0x00000020   Code   RO          109    i._printf_post_padding  mc_5.l(printfa.o)
    0x00020178   0x00020178   0x0000002c   Code   RO          110    i._printf_pre_padding  mc_5.l(printfa.o)
    0x000201a4   0x000201a4   0x0000000a   Code   RO          112    i._sputc            mc_5.l(printfa.o)
    0x000201ae   0x000201ae   0x0000002e   Data   RO            7    .constdata          arch_main.o
    0x000201dc   0x000201dc   0x00000038   Data   RO           46    .constdata          bass.o
    0x00020214   0x00020214   0x00000030   Data   RO           48    .constdata          bass_task.o
    0x00020244   0x00020244   0x00000008   Data   RO           49    .constdata          bass_task.o
    0x0002024c   0x0002024c   0x000000a8   Data   RO           51    .constdata          diss.o
    0x000202f4   0x000202f4   0x00000018   Data   RO           53    .constdata          diss_task.o
    0x0002030c   0x0002030c   0x00000008   Data   RO           54    .constdata          diss_task.o
    0x00020314   0x00020314   0x00000040   Data   RO           56    .constdata          fff0s.o
    0x00020354   0x00020354   0x00000028   Data   RO           58    .constdata          fff0s_task.o
    0x0002037c   0x0002037c   0x00000008   Data   RO           59    .constdata          fff0s_task.o
    0x00020384   0x00020384   0x0000009e   Data   RO           62    .constdata          oads.o
    0x00020422   0x00020422   0x00000002   PAD
    0x00020424   0x00020424   0x00000030   Data   RO           65    .constdata          oads_task.o
    0x00020454   0x00020454   0x00000008   Data   RO           66    .constdata          oads_task.o
    0x0002045c   0x0002045c   0x00000032   Data   RO           67    .constdata          oads_task.o
    0x0002048e   0x0002048e   0x00000002   PAD
    0x00020490   0x00020490   0x00000020   Data   RO           73    .constdata          app.o
    0x000204b0   0x000204b0   0x00000020   Data   RO           75    .constdata          app_batt.o
    0x000204d0   0x000204d0   0x00000008   Data   RO           76    .constdata          app_batt.o
    0x000204d8   0x000204d8   0x00000008   Data   RO           79    .constdata          app_dis.o
    0x000204e0   0x000204e0   0x00000008   Data   RO           80    .constdata          app_dis.o
    0x000204e8   0x000204e8   0x00000028   Data   RO           83    .constdata          app_fff0.o
    0x00020510   0x00020510   0x00000008   Data   RO           84    .constdata          app_fff0.o
    0x00020518   0x00020518   0x0000001a   Data   RO           85    .constdata          app_fff0.o
    0x00020532   0x00020532   0x00000002   PAD
    0x00020534   0x00020534   0x00000078   Data   RO           88    .constdata          app_task.o
    0x000205ac   0x000205ac   0x00000008   Data   RO           89    .constdata          app_task.o
    0x000205b4   0x000205b4   0x0000009c   Data   RO           90    .constdata          app_task.o
    0x00020650   0x00020650   0x00000030   Data   RO           93    .constdata          app_oads.o
    0x00020680   0x00020680   0x00000008   Data   RO           94    .constdata          app_oads.o
    0x00020688   0x00020688   0x000000a8   Data   RO           95    .constdata          app_oads.o


    Execution Region RAM_DATA (Exec base: 0x00400800, Load base: 0x00020730, Size: 0x00000198, Max: 0xffffffff, ABSOLUTE)

    Exec Addr    Load Addr    Size         Type   Attr      Idx    E Section Name        Object

    0x00400800   0x00020730   0x00000001   Data   RW            8    .data               arch_main.o
    0x00400801   0x00020731   0x00000001   PAD
    0x00400802   0x00020732   0x00000004   Data   RW           24    .data               flash.o
    0x00400806   0x00020736   0x00000002   PAD
    0x00400808   0x00020738   0x0000002c   Data   RW           27    .data               gpio.o
    0x00400834   0x00020764   0x00000002   Data   RW           29    .data               icu.o
    0x00400836   0x00020766   0x00000002   Data   RW           37    .data               wdt.o
    0x00400838   0x00020768   0x00000010   Data   RW           41    .data               uart.o
    0x00400848   0x00020778   0x00000140   Data   RW           44    .data               rf_xvr.o
    0x00400988   0x000208b8   0x00000008   Data   RW           63    .data               oads.o
    0x00400990   0x000208c0   0x00000002   Data   RW           77    .data               app_batt.o
    0x00400992   0x000208c2   0x00000002   Data   RW           86    .data               app_fff0.o
    0x00400994   0x000208c4   0x00000001   Data   RW           91    .data               app_task.o
    0x00400995   0x000208c5   0x00000001   Data   RW           96    .data               app_oads.o


    Execution Region RAM_BSS (Exec base: 0x00400998, Load base: 0x000208c8, Size: 0x000015f8, Max: 0xffffffff, ABSOLUTE)

    Exec Addr    Load Addr    Size         Type   Attr      Idx    E Section Name        Object

    0x00400998        -       0x00000010   Zero   RW            6    .bss                arch_main.o
    0x004009a8        -       0x00000010   Zero   RW           19    .bss                rwip.o
    0x004009b8        -       0x0000000c   Zero   RW           23    .bss                flash.o
    0x004009c4        -       0x00000028   Zero   RW           26    .bss                gpio.o
    0x004009ec        -       0x00000094   Zero   RW           39    .bss                uart.o
    0x00400a80        -       0x00000040   Zero   RW           43    .bss                rf_xvr.o
    0x00400ac0        -       0x000000c0   Zero   RW           61    .bss                oads.o
    0x00400b80        -       0x000000f0   Zero   RW           69    .bss                prf.o
    0x00400c70        -       0x00000028   Zero   RW           72    .bss                app.o
    0x00400c98        -       0x000012f8   Zero   RW           20    ke_heap             rwip.o


    Execution Region RAM_STACK_UNUSED (Exec base: 0x0040370c, Load base: 0x000208c8, Size: 0x00000020, Max: 0x00000020, ABSOLUTE)

    Exec Addr    Load Addr    Size         Type   Attr      Idx    E Section Name        Object

    0x0040370c        -       0x00000020   Zero   RW            1    RAM_STACK_UNUSED.bss  anon$$obj.o


    Execution Region RAM_STACK_SVC (Exec base: 0x0040372c, Load base: 0x000208c8, Size: 0x000004f0, Max: 0x000004f0, ABSOLUTE)

    Exec Addr    Load Addr    Size         Type   Attr      Idx    E Section Name        Object

    0x0040372c        -       0x000004f0   Zero   RW            2    RAM_STACK_SVC.bss   anon$$obj.o


    Execution Region RAM_STACK_IRQ (Exec base: 0x00403c1c, Load base: 0x000208c8, Size: 0x000001f0, Max: 0x000001f0, ABSOLUTE)

    Exec Addr    Load Addr    Size         Type   Attr      Idx    E Section Name        Object

    0x00403c1c        -       0x000001f0   Zero   RW            3    RAM_STACK_IRQ.bss   anon$$obj.o


    Execution Region RAM_STACK_FIQ (Exec base: 0x00403e0c, Load base: 0x000208c8, Size: 0x000001f0, Max: 0x000001f0, ABSOLUTE)

    Exec Addr    Load Addr    Size         Type   Attr      Idx    E Section Name        Object

    0x00403e0c        -       0x000001f0   Zero   RW            4    RAM_STACK_FIQ.bss   anon$$obj.o


==============================================================================

Image component sizes


      Code (inc. data)   RO Data    RW Data    ZI Data      Debug   Object Name

       644        152         32          0         40          0   app.o
       164         14         40          2          0          0   app_batt.o
       268        112         16          0          0          0   app_dis.o
       348         84         74          2          0          0   app_fff0.o
       440        126        224          1          0          0   app_oads.o
      1516        606        284          1          0          0   app_task.o
      1220        532         46          1         16          0   arch_main.o
       948         16         56          0          0          0   bass.o
       676         12         56          0          0          0   bass_task.o
       500         76          0          0          0          0   boot_handlers.o
        92         32          0          0          0          0   boot_vectors.o
       384         12        168          0          0          0   diss.o
       464          8         32          0          0          0   diss_task.o
        24          4          0          0          0          0   emi.o
       456         14         64          0          0          0   fff0s.o
       552          8         48          0          0          0   fff0s_task.o
       552         24          0          4         12          0   flash.o
       512         26          0         44         40          0   gpio.o
       296         24          0          2          0          0   icu.o
       144         12          0          0          0          0   intc.o
      1752        504        158          8        192          0   oads.o
       784        138        106          0          0          0   oads_task.o
       568          4          0          0        240          0   prf.o
        96          0          0          0          0          0   prf_utils.o
       840         64          0        320         64          0   rf_xvr.o
       776         16          0          0          0          0   rwble.o
        56          0          0          0          0          0   rwble_hl.o
      1016        102          0          0       4872          0   rwip.o
        44          4          0          0          0          0   timer.o
       908        146          0         16        148          0   uart.o
       104         10          0          2          0          0   wdt.o

    ----------------------------------------------------------------------
     17208       2906       1410        408       7912          0   Object Totals
        48         24          0          0       2288          0   (incl. Generated)
        16          0          6          5          0          0   (incl. Padding)

    ----------------------------------------------------------------------

      Code (inc. data)   RO Data    RW Data    ZI Data      Debug   Library Member Name

         0          0          0          0          0          0   iusefp.o
        32          0          0          0          0          0   llshl.o
        38          0          0          0          0          0   llsshr.o
        34          0          0          0          0          0   llushr.o
      2274         94          0          0          0          0   printfa.o
        96          0          0          0          0          0   uldiv.o
        40          2          0          0          0          0   cdrcmple.o
       356          4          0          0          0          0   dadd.o
       240          6          0          0          0          0   ddiv.o
       190          0          0          0          0          0   depilogue.o
        64         10          0          0          0          0   dfixul.o
       208          6          0          0          0          0   dmul.o

    ----------------------------------------------------------------------
      3574        122          0          0          0          0   Library Totals
         2          0          0          0          0          0   (incl. Padding)

    ----------------------------------------------------------------------

      Code (inc. data)   RO Data    RW Data    ZI Data      Debug   Library Name

      2474         94          0          0          0          0   mc_5.l
      1098         28          0          0          0          0   mf_5.l

    ----------------------------------------------------------------------
      3574        122          0          0          0          0   Library Totals

    ----------------------------------------------------------------------

==============================================================================


      Code (inc. data)   RO Data    RW Data    ZI Data      Debug   

     20782       3028       1410        408       7912          0   Grand Totals
     20782       3028       1410        408       7912          0   ELF Image Totals
     20782       3028       1410        408          0          0   ROM Totals

==============================================================================

    Total RO  Size (Code + RO Data)                22192 (  21.67kB)
    Total RW  Size (RW Data + ZI Data)              8320 (   8.13kB)
    Total ROM Size (Code + RO Data + RW Data)      22600 (  22.07kB)

==============================================================================

