Component: ARM Compiler 5.05 (build 41) Tool: armlink [4d0eb9]

==============================================================================

Section Cross References

    arch_main.o(.text) refers to uart.o(.text) for uart_printf
    arch_main.o(.text) refers to wdt.o(.text) for wdt_enable
    arch_main.o(.text) refers to flash.o(.text) for flash_read
    arch_main.o(.text) refers to icu.o(.text) for icu_init
    arch_main.o(.text) refers to emi.o(.text) for emi_init
    arch_main.o(.text) refers to timer.o(.text) for timer_init
    arch_main.o(.text) refers to intc.o(.text) for intc_init
    arch_main.o(.text) refers to rwip.o(.text) for rwip_init
    arch_main.o(.text) refers to arch_main.o(.constdata) for .constdata
    arch_main.o(.text) refers to prf.o(.text) for prf_get_id_from_task
    arch_main.o(.text) refers to rwble_hl.o(.text) for rwble_hl_reset
    arch_main.o(.text) refers to arch_main.o(.bss) for .bss
    arch_main.o(.text) refers to wdt.o(.data) for wdt_disable_flag
    arch_main.o(.text) refers to boot_handlers.o(SYS_BOOT) for boot_stack_base_UNUSED
    boot_handlers.o(SYS_BOOT) refers to arch_main.o(.text) for rw_main
    boot_vectors.o(SYS_BOOT) refers to boot_handlers.o(SYS_BOOT) for sys_Reset
    boot_vectors.o(SYS_BOOT) refers to intc.o(sys_irq_entry) for SYSirq_IRQ_Handler
    boot_vectors.o(SYS_BOOT) refers to intc.o(sys_fiq_entry) for SYSirq_FIQ_Handler
    rwble.o(.text) refers to rwip.o(.text) for rwip_wakeup
    rwble.o(.text) refers to wdt.o(.text) for wdt_feed
    rwip.o(.text) refers to rf_xvr.o(.text) for rf_init
    rwip.o(.text) refers to arch_main.o(.text) for rwip_eif_get
    rwip.o(.text) refers to rwble_hl.o(.text) for rwble_hl_init
    rwip.o(.text) refers to rwble.o(.text) for rwble_init
    rwip.o(.text) refers to app.o(.text) for appm_init
    rwip.o(.text) refers to uart.o(.text) for check_uart_stop
    rwip.o(.text) refers to wdt.o(.text) for wdt_feed
    rwip.o(.text) refers to rwip.o(.bss) for .bss
    rwip.o(.text) refers to rwip.o(ke_heap) for ke_heap
    rwip.o(.text) refers to uart.o(.data) for cur_read_buf_idx
    flash.o(.text) refers to flash.o(.bss) for .bss
    flash.o(.text) refers to flash.o(.data) for .data
    gpio.o(.text) refers to uart.o(.text) for uart_printf
    gpio.o(.text) refers to gpio.o(.data) for .data
    gpio.o(.text) refers to gpio.o(.bss) for .bss
    icu.o(.text) refers to rf_xvr.o(.text) for Delay_us
    icu.o(.text) refers to icu.o(.data) for .data
    intc.o(.text) refers to icu.o(.text) for cpu_wakeup
    intc.o(.text) refers to uart.o(.text) for uart_isr
    intc.o(.text) refers to rwble.o(.text) for rwble_isr
    intc.o(.text) refers to rwip.o(.bss) for rwip_sleep_time
    intc.o(sys_fiq_entry) refers to intc.o(.text) for FIQ_Exception
    intc.o(sys_irq_entry) refers to intc.o(.text) for IRQ_Exception
    uart.o(.text) refers to printfa.o(i.__0vsprintf) for vsprintf
    uart.o(.text) refers to arch_main.o(.text) for assert_err
    uart.o(.text) refers to uart.o(.bss) for .bss
    uart.o(.text) refers to uart.o(.data) for .data
    wdt.o(.text) refers to wdt.o(.data) for .data
    rf_xvr.o(.text) refers to rf_xvr.o(.bss) for .bss
    ancsc.o(.text) refers to prf.o(.text) for prf_src_task_get
    ancsc.o(.text) refers to prf_utils.o(.text) for prf_register_atthdl2gatt
    ancsc.o(.text) refers to ancsc_task.o(.constdata) for ancsc_default_handler
    ancsc.o(.text) refers to ancsc.o(.constdata) for .constdata
    ancsc.o(.constdata) refers to ancsc.o(.text) for ancsc_init
    ancsc_task.o(.text) refers to prf.o(.text) for prf_env_get
    ancsc_task.o(.text) refers to ancsc.o(.text) for ancsc_enable_rsp_send
    ancsc_task.o(.text) refers to prf_utils.o(.text) for prf_disc_svc_send_uuid128
    ancsc_task.o(.text) refers to uart.o(.text) for uart_printf
    ancsc_task.o(.text) refers to ancsc_task.o(.constdata) for .constdata
    ancsc_task.o(.text) refers to ancsc_task.o(.conststring) for .conststring
    ancsc_task.o(.constdata) refers to ancsc_task.o(.text) for ancsc_msg_default_handler
    ancsc_task.o(.constdata) refers to ancsc_task.o(.constdata) for ancsc_default_state
    bass.o(.text) refers to prf.o(.text) for prf_env_get
    bass.o(.text) refers to bass.o(.constdata) for .constdata
    bass.o(.text) refers to bass_task.o(.constdata) for bass_default_handler
    bass.o(.constdata) refers to bass.o(.text) for bass_init
    bass_task.o(.text) refers to prf.o(.text) for prf_env_get
    bass_task.o(.text) refers to bass.o(.text) for bass_exe_operation
    bass_task.o(.text) refers to prf_utils.o(.text) for prf_pack_char_pres_fmt
    bass_task.o(.constdata) refers to bass_task.o(.text) for bass_enable_req_handler
    bass_task.o(.constdata) refers to bass_task.o(.constdata) for bass_default_state
    diss.o(.text) refers to diss.o(.constdata) for .constdata
    diss.o(.text) refers to diss_task.o(.constdata) for diss_default_handler
    diss.o(.constdata) refers to diss.o(.text) for diss_init
[...]
    llc_llcp_con_update_pdu_send             0x000050d1   Thumb Code     0  stack_rom_symbol.txt ABSOLUTE
    llc_llcp_con_param_req_pdu_send          0x000050fd   Thumb Code     0  stack_rom_symbol.txt ABSOLUTE
    llc_llcp_con_param_rsp_pdu_send          0x00005145   Thumb Code     0  stack_rom_symbol.txt ABSOLUTE
    llc_llcp_feats_req_pdu_send              0x0000518b   Thumb Code     0  stack_rom_symbol.txt ABSOLUTE
    llc_llcp_feats_rsp_pdu_send              0x000051b7   Thumb Code     0  stack_rom_symbol.txt ABSOLUTE
    llc_llcp_start_enc_req_pdu_send          0x000051e5   Thumb Code     0  stack_rom_symbol.txt ABSOLUTE
    llc_llcp_terminate_ind_pdu_send          0x0000522f   Thumb Code     0  stack_rom_symbol.txt ABSOLUTE
    llc_llcp_unknown_rsp_send_pdu            0x00005293   Thumb Code     0  stack_rom_symbol.txt ABSOLUTE
    llc_llcp_ping_req_pdu_send               0x000052a9   Thumb Code     0  stack_rom_symbol.txt ABSOLUTE
    llc_llcp_ping_rsp_pdu_send               0x000052bb   Thumb Code     0  stack_rom_symbol.txt ABSOLUTE
    llc_llcp_length_req_pdu_send             0x000052cd   Thumb Code     0  stack_rom_symbol.txt ABSOLUTE
    llc_llcp_length_rsp_pdu_send             0x000052f7   Thumb Code     0  stack_rom_symbol.txt ABSOLUTE
    llc_llcp_recv_handler                    0x00005499   Thumb Code     0  stack_rom_symbol.txt ABSOLUTE
    llc_llcp_get_autorize                    0x0000662b   Thumb Code     0  stack_rom_symbol.txt ABSOLUTE
    llc_util_get_free_conhdl                 0x00006dc1   Thumb Code     0  stack_rom_symbol.txt ABSOLUTE
    llc_util_get_nb_active_link              0x00006de9   Thumb Code     0  stack_rom_symbol.txt ABSOLUTE
    llc_util_dicon_procedure                 0x00006e11   Thumb Code     0  stack_rom_symbol.txt ABSOLUTE
    llc_util_update_channel_map              0x00006e51   Thumb Code     0  stack_rom_symbol.txt ABSOLUTE
    llc_util_set_llcp_discard_enable         0x00006e63   Thumb Code     0  stack_rom_symbol.txt ABSOLUTE
    llc_util_set_auth_payl_to_margin         0x00006e7b   Thumb Code     0  stack_rom_symbol.txt ABSOLUTE
    llc_util_clear_operation_ptr             0x00006ea7   Thumb Code     0  stack_rom_symbol.txt ABSOLUTE
    llc_util_bw_mgt                          0x00006ec3   Thumb Code     0  stack_rom_symbol.txt ABSOLUTE
    llc_end_evt_defer                        0x00006f17   Thumb Code     0  stack_rom_symbol.txt ABSOLUTE
    llc_pdu_llcp_tx_ack_defer                0x00006f5d   Thumb Code     0  stack_rom_symbol.txt ABSOLUTE
    llc_pdu_acl_tx_ack_defer                 0x00007051   Thumb Code     0  stack_rom_symbol.txt ABSOLUTE
    llc_pdu_defer                            0x00007073   Thumb Code     0  stack_rom_symbol.txt ABSOLUTE
    lld_init                                 0x00007121   Thumb Code     0  stack_rom_symbol.txt ABSOLUTE
    lld_core_reset                           0x00007289   Thumb Code     0  stack_rom_symbol.txt ABSOLUTE
    lld_adv_start                            0x000072dd   Thumb Code     0  stack_rom_symbol.txt ABSOLUTE
    lld_adv_stop                             0x00007491   Thumb Code     0  stack_rom_symbol.txt ABSOLUTE
    lld_con_update_after_param_req           0x000074b9   Thumb Code     0  stack_rom_symbol.txt ABSOLUTE
    lld_con_param_rsp                        0x00007731   Thumb Code     0  stack_rom_symbol.txt ABSOLUTE
    lld_con_param_req                        0x00007825   Thumb Code     0  stack_rom_symbol.txt ABSOLUTE
    lld_con_stop                             0x000078e5   Thumb Code     0  stack_rom_symbol.txt ABSOLUTE
    lld_get_mode                             0x000078f1   Thumb Code     0  stack_rom_symbol.txt ABSOLUTE
    lld_move_to_slave                        0x00007915   Thumb Code     0  stack_rom_symbol.txt ABSOLUTE
    lld_ch_map_ind                           0x00007a37   Thumb Code     0  stack_rom_symbol.txt ABSOLUTE
    lld_con_update_ind                       0x00007a77   Thumb Code     0  stack_rom_symbol.txt ABSOLUTE
    lld_crypt_isr                            0x00007a85   Thumb Code     0  stack_rom_symbol.txt ABSOLUTE
    lld_ral_renew_req                        0x00007a8f   Thumb Code     0  stack_rom_symbol.txt ABSOLUTE
    lld_evt_elt_delete                       0x00007aed   Thumb Code     0  stack_rom_symbol.txt ABSOLUTE
    lld_evt_drift_compute                    0x00007d63   Thumb Code     0  stack_rom_symbol.txt ABSOLUTE
    lld_evt_delete_elt_push                  0x00007e8d   Thumb Code     0  stack_rom_symbol.txt ABSOLUTE
    lld_evt_channel_next                     0x000080e1   Thumb Code     0  stack_rom_symbol.txt ABSOLUTE
    lld_evt_deffered_elt_handler             0x0000811b   Thumb Code     0  stack_rom_symbol.txt ABSOLUTE
    lld_evt_init                             0x000081eb   Thumb Code     0  stack_rom_symbol.txt ABSOLUTE
    lld_evt_init_evt                         0x00008271   Thumb Code     0  stack_rom_symbol.txt ABSOLUTE
    lld_evt_restart                          0x000082f1   Thumb Code     0  stack_rom_symbol.txt ABSOLUTE
    lld_evt_elt_insert                       0x0000865f   Thumb Code     0  stack_rom_symbol.txt ABSOLUTE
    lld_evt_schedule_next                    0x000086c7   Thumb Code     0  stack_rom_symbol.txt ABSOLUTE
    lld_evt_schedule                         0x00008881   Thumb Code     0  stack_rom_symbol.txt ABSOLUTE
    lld_evt_prevent_stop                     0x00008983   Thumb Code     0  stack_rom_symbol.txt ABSOLUTE
    lld_evt_canceled                         0x00008985   Thumb Code     0  stack_rom_symbol.txt ABSOLUTE
    lld_evt_move_to_slave                    0x000089c7   Thumb Code     0  stack_rom_symbol.txt ABSOLUTE
    lld_evt_slave_update                     0x00008c87   Thumb Code     0  stack_rom_symbol.txt ABSOLUTE
    lld_evt_adv_create                       0x00008db1   Thumb Code     0  stack_rom_symbol.txt ABSOLUTE
    lld_evt_end                              0x00008e21   Thumb Code     0  stack_rom_symbol.txt ABSOLUTE
    lld_evt_rx                               0x00008f6b   Thumb Code     0  stack_rom_symbol.txt ABSOLUTE
    lld_evt_timer_isr                        0x00008fa7   Thumb Code     0  stack_rom_symbol.txt ABSOLUTE
    lld_evt_end_isr                          0x00008fb1   Thumb Code     0  stack_rom_symbol.txt ABSOLUTE
    lld_evt_rx_isr                           0x0000901f   Thumb Code     0  stack_rom_symbol.txt ABSOLUTE
    lld_pdu_data_tx_push                     0x000090e9   Thumb Code     0  stack_rom_symbol.txt ABSOLUTE
    lld_pdu_check                            0x00009599   Thumb Code     0  stack_rom_symbol.txt ABSOLUTE
    lld_pdu_tx_loop                          0x0000976b   Thumb Code     0  stack_rom_symbol.txt ABSOLUTE
    lld_pdu_data_send                        0x000097ad   Thumb Code     0  stack_rom_symbol.txt ABSOLUTE
    lld_pdu_tx_push                          0x00009805   Thumb Code     0  stack_rom_symbol.txt ABSOLUTE
    lld_pdu_tx_prog                          0x00009861   Thumb Code     0  stack_rom_symbol.txt ABSOLUTE
    lld_pdu_tx_flush                         0x00009beb   Thumb Code     0  stack_rom_symbol.txt ABSOLUTE
    lld_pdu_adv_pack                         0x00009c5b   Thumb Code     0  stack_rom_symbol.txt ABSOLUTE
    lld_pdu_rx_handler                       0x00009c7f   Thumb Code     0  stack_rom_symbol.txt ABSOLUTE
    lld_sleep_init                           0x00009e79   Thumb Code     0  stack_rom_symbol.txt ABSOLUTE
    lld_sleep_enter                          0x00009ebf   Thumb Code     0  stack_rom_symbol.txt ABSOLUTE
    lld_sleep_wakeup                         0x00009eff   Thumb Code     0  stack_rom_symbol.txt ABSOLUTE
    lld_sleep_wakeup_end                     0x00009f19   Thumb Code     0  stack_rom_symbol.txt ABSOLUTE
    lld_util_instant_get                     0x00009f95   Thumb Code     0  stack_rom_symbol.txt ABSOLUTE
    lld_util_get_bd_address                  0x00009fb3   Thumb Code     0  stack_rom_symbol.txt ABSOLUTE
    lld_util_set_bd_address                  0x00009fd3   Thumb Code     0  stack_rom_symbol.txt ABSOLUTE
    lld_util_ral_force_rpa_renew             0x0000a011   Thumb Code     0  stack_rom_symbol.txt ABSOLUTE
    lld_util_freq2chnl                       0x0000a051   Thumb Code     0  stack_rom_symbol.txt ABSOLUTE
    lld_util_get_local_offset                0x0000a075   Thumb Code     0  stack_rom_symbol.txt ABSOLUTE
    lld_util_get_peer_offset                 0x0000a093   Thumb Code     0  stack_rom_symbol.txt ABSOLUTE
    lld_util_connection_param_set            0x0000a0b3   Thumb Code     0  stack_rom_symbol.txt ABSOLUTE
    lld_util_dle_set_cs_fields               0x0000a0fd   Thumb Code     0  stack_rom_symbol.txt ABSOLUTE
    lld_util_anchor_point_move               0x0000a11f   Thumb Code     0  stack_rom_symbol.txt ABSOLUTE
    lld_util_flush_list                      0x0000a1ef   Thumb Code     0  stack_rom_symbol.txt ABSOLUTE
    lld_util_instant_ongoing                 0x0000a205   Thumb Code     0  stack_rom_symbol.txt ABSOLUTE
    lld_util_compute_ce_max                  0x0000a211   Thumb Code     0  stack_rom_symbol.txt ABSOLUTE
    lld_util_elt_programmed                  0x0000a2a3   Thumb Code     0  stack_rom_symbol.txt ABSOLUTE
    lld_util_priority_set                    0x0000a2c1   Thumb Code     0  stack_rom_symbol.txt ABSOLUTE
    lld_util_priority_update                 0x0000a305   Thumb Code     0  stack_rom_symbol.txt ABSOLUTE
    lld_util_get_tx_pkt_cnt                  0x0000a30b   Thumb Code     0  stack_rom_symbol.txt ABSOLUTE
    lld_util_eff_tx_time_set                 0x0000a311   Thumb Code     0  stack_rom_symbol.txt ABSOLUTE
    llm_ral_clear                            0x0000a335   Thumb Code     0  stack_rom_symbol.txt ABSOLUTE
    llm_wl_clr                               0x0000a353   Thumb Code     0  stack_rom_symbol.txt ABSOLUTE
    llm_encryption_start                     0x0000a3a5   Thumb Code     0  stack_rom_symbol.txt ABSOLUTE
    llm_encryption_done                      0x0000a435   Thumb Code     0  stack_rom_symbol.txt ABSOLUTE
    llm_init                                 0x0000a501   Thumb Code     0  stack_rom_symbol.txt ABSOLUTE
    llm_common_cmd_complete_send             0x0000a5fb   Thumb Code     0  stack_rom_symbol.txt ABSOLUTE
    llm_ble_ready                            0x0000a613   Thumb Code     0  stack_rom_symbol.txt ABSOLUTE
    llm_con_req_ind                          0x0000a619   Thumb Code     0  stack_rom_symbol.txt ABSOLUTE
    llm_common_cmd_status_send               0x0000a787   Thumb Code     0  stack_rom_symbol.txt ABSOLUTE
    llm_set_adv_param                        0x0000a79f   Thumb Code     0  stack_rom_symbol.txt ABSOLUTE
    llm_ral_update                           0x0000a907   Thumb Code     0  stack_rom_symbol.txt ABSOLUTE
    llm_set_adv_en                           0x0000a933   Thumb Code     0  stack_rom_symbol.txt ABSOLUTE
    llm_set_adv_data                         0x0000aa35   Thumb Code     0  stack_rom_symbol.txt ABSOLUTE
    llm_set_scan_rsp_data                    0x0000aac3   Thumb Code     0  stack_rom_symbol.txt ABSOLUTE
    llm_wl_dev_add                           0x0000ab51   Thumb Code     0  stack_rom_symbol.txt ABSOLUTE
    llm_wl_dev_rem                           0x0000aba9   Thumb Code     0  stack_rom_symbol.txt ABSOLUTE
    llm_wl_dev_add_hdl                       0x0000abcf   Thumb Code     0  stack_rom_symbol.txt ABSOLUTE
    llm_wl_dev_rem_hdl                       0x0000ac41   Thumb Code     0  stack_rom_symbol.txt ABSOLUTE
    llm_ral_dev_add                          0x0000acab   Thumb Code     0  stack_rom_symbol.txt ABSOLUTE
    llm_ral_dev_rm                           0x0000ada9   Thumb Code     0  stack_rom_symbol.txt ABSOLUTE
    llm_ral_get_rpa                          0x0000addf   Thumb Code     0  stack_rom_symbol.txt ABSOLUTE
    llm_ral_set_timeout                      0x0000ae59   Thumb Code     0  stack_rom_symbol.txt ABSOLUTE
    hci_command_handler                      0x0000b5b7   Thumb Code     0  stack_rom_symbol.txt ABSOLUTE
    llm_util_bd_addr_wl_position             0x0000b6b5   Thumb Code     0  stack_rom_symbol.txt ABSOLUTE
    llm_util_bl_check                        0x0000b727   Thumb Code     0  stack_rom_symbol.txt ABSOLUTE
    llm_util_bd_addr_in_wl                   0x0000b791   Thumb Code     0  stack_rom_symbol.txt ABSOLUTE
    llm_util_check_address_validity          0x0000b7df   Thumb Code     0  stack_rom_symbol.txt ABSOLUTE
    llm_util_check_map_validity              0x0000b7ef   Thumb Code     0  stack_rom_symbol.txt ABSOLUTE
    llm_util_apply_bd_addr                   0x0000b83f   Thumb Code     0  stack_rom_symbol.txt ABSOLUTE
    llm_util_set_public_addr                 0x0000b85d   Thumb Code     0  stack_rom_symbol.txt ABSOLUTE
    llm_util_check_evt_mask                  0x0000b86d   Thumb Code     0  stack_rom_symbol.txt ABSOLUTE
    llm_util_get_channel_map                 0x0000b88d   Thumb Code     0  stack_rom_symbol.txt ABSOLUTE
    llm_util_get_supp_features               0x0000b88f   Thumb Code     0  stack_rom_symbol.txt ABSOLUTE
    llm_util_adv_data_update                 0x0000b89b   Thumb Code     0  stack_rom_symbol.txt ABSOLUTE
    llm_util_bd_addr_in_ral                  0x0000b8d7   Thumb Code     0  stack_rom_symbol.txt ABSOLUTE
    llm_util_bl_add                          0x0000b945   Thumb Code     0  stack_rom_symbol.txt ABSOLUTE
    llm_util_bl_rem                          0x0000b9c9   Thumb Code     0  stack_rom_symbol.txt ABSOLUTE
    llm_end_evt_defer                        0x0000ba2b   Thumb Code     0  stack_rom_symbol.txt ABSOLUTE
    llm_pdu_defer                            0x0000baf3   Thumb Code     0  stack_rom_symbol.txt ABSOLUTE
    ea_elt_cancel                            0x0000bc15   Thumb Code     0  stack_rom_symbol.txt ABSOLUTE
    ea_time_get_slot_rounded                 0x0000bd11   Thumb Code     0  stack_rom_symbol.txt ABSOLUTE
    ea_init                                  0x0000bdef   Thumb Code     0  stack_rom_symbol.txt ABSOLUTE
    ea_elt_create                            0x0000be13   Thumb Code     0  stack_rom_symbol.txt ABSOLUTE
    ea_time_get_halfslot_rounded             0x0000be2d   Thumb Code     0  stack_rom_symbol.txt ABSOLUTE
    ea_elt_insert                            0x0000be57   Thumb Code     0  stack_rom_symbol.txt ABSOLUTE
    ea_elt_remove                            0x0000c0a3   Thumb Code     0  stack_rom_symbol.txt ABSOLUTE
    ea_interval_create                       0x0000c10d   Thumb Code     0  stack_rom_symbol.txt ABSOLUTE
    ea_interval_insert                       0x0000c123   Thumb Code     0  stack_rom_symbol.txt ABSOLUTE
    ea_interval_remove                       0x0000c131   Thumb Code     0  stack_rom_symbol.txt ABSOLUTE
    ea_interval_delete                       0x0000c141   Thumb Code     0  stack_rom_symbol.txt ABSOLUTE
    ea_finetimer_isr                         0x0000c15b   Thumb Code     0  stack_rom_symbol.txt ABSOLUTE
    ea_sw_isr                                0x0000c22f   Thumb Code     0  stack_rom_symbol.txt ABSOLUTE
    ea_offset_req                            0x0000c24f   Thumb Code     0  stack_rom_symbol.txt ABSOLUTE
    ea_timer_target_get                      0x0000c407   Thumb Code     0  stack_rom_symbol.txt ABSOLUTE
    ea_sleep_check                           0x0000c423   Thumb Code     0  stack_rom_symbol.txt ABSOLUTE
    ea_interval_duration_req                 0x0000c471   Thumb Code     0  stack_rom_symbol.txt ABSOLUTE
    gapc_update_state                        0x0000c58d   Thumb Code     0  stack_rom_symbol.txt ABSOLUTE
    gapc_get_requester                       0x0000c5bd   Thumb Code     0  stack_rom_symbol.txt ABSOLUTE
    gapc_send_complete_evt                   0x0000c5d9   Thumb Code     0  stack_rom_symbol.txt ABSOLUTE
    gapc_init                                0x0000c6a3   Thumb Code     0  stack_rom_symbol.txt ABSOLUTE
    gapc_con_create                          0x0000c6d5   Thumb Code     0  stack_rom_symbol.txt ABSOLUTE
    gapc_con_cleanup                         0x0000c7e9   Thumb Code     0  stack_rom_symbol.txt ABSOLUTE
    gapc_send_disconect_ind                  0x0000c7f9   Thumb Code     0  stack_rom_symbol.txt ABSOLUTE
    gapc_get_conidx                          0x0000c81b   Thumb Code     0  stack_rom_symbol.txt ABSOLUTE
    gapc_get_conhdl                          0x0000c841   Thumb Code     0  stack_rom_symbol.txt ABSOLUTE
    gapc_get_role                            0x0000c855   Thumb Code     0  stack_rom_symbol.txt ABSOLUTE
    gapc_get_bdaddr                          0x0000c871   Thumb Code     0  stack_rom_symbol.txt ABSOLUTE
    gapc_get_csrk                            0x0000c891   Thumb Code     0  stack_rom_symbol.txt ABSOLUTE
    gapc_get_sign_counter                    0x0000c8af   Thumb Code     0  stack_rom_symbol.txt ABSOLUTE
    gapc_send_error_evt                      0x0000c8cd   Thumb Code     0  stack_rom_symbol.txt ABSOLUTE
    gapc_get_operation                       0x0000c8ef   Thumb Code     0  stack_rom_symbol.txt ABSOLUTE
    gapc_get_operation_ptr                   0x0000c905   Thumb Code     0  stack_rom_symbol.txt ABSOLUTE
    gapc_set_operation_ptr                   0x0000c911   Thumb Code     0  stack_rom_symbol.txt ABSOLUTE
    gapc_reschedule_operation                0x0000c91d   Thumb Code     0  stack_rom_symbol.txt ABSOLUTE
    gapc_is_sec_set                          0x0000c95f   Thumb Code     0  stack_rom_symbol.txt ABSOLUTE
    gapc_lk_sec_lvl_get                      0x0000c993   Thumb Code     0  stack_rom_symbol.txt ABSOLUTE
    gapc_enc_keysize_get                     0x0000c9ad   Thumb Code     0  stack_rom_symbol.txt ABSOLUTE
    gapc_enc_keysize_set                     0x0000c9c5   Thumb Code     0  stack_rom_symbol.txt ABSOLUTE
    gapc_link_encrypted                      0x0000c9d9   Thumb Code     0  stack_rom_symbol.txt ABSOLUTE
    gapc_auth_set                            0x0000c9f1   Thumb Code     0  stack_rom_symbol.txt ABSOLUTE
    gapc_auth_get                            0x0000ca3d   Thumb Code     0  stack_rom_symbol.txt ABSOLUTE
    gapc_svc_chg_ccc_get                     0x0000ca6d   Thumb Code     0  stack_rom_symbol.txt ABSOLUTE
    gapc_svc_chg_ccc_set                     0x0000ca7d   Thumb Code     0  stack_rom_symbol.txt ABSOLUTE
    gapc_param_update_sanity                 0x0000ca93   Thumb Code     0  stack_rom_symbol.txt ABSOLUTE
    gapc_hci_handler                         0x0000d041   Thumb Code     0  stack_rom_symbol.txt ABSOLUTE
    gapc_sig_pdu_recv_handler                0x0000d149   Thumb Code     0  stack_rom_symbol.txt ABSOLUTE
    gapc_process_op                          0x0000d185   Thumb Code     0  stack_rom_symbol.txt ABSOLUTE
    gapm_update_state                        0x0000df85   Thumb Code     0  stack_rom_symbol.txt ABSOLUTE
    gapm_le_psm_cleanup                      0x0000dfe9   Thumb Code     0  stack_rom_symbol.txt ABSOLUTE
    gapm_init                                0x0000e003   Thumb Code     0  stack_rom_symbol.txt ABSOLUTE
    gapm_init_attr                           0x0000e077   Thumb Code     0  stack_rom_symbol.txt ABSOLUTE
    gapm_get_operation                       0x0000e0a3   Thumb Code     0  stack_rom_symbol.txt ABSOLUTE
    gapm_get_requester                       0x0000e0b5   Thumb Code     0  stack_rom_symbol.txt ABSOLUTE
    gapm_reschedule_operation                0x0000e0cd   Thumb Code     0  stack_rom_symbol.txt ABSOLUTE
    gapm_send_complete_evt                   0x0000e0ef   Thumb Code     0  stack_rom_symbol.txt ABSOLUTE
    gapm_send_error_evt                      0x0000e125   Thumb Code     0  stack_rom_symbol.txt ABSOLUTE
    gapm_get_address_type                    0x0000e145   Thumb Code     0  stack_rom_symbol.txt ABSOLUTE
    gapm_con_create                          0x0000e14f   Thumb Code     0  stack_rom_symbol.txt ABSOLUTE
    gapm_con_enable                          0x0000e1bb   Thumb Code     0  stack_rom_symbol.txt ABSOLUTE
    gapm_con_cleanup                         0x0000e1c7   Thumb Code     0  stack_rom_symbol.txt ABSOLUTE
    gapm_get_id_from_task                    0x0000e1fb   Thumb Code     0  stack_rom_symbol.txt ABSOLUTE
    gapm_get_task_from_id                    0x0000e24b   Thumb Code     0  stack_rom_symbol.txt ABSOLUTE
    gapm_is_disc_connection                  0x0000e293   Thumb Code     0  stack_rom_symbol.txt ABSOLUTE
    gapm_get_max_mtu                         0x0000e2b9   Thumb Code     0  stack_rom_symbol.txt ABSOLUTE
    gapm_get_max_mps                         0x0000e2bf   Thumb Code     0  stack_rom_symbol.txt ABSOLUTE
    gapm_set_max_mtu                         0x0000e2c5   Thumb Code     0  stack_rom_symbol.txt ABSOLUTE
    gapm_set_max_mps                         0x0000e2df   Thumb Code     0  stack_rom_symbol.txt ABSOLUTE
    gapm_addr_check                          0x0000e2f5   Thumb Code     0  stack_rom_symbol.txt ABSOLUTE
    gapm_dle_val_check                       0x0000e311   Thumb Code     0  stack_rom_symbol.txt ABSOLUTE
    gapm_is_legacy_pairing_supp              0x0000e32d   Thumb Code     0  stack_rom_symbol.txt ABSOLUTE
    gapm_is_sec_con_pairing_supp             0x0000e337   Thumb Code     0  stack_rom_symbol.txt ABSOLUTE
    gapm_le_psm_find                         0x0000e341   Thumb Code     0  stack_rom_symbol.txt ABSOLUTE
    gapm_le_psm_get_info                     0x0000e357   Thumb Code     0  stack_rom_symbol.txt ABSOLUTE
    gapm_lecb_register                       0x0000e387   Thumb Code     0  stack_rom_symbol.txt ABSOLUTE
    gapm_lecb_unregister                     0x0000e3d3   Thumb Code     0  stack_rom_symbol.txt ABSOLUTE
    gapm_is_embedded_host                    0x0000e3f3   Thumb Code     0  stack_rom_symbol.txt ABSOLUTE
    gapm_set_embedded_host                   0x0000e3fb   Thumb Code     0  stack_rom_symbol.txt ABSOLUTE
    gapm_is_pref_con_param_pres              0x0000e403   Thumb Code     0  stack_rom_symbol.txt ABSOLUTE
    gapm_get_att_handle                      0x0000e40f   Thumb Code     0  stack_rom_symbol.txt ABSOLUTE
    gapm_svc_chg_en                          0x0000e439   Thumb Code     0  stack_rom_symbol.txt ABSOLUTE
    gapm_dbg_mode_en                         0x0000e445   Thumb Code     0  stack_rom_symbol.txt ABSOLUTE
    gapm_set_svc_start_hdl                   0x0000e44f   Thumb Code     0  stack_rom_symbol.txt ABSOLUTE
    gapm_hci_handler                         0x0000ed01   Thumb Code     0  stack_rom_symbol.txt ABSOLUTE
    gapm_adv_op_sanity                       0x0000f75f   Thumb Code     0  stack_rom_symbol.txt ABSOLUTE
    gapm_set_adv_mode                        0x0000f8f1   Thumb Code     0  stack_rom_symbol.txt ABSOLUTE
    gapm_set_adv_data                        0x0000f909   Thumb Code     0  stack_rom_symbol.txt ABSOLUTE
    gapm_get_local_addrtype                  0x0000f933   Thumb Code     0  stack_rom_symbol.txt ABSOLUTE
    gapm_execute_adv_op                      0x0000f953   Thumb Code     0  stack_rom_symbol.txt ABSOLUTE
    gapm_get_role                            0x0000fb1b   Thumb Code     0  stack_rom_symbol.txt ABSOLUTE
    gapm_update_air_op_state                 0x0000fb21   Thumb Code     0  stack_rom_symbol.txt ABSOLUTE
    gapm_get_irk                             0x0000fbd5   Thumb Code     0  stack_rom_symbol.txt ABSOLUTE
    gapm_get_bdaddr                          0x0000fbd9   Thumb Code     0  stack_rom_symbol.txt ABSOLUTE
    gapm_basic_hci_cmd_send                  0x0000fbdf   Thumb Code     0  stack_rom_symbol.txt ABSOLUTE
    gapm_setup_conn                          0x0000fbf3   Thumb Code     0  stack_rom_symbol.txt ABSOLUTE
    gapm_get_adv_mode                        0x0000fc4f   Thumb Code     0  stack_rom_symbol.txt ABSOLUTE
    gapm_op_reset_continue                   0x0000fc6b   Thumb Code     0  stack_rom_symbol.txt ABSOLUTE
    gapm_op_setup_continue                   0x0000fcf1   Thumb Code     0  stack_rom_symbol.txt ABSOLUTE
    smpc_send_use_enc_block_cmd              0x0000fead   Thumb Code     0  stack_rom_symbol.txt ABSOLUTE
    smpc_send_start_enc_cmd                  0x0000fee5   Thumb Code     0  stack_rom_symbol.txt ABSOLUTE
    smpc_send_ltk_req_rsp                    0x0000ff55   Thumb Code     0  stack_rom_symbol.txt ABSOLUTE
    smpc_send_pairing_req_ind                0x0000ffb1   Thumb Code     0  stack_rom_symbol.txt ABSOLUTE
    smpc_send_pairing_ind                    0x00010063   Thumb Code     0  stack_rom_symbol.txt ABSOLUTE
    smpc_check_pairing_feat                  0x000100ed   Thumb Code     0  stack_rom_symbol.txt ABSOLUTE
    smpc_launch_rep_att_timer                0x00010113   Thumb Code     0  stack_rom_symbol.txt ABSOLUTE
    smpc_check_repeated_attempts             0x0001014d   Thumb Code     0  stack_rom_symbol.txt ABSOLUTE
    smpc_check_max_key_size                  0x0001019f   Thumb Code     0  stack_rom_symbol.txt ABSOLUTE
    smpc_check_key_distrib                   0x000101c7   Thumb Code     0  stack_rom_symbol.txt ABSOLUTE
    smpc_xor                                 0x0001024d   Thumb Code     0  stack_rom_symbol.txt ABSOLUTE
    smpc_generate_l                          0x00010265   Thumb Code     0  stack_rom_symbol.txt ABSOLUTE
    smpc_generate_ci                         0x000102cd   Thumb Code     0  stack_rom_symbol.txt ABSOLUTE
    smpc_generate_rand                       0x0001032d   Thumb Code     0  stack_rom_symbol.txt ABSOLUTE
    smpc_generate_e1                         0x00010353   Thumb Code     0  stack_rom_symbol.txt ABSOLUTE
    smpc_generate_cfm                        0x00010411   Thumb Code     0  stack_rom_symbol.txt ABSOLUTE
    smpc_generate_stk                        0x0001048b   Thumb Code     0  stack_rom_symbol.txt ABSOLUTE
    smpc_calc_subkeys                        0x000104e1   Thumb Code     0  stack_rom_symbol.txt ABSOLUTE
    smpc_clear_timeout_timer                 0x00010557   Thumb Code     0  stack_rom_symbol.txt ABSOLUTE
    smpc_pairing_end                         0x0001057f   Thumb Code     0  stack_rom_symbol.txt ABSOLUTE
    smpc_tkdp_rcp_continue                   0x000105e7   Thumb Code     0  stack_rom_symbol.txt ABSOLUTE
    smpc_tkdp_rcp_start                      0x00010677   Thumb Code     0  stack_rom_symbol.txt ABSOLUTE
    smpc_pdu_send                            0x000106a7   Thumb Code     0  stack_rom_symbol.txt ABSOLUTE
    smpc_tkdp_send_continue                  0x0001073b   Thumb Code     0  stack_rom_symbol.txt ABSOLUTE
    smpc_tkdp_send_start                     0x00010805   Thumb Code     0  stack_rom_symbol.txt ABSOLUTE
    smpc_get_key_sec_prop                    0x00010835   Thumb Code     0  stack_rom_symbol.txt ABSOLUTE
    smpc_is_sec_mode_reached                 0x000108ad   Thumb Code     0  stack_rom_symbol.txt ABSOLUTE
    smpc_handle_enc_change_evt               0x000108d7   Thumb Code     0  stack_rom_symbol.txt ABSOLUTE
    smpc_pdu_recv                            0x00010967   Thumb Code     0  stack_rom_symbol.txt ABSOLUTE
    smpc_pairing_tk_exch                     0x000109d5   Thumb Code     0  stack_rom_symbol.txt ABSOLUTE
    smpc_pairing_ltk_exch                    0x00010a39   Thumb Code     0  stack_rom_symbol.txt ABSOLUTE
    smpc_pairing_irk_exch                    0x00010a9f   Thumb Code     0  stack_rom_symbol.txt ABSOLUTE
    smpc_pairing_csrk_exch                   0x00010adb   Thumb Code     0  stack_rom_symbol.txt ABSOLUTE
    smpc_pairing_rsp                         0x00010b1f   Thumb Code     0  stack_rom_symbol.txt ABSOLUTE
    smpc_pairing_req_handler                 0x00010c03   Thumb Code     0  stack_rom_symbol.txt ABSOLUTE
    smpc_security_req_send                   0x00010c37   Thumb Code     0  stack_rom_symbol.txt ABSOLUTE
    smpc_encrypt_start_handler               0x00010c89   Thumb Code     0  stack_rom_symbol.txt ABSOLUTE
    smpc_encrypt_cfm                         0x00010cb5   Thumb Code     0  stack_rom_symbol.txt ABSOLUTE
    smpc_sign_command                        0x00010ce1   Thumb Code     0  stack_rom_symbol.txt ABSOLUTE
    smpc_sign_cont                           0x00010dab   Thumb Code     0  stack_rom_symbol.txt ABSOLUTE
    smpc_calc_confirm_cont                   0x00010f59   Thumb Code     0  stack_rom_symbol.txt ABSOLUTE
    smpc_confirm_gen_rand                    0x00011035   Thumb Code     0  stack_rom_symbol.txt ABSOLUTE
    smpc_key_press_notification_ind          0x00011083   Thumb Code     0  stack_rom_symbol.txt ABSOLUTE
    smpc_check_param                         0x000110a9   Thumb Code     0  stack_rom_symbol.txt ABSOLUTE
    smpm_gen_rand_addr                       0x00011451   Thumb Code     0  stack_rom_symbol.txt ABSOLUTE
    smpm_send_encrypt_req                    0x0001146d   Thumb Code     0  stack_rom_symbol.txt ABSOLUTE
    smpm_resolv_addr                         0x0001149b   Thumb Code     0  stack_rom_symbol.txt ABSOLUTE
    smpm_use_enc_block                       0x000114bd   Thumb Code     0  stack_rom_symbol.txt ABSOLUTE
    smpm_gen_rand_nb                         0x000114bf   Thumb Code     0  stack_rom_symbol.txt ABSOLUTE
    attc_send_att_req                        0x000114e5   Thumb Code     0  stack_rom_symbol.txt ABSOLUTE
    attc_send_hdl_cfm                        0x0001150f   Thumb Code     0  stack_rom_symbol.txt ABSOLUTE
    attc_send_execute                        0x0001152f   Thumb Code     0  stack_rom_symbol.txt ABSOLUTE
    attc_send_read_ind                       0x00011553   Thumb Code     0  stack_rom_symbol.txt ABSOLUTE
    attc_l2cc_pdu_recv_handler               0x00011ecf   Thumb Code     0  stack_rom_symbol.txt ABSOLUTE
    attm_convert_to128                       0x00011f25   Thumb Code     0  stack_rom_symbol.txt ABSOLUTE
    attm_uuid_comp                           0x00011f55   Thumb Code     0  stack_rom_symbol.txt ABSOLUTE
    attm_uuid16_comp                         0x00011fad   Thumb Code     0  stack_rom_symbol.txt ABSOLUTE
    attm_is_bt16_uuid                        0x00011fb9   Thumb Code     0  stack_rom_symbol.txt ABSOLUTE
    attm_is_bt32_uuid                        0x00011fdf   Thumb Code     0  stack_rom_symbol.txt ABSOLUTE
    attm_convert_to128_ti                    0x00012007   Thumb Code     0  stack_rom_symbol.txt ABSOLUTE
    attm_svc_create_db                       0x00012037   Thumb Code     0  stack_rom_symbol.txt ABSOLUTE
    attm_svc_create_db_128                   0x00012137   Thumb Code     0  stack_rom_symbol.txt ABSOLUTE
    attm_svc_create_db128                    0x00012263   Thumb Code     0  stack_rom_symbol.txt ABSOLUTE
    attm_reserve_handle_range                0x000123a1   Thumb Code     0  stack_rom_symbol.txt ABSOLUTE
    attm_att_set_value                       0x000123c3   Thumb Code     0  stack_rom_symbol.txt ABSOLUTE
    attm_get_value                           0x00012475   Thumb Code     0  stack_rom_symbol.txt ABSOLUTE
    attm_att_set_permission                  0x000125dd   Thumb Code     0  stack_rom_symbol.txt ABSOLUTE
    attm_att_update_perm                     0x00012653   Thumb Code     0  stack_rom_symbol.txt ABSOLUTE
    attm_svc_set_permission                  0x000126c1   Thumb Code     0  stack_rom_symbol.txt ABSOLUTE
    attm_svc_get_permission                  0x000126e5   Thumb Code     0  stack_rom_symbol.txt ABSOLUTE
    attm_init                                0x00012703   Thumb Code     0  stack_rom_symbol.txt ABSOLUTE
    attmdb_svc_check_hdl                     0x00012a1b   Thumb Code     0  stack_rom_symbol.txt ABSOLUTE
    attmdb_add_service                       0x00012a6b   Thumb Code     0  stack_rom_symbol.txt ABSOLUTE
    attmdb_destroy                           0x00012ae1   Thumb Code     0  stack_rom_symbol.txt ABSOLUTE
    attmdb_get_service                       0x00012afb   Thumb Code     0  stack_rom_symbol.txt ABSOLUTE
    attmdb_get_attribute                     0x00012b39   Thumb Code     0  stack_rom_symbol.txt ABSOLUTE
    attmdb_get_next_att                      0x00012b6d   Thumb Code     0  stack_rom_symbol.txt ABSOLUTE
    attmdb_uuid16_comp                       0x00012be3   Thumb Code     0  stack_rom_symbol.txt ABSOLUTE
    attmdb_get_max_len                       0x00012c21   Thumb Code     0  stack_rom_symbol.txt ABSOLUTE
    attmdb_get_uuid                          0x00012c8b   Thumb Code     0  stack_rom_symbol.txt ABSOLUTE
    attmdb_att_get_permission                0x00012d61   Thumb Code     0  stack_rom_symbol.txt ABSOLUTE
    attmdb_get_nb_svc                        0x00012e6f   Thumb Code     0  stack_rom_symbol.txt ABSOLUTE
    attmdb_get_svc_info                      0x00012e85   Thumb Code     0  stack_rom_symbol.txt ABSOLUTE
    atts_clear_read_cache                    0x00012f61   Thumb Code     0  stack_rom_symbol.txt ABSOLUTE
    atts_send_error                          0x000130c3   Thumb Code     0  stack_rom_symbol.txt ABSOLUTE
    atts_write_signed_cfm                    0x000130e7   Thumb Code     0  stack_rom_symbol.txt ABSOLUTE
    atts_send_event                          0x00013129   Thumb Code     0  stack_rom_symbol.txt ABSOLUTE
    atts_clear_prep_data                     0x000131b5   Thumb Code     0  stack_rom_symbol.txt ABSOLUTE
    atts_clear_rsp_data                      0x000131d1   Thumb Code     0  stack_rom_symbol.txt ABSOLUTE
    atts_write_rsp_send                      0x000131ed   Thumb Code     0  stack_rom_symbol.txt ABSOLUTE
    atts_process_pdu                         0x00013e87   Thumb Code     0  stack_rom_symbol.txt ABSOLUTE
    atts_l2cc_pdu_recv_handler               0x00013eed   Thumb Code     0  stack_rom_symbol.txt ABSOLUTE
    gattc_update_state                       0x00014133   Thumb Code     0  stack_rom_symbol.txt ABSOLUTE
    gattc_get_requester                      0x00014157   Thumb Code     0  stack_rom_symbol.txt ABSOLUTE
    gattc_send_complete_evt                  0x00014173   Thumb Code     0  stack_rom_symbol.txt ABSOLUTE
    gattc_cleanup                            0x000141d1   Thumb Code     0  stack_rom_symbol.txt ABSOLUTE
    gattc_init                               0x0001426b   Thumb Code     0  stack_rom_symbol.txt ABSOLUTE
    gattc_create                             0x0001429f   Thumb Code     0  stack_rom_symbol.txt ABSOLUTE
    gattc_con_enable                         0x00014313   Thumb Code     0  stack_rom_symbol.txt ABSOLUTE
    gattc_get_mtu                            0x00014327   Thumb Code     0  stack_rom_symbol.txt ABSOLUTE
    gattc_set_mtu                            0x00014333   Thumb Code     0  stack_rom_symbol.txt ABSOLUTE
    gattc_send_error_evt                     0x00014371   Thumb Code     0  stack_rom_symbol.txt ABSOLUTE
    gattc_get_operation                      0x00014397   Thumb Code     0  stack_rom_symbol.txt ABSOLUTE
    gattc_get_op_seq_num                     0x000143ad   Thumb Code     0  stack_rom_symbol.txt ABSOLUTE
    gattc_get_operation_ptr                  0x000143c3   Thumb Code     0  stack_rom_symbol.txt ABSOLUTE
    gattc_set_operation_ptr                  0x000143cf   Thumb Code     0  stack_rom_symbol.txt ABSOLUTE
    gattc_reschedule_operation               0x000143db   Thumb Code     0  stack_rom_symbol.txt ABSOLUTE
    gattm_svc_get_start_hdl                  0x00015305   Thumb Code     0  stack_rom_symbol.txt ABSOLUTE
    gattm_init                               0x0001530b   Thumb Code     0  stack_rom_symbol.txt ABSOLUTE
    gattm_init_attr                          0x00015329   Thumb Code     0  stack_rom_symbol.txt ABSOLUTE
    gattm_create                             0x00015391   Thumb Code     0  stack_rom_symbol.txt ABSOLUTE
    gattm_cleanup                            0x00015399   Thumb Code     0  stack_rom_symbol.txt ABSOLUTE
    l2cc_send_error_evt                      0x000153b5   Thumb Code     0  stack_rom_symbol.txt ABSOLUTE
    l2cc_update_state                        0x000153dd   Thumb Code     0  stack_rom_symbol.txt ABSOLUTE
    l2cc_send_complete_evt                   0x00015403   Thumb Code     0  stack_rom_symbol.txt ABSOLUTE
    l2cc_cleanup                             0x00015455   Thumb Code     0  stack_rom_symbol.txt ABSOLUTE
    l2cc_init                                0x00015525   Thumb Code     0  stack_rom_symbol.txt ABSOLUTE
    l2cc_create                              0x0001555b   Thumb Code     0  stack_rom_symbol.txt ABSOLUTE
    l2cc_get_operation                       0x0001559d   Thumb Code     0  stack_rom_symbol.txt ABSOLUTE
    l2cc_get_operation_ptr                   0x000155b1   Thumb Code     0  stack_rom_symbol.txt ABSOLUTE
    l2cc_set_operation_ptr                   0x000155bd   Thumb Code     0  stack_rom_symbol.txt ABSOLUTE
    l2cc_data_send                           0x000155c9   Thumb Code     0  stack_rom_symbol.txt ABSOLUTE
    l2cc_lecb_h2l_err                        0x000158a5   Thumb Code     0  stack_rom_symbol.txt ABSOLUTE
    l2cc_lecb_find                           0x000158df   Thumb Code     0  stack_rom_symbol.txt ABSOLUTE
    l2cc_lecb_free                           0x0001591b   Thumb Code     0  stack_rom_symbol.txt ABSOLUTE
    l2cc_lecb_init_disconnect                0x000159d3   Thumb Code     0  stack_rom_symbol.txt ABSOLUTE
    l2cc_lecb_send_con_req                   0x00015a03   Thumb Code     0  stack_rom_symbol.txt ABSOLUTE
    l2cc_lecb_send_con_rsp                   0x00015a3f   Thumb Code     0  stack_rom_symbol.txt ABSOLUTE
    l2cc_lecb_send_disc_req                  0x00015a6f   Thumb Code     0  stack_rom_symbol.txt ABSOLUTE
    l2cc_lecb_send_disc_rsp                  0x00015a9f   Thumb Code     0  stack_rom_symbol.txt ABSOLUTE
    l2cc_lecb_send_credit_add                0x00015ac3   Thumb Code     0  stack_rom_symbol.txt ABSOLUTE
    l2cc_lecb_pdu_pack                       0x00015af5   Thumb Code     0  stack_rom_symbol.txt ABSOLUTE
    l2cc_lecb_pdu_unpack                     0x00015b59   Thumb Code     0  stack_rom_symbol.txt ABSOLUTE
    l2cc_dbg_pdu_pack                        0x00015bab   Thumb Code     0  stack_rom_symbol.txt ABSOLUTE
    l2cc_dbg_pdu_unpack                      0x00015bf3   Thumb Code     0  stack_rom_symbol.txt ABSOLUTE
    l2cc_pdu_pack                            0x00015c1d   Thumb Code     0  stack_rom_symbol.txt ABSOLUTE
    l2cc_pdu_unpack                          0x00015e8d   Thumb Code     0  stack_rom_symbol.txt ABSOLUTE
    l2cc_pdu_header_check                    0x000160f1   Thumb Code     0  stack_rom_symbol.txt ABSOLUTE
    l2cc_sig_send_cmd_reject                 0x000163c1   Thumb Code     0  stack_rom_symbol.txt ABSOLUTE
    l2cc_sig_pdu_recv_handler                0x000168a1   Thumb Code     0  stack_rom_symbol.txt ABSOLUTE
    l2cc_process_op                          0x000168f1   Thumb Code     0  stack_rom_symbol.txt ABSOLUTE
    l2cc_pdu_alloc                           0x00017039   Thumb Code     0  stack_rom_symbol.txt ABSOLUTE
    l2cc_pdu_send                            0x00017063   Thumb Code     0  stack_rom_symbol.txt ABSOLUTE
    l2cm_init                                0x000170c7   Thumb Code     0  stack_rom_symbol.txt ABSOLUTE
    l2cm_create                              0x000170ed   Thumb Code     0  stack_rom_symbol.txt ABSOLUTE
    l2cm_cleanup                             0x000170f5   Thumb Code     0  stack_rom_symbol.txt ABSOLUTE
    l2cm_set_link_layer_buff_size            0x000170ff   Thumb Code     0  stack_rom_symbol.txt ABSOLUTE
    l2cm_get_nb_buffer_available             0x00017109   Thumb Code     0  stack_rom_symbol.txt ABSOLUTE
    l2cm_tx_status                           0x00017115   Thumb Code     0  stack_rom_symbol.txt ABSOLUTE
    hci_evt_mask_set                         0x00017149   Thumb Code     0  stack_rom_symbol.txt ABSOLUTE
    hci_init                                 0x00017193   Thumb Code     0  stack_rom_symbol.txt ABSOLUTE
    hci_reset                                0x000171b5   Thumb Code     0  stack_rom_symbol.txt ABSOLUTE
    hci_send_2_host                          0x000171d7   Thumb Code     0  stack_rom_symbol.txt ABSOLUTE
    hci_send_2_controller                    0x0001726f   Thumb Code     0  stack_rom_symbol.txt ABSOLUTE
    hci_fc_init                              0x00017339   Thumb Code     0  stack_rom_symbol.txt ABSOLUTE
    hci_fc_acl_buf_size_set                  0x00017345   Thumb Code     0  stack_rom_symbol.txt ABSOLUTE
    hci_fc_acl_en                            0x00017365   Thumb Code     0  stack_rom_symbol.txt ABSOLUTE
    hci_fc_acl_packet_sent                   0x0001738d   Thumb Code     0  stack_rom_symbol.txt ABSOLUTE
    hci_fc_host_nb_acl_pkts_complete         0x0001739d   Thumb Code     0  stack_rom_symbol.txt ABSOLUTE
    hci_fc_check_host_available_nb_acl_packets 0x000173af   Thumb Code     0  stack_rom_symbol.txt ABSOLUTE
    hci_dbg_wr_mem_cmd_upk                   0x000176db   Thumb Code     0  stack_rom_symbol.txt ABSOLUTE
    hci_dbg_wr_flash_cmd_upk                 0x0001775f   Thumb Code     0  stack_rom_symbol.txt ABSOLUTE
    hci_dbg_wr_par_cmd_upk                   0x000177e5   Thumb Code     0  stack_rom_symbol.txt ABSOLUTE
    hci_dbg_rd_data_cmd_cmp_evt_pk           0x0001784f   Thumb Code     0  stack_rom_symbol.txt ABSOLUTE
    hci_dbg_assert_err_evt_pkupk             0x000178b7   Thumb Code     0  stack_rom_symbol.txt ABSOLUTE
    hci_look_for_cmd_desc                    0x0001795b   Thumb Code     0  stack_rom_symbol.txt ABSOLUTE
    hci_look_for_evt_desc                    0x000179ab   Thumb Code     0  stack_rom_symbol.txt ABSOLUTE
    hci_look_for_dbg_evt_desc                0x000179d1   Thumb Code     0  stack_rom_symbol.txt ABSOLUTE
    hci_look_for_le_evt_desc                 0x000179f5   Thumb Code     0  stack_rom_symbol.txt ABSOLUTE
    hci_tl_send                              0x00017cbd   Thumb Code     0  stack_rom_symbol.txt ABSOLUTE
    hci_tl_init                              0x00017d07   Thumb Code     0  stack_rom_symbol.txt ABSOLUTE
    hci_cmd_get_max_param_size               0x00017d31   Thumb Code     0  stack_rom_symbol.txt ABSOLUTE
    hci_cmd_received                         0x00017d43   Thumb Code     0  stack_rom_symbol.txt ABSOLUTE
    hci_acl_tx_data_alloc                    0x00017e67   Thumb Code     0  stack_rom_symbol.txt ABSOLUTE
    hci_acl_tx_data_received                 0x00017edb   Thumb Code     0  stack_rom_symbol.txt ABSOLUTE
    hci_util_pack                            0x00017fd1   Thumb Code     0  stack_rom_symbol.txt ABSOLUTE
    hci_util_unpack                          0x000180d1   Thumb Code     0  stack_rom_symbol.txt ABSOLUTE
    ahi_init                                 0x00018253   Thumb Code     0  stack_rom_symbol.txt ABSOLUTE
    ahi_send_msg                             0x00018275   Thumb Code     0  stack_rom_symbol.txt ABSOLUTE
    h4tl_init                                0x000186b7   Thumb Code     0  stack_rom_symbol.txt ABSOLUTE
    h4tl_write                               0x000186f5   Thumb Code     0  stack_rom_symbol.txt ABSOLUTE
    h4tl_start                               0x00018769   Thumb Code     0  stack_rom_symbol.txt ABSOLUTE
    h4tl_stop                                0x00018783   Thumb Code     0  stack_rom_symbol.txt ABSOLUTE
    __aeabi_uidiv                            0x0001880d   Thumb Code     0  stack_rom_symbol.txt ABSOLUTE
    __aeabi_uidivmod                         0x0001880d   Thumb Code     0  stack_rom_symbol.txt ABSOLUTE
    __aeabi_idiv                             0x00018839   Thumb Code     0  stack_rom_symbol.txt ABSOLUTE
    __aeabi_idivmod                          0x00018839   Thumb Code     0  stack_rom_symbol.txt ABSOLUTE
    rand                                     0x00018861   Thumb Code     0  stack_rom_symbol.txt ABSOLUTE
    srand                                    0x00018873   Thumb Code     0  stack_rom_symbol.txt ABSOLUTE
    __aeabi_memcpy                           0x00018885   Thumb Code     0  stack_rom_symbol.txt ABSOLUTE
    __aeabi_memcpy4                          0x00018885   Thumb Code     0  stack_rom_symbol.txt ABSOLUTE
    __aeabi_memcpy8                          0x00018885   Thumb Code     0  stack_rom_symbol.txt ABSOLUTE
    __aeabi_memset                           0x000188a9   Thumb Code     0  stack_rom_symbol.txt ABSOLUTE
    __aeabi_memset4                          0x000188a9   Thumb Code     0  stack_rom_symbol.txt ABSOLUTE
    __aeabi_memset8                          0x000188a9   Thumb Code     0  stack_rom_symbol.txt ABSOLUTE
    __aeabi_memclr                           0x000188b9   Thumb Code     0  stack_rom_symbol.txt ABSOLUTE
    __aeabi_memclr4                          0x000188b9   Thumb Code     0  stack_rom_symbol.txt ABSOLUTE
    __aeabi_memclr8                          0x000188b9   Thumb Code     0  stack_rom_symbol.txt ABSOLUTE
    _memset$wrapper                          0x000188bd   Thumb Code     0  stack_rom_symbol.txt ABSOLUTE
    strlen                                   0x000188cf   Thumb Code     0  stack_rom_symbol.txt ABSOLUTE
    memcmp                                   0x000188dd   Thumb Code     0  stack_rom_symbol.txt ABSOLUTE
    __ARM_clz                                0x000188f8   ARM Code       0  stack_rom_symbol.txt ABSOLUTE
    __ARM_common_disable_fiq                 0x00018900   ARM Code       0  stack_rom_symbol.txt ABSOLUTE
    __ARM_common_disable_irq                 0x00018914   ARM Code       0  stack_rom_symbol.txt ABSOLUTE
    __ARM_common_enable_fiq                  0x00018928   ARM Code       0  stack_rom_symbol.txt ABSOLUTE
    __ARM_common_enable_irq                  0x00018938   ARM Code       0  stack_rom_symbol.txt ABSOLUTE
    __ARM_common_switch8                     0x00018948   ARM Code       0  stack_rom_symbol.txt ABSOLUTE
    dbg_default_handler                      0x00018a64   Data           0  stack_rom_symbol.txt ABSOLUTE
    one_bits                                 0x00018a6c   Data           0  stack_rom_symbol.txt ABSOLUTE
    co_sca2ppm                               0x00018a7c   Data           0  stack_rom_symbol.txt ABSOLUTE
    co_null_bdaddr                           0x00018a8c   Data           0  stack_rom_symbol.txt ABSOLUTE
    llc_default_handler                      0x00018c44   Data           0  stack_rom_symbol.txt ABSOLUTE
    rwip_coex_cfg                            0x00018c5c   Data           0  stack_rom_symbol.txt ABSOLUTE
    rwip_priority                            0x00018c61   Data           0  stack_rom_symbol.txt ABSOLUTE
    lld_pdu_adv_pk_desc_tab                  0x00018c70   Data           0  stack_rom_symbol.txt ABSOLUTE
    lld_pdu_llcp_pk_desc_tab                 0x00018cc4   Data           0  stack_rom_symbol.txt ABSOLUTE
    llm_local_data_len_values                0x00018dd2   Data           0  stack_rom_symbol.txt ABSOLUTE
    llm_local_cmds                           0x00018df0   Data           0  stack_rom_symbol.txt ABSOLUTE
    llm_local_le_feats                       0x00018e30   Data           0  stack_rom_symbol.txt ABSOLUTE
    llm_local_le_states                      0x00018e38   Data           0  stack_rom_symbol.txt ABSOLUTE
    llm_default_handler                      0x00018fa0   Data           0  stack_rom_symbol.txt ABSOLUTE
    LLM_AA_CT1                               0x00018fa8   Data           0  stack_rom_symbol.txt ABSOLUTE
    LLM_AA_CT2                               0x00018fab   Data           0  stack_rom_symbol.txt ABSOLUTE
    gapc_sig_handlers                        0x00019068   Data           0  stack_rom_symbol.txt ABSOLUTE
    gapc_default_state                       0x00019080   Data           0  stack_rom_symbol.txt ABSOLUTE
    gapc_default_handler                     0x00019190   Data           0  stack_rom_symbol.txt ABSOLUTE
    gapm_default_state                       0x00019320   Data           0  stack_rom_symbol.txt ABSOLUTE
    gapm_default_handler                     0x000193e8   Data           0  stack_rom_symbol.txt ABSOLUTE
    smpc_construct_pdu                       0x0001940c   Data           0  stack_rom_symbol.txt ABSOLUTE
    smpc_recv_pdu                            0x00019448   Data           0  stack_rom_symbol.txt ABSOLUTE
    attc_handlers                            0x00019484   Data           0  stack_rom_symbol.txt ABSOLUTE
    atts_handlers                            0x00019518   Data           0  stack_rom_symbol.txt ABSOLUTE
    gattc_default_state                      0x00019590   Data           0  stack_rom_symbol.txt ABSOLUTE
    gattc_default_handler                    0x00019670   Data           0  stack_rom_symbol.txt ABSOLUTE
    gattm_default_state                      0x000196ac   Data           0  stack_rom_symbol.txt ABSOLUTE
    gattm_default_handler                    0x000196b4   Data           0  stack_rom_symbol.txt ABSOLUTE
    l2cc_sig_handlers                        0x000197e0   Data           0  stack_rom_symbol.txt ABSOLUTE
    l2cc_default_state                       0x00019820   Data           0  stack_rom_symbol.txt ABSOLUTE
    l2cc_default_handler                     0x00019880   Data           0  stack_rom_symbol.txt ABSOLUTE
    hci_cmd_desc_tab_lk_ctrl                 0x00019898   Data           0  stack_rom_symbol.txt ABSOLUTE
    hci_cmd_desc_tab_ctrl_bb                 0x000198bc   Data           0  stack_rom_symbol.txt ABSOLUTE
    hci_cmd_desc_tab_info_par                0x00019934   Data           0  stack_rom_symbol.txt ABSOLUTE
    hci_cmd_desc_tab_stat_par                0x00019970   Data           0  stack_rom_symbol.txt ABSOLUTE
    hci_cmd_desc_tab_le                      0x0001997c   Data           0  stack_rom_symbol.txt ABSOLUTE
    hci_cmd_desc_tab_vs                      0x00019ba4   Data           0  stack_rom_symbol.txt ABSOLUTE
    hci_evt_dbg_desc_tab                     0x00019c4c   Data           0  stack_rom_symbol.txt ABSOLUTE
    hci_cmd_desc_root_tab                    0x00019c54   Data           0  stack_rom_symbol.txt ABSOLUTE
    hci_evt_desc_tab                         0x00019c84   Data           0  stack_rom_symbol.txt ABSOLUTE
    hci_evt_le_desc_tab                      0x00019ccc   Data           0  stack_rom_symbol.txt ABSOLUTE
    ahi_default_state                        0x00019d24   Data           0  stack_rom_symbol.txt ABSOLUTE
    ahi_default_handler                      0x00019d2c   Data           0  stack_rom_symbol.txt ABSOLUTE
    boot_stack_base_UNUSED                   0x0001b084   Data           4  boot_handlers.o(SYS_BOOT)
    boot_stack_len_UNUSED                    0x0001b088   Data           4  boot_handlers.o(SYS_BOOT)
    boot_stack_base_IRQ                      0x0001b08c   Data           4  boot_handlers.o(SYS_BOOT)
    boot_stack_len_IRQ                       0x0001b090   Data           4  boot_handlers.o(SYS_BOOT)
    boot_stack_base_SVC                      0x0001b094   Data           4  boot_handlers.o(SYS_BOOT)
    boot_stack_len_SVC                       0x0001b098   Data           4  boot_handlers.o(SYS_BOOT)
    boot_stack_base_FIQ                      0x0001b09c   Data           4  boot_handlers.o(SYS_BOOT)
    boot_stack_len_FIQ                       0x0001b0a0   Data           4  boot_handlers.o(SYS_BOOT)
    sys_Reset                                0x0001b0a4   ARM Code       0  boot_handlers.o(SYS_BOOT)
    Long ARM to Thumb Veneer to Undefined_Exception 0x0001b270   ARM Code       8  anon$$obj.o(Veneer$$Code)
    Long ARM to Thumb Veneer to SoftwareInterrupt_Exception 0x0001b278   ARM Code       8  anon$$obj.o(Veneer$$Code)
    Long ARM to Thumb Veneer to PrefetchAbort_Exception 0x0001b280   ARM Code       8  anon$$obj.o(Veneer$$Code)
    Long ARM to Thumb Veneer to DataAbort_Exception 0x0001b288   ARM Code       8  anon$$obj.o(Veneer$$Code)
    Long ARM to Thumb Veneer to Reserved_Exception 0x0001b290   ARM Code       8  anon$$obj.o(Veneer$$Code)
    Long ARM to Thumb Veneer to rw_main      0x0001b298   ARM Code       8  anon$$obj.o(Veneer$$Code)
    SYSirq_FIQ_Handler                       0x0001b300   ARM Code      16  intc.o(sys_fiq_entry)
    SYSirq_IRQ_Handler                       0x0001b320   ARM Code      16  intc.o(sys_irq_entry)
    assert_err                               0x0001b331   Thumb Code    18  arch_main.o(.text)
    assert_param                             0x0001b343   Thumb Code    22  arch_main.o(.text)
    assert_warn                              0x0001b359   Thumb Code    22  arch_main.o(.text)
    dump_data                                0x0001b36f   Thumb Code    18  arch_main.o(.text)
    platform_reset                           0x0001b381   Thumb Code    46  arch_main.o(.text)
    bdaddr_env_init                          0x0001b3af   Thumb Code    74  arch_main.o(.text)
    ble_clk_enable                           0x0001b3f9   Thumb Code    10  arch_main.o(.text)
    rom_env_init                             0x0001b403   Thumb Code    86  arch_main.o(.text)
    rwip_eif_api_init                        0x0001b47d   Thumb Code    20  arch_main.o(.text)
    rw_main                                  0x0001b491   Thumb Code   178  arch_main.o(.text)
    rwip_eif_get                             0x0001b543   Thumb Code    16  arch_main.o(.text)
    rwble_init                               0x0001b7b5   Thumb Code    28  rwble.o(.text)
    rwble_reset                              0x0001b7d1   Thumb Code    86  rwble.o(.text)
    rwble_sleep_check                        0x0001b827   Thumb Code    16  rwble.o(.text)
    rwble_activity_ongoing_check             0x0001b837   Thumb Code    30  rwble.o(.text)
    rwble_version                            0x0001b855   Thumb Code    44  rwble.o(.text)
    rwble_isr                                0x0001b881   Thumb Code   556  rwble.o(.text)
    rwble_hl_init                            0x0001babd   Thumb Code    28  rwble_hl.o(.text)
    rwble_hl_reset                           0x0001bad9   Thumb Code    28  rwble_hl.o(.text)
    rwip_check_wakeup_boundary               0x0001baf5   Thumb Code    34  rwip.o(.text)
    rwip_init                                0x0001bb17   Thumb Code   130  rwip.o(.text)
    rwip_reset                               0x0001bb99   Thumb Code    56  rwip.o(.text)
    rwip_version                             0x0001bbd1   Thumb Code     8  rwip.o(.text)
    rwip_schedule                            0x0001bbd9   Thumb Code    16  rwip.o(.text)
    rwip_prevent_sleep_set                   0x0001bbe9   Thumb Code    74  rwip.o(.text)
    rwip_sleep                               0x0001bc33   Thumb Code   368  rwip.o(.text)
    rwip_wakeup                              0x0001bda3   Thumb Code    46  rwip.o(.text)
    rwip_prevent_sleep_clear                 0x0001bdd1   Thumb Code    74  rwip.o(.text)
    rwip_wakeup_end                          0x0001be1b   Thumb Code    36  rwip.o(.text)
    rwip_us_2_lpcycles                       0x0001be3f   Thumb Code    12  rwip.o(.text)
    rwip_wakeup_delay_set                    0x0001be4b   Thumb Code    12  rwip.o(.text)
    rwip_prevent_sleep_get                   0x0001be57   Thumb Code     6  rwip.o(.text)
    rwip_sleep_enable                        0x0001be5d   Thumb Code     6  rwip.o(.text)
    rwip_ext_wakeup_enable                   0x0001be63   Thumb Code     6  rwip.o(.text)
    rwip_sleep_lpcycles_2_us                 0x0001be69   Thumb Code    50  rwip.o(.text)
    rwip_assert_err                          0x0001be9b   Thumb Code     2  rwip.o(.text)
    flash_init                               0x0001bf05   Thumb Code    24  flash.o(.text)
    flash_readword                           0x0001bf1d   Thumb Code    50  flash.o(.text)
    flash_writeword                          0x0001bf4f   Thumb Code    50  flash.o(.text)
    flash_erase_sector                       0x0001bf81   Thumb Code    48  flash.o(.text)
    flash_erase                              0x0001bfb1   Thumb Code    36  flash.o(.text)
    flash_write                              0x0001bfd5   Thumb Code   110  flash.o(.text)
    flash_read                               0x0001c043   Thumb Code   102  flash.o(.text)
    crc16                                    0x0001c0a9   Thumb Code    44  flash.o(.text)
    write_lmecc_pointq                       0x0001c0d5   Thumb Code     2  flash.o(.text)
    read_lmecc_pointq_status                 0x0001c0d7   Thumb Code     4  flash.o(.text)
    read_lmecc_pointq                        0x0001c0db   Thumb Code     2  flash.o(.text)
    emi_init                                 0x0001c12d   Thumb Code    20  emi.o(.text)
    system_sleep_init                        0x0001c145   Thumb Code     8  icu.o(.text)
    icu_init                                 0x0001c14d   Thumb Code    68  icu.o(.text)
    icu_get_sleep_mode                       0x0001c191   Thumb Code     6  icu.o(.text)
    icu_set_sleep_mode                       0x0001c197   Thumb Code     6  icu.o(.text)
    enter_deep_sleep                         0x0001c19d   Thumb Code    48  icu.o(.text)
    cpu_reduce_voltage_sleep                 0x0001c1cd   Thumb Code    60  icu.o(.text)
    cpu_wakeup                               0x0001c209   Thumb Code    32  icu.o(.text)
    cpu_idle_sleep                           0x0001c229   Thumb Code     8  icu.o(.text)
    system_reset_reson                       0x0001c231   Thumb Code    18  icu.o(.text)
    switch_clk                               0x0001c243   Thumb Code    52  icu.o(.text)
    bk3432_singleWaveCfg                     0x0001c277   Thumb Code    58  icu.o(.text)
    bk3432_tx_en                             0x0001c2b1   Thumb Code    26  icu.o(.text)
    intc_spurious                            0x0001c2ed   Thumb Code     2  intc.o(.text)
    intc_init                                0x0001c2ef   Thumb Code    28  intc.o(.text)
    intc_stat_clear                          0x0001c30b   Thumb Code     8  intc.o(.text)
    IRQ_Exception                            0x0001c313   Thumb Code    76  intc.o(.text)
    FIQ_Exception                            0x0001c35f   Thumb Code    22  intc.o(.text)
    timer_init                               0x0001c385   Thumb Code     2  timer.o(.text)
    timer_set_timeout                        0x0001c387   Thumb Code     6  timer.o(.text)
    timer_get_time                           0x0001c38d   Thumb Code     6  timer.o(.text)
    timer_enable                             0x0001c393   Thumb Code     6  timer.o(.text)
    timer_isr                                0x0001c399   Thumb Code    20  timer.o(.text)
    Read_Uart_Buf                            0x0001c3b1   Thumb Code    14  uart.o(.text)
    Uart_Read_Byte                           0x0001c3bf   Thumb Code    10  uart.o(.text)
    uart_putchar                             0x0001c3c9   Thumb Code    34  uart.o(.text)
    uart_printf                              0x0001c3eb   Thumb Code    46  uart.o(.text)
    uart_printf_null                         0x0001c419   Thumb Code     4  uart.o(.text)
    hex2Str                                  0x0001c41d   Thumb Code    46  uart.o(.text)
    uart_print_int                           0x0001c44b   Thumb Code    48  uart.o(.text)
    cpu_delay                                0x0001c47b   Thumb Code    26  uart.o(.text)
    uart_init                                0x0001c495   Thumb Code   136  uart.o(.text)
    uart_flow_on                             0x0001c51d   Thumb Code     2  uart.o(.text)
    uart_clear_rxfifo                        0x0001c51f   Thumb Code    26  uart.o(.text)
    uart_flow_off                            0x0001c539   Thumb Code     4  uart.o(.text)
    uart_finish_transfers                    0x0001c53d   Thumb Code    24  uart.o(.text)
    uart_read                                0x0001c555   Thumb Code    66  uart.o(.text)
    uart_write                               0x0001c597   Thumb Code   112  uart.o(.text)
    uart_send                                0x0001c607   Thumb Code    26  uart.o(.text)
    uart_cb_register                         0x0001c621   Thumb Code    10  uart.o(.text)
    uart_cb_clear                            0x0001c62b   Thumb Code    14  uart.o(.text)
    uart_isr                                 0x0001c639   Thumb Code   104  uart.o(.text)
    check_uart_stop                          0x0001c6a1   Thumb Code    10  uart.o(.text)
    wdt_disable                              0x0001c73d   Thumb Code    28  wdt.o(.text)
    wdt_enable                               0x0001c759   Thumb Code    38  wdt.o(.text)
    wdt_feed                                 0x0001c77f   Thumb Code    28  wdt.o(.text)
    Delay_ms                                 0x0001c7db   Thumb Code    26  rf_xvr.o(.text)
    kmod_calibration                         0x0001c7f5   Thumb Code   290  rf_xvr.o(.text)
    initial_xver_BK3432_openLoop             0x0001c917   Thumb Code   338  rf_xvr.o(.text)
    rf_init                                  0x0001ca69   Thumb Code    36  rf_xvr.o(.text)
    Delay_us                                 0x0001ca8d   Thumb Code    20  rf_xvr.o(.text)
    Delay                                    0x0001caa1   Thumb Code    20  rf_xvr.o(.text)
    CLK32K_AutoCali_init                     0x0001cab5   Thumb Code    16  rf_xvr.o(.text)
    ancsc_prf_itf_get                        0x0001cc61   Thumb Code     4  ancsc.o(.text)
    ancsc_enable_rsp_send                    0x0001cc65   Thumb Code    78  ancsc.o(.text)
    bass_get_att_handle                      0x0001d2d7   Thumb Code   122  bass.o(.text)
    bass_prf_itf_get                         0x0001d391   Thumb Code     6  bass.o(.text)
    bass_get_att_idx                         0x0001d397   Thumb Code   112  bass.o(.text)
    bass_exe_operation                       0x0001d407   Thumb Code   238  bass.o(.text)
    diss_compute_cfg_flag                    0x0001d7a9   Thumb Code    40  diss.o(.text)
    diss_prf_itf_get                         0x0001d87b   Thumb Code     6  diss.o(.text)
    diss_handle_to_value                     0x0001d881   Thumb Code    54  diss.o(.text)
    diss_value_to_handle                     0x0001d8b7   Thumb Code    60  diss.o(.text)
    diss_check_val_len                       0x0001d8f3   Thumb Code    42  diss.o(.text)
    fff0s_get_att_handle                     0x0001dbf3   Thumb Code    50  fff0s.o(.text)
    fff0s_notify_fff1_lvl                    0x0001dc25   Thumb Code    64  fff0s.o(.text)
    fff0s_prf_itf_get                        0x0001dc65   Thumb Code     6  fff0s.o(.text)
    fff0s_get_att_idx                        0x0001dc6b   Thumb Code    62  fff0s.o(.text)
    prf_init                                 0x0001df0f   Thumb Code   112  prf.o(.text)
    prf_add_profile                          0x0001df7f   Thumb Code   130  prf.o(.text)
    prf_create                               0x0001e001   Thumb Code    44  prf.o(.text)
    prf_cleanup                              0x0001e02d   Thumb Code    48  prf.o(.text)
    prf_env_get                              0x0001e05d   Thumb Code    44  prf.o(.text)
    prf_src_task_get                         0x0001e089   Thumb Code    16  prf.o(.text)
    prf_dst_task_get                         0x0001e099   Thumb Code    16  prf.o(.text)
    prf_get_id_from_task                     0x0001e0a9   Thumb Code    52  prf.o(.text)
    prf_get_task_from_id                     0x0001e0dd   Thumb Code    52  prf.o(.text)
    prf_pack_char_pres_fmt                   0x0001e115   Thumb Code    30  prf_utils.o(.text)
    prf_read_char_send                       0x0001e133   Thumb Code    46  prf_utils.o(.text)
    prf_register_atthdl2gatt                 0x0001e161   Thumb Code    52  prf_utils.o(.text)
    prf_unregister_atthdl2gatt               0x0001e195   Thumb Code    52  prf_utils.o(.text)
    prf_disc_svc_send                        0x0001e1c9   Thumb Code    58  prf_utils.o(.text)
    prf_disc_svc_send_uuid128                0x0001e203   Thumb Code    64  prf_utils.o(.text)
    prf_gatt_write                           0x0001e243   Thumb Code    82  prf_utils.o(.text)
    prf_gatt_write_ntf_ind                   0x0001e295   Thumb Code    26  prf_utils.o(.text)
    prf_check_svc_char_validity              0x0001e2af   Thumb Code    66  prf_utils.o(.text)
    prf_check_svc_char_uuid128_validity      0x0001e2f1   Thumb Code    70  prf_utils.o(.text)
    prf_check_svc_char_desc_validity         0x0001e337   Thumb Code    58  prf_utils.o(.text)
    prf_check_svc_char_desc_uuid128_validity 0x0001e371   Thumb Code    60  prf_utils.o(.text)
    prf_extract_svc_info                     0x0001e3ad   Thumb Code   296  prf_utils.o(.text)
    prf_extract_svc_uuid128_info             0x0001e4d5   Thumb Code   318  prf_utils.o(.text)
    prf_client_att_info_rsp                  0x0001e613   Thumb Code    86  prf_utils.o(.text)
    prf_pack_date_time                       0x0001e669   Thumb Code    32  prf_utils.o(.text)
    prf_unpack_date_time                     0x0001e689   Thumb Code    34  prf_utils.o(.text)
    appm_init                                0x0001e6ad   Thumb Code    44  app.o(.text)
    appm_add_svc                             0x0001e6d9   Thumb Code    32  app.o(.text)
    appm_disconnect                          0x0001e6f9   Thumb Code    34  app.o(.text)
    appm_start_advertising                   0x0001e71b   Thumb Code   232  app.o(.text)
    appm_stop_advertising                    0x0001e803   Thumb Code    48  app.o(.text)
    appm_update_param                        0x0001e833   Thumb Code    68  app.o(.text)
    appm_update_adv_data                     0x0001e877   Thumb Code    86  app.o(.text)
    appm_get_dev_name                        0x0001e8cd   Thumb Code    16  app.o(.text)
    appm_send_seurity_req                    0x0001e8dd   Thumb Code    12  app.o(.text)
    app_batt_init                            0x0001e981   Thumb Code    12  app_batt.o(.text)
    app_batt_add_bas                         0x0001e98d   Thumb Code    44  app_batt.o(.text)
    app_batt_enable_prf                      0x0001e9b9   Thumb Code    44  app_batt.o(.text)
    app_batt_send_lvl                        0x0001e9e5   Thumb Code    34  app_batt.o(.text)
    app_dis_init                             0x0001eaa1   Thumb Code     2  app_dis.o(.text)
    app_dis_add_dis                          0x0001eaa3   Thumb Code    42  app_dis.o(.text)
    app_ancsc_init                           0x0001f21d   Thumb Code    18  app_ancsc.o(.text)
    app_ancs_add_ancsc                       0x0001f22f   Thumb Code    50  app_ancsc.o(.text)
    app_ancsc_enable_prf                     0x0001f261   Thumb Code    50  app_ancsc.o(.text)
    app_sec_init                             0x0001f69d   Thumb Code    54  app_sec.o(.text)
    app_sec_get_bond_status                  0x0001f6d3   Thumb Code     6  app_sec.o(.text)
    app_get_bonding_flag                     0x0001f6d9   Thumb Code    16  app_sec.o(.text)
    app_get_encrypt_flag                     0x0001f6e9   Thumb Code    16  app_sec.o(.text)
    app_sec_remove_bond                      0x0001f6f9   Thumb Code    54  app_sec.o(.text)
    app_sec_send_security_req                0x0001f72f   Thumb Code    66  app_sec.o(.text)
    __aeabi_uldivmod                         0x0001fc09   Thumb Code    96  uldiv.o(.text)
    __I$use$fp                               0x0001fc68   ARM Code       0  iusefp.o(.text)
    __aeabi_dadd                             0x0001fc69   Thumb Code   328  dadd.o(.text)
    __aeabi_dsub                             0x0001fdb1   Thumb Code    12  dadd.o(.text)
    __aeabi_drsub                            0x0001fdbd   Thumb Code    12  dadd.o(.text)
    __aeabi_dmul                             0x0001fdcd   Thumb Code   202  dmul.o(.text)
    __aeabi_ddiv                             0x0001fe9d   Thumb Code   234  ddiv.o(.text)
    __aeabi_d2ulz                            0x0001ff8d   Thumb Code    54  dfixul.o(.text)
    __aeabi_cdrcmple                         0x0001ffcd   Thumb Code    38  cdrcmple.o(.text)
    __aeabi_llsl                             0x0001fff5   Thumb Code    32  llshl.o(.text)
    _ll_shift_l                              0x0001fff5   Thumb Code     0  llshl.o(.text)
    __aeabi_llsr                             0x00020015   Thumb Code    34  llushr.o(.text)
    _ll_ushift_r                             0x00020015   Thumb Code     0  llushr.o(.text)
    __aeabi_lasr                             0x00020037   Thumb Code    38  llsshr.o(.text)
    _ll_sshift_r                             0x00020037   Thumb Code     0  llsshr.o(.text)
    _double_round                            0x0002005d   Thumb Code    26  depilogue.o(.text)
    _double_epilogue                         0x00020077   Thumb Code   164  depilogue.o(.text)
    __0vsprintf                              0x0002011d   Thumb Code    30  printfa.o(i.__0vsprintf)
    __1vsprintf                              0x0002011d   Thumb Code     0  printfa.o(i.__0vsprintf)
    __2vsprintf                              0x0002011d   Thumb Code     0  printfa.o(i.__0vsprintf)
    __c89vsprintf                            0x0002011d   Thumb Code     0  printfa.o(i.__0vsprintf)
    vsprintf                                 0x0002011d   Thumb Code     0  printfa.o(i.__0vsprintf)
    ancsc_itf                                0x00020a10   Data          16  ancsc.o(.constdata)
    ancsc_ancs_char_desc                     0x00020a20   Data           8  ancsc_task.o(.constdata)
    ancsc_ancs_char                          0x00020a28   Data          12  ancsc_task.o(.constdata)
    ancsc_default_state                      0x00020a68   Data          64  ancsc_task.o(.constdata)
    ancsc_default_handler                    0x00020aa8   Data           8  ancsc_task.o(.constdata)
    bas_att_db                               0x00020ab0   Data          40  bass.o(.constdata)
    bass_itf                                 0x00020ad8   Data          16  bass.o(.constdata)
    bass_default_state                       0x00020ae8   Data          48  bass_task.o(.constdata)
    bass_default_handler                     0x00020b18   Data           8  bass_task.o(.constdata)
    diss_att_db                              0x00020b20   Data         152  diss.o(.constdata)
    diss_itf                                 0x00020bb8   Data          16  diss.o(.constdata)
    diss_default_state                       0x00020bc8   Data          24  diss_task.o(.constdata)
    diss_default_handler                     0x00020be0   Data           8  diss_task.o(.constdata)
    fff0_att_db                              0x00020be8   Data          48  fff0s.o(.constdata)
    fff0s_itf                                0x00020c18   Data          16  fff0s.o(.constdata)
    fff0s_default_state                      0x00020c28   Data          40  fff0s_task.o(.constdata)
    fff0s_default_handler                    0x00020c50   Data           8  fff0s_task.o(.constdata)
    app_batt_msg_handler_list                0x00020c74   Data          32  app_batt.o(.constdata)
    app_batt_table_handler                   0x00020c94   Data           8  app_batt.o(.constdata)
    app_dis_msg_handler_list                 0x00020c9c   Data           8  app_dis.o(.constdata)
    app_dis_table_handler                    0x00020ca4   Data           8  app_dis.o(.constdata)
    appm_default_state                       0x00020cac   Data         128  app_task.o(.constdata)
    appm_default_handler                     0x00020d2c   Data           8  app_task.o(.constdata)
    app_ancsc_msg_handler_list               0x00020dd0   Data          48  app_ancsc.o(.constdata)
    app_ancsc_table_handler                  0x00020e00   Data           8  app_ancsc.o(.constdata)
    app_sec_msg_handler_list                 0x00020f28   Data          40  app_sec.o(.constdata)
    app_sec_table_handler                    0x00020f50   Data           8  app_sec.o(.constdata)
    Load$$RAM_DATA$$Base                     0x000210a8   Number         0  anon$$obj.o ABSOLUTE
    dbg_state                                0x00400028   Data           0  stack_rom_symbol.txt ABSOLUTE
    co_default_bdaddr                        0x00400029   Data           0  stack_rom_symbol.txt ABSOLUTE
    llc_env                                  0x00400030   Data           0  stack_rom_symbol.txt ABSOLUTE
    llc_state                                0x00400034   Data           0  stack_rom_symbol.txt ABSOLUTE
    latency_disable_state                    0x00400035   Data           0  stack_rom_symbol.txt ABSOLUTE
    system_sleep_flag                        0x00400036   Data           0  stack_rom_symbol.txt ABSOLUTE
    lld_sleep_env                            0x00400038   Data           0  stack_rom_symbol.txt ABSOLUTE
    llm_state                                0x0040003c   Data           0  stack_rom_symbol.txt ABSOLUTE
    gapc_env                                 0x00400040   Data           0  stack_rom_symbol.txt ABSOLUTE
    gapc_state                               0x00400044   Data           0  stack_rom_symbol.txt ABSOLUTE
    gapm_state                               0x00400045   Data           0  stack_rom_symbol.txt ABSOLUTE
    gattc_env                                0x00400048   Data           0  stack_rom_symbol.txt ABSOLUTE
    gattc_state                              0x0040004c   Data           0  stack_rom_symbol.txt ABSOLUTE
    gattm_state                              0x0040004d   Data           0  stack_rom_symbol.txt ABSOLUTE
    l2cc_env                                 0x00400050   Data           0  stack_rom_symbol.txt ABSOLUTE
    l2cc_state                               0x00400054   Data           0  stack_rom_symbol.txt ABSOLUTE
    ahi_state                                0x00400055   Data           0  stack_rom_symbol.txt ABSOLUTE
    ke_env                                   0x00400080   Data           0  stack_rom_symbol.txt ABSOLUTE
    sw_to_hw                                 0x00400164   Data           0  stack_rom_symbol.txt ABSOLUTE
    rwip_rf                                  0x00400184   Data           0  stack_rom_symbol.txt ABSOLUTE
    rom_env                                  0x004001b8   Data           0  stack_rom_symbol.txt ABSOLUTE
    em_buf_env                               0x00400204   Data           0  stack_rom_symbol.txt ABSOLUTE
    lld_evt_env                              0x00400564   Data           0  stack_rom_symbol.txt ABSOLUTE
    llm_le_env                               0x004005cc   Data           0  stack_rom_symbol.txt ABSOLUTE
    gapm_env                                 0x00400684   Data           0  stack_rom_symbol.txt ABSOLUTE
    gattm_env                                0x004006c8   Data           0  stack_rom_symbol.txt ABSOLUTE
    l2cm_env                                 0x004006e8   Data           0  stack_rom_symbol.txt ABSOLUTE
    hci_env                                  0x004006f4   Data           0  stack_rom_symbol.txt ABSOLUTE
    hci_fc_env                               0x00400704   Data           0  stack_rom_symbol.txt ABSOLUTE
    ahi_env                                  0x00400744   Data           0  stack_rom_symbol.txt ABSOLUTE
    Image$$RAM_DATA$$Base                    0x00400800   Number         0  anon$$obj.o ABSOLUTE
    uart_rx_done                             0x00400808   Data           1  uart.o(.data)
    cur_read_buf_idx                         0x00400809   Data           1  uart.o(.data)
    uart_rx_index                            0x00400810   Data           4  uart.o(.data)
    wdt_disable_flag                         0x00400818   Data           1  wdt.o(.data)
    app_batt_env                             0x0040081a   Data           2  app_batt.o(.data)
    appm_state                               0x0040081c   Data           1  app_task.o(.data)
    app_ancsc_env                            0x0040081e   Data           2  app_ancsc.o(.data)
    app_sec_env                              0x00400820   Data           5  app_sec.o(.data)
    Image$$RAM_BSS$$Base                     0x00400828   Number         0  anon$$obj.o ABSOLUTE
    uart_api                                 0x00400828   Data          16  arch_main.o(.bss)
    rwip_sleep_time                          0x00400848   Data          12  rwip.o(.bss)
    uart_rx_buf                              0x00400860   Data          64  uart.o(.bss)
    uart_env                                 0x004008a0   Data          20  uart.o(.bss)
    uart_buff                                0x004008b4   Data          64  uart.o(.bss)
    XVR_ANALOG_REG_BAK                       0x004008f4   Data          36  rf_xvr.o(.bss)
    prf_env                                  0x00400918   Data         240  prf.o(.bss)
    app_env                                  0x00400a08   Data          64  app.o(.bss)
    app_sec_buff                             0x00400a48   Data          60  app_sec.o(.bss)
    rwip_heap_env                            0x00400a84   Data         868  rwip.o(ke_heap)
    rwip_heap_db                             0x00400de8   Data        1036  rwip.o(ke_heap)
    rwip_heap_msg                            0x004011f4   Data        1404  rwip.o(ke_heap)
    rwip_heap_non_ret                        0x00401770   Data        1548  rwip.o(ke_heap)
    Image$$RAM_STACK_UNUSED$$Base            0x0040330c   Number         0  anon$$obj.o ABSOLUTE
    Image$$RAM_STACK_SVC$$Base               0x0040332c   Number         0  anon$$obj.o ABSOLUTE
    Image$$RAM_STACK_IRQ$$Base               0x00403a1c   Number         0  anon$$obj.o ABSOLUTE
    Image$$RAM_STACK_FIQ$$Base               0x00403d0c   Number         0  anon$$obj.o ABSOLUTE



==============================================================================

Memory Map of the image

  Image Entry point : 0x0001b0a4

  Load Region SECTIONS (Base: 0x0001b020, Size: 0x000060b0, Max: 0xffffffff, ABSOLUTE)

    Execution Region ROM_SYS (Base: 0x0001b020, Size: 0x00000280, Max: 0xffffffff, ABSOLUTE)

    Base Addr    Size         Type   Attr      Idx    E Section Name        Object

    0x0001b020   0x0000005c   Code   RO           14  * SYS_BOOT            boot_vectors.o
    0x0001b07c   0x000001f4   Code   RO           13  * SYS_BOOT            boot_handlers.o
    0x0001b270   0x00000008   Ven    RO          131    Veneer$$Code        anon$$obj.o
    0x0001b278   0x00000008   Ven    RO          132    Veneer$$Code        anon$$obj.o
    0x0001b280   0x00000008   Ven    RO          133    Veneer$$Code        anon$$obj.o
    0x0001b288   0x00000008   Ven    RO          134    Veneer$$Code        anon$$obj.o
    0x0001b290   0x00000008   Ven    RO          135    Veneer$$Code        anon$$obj.o
    0x0001b298   0x00000008   Ven    RO          136    Veneer$$Code        anon$$obj.o


    Execution Region FAST_CALL_SEG (Base: 0x0001b300, Size: 0x00000030, Max: 0xffffffff, ABSOLUTE, FIXED)

    Base Addr    Size         Type   Attr      Idx    E Section Name        Object

    0x0001b300   0x00000010   Code   RO           30    sys_fiq_entry       intc.o
    0x0001b310   0x00000010   PAD
    0x0001b320   0x00000010   Code   RO           31    sys_irq_entry       intc.o


    Execution Region ROM (Base: 0x0001b330, Size: 0x00005d78, Max: 0xffffffff, ABSOLUTE)

    Base Addr    Size         Type   Attr      Idx    E Section Name        Object

    0x0001b330   0x00000484   Code   RO            5    .text               arch_main.o
    0x0001b7b4   0x00000308   Code   RO           15    .text               rwble.o
    0x0001babc   0x00000038   Code   RO           16    .text               rwble_hl.o
    0x0001baf4   0x00000410   Code   RO           17    .text               rwip.o
    0x0001bf04   0x00000228   Code   RO           20    .text               flash.o
    0x0001c12c   0x00000018   Code   RO           23    .text               emi.o
    0x0001c144   0x000001a8   Code   RO           27    .text               icu.o
    0x0001c2ec   0x00000098   Code   RO           29    .text               intc.o
    0x0001c384   0x0000002c   Code   RO           32    .text               timer.o
    0x0001c3b0   0x0000038c   Code   RO           33    .text               uart.o
    0x0001c73c   0x00000068   Code   RO           37    .text               wdt.o
    0x0001c7a4   0x00000400   Code   RO           39    .text               rf_xvr.o
    0x0001cba4   0x00000120   Code   RO           41    .text               ancsc.o
    0x0001ccc4   0x0000048c   Code   RO           43    .text               ancsc_task.o
    0x0001d150   0x000003b4   Code   RO           48    .text               bass.o
    0x0001d504   0x000002a4   Code   RO           50    .text               bass_task.o
    0x0001d7a8   0x00000180   Code   RO           53    .text               diss.o
    0x0001d928   0x000001d0   Code   RO           55    .text               diss_task.o
    0x0001daf8   0x000001bc   Code   RO           58    .text               fff0s.o
    0x0001dcb4   0x00000228   Code   RO           60    .text               fff0s_task.o
    0x0001dedc   0x00000238   Code   RO           63    .text               prf.o
    0x0001e114   0x00000596   Code   RO           65    .text               prf_utils.o
    0x0001e6aa   0x00000002   PAD
    0x0001e6ac   0x000002d4   Code   RO           66    .text               app.o
    0x0001e980   0x000000a4   Code   RO           69    .text               app_batt.o
    0x0001ea24   0x0000010c   Code   RO           73    .text               app_dis.o
    0x0001eb30   0x000006ec   Code   RO           82    .text               app_task.o
    0x0001f21c   0x00000480   Code   RO           87    .text               app_ancsc.o
    0x0001f69c   0x0000056c   Code   RO           92    .text               app_sec.o
    0x0001fc08   0x00000060   Code   RO          116    .text               mc_5.l(uldiv.o)
    0x0001fc68   0x00000000   Code   RO          117    .text               mc_5.l(iusefp.o)
    0x0001fc68   0x00000164   Code   RO          118    .text               mf_5.l(dadd.o)
    0x0001fdcc   0x000000d0   Code   RO          119    .text               mf_5.l(dmul.o)
    0x0001fe9c   0x000000f0   Code   RO          120    .text               mf_5.l(ddiv.o)
    0x0001ff8c   0x00000040   Code   RO          121    .text               mf_5.l(dfixul.o)
    0x0001ffcc   0x00000028   Code   RO          122    .text               mf_5.l(cdrcmple.o)
    0x0001fff4   0x00000020   Code   RO          124    .text               mc_5.l(llshl.o)
    0x00020014   0x00000022   Code   RO          125    .text               mc_5.l(llushr.o)
    0x00020036   0x00000026   Code   RO          126    .text               mc_5.l(llsshr.o)
    0x0002005c   0x000000be   Code   RO          128    .text               mf_5.l(depilogue.o)
    0x0002011a   0x00000002   PAD
    0x0002011c   0x00000024   Code   RO          107    i.__0vsprintf       mc_5.l(printfa.o)
    0x00020140   0x00000158   Code   RO          108    i._fp_digits        mc_5.l(printfa.o)
    0x00020298   0x000006f4   Code   RO          109    i._printf_core      mc_5.l(printfa.o)
    0x0002098c   0x00000020   Code   RO          110    i._printf_post_padding  mc_5.l(printfa.o)
    0x000209ac   0x0000002c   Code   RO          111    i._printf_pre_padding  mc_5.l(printfa.o)
    0x000209d8   0x0000000a   Code   RO          113    i._sputc            mc_5.l(printfa.o)
    0x000209e2   0x0000002e   Data   RO            7    .constdata          arch_main.o
    0x00020a10   0x00000010   Data   RO           42    .constdata          ancsc.o
    0x00020a20   0x00000048   Data   RO           44    .constdata          ancsc_task.o
    0x00020a68   0x00000040   Data   RO           45    .constdata          ancsc_task.o
    0x00020aa8   0x00000008   Data   RO           46    .constdata          ancsc_task.o
    0x00020ab0   0x00000038   Data   RO           49    .constdata          bass.o
    0x00020ae8   0x00000030   Data   RO           51    .constdata          bass_task.o
    0x00020b18   0x00000008   Data   RO           52    .constdata          bass_task.o
    0x00020b20   0x000000a8   Data   RO           54    .constdata          diss.o
    0x00020bc8   0x00000018   Data   RO           56    .constdata          diss_task.o
    0x00020be0   0x00000008   Data   RO           57    .constdata          diss_task.o
    0x00020be8   0x00000040   Data   RO           59    .constdata          fff0s.o
    0x00020c28   0x00000028   Data   RO           61    .constdata          fff0s_task.o
    0x00020c50   0x00000008   Data   RO           62    .constdata          fff0s_task.o
    0x00020c58   0x0000001c   Data   RO           68    .constdata          app.o
    0x00020c74   0x00000020   Data   RO           70    .constdata          app_batt.o
    0x00020c94   0x00000008   Data   RO           71    .constdata          app_batt.o
    0x00020c9c   0x00000008   Data   RO           74    .constdata          app_dis.o
    0x00020ca4   0x00000008   Data   RO           75    .constdata          app_dis.o
    0x00020cac   0x00000080   Data   RO           83    .constdata          app_task.o
    0x00020d2c   0x00000008   Data   RO           84    .constdata          app_task.o
    0x00020d34   0x0000009c   Data   RO           85    .constdata          app_task.o
    0x00020dd0   0x00000030   Data   RO           88    .constdata          app_ancsc.o
    0x00020e00   0x00000008   Data   RO           89    .constdata          app_ancsc.o
    0x00020e08   0x00000120   Data   RO           90    .constdata          app_ancsc.o
    0x00020f28   0x00000028   Data   RO           94    .constdata          app_sec.o
    0x00020f50   0x00000008   Data   RO           95    .constdata          app_sec.o
    0x00020f58   0x00000066   Data   RO           96    .constdata          app_sec.o
    0x00020fbe   0x00000002   PAD
    0x00020fc0   0x000000e8   Data   RO           47    .conststring        ancsc_task.o


    Execution Region RAM_DATA (Base: 0x00400800, Size: 0x00000028, Max: 0xffffffff, ABSOLUTE)

    Base Addr    Size         Type   Attr      Idx    E Section Name        Object

    0x00400800   0x00000004   Data   RW           22    .data               flash.o
    0x00400804   0x00000002   Data   RW           28    .data               icu.o
    0x00400806   0x00000002   PAD
    0x00400808   0x00000010   Data   RW           36    .data               uart.o
    0x00400818   0x00000002   Data   RW           38    .data               wdt.o
    0x0040081a   0x00000002   Data   RW           72    .data               app_batt.o
    0x0040081c   0x00000001   Data   RW           86    .data               app_task.o
    0x0040081d   0x00000001   PAD
    0x0040081e   0x00000002   Data   RW           91    .data               app_ancsc.o
    0x00400820   0x00000005   Data   RW           97    .data               app_sec.o


    Execution Region RAM_BSS (Base: 0x00400828, Size: 0x00001554, Max: 0xffffffff, ABSOLUTE)

    Base Addr    Size         Type   Attr      Idx    E Section Name        Object

    0x00400828   0x00000010   Zero   RW            6    .bss                arch_main.o
    0x00400838   0x0000001c   Zero   RW           18    .bss                rwip.o
    0x00400854   0x0000000c   Zero   RW           21    .bss                flash.o
    0x00400860   0x00000094   Zero   RW           34    .bss                uart.o
    0x004008f4   0x00000024   Zero   RW           40    .bss                rf_xvr.o
    0x00400918   0x000000f0   Zero   RW           64    .bss                prf.o
    0x00400a08   0x00000040   Zero   RW           67    .bss                app.o
    0x00400a48   0x0000003c   Zero   RW           93    .bss                app_sec.o
    0x00400a84   0x000012f8   Zero   RW           19    ke_heap             rwip.o


    Execution Region RAM_STACK_UNUSED (Base: 0x0040330c, Size: 0x00000020, Max: 0x00000020, ABSOLUTE)

    Base Addr    Size         Type   Attr      Idx    E Section Name        Object

    0x0040330c   0x00000020   Zero   RW            1    RAM_STACK_UNUSED.bss  anon$$obj.o


    Execution Region RAM_STACK_SVC (Base: 0x0040332c, Size: 0x000006f0, Max: 0x000006f0, ABSOLUTE)

    Base Addr    Size         Type   Attr      Idx    E Section Name        Object

    0x0040332c   0x000006f0   Zero   RW            2    RAM_STACK_SVC.bss   anon$$obj.o


    Execution Region RAM_STACK_IRQ (Base: 0x00403a1c, Size: 0x000002f0, Max: 0x000002f0, ABSOLUTE)

    Base Addr    Size         Type   Attr      Idx    E Section Name        Object

    0x00403a1c   0x000002f0   Zero   RW            3    RAM_STACK_IRQ.bss   anon$$obj.o


    Execution Region RAM_STACK_FIQ (Base: 0x00403d0c, Size: 0x000002f0, Max: 0x000002f0, ABSOLUTE)

    Base Addr    Size         Type   Attr      Idx    E Section Name        Object

    0x00403d0c   0x000002f0   Zero   RW            4    RAM_STACK_FIQ.bss   anon$$obj.o


==============================================================================

Image component sizes


      Code (inc. data)   RO Data    RW Data    ZI Data      Debug   Object Name

       288         18         16          0          0          0   ancsc.o
      1164        164        376          0          0          0   ancsc_task.o
       724        152         28          0         64          0   app.o
      1152        518        344          2          0          0   app_ancsc.o
       164         14         40          2          0          0   app_batt.o
       268        112         16          0          0          0   app_dis.o
      1388        438        150          5         60          0   app_sec.o
      1772        716        292          1          0          0   app_task.o
      1156        526         46          0         16          0   arch_main.o
       948         16         56          0          0          0   bass.o
       676         12         56          0          0          0   bass_task.o
       500         76          0          0          0          0   boot_handlers.o
        92         32          0          0          0          0   boot_vectors.o
       384         12        168          0          0          0   diss.o
       464          8         32          0          0          0   diss_task.o
        24          4          0          0          0          0   emi.o
       444         12         64          0          0          0   fff0s.o
       552          8         48          0          0          0   fff0s_task.o
       552         24          0          4         12          0   flash.o
       424         34          0          2          0          0   icu.o
       184         16          0          0          0          0   intc.o
       568          4          0          0        240          0   prf.o
      1430          6          0          0          0          0   prf_utils.o
      1024        224          0          0         36          0   rf_xvr.o
       776         16          0          0          0          0   rwble.o
        56          0          0          0          0          0   rwble_hl.o
      1040        104          0          0       4884          0   rwip.o
        44          4          0          0          0          0   timer.o
       908        146          0         16        148          0   uart.o
       104         10          0          2          0          0   wdt.o

    ----------------------------------------------------------------------
     19336       3450       1734         40       8772          0   Object Totals
        48         24          0          0       3312          0   (incl. Generated)
        18          0          2          6          0          0   (incl. Padding)

    ----------------------------------------------------------------------

      Code (inc. data)   RO Data    RW Data    ZI Data      Debug   Library Member Name

         0          0          0          0          0          0   iusefp.o
        32          0          0          0          0          0   llshl.o
        38          0          0          0          0          0   llsshr.o
        34          0          0          0          0          0   llushr.o
      2246         94          0          0          0          0   printfa.o
        96          0          0          0          0          0   uldiv.o
        40          2          0          0          0          0   cdrcmple.o
       356          4          0          0          0          0   dadd.o
       240          6          0          0          0          0   ddiv.o
       190          0          0          0          0          0   depilogue.o
        64         10          0          0          0          0   dfixul.o
       208          6          0          0          0          0   dmul.o

    ----------------------------------------------------------------------
      3546        122          0          0          0          0   Library Totals
         2          0          0          0          0          0   (incl. Padding)

    ----------------------------------------------------------------------

      Code (inc. data)   RO Data    RW Data    ZI Data      Debug   Library Name

      2446         94          0          0          0          0   mc_5.l
      1098         28          0          0          0          0   mf_5.l

    ----------------------------------------------------------------------
      3546        122          0          0          0          0   Library Totals

    ----------------------------------------------------------------------

==============================================================================


      Code (inc. data)   RO Data    RW Data    ZI Data      Debug   

     22882       3572       1734         40       8772          0   Grand Totals
     22882       3572       1734         40       8772          0   ELF Image Totals
     22882       3572       1734         40          0          0   ROM Totals

==============================================================================

    Total RO  Size (Code + RO Data)                24616 (  24.04kB)
    Total RW  Size (RW Data + ZI Data)              8812 (   8.61kB)
    Total ROM Size (Code + RO Data + RW Data)      24656 (  24.08kB)

==============================================================================

