<html>
<body>
<pre>
<h1>µVision Build Log</h1>
<h2>Tool Versions:</h2>
IDE-Version: ¦ÌVision V5.37.0.0
Copyright (C) 2022 ARM Ltd and ARM Germany GmbH. All rights reserved.
License Information: cheng chengge, 888, LIC=HF82M-XQ96N-D3RM3-AT7HS-G49UM-2WS9M
 
Tool Versions:
Toolchain:       MDK-ARM Professional  Version: 5.37.0.0
Toolchain Path:  E:\keil\ARM\ARMCC\Bin
C Compiler:      Armcc.exe V5.06 update 6 (build 750)
Assembler:       Armasm.exe V5.06 update 6 (build 750)
Linker/Locator:  ArmLink.exe V5.06 update 6 (build 750)
Library Manager: ArmAr.exe V5.06 update 6 (build 750)
Hex Converter:   FromElf.exe V5.06 update 6 (build 750)
CPU DLL:         SARMCM3.DLL V5.37.0.0
Dialog DLL:      DARMCM1.DLL V1.19.6.0
Target DLL:      UL2CM3.DLL V1.164.7.0
Dialog DLL:      TARMCM1.DLL V1.14.6.0
 
<h2>Project:</h2>
F:\phyplusinc\SDK\test\release_bbb_sdk-PHY62XX_SDK_3.1.3\example\ble_peripheral\HIDKeyboard\HIDKeyBoard.uvprojx
Project File Date:  06/12/2023

<h2>Output:</h2>
*** Using Compiler 'V5.06 update 6 (build 750)', folder: 'E:\keil\ARM\ARMCC\Bin'
Rebuild target 'Target 1'
compiling osal_snv.c...
compiling key.c...
compiling pwm.c...
compiling timer.c...
compiling my_printf.c...
compiling flash.c...
compiling clock.c...
compiling uart.c...
compiling main.c...
compiling pwrmgr.c...
compiling gpio.c...
compiling gap.c...
compiling central.c...
compiling gapgattserver.c...
compiling devinfoservice.c...
compiling hidkbdservice.c...
compiling scanparamservice.c...
compiling ota_app_service.c...
compiling peripheral.c...
compiling battservice.c...
compiling hidkbd_Main.c...
compiling gattservapp.c...
compiling hiddev.c...
..\..\..\components\profiles\HID\hiddev.c(1359): warning:  #177-D: function "hidDevLowAdvertising"  was declared but never referenced
  static void hidDevLowAdvertising( void )
..\..\..\components\profiles\HID\hiddev.c: 1 warning, 0 errors
compiling gapbondmgr.c...
assembling startup_ARMCM0.s...
compiling jump_table.c...
compiling touch_key.c...
compiling system_ARMCM0.c...
compiling hidkbd.c...
compiling OSAL_hidkbd.c...
compiling fs.c...
linking...
Program Size: Code=64452 RO-data=2516 RW-data=3316 ZI-data=9748  
FromELF: creating hex file...
After Build - User command #1: fromelf.exe .\Objects\HIDKeyBoard.axf --i32combined --output .\bin\HIDKeyBoard.hex
After Build - User command #2: fromelf -c -a -d -e -v -o HIDKeyBoard.asm ./Objects/HIDKeyBoard.axf
".\Objects\HIDKeyBoard.axf" - 0 Error(s), 1 Warning(s).

<h2>Software Packages used:</h2>

Package Vendor: ARM
                http://www.keil.com/pack/ARM.CMSIS.5.9.0.pack
                ARM.CMSIS.5.9.0
                CMSIS (Common Microcontroller Software Interface Standard)
   * Component: CORE Version: 5.6.0
   * Component: Startup Version: 1.2.2

<h2>Collection of Component include folders:</h2>
  ./RTE/_Target_1
  E:/keil/keil_v5/ARM/CMSIS/5.9.0/CMSIS/Core/Include
  E:/keil/keil_v5/ARM/CMSIS/5.9.0/Device/ARM/ARMCM0/Include

<h2>Collection of Component Files used:</h2>

   * Component: ARM::CMSIS:CORE:5.6.0

   * Component: ARM::Device:Startup:1.2.2
      Include file:  Device/ARM/ARMCM0/Include/ARMCM0.h
      Source file:   Device/ARM/ARMCM0/Source/system_ARMCM0.c
      Source file:   Device/ARM/ARMCM0/Source/ARM/startup_ARMCM0.s
Build Time Elapsed:  00:00:03
</pre>
</body>
</html>
