Component: ARM Compiler 5.05 (build 41) Tool: armlink [4d0eb9]

==============================================================================

Section Cross References

    arch_main.o(.text) refers to uart.o(.text) for uart_printf
    arch_main.o(.text) refers to wdt.o(.text) for wdt_enable
    arch_main.o(.text) refers to flash.o(.text) for flash_read
    arch_main.o(.text) refers to icu.o(.text) for icu_init
    arch_main.o(.text) refers to emi.o(.text) for emi_init
    arch_main.o(.text) refers to timer.o(.text) for timer_init
    arch_main.o(.text) refers to intc.o(.text) for intc_init
    arch_main.o(.text) refers to rwip.o(.text) for rwip_init
    arch_main.o(.text) refers to arch_main.o(.constdata) for .constdata
    arch_main.o(.text) refers to prf.o(.text) for prf_get_id_from_task
    arch_main.o(.text) refers to rwble_hl.o(.text) for rwble_hl_reset
    arch_main.o(.text) refers to arch_main.o(.bss) for .bss
    arch_main.o(.text) refers to wdt.o(.data) for wdt_disable_flag
    arch_main.o(.text) refers to boot_handlers.o(SYS_BOOT) for boot_stack_base_UNUSED
    boot_handlers.o(SYS_BOOT) refers to arch_main.o(.text) for rw_main
    boot_vectors.o(SYS_BOOT) refers to boot_handlers.o(SYS_BOOT) for sys_Reset
    boot_vectors.o(SYS_BOOT) refers to intc.o(sys_irq_entry) for SYSirq_IRQ_Handler
    boot_vectors.o(SYS_BOOT) refers to intc.o(sys_fiq_entry) for SYSirq_FIQ_Handler
    rwble.o(.text) refers to rwip.o(.text) for rwip_wakeup
    rwble.o(.text) refers to wdt.o(.text) for wdt_feed
    rwip.o(.text) refers to rf_xvr.o(.text) for rf_init
    rwip.o(.text) refers to arch_main.o(.text) for rwip_eif_get
    rwip.o(.text) refers to rwble_hl.o(.text) for rwble_hl_init
    rwip.o(.text) refers to rwble.o(.text) for rwble_init
    rwip.o(.text) refers to app.o(.text) for appm_init
    rwip.o(.text) refers to uart.o(.text) for check_uart_stop
    rwip.o(.text) refers to wdt.o(.text) for wdt_feed
    rwip.o(.text) refers to rwip.o(.bss) for .bss
    rwip.o(.text) refers to rwip.o(ke_heap) for ke_heap
    rwip.o(.text) refers to uart.o(.data) for cur_read_buf_idx
    icu.o(.text) refers to rf_xvr.o(.text) for Delay_us
    icu.o(.text) refers to icu.o(.data) for .data
    intc.o(.text) refers to icu.o(.text) for cpu_wakeup
    intc.o(.text) refers to uart.o(.text) for uart_isr
    intc.o(.text) refers to gpio.o(.text) for gpio_isr
    intc.o(.text) refers to rwble.o(.text) for rwble_isr
    intc.o(sys_fiq_entry) refers to intc.o(.text) for FIQ_Exception
    intc.o(sys_irq_entry) refers to intc.o(.text) for IRQ_Exception
    uart.o(.text) refers to printfa.o(i.__0vsprintf) for vsprintf
    uart.o(.text) refers to arch_main.o(.text) for assert_err
    uart.o(.text) refers to uart.o(.bss) for .bss
    uart.o(.text) refers to uart.o(.data) for .data
    wdt.o(.text) refers to wdt.o(.data) for .data
    rf_xvr.o(.text) refers to rf_xvr.o(.bss) for .bss
    rf_xvr.o(.text) refers to rf_xvr.o(.data) for .data
    gpio.o(.text) refers to uart.o(.text) for uart_printf
    gpio.o(.text) refers to gpio.o(.data) for .data
    gpio.o(.text) refers to gpio.o(.bss) for .bss
    flash.o(.text) refers to flash.o(.bss) for .bss
    flash.o(.text) refers to flash.o(.data) for .data
    bass.o(.text) refers to prf.o(.text) for prf_env_get
    bass.o(.text) refers to bass.o(.constdata) for .constdata
    bass.o(.text) refers to bass_task.o(.constdata) for bass_default_handler
    bass.o(.constdata) refers to bass.o(.text) for bass_init
    bass_task.o(.text) refers to prf.o(.text) for prf_env_get
    bass_task.o(.text) refers to bass.o(.text) for bass_exe_operation
    bass_task.o(.text) refers to prf_utils.o(.text) for prf_pack_char_pres_fmt
    bass_task.o(.constdata) refers to bass_task.o(.text) for bass_enable_req_handler
    bass_task.o(.constdata) refers to bass_task.o(.constdata) for bass_default_state
    diss.o(.text) refers to diss.o(.constdata) for .constdata
    diss.o(.text) refers to diss_task.o(.constdata) for diss_default_handler
    diss.o(.constdata) refers to diss.o(.text) for diss_init
    diss_task.o(.text) refers to prf.o(.text) for prf_env_get
    diss_task.o(.text) refers to diss.o(.text) for diss_value_to_handle
    diss_task.o(.constdata) refers to diss_task.o(.text) for diss_set_value_req_handler
    diss_task.o(.constdata) refers to diss_task.o(.constdata) for diss_default_state
    wechat.o(.text) refers to prf.o(.text) for prf_env_get
    wechat.o(.text) refers to wechat.o(.constdata) for .constdata
    wechat.o(.text) refers to wechat_task.o(.constdata) for wechat_default_handler
    wechat.o(.constdata) refers to wechat.o(.text) for wechat_init
    wechat_task.o(.text) refers to uart.o(.text) for uart_printf
    wechat_task.o(.text) refers to prf.o(.text) for prf_env_get
    wechat_task.o(.text) refers to wechat.o(.text) for wechat_indicate_lvl
    wechat_task.o(.constdata) refers to wechat_task.o(.text) for wechat_ind_upd_req_handler
[...]
    ea_elt_insert                            0x0000be3b   Thumb Code     0  stack_rom_symbol.txt ABSOLUTE
    ea_elt_remove                            0x0000c087   Thumb Code     0  stack_rom_symbol.txt ABSOLUTE
    ea_interval_create                       0x0000c0f1   Thumb Code     0  stack_rom_symbol.txt ABSOLUTE
    ea_interval_insert                       0x0000c107   Thumb Code     0  stack_rom_symbol.txt ABSOLUTE
    ea_interval_remove                       0x0000c115   Thumb Code     0  stack_rom_symbol.txt ABSOLUTE
    ea_interval_delete                       0x0000c125   Thumb Code     0  stack_rom_symbol.txt ABSOLUTE
    ea_finetimer_isr                         0x0000c13f   Thumb Code     0  stack_rom_symbol.txt ABSOLUTE
    ea_sw_isr                                0x0000c213   Thumb Code     0  stack_rom_symbol.txt ABSOLUTE
    ea_offset_req                            0x0000c233   Thumb Code     0  stack_rom_symbol.txt ABSOLUTE
    ea_timer_target_get                      0x0000c3eb   Thumb Code     0  stack_rom_symbol.txt ABSOLUTE
    ea_sleep_check                           0x0000c407   Thumb Code     0  stack_rom_symbol.txt ABSOLUTE
    ea_interval_duration_req                 0x0000c455   Thumb Code     0  stack_rom_symbol.txt ABSOLUTE
    gapc_update_state                        0x0000c571   Thumb Code     0  stack_rom_symbol.txt ABSOLUTE
    gapc_get_requester                       0x0000c5a1   Thumb Code     0  stack_rom_symbol.txt ABSOLUTE
    gapc_send_complete_evt                   0x0000c5bd   Thumb Code     0  stack_rom_symbol.txt ABSOLUTE
    gapc_init                                0x0000c687   Thumb Code     0  stack_rom_symbol.txt ABSOLUTE
    gapc_con_create                          0x0000c6b9   Thumb Code     0  stack_rom_symbol.txt ABSOLUTE
    gapc_con_cleanup                         0x0000c7cd   Thumb Code     0  stack_rom_symbol.txt ABSOLUTE
    gapc_send_disconect_ind                  0x0000c7dd   Thumb Code     0  stack_rom_symbol.txt ABSOLUTE
    gapc_get_conidx                          0x0000c7ff   Thumb Code     0  stack_rom_symbol.txt ABSOLUTE
    gapc_get_conhdl                          0x0000c825   Thumb Code     0  stack_rom_symbol.txt ABSOLUTE
    gapc_get_role                            0x0000c839   Thumb Code     0  stack_rom_symbol.txt ABSOLUTE
    gapc_get_bdaddr                          0x0000c855   Thumb Code     0  stack_rom_symbol.txt ABSOLUTE
    gapc_get_csrk                            0x0000c875   Thumb Code     0  stack_rom_symbol.txt ABSOLUTE
    gapc_get_sign_counter                    0x0000c893   Thumb Code     0  stack_rom_symbol.txt ABSOLUTE
    gapc_send_error_evt                      0x0000c8b1   Thumb Code     0  stack_rom_symbol.txt ABSOLUTE
    gapc_get_operation                       0x0000c8d3   Thumb Code     0  stack_rom_symbol.txt ABSOLUTE
    gapc_get_operation_ptr                   0x0000c8e9   Thumb Code     0  stack_rom_symbol.txt ABSOLUTE
    gapc_set_operation_ptr                   0x0000c8f5   Thumb Code     0  stack_rom_symbol.txt ABSOLUTE
    gapc_reschedule_operation                0x0000c901   Thumb Code     0  stack_rom_symbol.txt ABSOLUTE
    gapc_is_sec_set                          0x0000c943   Thumb Code     0  stack_rom_symbol.txt ABSOLUTE
    gapc_lk_sec_lvl_get                      0x0000c977   Thumb Code     0  stack_rom_symbol.txt ABSOLUTE
    gapc_enc_keysize_get                     0x0000c991   Thumb Code     0  stack_rom_symbol.txt ABSOLUTE
    gapc_enc_keysize_set                     0x0000c9a9   Thumb Code     0  stack_rom_symbol.txt ABSOLUTE
    gapc_link_encrypted                      0x0000c9bd   Thumb Code     0  stack_rom_symbol.txt ABSOLUTE
    gapc_auth_set                            0x0000c9d5   Thumb Code     0  stack_rom_symbol.txt ABSOLUTE
    gapc_auth_get                            0x0000ca21   Thumb Code     0  stack_rom_symbol.txt ABSOLUTE
    gapc_svc_chg_ccc_get                     0x0000ca51   Thumb Code     0  stack_rom_symbol.txt ABSOLUTE
    gapc_svc_chg_ccc_set                     0x0000ca61   Thumb Code     0  stack_rom_symbol.txt ABSOLUTE
    gapc_param_update_sanity                 0x0000ca77   Thumb Code     0  stack_rom_symbol.txt ABSOLUTE
    gapc_hci_handler                         0x0000d025   Thumb Code     0  stack_rom_symbol.txt ABSOLUTE
    gapc_sig_pdu_recv_handler                0x0000d12d   Thumb Code     0  stack_rom_symbol.txt ABSOLUTE
    gapc_process_op                          0x0000d169   Thumb Code     0  stack_rom_symbol.txt ABSOLUTE
    gapm_update_state                        0x0000ded1   Thumb Code     0  stack_rom_symbol.txt ABSOLUTE
    gapm_le_psm_cleanup                      0x0000df35   Thumb Code     0  stack_rom_symbol.txt ABSOLUTE
    gapm_init                                0x0000df4f   Thumb Code     0  stack_rom_symbol.txt ABSOLUTE
    gapm_init_attr                           0x0000dfc3   Thumb Code     0  stack_rom_symbol.txt ABSOLUTE
    gapm_get_operation                       0x0000dfef   Thumb Code     0  stack_rom_symbol.txt ABSOLUTE
    gapm_get_requester                       0x0000e001   Thumb Code     0  stack_rom_symbol.txt ABSOLUTE
    gapm_reschedule_operation                0x0000e019   Thumb Code     0  stack_rom_symbol.txt ABSOLUTE
    gapm_send_complete_evt                   0x0000e03b   Thumb Code     0  stack_rom_symbol.txt ABSOLUTE
    gapm_send_error_evt                      0x0000e071   Thumb Code     0  stack_rom_symbol.txt ABSOLUTE
    gapm_get_address_type                    0x0000e091   Thumb Code     0  stack_rom_symbol.txt ABSOLUTE
    gapm_con_create                          0x0000e09b   Thumb Code     0  stack_rom_symbol.txt ABSOLUTE
    gapm_con_enable                          0x0000e107   Thumb Code     0  stack_rom_symbol.txt ABSOLUTE
    gapm_con_cleanup                         0x0000e113   Thumb Code     0  stack_rom_symbol.txt ABSOLUTE
    gapm_get_id_from_task                    0x0000e147   Thumb Code     0  stack_rom_symbol.txt ABSOLUTE
    gapm_get_task_from_id                    0x0000e197   Thumb Code     0  stack_rom_symbol.txt ABSOLUTE
    gapm_is_disc_connection                  0x0000e1df   Thumb Code     0  stack_rom_symbol.txt ABSOLUTE
    gapm_get_max_mtu                         0x0000e205   Thumb Code     0  stack_rom_symbol.txt ABSOLUTE
    gapm_get_max_mps                         0x0000e20b   Thumb Code     0  stack_rom_symbol.txt ABSOLUTE
    gapm_set_max_mtu                         0x0000e211   Thumb Code     0  stack_rom_symbol.txt ABSOLUTE
    gapm_set_max_mps                         0x0000e22b   Thumb Code     0  stack_rom_symbol.txt ABSOLUTE
    gapm_addr_check                          0x0000e241   Thumb Code     0  stack_rom_symbol.txt ABSOLUTE
    gapm_dle_val_check                       0x0000e25d   Thumb Code     0  stack_rom_symbol.txt ABSOLUTE
    gapm_is_legacy_pairing_supp              0x0000e279   Thumb Code     0  stack_rom_symbol.txt ABSOLUTE
    gapm_is_sec_con_pairing_supp             0x0000e283   Thumb Code     0  stack_rom_symbol.txt ABSOLUTE
    gapm_le_psm_find                         0x0000e28d   Thumb Code     0  stack_rom_symbol.txt ABSOLUTE
    gapm_le_psm_get_info                     0x0000e2a3   Thumb Code     0  stack_rom_symbol.txt ABSOLUTE
    gapm_lecb_register                       0x0000e2d3   Thumb Code     0  stack_rom_symbol.txt ABSOLUTE
    gapm_lecb_unregister                     0x0000e31f   Thumb Code     0  stack_rom_symbol.txt ABSOLUTE
    gapm_is_embedded_host                    0x0000e33f   Thumb Code     0  stack_rom_symbol.txt ABSOLUTE
    gapm_set_embedded_host                   0x0000e347   Thumb Code     0  stack_rom_symbol.txt ABSOLUTE
    gapm_is_pref_con_param_pres              0x0000e34f   Thumb Code     0  stack_rom_symbol.txt ABSOLUTE
    gapm_get_att_handle                      0x0000e35b   Thumb Code     0  stack_rom_symbol.txt ABSOLUTE
    gapm_svc_chg_en                          0x0000e385   Thumb Code     0  stack_rom_symbol.txt ABSOLUTE
    gapm_dbg_mode_en                         0x0000e391   Thumb Code     0  stack_rom_symbol.txt ABSOLUTE
    gapm_set_svc_start_hdl                   0x0000e39b   Thumb Code     0  stack_rom_symbol.txt ABSOLUTE
    gapm_hci_handler                         0x0000ec49   Thumb Code     0  stack_rom_symbol.txt ABSOLUTE
    gapm_adv_op_sanity                       0x0000f68f   Thumb Code     0  stack_rom_symbol.txt ABSOLUTE
    gapm_set_adv_mode                        0x0000f821   Thumb Code     0  stack_rom_symbol.txt ABSOLUTE
    gapm_set_adv_data                        0x0000f839   Thumb Code     0  stack_rom_symbol.txt ABSOLUTE
    gapm_get_local_addrtype                  0x0000f863   Thumb Code     0  stack_rom_symbol.txt ABSOLUTE
    gapm_execute_adv_op                      0x0000f883   Thumb Code     0  stack_rom_symbol.txt ABSOLUTE
    gapm_get_role                            0x0000f999   Thumb Code     0  stack_rom_symbol.txt ABSOLUTE
    gapm_update_air_op_state                 0x0000f99f   Thumb Code     0  stack_rom_symbol.txt ABSOLUTE
    gapm_get_irk                             0x0000fa67   Thumb Code     0  stack_rom_symbol.txt ABSOLUTE
    gapm_get_bdaddr                          0x0000fa6b   Thumb Code     0  stack_rom_symbol.txt ABSOLUTE
    gapm_basic_hci_cmd_send                  0x0000fa71   Thumb Code     0  stack_rom_symbol.txt ABSOLUTE
    gapm_setup_conn                          0x0000fa85   Thumb Code     0  stack_rom_symbol.txt ABSOLUTE
    gapm_get_adv_mode                        0x0000fae1   Thumb Code     0  stack_rom_symbol.txt ABSOLUTE
    gapm_op_reset_continue                   0x0000fafd   Thumb Code     0  stack_rom_symbol.txt ABSOLUTE
    gapm_op_setup_continue                   0x0000fb83   Thumb Code     0  stack_rom_symbol.txt ABSOLUTE
    smpc_send_use_enc_block_cmd              0x0000fd41   Thumb Code     0  stack_rom_symbol.txt ABSOLUTE
    smpc_send_start_enc_cmd                  0x0000fd79   Thumb Code     0  stack_rom_symbol.txt ABSOLUTE
    smpc_send_ltk_req_rsp                    0x0000fde9   Thumb Code     0  stack_rom_symbol.txt ABSOLUTE
    smpc_send_pairing_req_ind                0x0000fe45   Thumb Code     0  stack_rom_symbol.txt ABSOLUTE
    smpc_send_pairing_ind                    0x0000fef7   Thumb Code     0  stack_rom_symbol.txt ABSOLUTE
    smpc_check_pairing_feat                  0x0000ff81   Thumb Code     0  stack_rom_symbol.txt ABSOLUTE
    smpc_launch_rep_att_timer                0x0000ffa7   Thumb Code     0  stack_rom_symbol.txt ABSOLUTE
    smpc_check_repeated_attempts             0x0000ffe1   Thumb Code     0  stack_rom_symbol.txt ABSOLUTE
    smpc_check_max_key_size                  0x00010033   Thumb Code     0  stack_rom_symbol.txt ABSOLUTE
    smpc_check_key_distrib                   0x0001005b   Thumb Code     0  stack_rom_symbol.txt ABSOLUTE
    smpc_xor                                 0x000100e1   Thumb Code     0  stack_rom_symbol.txt ABSOLUTE
    smpc_generate_l                          0x000100f9   Thumb Code     0  stack_rom_symbol.txt ABSOLUTE
    smpc_generate_ci                         0x00010161   Thumb Code     0  stack_rom_symbol.txt ABSOLUTE
    smpc_generate_rand                       0x000101c1   Thumb Code     0  stack_rom_symbol.txt ABSOLUTE
    smpc_generate_e1                         0x000101e7   Thumb Code     0  stack_rom_symbol.txt ABSOLUTE
    smpc_generate_cfm                        0x000102a5   Thumb Code     0  stack_rom_symbol.txt ABSOLUTE
    smpc_generate_stk                        0x0001031f   Thumb Code     0  stack_rom_symbol.txt ABSOLUTE
    smpc_calc_subkeys                        0x00010375   Thumb Code     0  stack_rom_symbol.txt ABSOLUTE
    smpc_clear_timeout_timer                 0x000103eb   Thumb Code     0  stack_rom_symbol.txt ABSOLUTE
    smpc_pairing_end                         0x00010413   Thumb Code     0  stack_rom_symbol.txt ABSOLUTE
    smpc_tkdp_rcp_continue                   0x0001047b   Thumb Code     0  stack_rom_symbol.txt ABSOLUTE
    smpc_tkdp_rcp_start                      0x0001050b   Thumb Code     0  stack_rom_symbol.txt ABSOLUTE
    smpc_pdu_send                            0x0001053b   Thumb Code     0  stack_rom_symbol.txt ABSOLUTE
    smpc_tkdp_send_continue                  0x000105cf   Thumb Code     0  stack_rom_symbol.txt ABSOLUTE
    smpc_tkdp_send_start                     0x00010699   Thumb Code     0  stack_rom_symbol.txt ABSOLUTE
    smpc_get_key_sec_prop                    0x000106c9   Thumb Code     0  stack_rom_symbol.txt ABSOLUTE
    smpc_is_sec_mode_reached                 0x00010741   Thumb Code     0  stack_rom_symbol.txt ABSOLUTE
    smpc_handle_enc_change_evt               0x0001076b   Thumb Code     0  stack_rom_symbol.txt ABSOLUTE
    smpc_pdu_recv                            0x000107fb   Thumb Code     0  stack_rom_symbol.txt ABSOLUTE
    smpc_pairing_tk_exch                     0x00010869   Thumb Code     0  stack_rom_symbol.txt ABSOLUTE
    smpc_pairing_ltk_exch                    0x000108cd   Thumb Code     0  stack_rom_symbol.txt ABSOLUTE
    smpc_pairing_irk_exch                    0x00010933   Thumb Code     0  stack_rom_symbol.txt ABSOLUTE
    smpc_pairing_csrk_exch                   0x0001096f   Thumb Code     0  stack_rom_symbol.txt ABSOLUTE
    smpc_pairing_rsp                         0x000109b3   Thumb Code     0  stack_rom_symbol.txt ABSOLUTE
    smpc_pairing_req_handler                 0x00010a97   Thumb Code     0  stack_rom_symbol.txt ABSOLUTE
    smpc_security_req_send                   0x00010acb   Thumb Code     0  stack_rom_symbol.txt ABSOLUTE
    smpc_encrypt_start_handler               0x00010b1d   Thumb Code     0  stack_rom_symbol.txt ABSOLUTE
    smpc_encrypt_cfm                         0x00010b49   Thumb Code     0  stack_rom_symbol.txt ABSOLUTE
    smpc_sign_command                        0x00010b75   Thumb Code     0  stack_rom_symbol.txt ABSOLUTE
    smpc_sign_cont                           0x00010c3f   Thumb Code     0  stack_rom_symbol.txt ABSOLUTE
    smpc_calc_confirm_cont                   0x00010ded   Thumb Code     0  stack_rom_symbol.txt ABSOLUTE
    smpc_confirm_gen_rand                    0x00010ec9   Thumb Code     0  stack_rom_symbol.txt ABSOLUTE
    smpc_key_press_notification_ind          0x00010f17   Thumb Code     0  stack_rom_symbol.txt ABSOLUTE
    smpc_check_param                         0x00010f3d   Thumb Code     0  stack_rom_symbol.txt ABSOLUTE
    smpm_gen_rand_addr                       0x000112e5   Thumb Code     0  stack_rom_symbol.txt ABSOLUTE
    smpm_send_encrypt_req                    0x00011301   Thumb Code     0  stack_rom_symbol.txt ABSOLUTE
    smpm_resolv_addr                         0x0001132f   Thumb Code     0  stack_rom_symbol.txt ABSOLUTE
    smpm_use_enc_block                       0x00011351   Thumb Code     0  stack_rom_symbol.txt ABSOLUTE
    smpm_gen_rand_nb                         0x00011353   Thumb Code     0  stack_rom_symbol.txt ABSOLUTE
    attc_send_att_req                        0x00011379   Thumb Code     0  stack_rom_symbol.txt ABSOLUTE
    attc_send_hdl_cfm                        0x000113a3   Thumb Code     0  stack_rom_symbol.txt ABSOLUTE
    attc_send_execute                        0x000113c3   Thumb Code     0  stack_rom_symbol.txt ABSOLUTE
    attc_send_read_ind                       0x000113e7   Thumb Code     0  stack_rom_symbol.txt ABSOLUTE
    attc_l2cc_pdu_recv_handler               0x00011d63   Thumb Code     0  stack_rom_symbol.txt ABSOLUTE
    attm_convert_to128                       0x00011db9   Thumb Code     0  stack_rom_symbol.txt ABSOLUTE
    attm_uuid_comp                           0x00011de9   Thumb Code     0  stack_rom_symbol.txt ABSOLUTE
    attm_uuid16_comp                         0x00011e41   Thumb Code     0  stack_rom_symbol.txt ABSOLUTE
    attm_is_bt16_uuid                        0x00011e4d   Thumb Code     0  stack_rom_symbol.txt ABSOLUTE
    attm_is_bt32_uuid                        0x00011e73   Thumb Code     0  stack_rom_symbol.txt ABSOLUTE
    attm_convert_to128_ti                    0x00011e9b   Thumb Code     0  stack_rom_symbol.txt ABSOLUTE
    attm_svc_create_db                       0x00011ecb   Thumb Code     0  stack_rom_symbol.txt ABSOLUTE
    attm_svc_create_db_128                   0x00011fcb   Thumb Code     0  stack_rom_symbol.txt ABSOLUTE
    attm_svc_create_db128                    0x000120f7   Thumb Code     0  stack_rom_symbol.txt ABSOLUTE
    attm_reserve_handle_range                0x00012235   Thumb Code     0  stack_rom_symbol.txt ABSOLUTE
    attm_att_set_value                       0x00012257   Thumb Code     0  stack_rom_symbol.txt ABSOLUTE
    attm_get_value                           0x00012309   Thumb Code     0  stack_rom_symbol.txt ABSOLUTE
    attm_att_set_permission                  0x00012471   Thumb Code     0  stack_rom_symbol.txt ABSOLUTE
    attm_att_update_perm                     0x000124e7   Thumb Code     0  stack_rom_symbol.txt ABSOLUTE
    attm_svc_set_permission                  0x00012555   Thumb Code     0  stack_rom_symbol.txt ABSOLUTE
    attm_svc_get_permission                  0x00012579   Thumb Code     0  stack_rom_symbol.txt ABSOLUTE
    attm_init                                0x00012597   Thumb Code     0  stack_rom_symbol.txt ABSOLUTE
    attmdb_svc_check_hdl                     0x000128af   Thumb Code     0  stack_rom_symbol.txt ABSOLUTE
    attmdb_add_service                       0x000128ff   Thumb Code     0  stack_rom_symbol.txt ABSOLUTE
    attmdb_destroy                           0x00012975   Thumb Code     0  stack_rom_symbol.txt ABSOLUTE
    attmdb_get_service                       0x0001298f   Thumb Code     0  stack_rom_symbol.txt ABSOLUTE
    attmdb_get_attribute                     0x000129cd   Thumb Code     0  stack_rom_symbol.txt ABSOLUTE
    attmdb_get_next_att                      0x00012a01   Thumb Code     0  stack_rom_symbol.txt ABSOLUTE
    attmdb_uuid16_comp                       0x00012a77   Thumb Code     0  stack_rom_symbol.txt ABSOLUTE
    attmdb_get_max_len                       0x00012ab5   Thumb Code     0  stack_rom_symbol.txt ABSOLUTE
    attmdb_get_uuid                          0x00012b1f   Thumb Code     0  stack_rom_symbol.txt ABSOLUTE
    attmdb_att_get_permission                0x00012bf5   Thumb Code     0  stack_rom_symbol.txt ABSOLUTE
    attmdb_get_nb_svc                        0x00012d03   Thumb Code     0  stack_rom_symbol.txt ABSOLUTE
    attmdb_get_svc_info                      0x00012d19   Thumb Code     0  stack_rom_symbol.txt ABSOLUTE
    atts_clear_read_cache                    0x00012df5   Thumb Code     0  stack_rom_symbol.txt ABSOLUTE
    atts_send_error                          0x00012f57   Thumb Code     0  stack_rom_symbol.txt ABSOLUTE
    atts_write_signed_cfm                    0x00012f7b   Thumb Code     0  stack_rom_symbol.txt ABSOLUTE
    atts_send_event                          0x00012fbd   Thumb Code     0  stack_rom_symbol.txt ABSOLUTE
    atts_clear_prep_data                     0x00013049   Thumb Code     0  stack_rom_symbol.txt ABSOLUTE
    atts_clear_rsp_data                      0x00013065   Thumb Code     0  stack_rom_symbol.txt ABSOLUTE
    atts_write_rsp_send                      0x00013081   Thumb Code     0  stack_rom_symbol.txt ABSOLUTE
    atts_process_pdu                         0x00013d1b   Thumb Code     0  stack_rom_symbol.txt ABSOLUTE
    atts_l2cc_pdu_recv_handler               0x00013d81   Thumb Code     0  stack_rom_symbol.txt ABSOLUTE
    gattc_update_state                       0x00013fc7   Thumb Code     0  stack_rom_symbol.txt ABSOLUTE
    gattc_get_requester                      0x00013feb   Thumb Code     0  stack_rom_symbol.txt ABSOLUTE
    gattc_send_complete_evt                  0x00014007   Thumb Code     0  stack_rom_symbol.txt ABSOLUTE
    gattc_cleanup                            0x00014065   Thumb Code     0  stack_rom_symbol.txt ABSOLUTE
    gattc_init                               0x000140ff   Thumb Code     0  stack_rom_symbol.txt ABSOLUTE
    gattc_create                             0x00014133   Thumb Code     0  stack_rom_symbol.txt ABSOLUTE
    gattc_con_enable                         0x000141a7   Thumb Code     0  stack_rom_symbol.txt ABSOLUTE
    gattc_get_mtu                            0x000141bb   Thumb Code     0  stack_rom_symbol.txt ABSOLUTE
    gattc_set_mtu                            0x000141c7   Thumb Code     0  stack_rom_symbol.txt ABSOLUTE
    gattc_send_error_evt                     0x00014205   Thumb Code     0  stack_rom_symbol.txt ABSOLUTE
    gattc_get_operation                      0x0001422b   Thumb Code     0  stack_rom_symbol.txt ABSOLUTE
    gattc_get_op_seq_num                     0x00014241   Thumb Code     0  stack_rom_symbol.txt ABSOLUTE
    gattc_get_operation_ptr                  0x00014257   Thumb Code     0  stack_rom_symbol.txt ABSOLUTE
    gattc_set_operation_ptr                  0x00014263   Thumb Code     0  stack_rom_symbol.txt ABSOLUTE
    gattc_reschedule_operation               0x0001426f   Thumb Code     0  stack_rom_symbol.txt ABSOLUTE
    gattm_svc_get_start_hdl                  0x00015199   Thumb Code     0  stack_rom_symbol.txt ABSOLUTE
    gattm_init                               0x0001519f   Thumb Code     0  stack_rom_symbol.txt ABSOLUTE
    gattm_init_attr                          0x000151bd   Thumb Code     0  stack_rom_symbol.txt ABSOLUTE
    gattm_create                             0x00015225   Thumb Code     0  stack_rom_symbol.txt ABSOLUTE
    gattm_cleanup                            0x0001522d   Thumb Code     0  stack_rom_symbol.txt ABSOLUTE
    l2cc_send_error_evt                      0x00015249   Thumb Code     0  stack_rom_symbol.txt ABSOLUTE
    l2cc_update_state                        0x00015271   Thumb Code     0  stack_rom_symbol.txt ABSOLUTE
    l2cc_send_complete_evt                   0x00015297   Thumb Code     0  stack_rom_symbol.txt ABSOLUTE
    l2cc_cleanup                             0x000152e9   Thumb Code     0  stack_rom_symbol.txt ABSOLUTE
    l2cc_init                                0x000153b9   Thumb Code     0  stack_rom_symbol.txt ABSOLUTE
    l2cc_create                              0x000153ef   Thumb Code     0  stack_rom_symbol.txt ABSOLUTE
    l2cc_get_operation                       0x00015431   Thumb Code     0  stack_rom_symbol.txt ABSOLUTE
    l2cc_get_operation_ptr                   0x00015445   Thumb Code     0  stack_rom_symbol.txt ABSOLUTE
    l2cc_set_operation_ptr                   0x00015451   Thumb Code     0  stack_rom_symbol.txt ABSOLUTE
    l2cc_data_send                           0x0001545d   Thumb Code     0  stack_rom_symbol.txt ABSOLUTE
    l2cc_lecb_h2l_err                        0x00015739   Thumb Code     0  stack_rom_symbol.txt ABSOLUTE
    l2cc_lecb_find                           0x00015773   Thumb Code     0  stack_rom_symbol.txt ABSOLUTE
    l2cc_lecb_free                           0x000157af   Thumb Code     0  stack_rom_symbol.txt ABSOLUTE
    l2cc_lecb_init_disconnect                0x00015867   Thumb Code     0  stack_rom_symbol.txt ABSOLUTE
    l2cc_lecb_send_con_req                   0x00015897   Thumb Code     0  stack_rom_symbol.txt ABSOLUTE
    l2cc_lecb_send_con_rsp                   0x000158d3   Thumb Code     0  stack_rom_symbol.txt ABSOLUTE
    l2cc_lecb_send_disc_req                  0x00015903   Thumb Code     0  stack_rom_symbol.txt ABSOLUTE
    l2cc_lecb_send_disc_rsp                  0x00015933   Thumb Code     0  stack_rom_symbol.txt ABSOLUTE
    l2cc_lecb_send_credit_add                0x00015957   Thumb Code     0  stack_rom_symbol.txt ABSOLUTE
    l2cc_lecb_pdu_pack                       0x00015989   Thumb Code     0  stack_rom_symbol.txt ABSOLUTE
    l2cc_lecb_pdu_unpack                     0x000159ed   Thumb Code     0  stack_rom_symbol.txt ABSOLUTE
    l2cc_dbg_pdu_pack                        0x00015a3f   Thumb Code     0  stack_rom_symbol.txt ABSOLUTE
    l2cc_dbg_pdu_unpack                      0x00015a87   Thumb Code     0  stack_rom_symbol.txt ABSOLUTE
    l2cc_pdu_pack                            0x00015ab1   Thumb Code     0  stack_rom_symbol.txt ABSOLUTE
    l2cc_pdu_unpack                          0x00015d21   Thumb Code     0  stack_rom_symbol.txt ABSOLUTE
    l2cc_pdu_header_check                    0x00015f85   Thumb Code     0  stack_rom_symbol.txt ABSOLUTE
    l2cc_sig_send_cmd_reject                 0x00016255   Thumb Code     0  stack_rom_symbol.txt ABSOLUTE
    l2cc_sig_pdu_recv_handler                0x00016735   Thumb Code     0  stack_rom_symbol.txt ABSOLUTE
    l2cc_process_op                          0x00016785   Thumb Code     0  stack_rom_symbol.txt ABSOLUTE
    l2cc_pdu_alloc                           0x00016ecd   Thumb Code     0  stack_rom_symbol.txt ABSOLUTE
    l2cc_pdu_send                            0x00016ef7   Thumb Code     0  stack_rom_symbol.txt ABSOLUTE
    l2cm_init                                0x00016f5b   Thumb Code     0  stack_rom_symbol.txt ABSOLUTE
    l2cm_create                              0x00016f81   Thumb Code     0  stack_rom_symbol.txt ABSOLUTE
    l2cm_cleanup                             0x00016f89   Thumb Code     0  stack_rom_symbol.txt ABSOLUTE
    l2cm_set_link_layer_buff_size            0x00016f93   Thumb Code     0  stack_rom_symbol.txt ABSOLUTE
    l2cm_get_nb_buffer_available             0x00016f9d   Thumb Code     0  stack_rom_symbol.txt ABSOLUTE
    l2cm_tx_status                           0x00016fa3   Thumb Code     0  stack_rom_symbol.txt ABSOLUTE
    hci_evt_mask_set                         0x00016fd5   Thumb Code     0  stack_rom_symbol.txt ABSOLUTE
    hci_init                                 0x0001701f   Thumb Code     0  stack_rom_symbol.txt ABSOLUTE
    hci_reset                                0x00017041   Thumb Code     0  stack_rom_symbol.txt ABSOLUTE
    hci_send_2_host                          0x00017063   Thumb Code     0  stack_rom_symbol.txt ABSOLUTE
    hci_send_2_controller                    0x000170fb   Thumb Code     0  stack_rom_symbol.txt ABSOLUTE
    hci_fc_init                              0x000171c5   Thumb Code     0  stack_rom_symbol.txt ABSOLUTE
    hci_fc_acl_buf_size_set                  0x000171d1   Thumb Code     0  stack_rom_symbol.txt ABSOLUTE
    hci_fc_acl_en                            0x000171f1   Thumb Code     0  stack_rom_symbol.txt ABSOLUTE
    hci_fc_acl_packet_sent                   0x00017219   Thumb Code     0  stack_rom_symbol.txt ABSOLUTE
    hci_fc_host_nb_acl_pkts_complete         0x00017229   Thumb Code     0  stack_rom_symbol.txt ABSOLUTE
    hci_fc_check_host_available_nb_acl_packets 0x0001723b   Thumb Code     0  stack_rom_symbol.txt ABSOLUTE
    hci_dbg_wr_mem_cmd_upk                   0x00017567   Thumb Code     0  stack_rom_symbol.txt ABSOLUTE
    hci_dbg_wr_flash_cmd_upk                 0x000175eb   Thumb Code     0  stack_rom_symbol.txt ABSOLUTE
    hci_dbg_wr_par_cmd_upk                   0x00017671   Thumb Code     0  stack_rom_symbol.txt ABSOLUTE
    hci_dbg_rd_data_cmd_cmp_evt_pk           0x000176db   Thumb Code     0  stack_rom_symbol.txt ABSOLUTE
    hci_dbg_assert_err_evt_pkupk             0x00017743   Thumb Code     0  stack_rom_symbol.txt ABSOLUTE
    hci_look_for_cmd_desc                    0x000177e7   Thumb Code     0  stack_rom_symbol.txt ABSOLUTE
    hci_look_for_evt_desc                    0x00017837   Thumb Code     0  stack_rom_symbol.txt ABSOLUTE
    hci_look_for_dbg_evt_desc                0x0001785d   Thumb Code     0  stack_rom_symbol.txt ABSOLUTE
    hci_look_for_le_evt_desc                 0x00017881   Thumb Code     0  stack_rom_symbol.txt ABSOLUTE
    hci_tl_send                              0x00017b49   Thumb Code     0  stack_rom_symbol.txt ABSOLUTE
    hci_tl_init                              0x00017b93   Thumb Code     0  stack_rom_symbol.txt ABSOLUTE
    hci_cmd_get_max_param_size               0x00017bbd   Thumb Code     0  stack_rom_symbol.txt ABSOLUTE
    hci_cmd_received                         0x00017bcf   Thumb Code     0  stack_rom_symbol.txt ABSOLUTE
    hci_acl_tx_data_alloc                    0x00017cf3   Thumb Code     0  stack_rom_symbol.txt ABSOLUTE
    hci_acl_tx_data_received                 0x00017d67   Thumb Code     0  stack_rom_symbol.txt ABSOLUTE
    hci_util_pack                            0x00017e5d   Thumb Code     0  stack_rom_symbol.txt ABSOLUTE
    hci_util_unpack                          0x00017f5d   Thumb Code     0  stack_rom_symbol.txt ABSOLUTE
    ahi_init                                 0x000180df   Thumb Code     0  stack_rom_symbol.txt ABSOLUTE
    ahi_send_msg                             0x00018101   Thumb Code     0  stack_rom_symbol.txt ABSOLUTE
    h4tl_init                                0x00018543   Thumb Code     0  stack_rom_symbol.txt ABSOLUTE
    h4tl_write                               0x00018581   Thumb Code     0  stack_rom_symbol.txt ABSOLUTE
    h4tl_start                               0x000185f5   Thumb Code     0  stack_rom_symbol.txt ABSOLUTE
    h4tl_stop                                0x0001860f   Thumb Code     0  stack_rom_symbol.txt ABSOLUTE
    __aeabi_uidiv                            0x00018699   Thumb Code     0  stack_rom_symbol.txt ABSOLUTE
    __aeabi_uidivmod                         0x00018699   Thumb Code     0  stack_rom_symbol.txt ABSOLUTE
    __aeabi_idiv                             0x000186c5   Thumb Code     0  stack_rom_symbol.txt ABSOLUTE
    __aeabi_idivmod                          0x000186c5   Thumb Code     0  stack_rom_symbol.txt ABSOLUTE
    rand                                     0x000186ed   Thumb Code     0  stack_rom_symbol.txt ABSOLUTE
    srand                                    0x000186ff   Thumb Code     0  stack_rom_symbol.txt ABSOLUTE
    __aeabi_memcpy                           0x00018711   Thumb Code     0  stack_rom_symbol.txt ABSOLUTE
    __aeabi_memcpy4                          0x00018711   Thumb Code     0  stack_rom_symbol.txt ABSOLUTE
    __aeabi_memcpy8                          0x00018711   Thumb Code     0  stack_rom_symbol.txt ABSOLUTE
    __aeabi_memset                           0x00018735   Thumb Code     0  stack_rom_symbol.txt ABSOLUTE
    __aeabi_memset4                          0x00018735   Thumb Code     0  stack_rom_symbol.txt ABSOLUTE
    __aeabi_memset8                          0x00018735   Thumb Code     0  stack_rom_symbol.txt ABSOLUTE
    __aeabi_memclr                           0x00018745   Thumb Code     0  stack_rom_symbol.txt ABSOLUTE
    __aeabi_memclr4                          0x00018745   Thumb Code     0  stack_rom_symbol.txt ABSOLUTE
    __aeabi_memclr8                          0x00018745   Thumb Code     0  stack_rom_symbol.txt ABSOLUTE
    _memset$wrapper                          0x00018749   Thumb Code     0  stack_rom_symbol.txt ABSOLUTE
    strlen                                   0x0001875b   Thumb Code     0  stack_rom_symbol.txt ABSOLUTE
    memcmp                                   0x00018769   Thumb Code     0  stack_rom_symbol.txt ABSOLUTE
    __ARM_clz                                0x00018784   ARM Code       0  stack_rom_symbol.txt ABSOLUTE
    __ARM_common_disable_fiq                 0x0001878c   ARM Code       0  stack_rom_symbol.txt ABSOLUTE
    __ARM_common_disable_irq                 0x000187a0   ARM Code       0  stack_rom_symbol.txt ABSOLUTE
    __ARM_common_enable_fiq                  0x000187b4   ARM Code       0  stack_rom_symbol.txt ABSOLUTE
    __ARM_common_enable_irq                  0x000187c4   ARM Code       0  stack_rom_symbol.txt ABSOLUTE
    __ARM_common_switch8                     0x000187d4   ARM Code       0  stack_rom_symbol.txt ABSOLUTE
    dbg_default_handler                      0x000188f0   Data           0  stack_rom_symbol.txt ABSOLUTE
    one_bits                                 0x000188f8   Data           0  stack_rom_symbol.txt ABSOLUTE
    co_sca2ppm                               0x00018908   Data           0  stack_rom_symbol.txt ABSOLUTE
    co_null_bdaddr                           0x00018918   Data           0  stack_rom_symbol.txt ABSOLUTE
    llc_default_handler                      0x00018ad0   Data           0  stack_rom_symbol.txt ABSOLUTE
    rwip_coex_cfg                            0x00018ae8   Data           0  stack_rom_symbol.txt ABSOLUTE
    rwip_priority                            0x00018aed   Data           0  stack_rom_symbol.txt ABSOLUTE
    lld_pdu_adv_pk_desc_tab                  0x00018afc   Data           0  stack_rom_symbol.txt ABSOLUTE
    lld_pdu_llcp_pk_desc_tab                 0x00018b50   Data           0  stack_rom_symbol.txt ABSOLUTE
    llm_local_data_len_values                0x00018c5e   Data           0  stack_rom_symbol.txt ABSOLUTE
    llm_local_cmds                           0x00018c7c   Data           0  stack_rom_symbol.txt ABSOLUTE
    llm_local_le_feats                       0x00018cbc   Data           0  stack_rom_symbol.txt ABSOLUTE
    llm_local_le_states                      0x00018cc4   Data           0  stack_rom_symbol.txt ABSOLUTE
    llm_default_handler                      0x00018e2c   Data           0  stack_rom_symbol.txt ABSOLUTE
    LLM_AA_CT1                               0x00018e34   Data           0  stack_rom_symbol.txt ABSOLUTE
    LLM_AA_CT2                               0x00018e37   Data           0  stack_rom_symbol.txt ABSOLUTE
    gapc_sig_handlers                        0x00018ef4   Data           0  stack_rom_symbol.txt ABSOLUTE
    gapc_default_state                       0x00018f0c   Data           0  stack_rom_symbol.txt ABSOLUTE
    gapc_default_handler                     0x0001901c   Data           0  stack_rom_symbol.txt ABSOLUTE
    gapm_default_state                       0x0001918c   Data           0  stack_rom_symbol.txt ABSOLUTE
    gapm_default_handler                     0x00019254   Data           0  stack_rom_symbol.txt ABSOLUTE
    smpc_construct_pdu                       0x00019278   Data           0  stack_rom_symbol.txt ABSOLUTE
    smpc_recv_pdu                            0x000192b4   Data           0  stack_rom_symbol.txt ABSOLUTE
    attc_handlers                            0x000192f0   Data           0  stack_rom_symbol.txt ABSOLUTE
    atts_handlers                            0x00019384   Data           0  stack_rom_symbol.txt ABSOLUTE
    gattc_default_state                      0x000193fc   Data           0  stack_rom_symbol.txt ABSOLUTE
    gattc_default_handler                    0x000194dc   Data           0  stack_rom_symbol.txt ABSOLUTE
    gattm_default_state                      0x00019518   Data           0  stack_rom_symbol.txt ABSOLUTE
    gattm_default_handler                    0x00019520   Data           0  stack_rom_symbol.txt ABSOLUTE
    l2cc_sig_handlers                        0x0001964c   Data           0  stack_rom_symbol.txt ABSOLUTE
    l2cc_default_state                       0x0001968c   Data           0  stack_rom_symbol.txt ABSOLUTE
    l2cc_default_handler                     0x000196ec   Data           0  stack_rom_symbol.txt ABSOLUTE
    hci_cmd_desc_tab_lk_ctrl                 0x00019704   Data           0  stack_rom_symbol.txt ABSOLUTE
    hci_cmd_desc_tab_ctrl_bb                 0x00019728   Data           0  stack_rom_symbol.txt ABSOLUTE
    hci_cmd_desc_tab_info_par                0x000197a0   Data           0  stack_rom_symbol.txt ABSOLUTE
    hci_cmd_desc_tab_stat_par                0x000197dc   Data           0  stack_rom_symbol.txt ABSOLUTE
    hci_cmd_desc_tab_le                      0x000197e8   Data           0  stack_rom_symbol.txt ABSOLUTE
    hci_cmd_desc_tab_vs                      0x00019a10   Data           0  stack_rom_symbol.txt ABSOLUTE
    hci_evt_dbg_desc_tab                     0x00019ab8   Data           0  stack_rom_symbol.txt ABSOLUTE
    hci_cmd_desc_root_tab                    0x00019ac0   Data           0  stack_rom_symbol.txt ABSOLUTE
    hci_evt_desc_tab                         0x00019af0   Data           0  stack_rom_symbol.txt ABSOLUTE
    hci_evt_le_desc_tab                      0x00019b38   Data           0  stack_rom_symbol.txt ABSOLUTE
    ahi_default_state                        0x00019b90   Data           0  stack_rom_symbol.txt ABSOLUTE
    ahi_default_handler                      0x00019b98   Data           0  stack_rom_symbol.txt ABSOLUTE
    boot_stack_base_UNUSED                   0x0001b084   Data           4  boot_handlers.o(SYS_BOOT)
    boot_stack_len_UNUSED                    0x0001b088   Data           4  boot_handlers.o(SYS_BOOT)
    boot_stack_base_IRQ                      0x0001b08c   Data           4  boot_handlers.o(SYS_BOOT)
    boot_stack_len_IRQ                       0x0001b090   Data           4  boot_handlers.o(SYS_BOOT)
    boot_stack_base_SVC                      0x0001b094   Data           4  boot_handlers.o(SYS_BOOT)
    boot_stack_len_SVC                       0x0001b098   Data           4  boot_handlers.o(SYS_BOOT)
    boot_stack_base_FIQ                      0x0001b09c   Data           4  boot_handlers.o(SYS_BOOT)
    boot_stack_len_FIQ                       0x0001b0a0   Data           4  boot_handlers.o(SYS_BOOT)
    sys_Reset                                0x0001b0a4   ARM Code       0  boot_handlers.o(SYS_BOOT)
    Long ARM to Thumb Veneer to Undefined_Exception 0x0001b270   ARM Code       8  anon$$obj.o(Veneer$$Code)
    Long ARM to Thumb Veneer to SoftwareInterrupt_Exception 0x0001b278   ARM Code       8  anon$$obj.o(Veneer$$Code)
    Long ARM to Thumb Veneer to PrefetchAbort_Exception 0x0001b280   ARM Code       8  anon$$obj.o(Veneer$$Code)
    Long ARM to Thumb Veneer to DataAbort_Exception 0x0001b288   ARM Code       8  anon$$obj.o(Veneer$$Code)
    Long ARM to Thumb Veneer to Reserved_Exception 0x0001b290   ARM Code       8  anon$$obj.o(Veneer$$Code)
    Long ARM to Thumb Veneer to rw_main      0x0001b298   ARM Code       8  anon$$obj.o(Veneer$$Code)
    SYSirq_FIQ_Handler                       0x0001b300   ARM Code      16  intc.o(sys_fiq_entry)
    SYSirq_IRQ_Handler                       0x0001b320   ARM Code      16  intc.o(sys_irq_entry)
    assert_err                               0x0001b331   Thumb Code    18  arch_main.o(.text)
    assert_param                             0x0001b343   Thumb Code    22  arch_main.o(.text)
    assert_warn                              0x0001b359   Thumb Code    22  arch_main.o(.text)
    dump_data                                0x0001b36f   Thumb Code    18  arch_main.o(.text)
    platform_reset                           0x0001b381   Thumb Code    46  arch_main.o(.text)
    bdaddr_env_init                          0x0001b3af   Thumb Code    74  arch_main.o(.text)
    ble_clk_enable                           0x0001b3f9   Thumb Code    10  arch_main.o(.text)
    rom_env_init                             0x0001b403   Thumb Code    86  arch_main.o(.text)
    rwip_eif_api_init                        0x0001b47d   Thumb Code    20  arch_main.o(.text)
    rw_main                                  0x0001b491   Thumb Code   178  arch_main.o(.text)
    rwip_eif_get                             0x0001b543   Thumb Code    16  arch_main.o(.text)
    rwble_init                               0x0001b7b5   Thumb Code    28  rwble.o(.text)
    rwble_reset                              0x0001b7d1   Thumb Code    86  rwble.o(.text)
    rwble_sleep_check                        0x0001b827   Thumb Code    16  rwble.o(.text)
    rwble_activity_ongoing_check             0x0001b837   Thumb Code    30  rwble.o(.text)
    rwble_version                            0x0001b855   Thumb Code    44  rwble.o(.text)
    rwble_isr                                0x0001b881   Thumb Code   556  rwble.o(.text)
    rwble_hl_init                            0x0001babd   Thumb Code    28  rwble_hl.o(.text)
    rwble_hl_reset                           0x0001bad9   Thumb Code    28  rwble_hl.o(.text)
    rwip_check_wakeup_boundary               0x0001baf5   Thumb Code    34  rwip.o(.text)
    rwip_init                                0x0001bb17   Thumb Code   130  rwip.o(.text)
    rwip_reset                               0x0001bb99   Thumb Code    56  rwip.o(.text)
    rwip_version                             0x0001bbd1   Thumb Code     8  rwip.o(.text)
    rwip_schedule                            0x0001bbd9   Thumb Code    16  rwip.o(.text)
    rwip_prevent_sleep_set                   0x0001bbe9   Thumb Code    74  rwip.o(.text)
    rwip_sleep                               0x0001bc33   Thumb Code   356  rwip.o(.text)
    rwip_wakeup                              0x0001bd97   Thumb Code    46  rwip.o(.text)
    rwip_prevent_sleep_clear                 0x0001bdc5   Thumb Code    74  rwip.o(.text)
    rwip_wakeup_end                          0x0001be0f   Thumb Code    36  rwip.o(.text)
    rwip_us_2_lpcycles                       0x0001be33   Thumb Code    12  rwip.o(.text)
    rwip_wakeup_delay_set                    0x0001be3f   Thumb Code    12  rwip.o(.text)
    rwip_prevent_sleep_get                   0x0001be4b   Thumb Code     6  rwip.o(.text)
    rwip_sleep_enable                        0x0001be51   Thumb Code     6  rwip.o(.text)
    rwip_ext_wakeup_enable                   0x0001be57   Thumb Code     6  rwip.o(.text)
    rwip_sleep_lpcycles_2_us                 0x0001be5d   Thumb Code    50  rwip.o(.text)
    rwip_assert_err                          0x0001be8f   Thumb Code     2  rwip.o(.text)
    system_sleep_init                        0x0001bef5   Thumb Code     8  icu.o(.text)
    icu_init                                 0x0001befd   Thumb Code    56  icu.o(.text)
    icu_get_sleep_mode                       0x0001bf35   Thumb Code     6  icu.o(.text)
    icu_set_sleep_mode                       0x0001bf3b   Thumb Code     6  icu.o(.text)
    enter_deep_sleep                         0x0001bf41   Thumb Code    28  icu.o(.text)
    cpu_reduce_voltage_sleep                 0x0001bf5d   Thumb Code    60  icu.o(.text)
    cpu_wakeup                               0x0001bf99   Thumb Code    28  icu.o(.text)
    cpu_idle_sleep                           0x0001bfb5   Thumb Code     8  icu.o(.text)
    switch_clk                               0x0001bfbd   Thumb Code    52  icu.o(.text)
    bk3435_singleWaveCfg                     0x0001bff1   Thumb Code    20  icu.o(.text)
    intc_spurious                            0x0001c01d   Thumb Code     2  intc.o(.text)
    intc_init                                0x0001c01f   Thumb Code    28  intc.o(.text)
    intc_stat_clear                          0x0001c03b   Thumb Code     8  intc.o(.text)
    IRQ_Exception                            0x0001c043   Thumb Code    40  intc.o(.text)
    FIQ_Exception                            0x0001c06b   Thumb Code    22  intc.o(.text)
    Read_Uart_Buf                            0x0001c08d   Thumb Code    14  uart.o(.text)
    Uart_Read_Byte                           0x0001c09b   Thumb Code    10  uart.o(.text)
    uart_putchar                             0x0001c0a5   Thumb Code    34  uart.o(.text)
    uart_printf                              0x0001c0c7   Thumb Code    46  uart.o(.text)
    uart_printf_null                         0x0001c0f5   Thumb Code     4  uart.o(.text)
    hex2Str                                  0x0001c0f9   Thumb Code    46  uart.o(.text)
    uart_print_int                           0x0001c127   Thumb Code    48  uart.o(.text)
    cpu_delay                                0x0001c157   Thumb Code    26  uart.o(.text)
    uart_init                                0x0001c171   Thumb Code   136  uart.o(.text)
    uart_flow_on                             0x0001c1f9   Thumb Code     2  uart.o(.text)
    uart_clear_rxfifo                        0x0001c1fb   Thumb Code    26  uart.o(.text)
    uart_flow_off                            0x0001c215   Thumb Code     4  uart.o(.text)
    uart_finish_transfers                    0x0001c219   Thumb Code    24  uart.o(.text)
    uart_read                                0x0001c231   Thumb Code    66  uart.o(.text)
    uart_write                               0x0001c273   Thumb Code   112  uart.o(.text)
    uart_send                                0x0001c2e3   Thumb Code    26  uart.o(.text)
    uart_cb_register                         0x0001c2fd   Thumb Code    10  uart.o(.text)
    uart_cb_clear                            0x0001c307   Thumb Code    14  uart.o(.text)
    uart_isr                                 0x0001c315   Thumb Code   104  uart.o(.text)
    check_uart_stop                          0x0001c37d   Thumb Code    10  uart.o(.text)
    emi_init                                 0x0001c419   Thumb Code    20  emi.o(.text)
    timer_init                               0x0001c431   Thumb Code     2  timer.o(.text)
    timer_set_timeout                        0x0001c433   Thumb Code     6  timer.o(.text)
    timer_get_time                           0x0001c439   Thumb Code     6  timer.o(.text)
    timer_enable                             0x0001c43f   Thumb Code     6  timer.o(.text)
    timer_isr                                0x0001c445   Thumb Code    20  timer.o(.text)
    wdt_disable                              0x0001c45d   Thumb Code    28  wdt.o(.text)
    wdt_enable                               0x0001c479   Thumb Code    38  wdt.o(.text)
    wdt_feed                                 0x0001c49f   Thumb Code    28  wdt.o(.text)
    Delay_ms                                 0x0001c4fb   Thumb Code    26  rf_xvr.o(.text)
    kmod_calibration                         0x0001c515   Thumb Code   280  rf_xvr.o(.text)
    initial_xver_BK3432_openLoop             0x0001c62d   Thumb Code   318  rf_xvr.o(.text)
    rf_init                                  0x0001c76b   Thumb Code    36  rf_xvr.o(.text)
    Delay_us                                 0x0001c78f   Thumb Code    20  rf_xvr.o(.text)
    Delay                                    0x0001c7a3   Thumb Code    20  rf_xvr.o(.text)
    CLK32K_AutoCali_init                     0x0001c7b7   Thumb Code    22  rf_xvr.o(.text)
    gpio_config                              0x0001c80d   Thumb Code   144  gpio.o(.text)
    gpio_get_input                           0x0001c89d   Thumb Code    28  gpio.o(.text)
    gpio_set                                 0x0001c8b9   Thumb Code    36  gpio.o(.text)
    gpio_init                                0x0001c8dd   Thumb Code     2  gpio.o(.text)
    gpio_triger                              0x0001c8df   Thumb Code    20  gpio.o(.text)
    gpio_cb_register                         0x0001c8f3   Thumb Code    12  gpio.o(.text)
    gpio_isr                                 0x0001c8ff   Thumb Code    64  gpio.o(.text)
    gpio_test_init                           0x0001c93f   Thumb Code    54  gpio.o(.text)
    gpio_sleep                               0x0001c975   Thumb Code    72  gpio.o(.text)
    gpio_wakeup                              0x0001c9bd   Thumb Code    52  gpio.o(.text)
    DEBUG_MSG                                0x0001c9f1   Thumb Code     2  gpio.o(.text)
    flash_init                               0x0001ca0d   Thumb Code    24  flash.o(.text)
    flash_readword                           0x0001ca25   Thumb Code    50  flash.o(.text)
    flash_writeword                          0x0001ca57   Thumb Code    50  flash.o(.text)
    flash_erase_sector                       0x0001ca89   Thumb Code    48  flash.o(.text)
    flash_erase                              0x0001cab9   Thumb Code    36  flash.o(.text)
    flash_write                              0x0001cadd   Thumb Code   110  flash.o(.text)
    flash_read                               0x0001cb4b   Thumb Code   102  flash.o(.text)
    crc16                                    0x0001cbb1   Thumb Code    44  flash.o(.text)
    write_lmecc_pointq                       0x0001cbdd   Thumb Code     2  flash.o(.text)
    read_lmecc_pointq_status                 0x0001cbdf   Thumb Code     4  flash.o(.text)
    read_lmecc_pointq                        0x0001cbe3   Thumb Code     2  flash.o(.text)
    bass_get_att_handle                      0x0001cdbb   Thumb Code   122  bass.o(.text)
    bass_prf_itf_get                         0x0001ce75   Thumb Code     6  bass.o(.text)
    bass_get_att_idx                         0x0001ce7b   Thumb Code   112  bass.o(.text)
    bass_exe_operation                       0x0001ceeb   Thumb Code   238  bass.o(.text)
    diss_compute_cfg_flag                    0x0001d28d   Thumb Code    40  diss.o(.text)
    diss_prf_itf_get                         0x0001d35f   Thumb Code     6  diss.o(.text)
    diss_handle_to_value                     0x0001d365   Thumb Code    54  diss.o(.text)
    diss_value_to_handle                     0x0001d39b   Thumb Code    60  diss.o(.text)
    diss_check_val_len                       0x0001d3d7   Thumb Code    42  diss.o(.text)
    wechat_get_att_handle                    0x0001d6cb   Thumb Code    48  wechat.o(.text)
    wechat_indicate_lvl                      0x0001d6fb   Thumb Code    62  wechat.o(.text)
    wechat_prf_itf_get                       0x0001d739   Thumb Code     6  wechat.o(.text)
    wechat_get_att_idx                       0x0001d73f   Thumb Code    60  wechat.o(.text)
    prf_init                                 0x0001d9cd   Thumb Code   112  prf.o(.text)
    prf_add_profile                          0x0001da3d   Thumb Code   130  prf.o(.text)
    prf_create                               0x0001dabf   Thumb Code    44  prf.o(.text)
    prf_cleanup                              0x0001daeb   Thumb Code    48  prf.o(.text)
    prf_env_get                              0x0001db1b   Thumb Code    44  prf.o(.text)
    prf_src_task_get                         0x0001db47   Thumb Code    16  prf.o(.text)
    prf_dst_task_get                         0x0001db57   Thumb Code    16  prf.o(.text)
    prf_get_id_from_task                     0x0001db67   Thumb Code    52  prf.o(.text)
    prf_get_task_from_id                     0x0001db9b   Thumb Code    52  prf.o(.text)
    prf_pack_char_pres_fmt                   0x0001dbfd   Thumb Code    30  prf_utils.o(.text)
    prf_pack_date_time                       0x0001dc1b   Thumb Code    32  prf_utils.o(.text)
    prf_unpack_date_time                     0x0001dc3b   Thumb Code    34  prf_utils.o(.text)
    appm_init                                0x0001dc5d   Thumb Code    62  app.o(.text)
    appm_add_svc                             0x0001dc9b   Thumb Code    32  app.o(.text)
    appm_disconnect                          0x0001dcbb   Thumb Code    34  app.o(.text)
    appm_start_advertising                   0x0001dcdd   Thumb Code   268  app.o(.text)
    appm_stop_advertising                    0x0001dde9   Thumb Code    48  app.o(.text)
    appm_update_param                        0x0001de19   Thumb Code    68  app.o(.text)
    appm_get_dev_name                        0x0001de5d   Thumb Code    16  app.o(.text)
    app_batt_init                            0x0001def9   Thumb Code    12  app_batt.o(.text)
    app_batt_add_bas                         0x0001df05   Thumb Code    44  app_batt.o(.text)
    app_batt_enable_prf                      0x0001df31   Thumb Code    44  app_batt.o(.text)
    app_batt_send_lvl                        0x0001df5d   Thumb Code    34  app_batt.o(.text)
    app_dis_init                             0x0001e019   Thumb Code     2  app_dis.o(.text)
    app_dis_add_dis                          0x0001e01b   Thumb Code    42  app_dis.o(.text)
    app_wechat_init                          0x0001e6c3   Thumb Code    16  app_wechat.o(.text)
    app_wechat_add_wechat                    0x0001e6d3   Thumb Code    42  app_wechat.o(.text)
    app_wechat_send_notify                   0x0001e6fd   Thumb Code    46  app_wechat.o(.text)
    app_send_indicate                        0x0001e72b   Thumb Code    58  app_wechat.o(.text)
    app_wechat_send_data                     0x0001e765   Thumb Code    42  app_wechat.o(.text)
    crc32                                    0x0001e925   Thumb Code   200  crc32.o(.text)
    epb_unpack_init                          0x0001eadb   Thumb Code     6  epb.o(.text)
    epb_has_tag                              0x0001eae1   Thumb Code    26  epb.o(.text)
    epb_get_uint32                           0x0001eafb   Thumb Code    44  epb.o(.text)
    epb_get_int32                            0x0001eb27   Thumb Code     2  epb.o(.text)
    epb_get_sint32                           0x0001eb29   Thumb Code    20  epb.o(.text)
    epb_get_bool                             0x0001eb3d   Thumb Code    14  epb.o(.text)
    epb_get_enum                             0x0001eb4b   Thumb Code     2  epb.o(.text)
    epb_get_bytes                            0x0001eb4d   Thumb Code    50  epb.o(.text)
    epb_get_string                           0x0001eb7f   Thumb Code     2  epb.o(.text)
    epb_get_message                          0x0001eb81   Thumb Code     2  epb.o(.text)
    epb_get_fixed32                          0x0001eb83   Thumb Code    56  epb.o(.text)
    epb_get_sfixed32                         0x0001ebbb   Thumb Code     2  epb.o(.text)
    epb_get_float                            0x0001ebbd   Thumb Code     2  epb.o(.text)
    epb_pack_init                            0x0001ec4d   Thumb Code    10  epb.o(.text)
    epb_get_packed_size                      0x0001ec57   Thumb Code     4  epb.o(.text)
    epb_set_uint32                           0x0001ec5b   Thumb Code    32  epb.o(.text)
    epb_set_int32                            0x0001ec7b   Thumb Code     2  epb.o(.text)
    epb_set_sint32                           0x0001ec7d   Thumb Code     8  epb.o(.text)
    epb_set_bool                             0x0001ec85   Thumb Code     2  epb.o(.text)
    epb_set_enum                             0x0001ec87   Thumb Code     2  epb.o(.text)
    epb_set_bytes                            0x0001ec89   Thumb Code    74  epb.o(.text)
    epb_set_string                           0x0001ecd3   Thumb Code     2  epb.o(.text)
    epb_set_message                          0x0001ecd5   Thumb Code     2  epb.o(.text)
    epb_set_fixed32                          0x0001ecd7   Thumb Code    68  epb.o(.text)
    epb_set_sfixed32                         0x0001ed1b   Thumb Code     2  epb.o(.text)
    epb_set_float                            0x0001ed1d   Thumb Code     2  epb.o(.text)
    epb_varint32_pack_size                   0x0001ed1f   Thumb Code    36  epb.o(.text)
    epb_fixed32_pack_size                    0x0001ed43   Thumb Code    14  epb.o(.text)
    epb_length_delimited_pack_size           0x0001ed51   Thumb Code    14  epb.o(.text)
    epb_base_request_pack_size               0x0001ed61   Thumb Code     4  epb_mmbp.o(.text)
    epb_pack_base_request                    0x0001ed65   Thumb Code    18  epb_mmbp.o(.text)
    epb_unpack_base_response                 0x0001ed77   Thumb Code    88  epb_mmbp.o(.text)
    epb_unpack_base_response_free            0x0001edcf   Thumb Code     8  epb_mmbp.o(.text)
    epb_unpack_base_push                     0x0001edd7   Thumb Code    26  epb_mmbp.o(.text)
    epb_unpack_base_push_free                0x0001edf1   Thumb Code     8  epb_mmbp.o(.text)
    epb_auth_request_pack_size               0x0001edf9   Thumb Code   156  epb_mmbp.o(.text)
    epb_pack_auth_request                    0x0001ee95   Thumb Code   266  epb_mmbp.o(.text)
    epb_unpack_auth_response                 0x0001ef9f   Thumb Code   108  epb_mmbp.o(.text)
    epb_unpack_auth_response_free            0x0001f00b   Thumb Code    18  epb_mmbp.o(.text)
    epb_init_request_pack_size               0x0001f01d   Thumb Code    50  epb_mmbp.o(.text)
    epb_pack_init_request                    0x0001f04f   Thumb Code   128  epb_mmbp.o(.text)
    epb_unpack_init_response                 0x0001f0cf   Thumb Code   410  epb_mmbp.o(.text)
    epb_unpack_init_response_free            0x0001f269   Thumb Code    18  epb_mmbp.o(.text)
    epb_send_data_request_pack_size          0x0001f27b   Thumb Code    46  epb_mmbp.o(.text)
    epb_pack_send_data_request               0x0001f2a9   Thumb Code   120  epb_mmbp.o(.text)
    epb_unpack_send_data_response            0x0001f321   Thumb Code   112  epb_mmbp.o(.text)
    epb_unpack_send_data_response_free       0x0001f391   Thumb Code    18  epb_mmbp.o(.text)
    epb_unpack_recv_data_push                0x0001f3a3   Thumb Code   134  epb_mmbp.o(.text)
    epb_unpack_recv_data_push_free           0x0001f429   Thumb Code    18  epb_mmbp.o(.text)
    epb_unpack_switch_view_push              0x0001f43b   Thumb Code   122  epb_mmbp.o(.text)
    epb_unpack_switch_view_push_free         0x0001f4b5   Thumb Code    18  epb_mmbp.o(.text)
    epb_unpack_switch_backgroud_push         0x0001f4c7   Thumb Code   100  epb_mmbp.o(.text)
    epb_unpack_switch_backgroud_push_free    0x0001f52b   Thumb Code    18  epb_mmbp.o(.text)
    _sqrt                                    0x0001f545   Thumb Code     8  mpbledemo2.o(.text)
    _sqrtf                                   0x0001f54d   Thumb Code    16  mpbledemo2.o(.text)
    copysign                                 0x0001f55d   Thumb Code    12  mpbledemo2.o(.text)
    copysignf                                0x0001f569   Thumb Code    12  mpbledemo2.o(.text)
    fabsf                                    0x0001f575   Thumb Code     6  mpbledemo2.o(.text)
    fmal                                     0x0001f57b   Thumb Code    16  mpbledemo2.o(.text)
    lrintl                                   0x0001f58b   Thumb Code     8  mpbledemo2.o(.text)
    llrintl                                  0x0001f593   Thumb Code     8  mpbledemo2.o(.text)
    lroundl                                  0x0001f59b   Thumb Code     8  mpbledemo2.o(.text)
    llroundl                                 0x0001f5a3   Thumb Code     8  mpbledemo2.o(.text)
    nanl                                     0x0001f5ab   Thumb Code     8  mpbledemo2.o(.text)
    remquol                                  0x0001f5b3   Thumb Code    12  mpbledemo2.o(.text)
    mac_convert                              0x0001f5bf   Thumb Code    26  mpbledemo2.o(.text)
    wechat_register_Cb                       0x0001f7ab   Thumb Code    10  mpbledemo2.o(.text)
    device_send_test                         0x0001f7b5   Thumb Code    62  mpbledemo2.o(.text)
    wechat_process                           0x0001f7f3   Thumb Code   166  mpbledemo2.o(.text)
    wechat_consume                           0x0001f899   Thumb Code   426  mpbledemo2.o(.text)
    wechat_clear                             0x0001fa43   Thumb Code    22  mpbledemo2.o(.text)
    wechat_send_pack                         0x0001fa59   Thumb Code    62  mpbledemo2.o(.text)
    wechat_set_indicate_state                0x0001fa97   Thumb Code    12  mpbledemo2.o(.text)
    wechat_Init                              0x0001faa3   Thumb Code     2  mpbledemo2.o(.text)
    get_handler_by_type                      0x0001fab1   Thumb Code    20  wechat_util.o(.text)
    checkCPUendian                           0x0001fac5   Thumb Code    22  wechat_util.o(.text)
    t_htonl                                  0x0001fadb   Thumb Code    40  wechat_util.o(.text)
    t_ntohl                                  0x0001fb03   Thumb Code    40  wechat_util.o(.text)
    htons                                    0x0001fb2b   Thumb Code    26  wechat_util.o(.text)
    ntohs                                    0x0001fb45   Thumb Code    26  wechat_util.o(.text)
    __ARM_scalbn                             0x0001fb69   Thumb Code    44  dscalb.o(.text)
    scalbn                                   0x0001fb69   Thumb Code     0  dscalb.o(.text)
    __aeabi_f2d                              0x0001fb95   Thumb Code    40  f2d.o(.text)
    __aeabi_d2f                              0x0001fbbd   Thumb Code    56  d2f.o(.text)
    __aeabi_uldivmod                         0x0001fbf5   Thumb Code    96  uldiv.o(.text)
    __aeabi_llsl                             0x0001fc55   Thumb Code    32  llshl.o(.text)
    _ll_shift_l                              0x0001fc55   Thumb Code     0  llshl.o(.text)
    __aeabi_llsr                             0x0001fc75   Thumb Code    34  llushr.o(.text)
    _ll_ushift_r                             0x0001fc75   Thumb Code     0  llushr.o(.text)
    __I$use$fp                               0x0001fc98   ARM Code       0  iusefp.o(.text)
    _float_round                             0x0001fc99   Thumb Code    16  fepilogue.o(.text)
    _float_epilogue                          0x0001fca9   Thumb Code    88  fepilogue.o(.text)
    _double_round                            0x0001fd01   Thumb Code    26  depilogue.o(.text)
    _double_epilogue                         0x0001fd1b   Thumb Code   164  depilogue.o(.text)
    Inline ARM to Thumb Veneer to __aeabi_dadd 0x0001fdc0   ARM Code       8  dadd.o(.text)
    __aeabi_dadd                             0x0001fdc9   Thumb Code   328  dadd.o(.text)
    __aeabi_dsub                             0x0001ff11   Thumb Code    12  dadd.o(.text)
    __aeabi_drsub                            0x0001ff1d   Thumb Code    12  dadd.o(.text)
    Inline ARM to Thumb Veneer to __aeabi_dmul 0x0001ff2c   ARM Code       8  dmul.o(.text)
    __aeabi_dmul                             0x0001ff35   Thumb Code   202  dmul.o(.text)
    __aeabi_ddiv                             0x00020005   Thumb Code   234  ddiv.o(.text)
    _dsqrt                                   0x000200f5   Thumb Code   162  dsqrt.o(.text)
    _drnd                                    0x00020199   Thumb Code   114  drnd.o(.text)
    Inline ARM to Thumb Veneer to _drem      0x00020214   ARM Code       8  drem.o(.text)
    _drem                                    0x0002021d   Thumb Code   130  drem.o(.text)
    __aeabi_i2d                              0x000202a1   Thumb Code    34  dflti.o(.text)
    __aeabi_l2d                              0x000202c9   Thumb Code    38  dfltl.o(.text)
    __aeabi_d2iz                             0x000202f5   Thumb Code    62  dfixi.o(.text)
    __aeabi_d2ulz                            0x0002033d   Thumb Code    54  dfixul.o(.text)
    Inline ARM to Thumb Veneer to _dfix_r    0x0002037c   ARM Code       8  dfixir.o(.text)
    _dfix_r                                  0x00020385   Thumb Code   168  dfixir.o(.text)
    Inline ARM to Thumb Veneer to _ll_sfrom_d_r 0x00020434   ARM Code       8  dfixlr.o(.text)
    _ll_sfrom_d_r                            0x0002043d   Thumb Code   140  dfixlr.o(.text)
    _dmake                                   0x000204d1   Thumb Code    40  dmake.o(.text)
    __aeabi_cdcmpeq                          0x000204fd   Thumb Code     0  cdcmple.o(.text)
    __aeabi_cdcmple                          0x000204fd   Thumb Code    38  cdcmple.o(.text)
    __aeabi_cdrcmple                         0x00020525   Thumb Code    38  cdrcmple.o(.text)
    __aeabi_lasr                             0x0002054d   Thumb Code    38  llsshr.o(.text)
    _ll_sshift_r                             0x0002054d   Thumb Code     0  llsshr.o(.text)
    __0vsprintf                              0x00020575   Thumb Code    30  printfa.o(i.__0vsprintf)
    __1vsprintf                              0x00020575   Thumb Code     0  printfa.o(i.__0vsprintf)
    __2vsprintf                              0x00020575   Thumb Code     0  printfa.o(i.__0vsprintf)
    __c89vsprintf                            0x00020575   Thumb Code     0  printfa.o(i.__0vsprintf)
    vsprintf                                 0x00020575   Thumb Code     0  printfa.o(i.__0vsprintf)
    Inline ARM to Thumb Veneer to __set_errno 0x00020598   ARM Code       8  errno.o(i.__set_errno)
    __set_errno                              0x000205a1   Thumb Code     6  errno.o(i.__set_errno)
    fma                                      0x00020e50   ARM Code    2028  fma.o(i.fma)
    frexp                                    0x00021644   ARM Code     108  frexp.o(i.frexp)
    llrint                                   0x000216b8   ARM Code     112  llrint.o(i.llrint)
    llround                                  0x00021728   ARM Code     268  llround.o(i.llround)
    lrint                                    0x00021840   ARM Code      88  lrint.o(i.lrint)
    lround                                   0x00021898   ARM Code     268  lround.o(i.lround)
    nan                                      0x000219b4   ARM Code      12  nan.o(i.nan)
    remquo                                   0x000219c4   ARM Code     404  remquo.o(i.remquo)
    sqrt                                     0x00021b64   ARM Code      96  sqrt.o(i.sqrt)
    bas_att_db                               0x00021bf8   Data          40  bass.o(.constdata)
    bass_itf                                 0x00021c20   Data          16  bass.o(.constdata)
    bass_default_state                       0x00021c30   Data          48  bass_task.o(.constdata)
    bass_default_handler                     0x00021c60   Data           8  bass_task.o(.constdata)
    diss_att_db                              0x00021c68   Data         152  diss.o(.constdata)
    diss_itf                                 0x00021d00   Data          16  diss.o(.constdata)
    diss_default_state                       0x00021d10   Data          24  diss_task.o(.constdata)
    diss_default_handler                     0x00021d28   Data           8  diss_task.o(.constdata)
    wechat_att_db                            0x00021d30   Data          64  wechat.o(.constdata)
    wechat_itf                               0x00021d70   Data          16  wechat.o(.constdata)
    wechat_default_state                     0x00021d80   Data          40  wechat_task.o(.constdata)
    wechat_default_handler                   0x00021da8   Data           8  wechat_task.o(.constdata)
    app_batt_msg_handler_list                0x00021dcc   Data          32  app_batt.o(.constdata)
    app_batt_table_handler                   0x00021dec   Data           8  app_batt.o(.constdata)
    app_dis_msg_handler_list                 0x00021df4   Data           8  app_dis.o(.constdata)
    app_dis_table_handler                    0x00021dfc   Data           8  app_dis.o(.constdata)
    appm_default_state                       0x00021e04   Data         120  app_task.o(.constdata)
    appm_default_handler                     0x00021e7c   Data           8  app_task.o(.constdata)
    app_wechat_msg_handler_list              0x00021f3c   Data          32  app_wechat.o(.constdata)
    app_wechat_table_handler                 0x00021f5c   Data           8  app_wechat.o(.constdata)
    Load$$RAM_DATA$$Base                     0x00022038   Number         0  anon$$obj.o ABSOLUTE
    dbg_state                                0x00400028   Data           0  stack_rom_symbol.txt ABSOLUTE
    co_default_bdaddr                        0x00400029   Data           0  stack_rom_symbol.txt ABSOLUTE
    llc_env                                  0x00400030   Data           0  stack_rom_symbol.txt ABSOLUTE
    llc_state                                0x00400034   Data           0  stack_rom_symbol.txt ABSOLUTE
    latency_disable_state                    0x00400035   Data           0  stack_rom_symbol.txt ABSOLUTE
    system_sleep_flag                        0x00400036   Data           0  stack_rom_symbol.txt ABSOLUTE
    lld_sleep_env                            0x00400038   Data           0  stack_rom_symbol.txt ABSOLUTE
    llm_state                                0x0040003c   Data           0  stack_rom_symbol.txt ABSOLUTE
    gapc_env                                 0x00400040   Data           0  stack_rom_symbol.txt ABSOLUTE
    gapc_state                               0x00400044   Data           0  stack_rom_symbol.txt ABSOLUTE
    gapm_state                               0x00400045   Data           0  stack_rom_symbol.txt ABSOLUTE
    gattc_env                                0x00400048   Data           0  stack_rom_symbol.txt ABSOLUTE
    gattc_state                              0x0040004c   Data           0  stack_rom_symbol.txt ABSOLUTE
    gattm_state                              0x0040004d   Data           0  stack_rom_symbol.txt ABSOLUTE
    l2cc_env                                 0x00400050   Data           0  stack_rom_symbol.txt ABSOLUTE
    l2cc_state                               0x00400054   Data           0  stack_rom_symbol.txt ABSOLUTE
    ahi_state                                0x00400055   Data           0  stack_rom_symbol.txt ABSOLUTE
    ke_env                                   0x00400080   Data           0  stack_rom_symbol.txt ABSOLUTE
    sw_to_hw                                 0x00400164   Data           0  stack_rom_symbol.txt ABSOLUTE
    rwip_rf                                  0x00400184   Data           0  stack_rom_symbol.txt ABSOLUTE
    rom_env                                  0x004001b8   Data           0  stack_rom_symbol.txt ABSOLUTE
    em_buf_env                               0x00400204   Data           0  stack_rom_symbol.txt ABSOLUTE
    lld_evt_env                              0x00400564   Data           0  stack_rom_symbol.txt ABSOLUTE
    llm_le_env                               0x004005cc   Data           0  stack_rom_symbol.txt ABSOLUTE
    gapm_env                                 0x00400684   Data           0  stack_rom_symbol.txt ABSOLUTE
    gattm_env                                0x004006c8   Data           0  stack_rom_symbol.txt ABSOLUTE
    l2cm_env                                 0x004006e8   Data           0  stack_rom_symbol.txt ABSOLUTE
    hci_env                                  0x004006f4   Data           0  stack_rom_symbol.txt ABSOLUTE
    hci_fc_env                               0x00400704   Data           0  stack_rom_symbol.txt ABSOLUTE
    ahi_env                                  0x00400744   Data           0  stack_rom_symbol.txt ABSOLUTE
    Image$$RAM_DATA$$Base                    0x00400800   Number         0  anon$$obj.o ABSOLUTE
    uart_rx_done                             0x00400804   Data           1  uart.o(.data)
    cur_read_buf_idx                         0x00400805   Data           1  uart.o(.data)
    uart_rx_index                            0x0040080c   Data           4  uart.o(.data)
    wdt_disable_flag                         0x00400814   Data           1  wdt.o(.data)
    XVR_REG_INIT_VAL                         0x00400818   Data         320  rf_xvr.o(.data)
    GPIO_CFG                                 0x0040095c   Data          20  gpio.o(.data)
    GPIO_DATA                                0x00400970   Data          20  gpio.o(.data)
    app_batt_env                             0x00400988   Data           2  app_batt.o(.data)
    appm_state                               0x0040098a   Data           1  app_task.o(.data)
    app_wechat_env                           0x0040098d   Data           1  app_wechat.o(.data)
    challeange                               0x0040099c   Data           4  mpbledemo2.o(.data)
    Image$$RAM_BSS$$Base                     0x004009b0   Number         0  anon$$obj.o ABSOLUTE
    uart_api                                 0x004009b0   Data          16  arch_main.o(.bss)
    uart_rx_buf                              0x004009d0   Data          64  uart.o(.bss)
    uart_env                                 0x00400a10   Data          20  uart.o(.bss)
    uart_buff                                0x00400a24   Data          64  uart.o(.bss)
    XVR_ANALOG_REG_BAK                       0x00400a64   Data          64  rf_xvr.o(.bss)
    GPIO_CFG_BACKUP                          0x00400aa4   Data          20  gpio.o(.bss)
    GPIO_DATA_BACKUP                         0x00400ab8   Data          20  gpio.o(.bss)
    prf_env                                  0x00400ad8   Data         240  prf.o(.bss)
    app_env                                  0x00400bc8   Data          40  app.o(.bss)
    first_handler                            0x00400c78   Data          44  wechat_util.o(.bss)
    rwip_heap_env                            0x00400ca4   Data         868  rwip.o(ke_heap)
    rwip_heap_db                             0x00401008   Data        1036  rwip.o(ke_heap)
    rwip_heap_msg                            0x00401414   Data        1404  rwip.o(ke_heap)
    rwip_heap_non_ret                        0x00401990   Data        1548  rwip.o(ke_heap)
    Image$$RAM_STACK_UNUSED$$Base            0x0040350c   Number         0  anon$$obj.o ABSOLUTE
    Image$$RAM_STACK_SVC$$Base               0x0040352c   Number         0  anon$$obj.o ABSOLUTE
    Image$$RAM_STACK_IRQ$$Base               0x00403c1c   Number         0  anon$$obj.o ABSOLUTE
    Image$$RAM_STACK_FIQ$$Base               0x00403e0c   Number         0  anon$$obj.o ABSOLUTE



==============================================================================

Memory Map of the image

  Image Entry point : 0x0001b0a4

  Load Region SECTIONS (Base: 0x0001b020, Size: 0x000071c8, Max: 0xffffffff, ABSOLUTE)

    Execution Region ROM_SYS (Base: 0x0001b020, Size: 0x00000280, Max: 0xffffffff, ABSOLUTE)

    Base Addr    Size         Type   Attr      Idx    E Section Name        Object

    0x0001b020   0x0000005c   Code   RO           14  * SYS_BOOT            boot_vectors.o
    0x0001b07c   0x000001f4   Code   RO           13  * SYS_BOOT            boot_handlers.o
    0x0001b270   0x00000008   Ven    RO          204    Veneer$$Code        anon$$obj.o
    0x0001b278   0x00000008   Ven    RO          205    Veneer$$Code        anon$$obj.o
    0x0001b280   0x00000008   Ven    RO          206    Veneer$$Code        anon$$obj.o
    0x0001b288   0x00000008   Ven    RO          207    Veneer$$Code        anon$$obj.o
    0x0001b290   0x00000008   Ven    RO          208    Veneer$$Code        anon$$obj.o
    0x0001b298   0x00000008   Ven    RO          209    Veneer$$Code        anon$$obj.o


    Execution Region FAST_CALL_SEG (Base: 0x0001b300, Size: 0x00000030, Max: 0xffffffff, ABSOLUTE, FIXED)

    Base Addr    Size         Type   Attr      Idx    E Section Name        Object

    0x0001b300   0x00000010   Code   RO           23    sys_fiq_entry       intc.o
    0x0001b310   0x00000010   PAD
    0x0001b320   0x00000010   Code   RO           24    sys_irq_entry       intc.o


    Execution Region ROM (Base: 0x0001b330, Size: 0x00006d08, Max: 0xffffffff, ABSOLUTE)

    Base Addr    Size         Type   Attr      Idx    E Section Name        Object

    0x0001b330   0x00000484   Code   RO            5    .text               arch_main.o
    0x0001b7b4   0x00000308   Code   RO           15    .text               rwble.o
    0x0001babc   0x00000038   Code   RO           16    .text               rwble_hl.o
    0x0001baf4   0x00000400   Code   RO           17    .text               rwip.o
    0x0001bef4   0x00000128   Code   RO           20    .text               icu.o
    0x0001c01c   0x00000070   Code   RO           22    .text               intc.o
    0x0001c08c   0x0000038c   Code   RO           25    .text               uart.o
    0x0001c418   0x00000018   Code   RO           29    .text               emi.o
    0x0001c430   0x0000002c   Code   RO           30    .text               timer.o
    0x0001c45c   0x00000068   Code   RO           31    .text               wdt.o
    0x0001c4c4   0x00000348   Code   RO           33    .text               rf_xvr.o
    0x0001c80c   0x00000200   Code   RO           36    .text               gpio.o
    0x0001ca0c   0x00000228   Code   RO           39    .text               flash.o
    0x0001cc34   0x000003b4   Code   RO           42    .text               bass.o
    0x0001cfe8   0x000002a4   Code   RO           44    .text               bass_task.o
    0x0001d28c   0x00000180   Code   RO           47    .text               diss.o
    0x0001d40c   0x000001d0   Code   RO           49    .text               diss_task.o
    0x0001d5dc   0x000001ac   Code   RO           52    .text               wechat.o
    0x0001d788   0x00000244   Code   RO           54    .text               wechat_task.o
    0x0001d9cc   0x00000230   Code   RO           57    .text               prf.o
    0x0001dbfc   0x00000060   Code   RO           59    .text               prf_utils.o
    0x0001dc5c   0x0000029c   Code   RO           60    .text               app.o
    0x0001def8   0x000000a4   Code   RO           63    .text               app_batt.o
    0x0001df9c   0x0000010c   Code   RO           67    .text               app_dis.o
    0x0001e0a8   0x000005d8   Code   RO           71    .text               app_task.o
    0x0001e680   0x000002a4   Code   RO           76    .text               app_wechat.o
    0x0001e924   0x000000e4   Code   RO           81    .text               crc32.o
    0x0001ea08   0x00000356   Code   RO           82    .text               epb.o
    0x0001ed5e   0x00000002   PAD
    0x0001ed60   0x000007e4   Code   RO           83    .text               epb_mmbp.o
    0x0001f544   0x0000056c   Code   RO           86    .text               mpbledemo2.o
    0x0001fab0   0x000000b8   Code   RO           94    .text               wechat_util.o
    0x0001fb68   0x0000002c   Code   RO          141    .text               mf_5.l(dscalb.o)
    0x0001fb94   0x00000028   Code   RO          144    .text               mf_5.l(f2d.o)
    0x0001fbbc   0x00000038   Code   RO          145    .text               mf_5.l(d2f.o)
    0x0001fbf4   0x00000060   Code   RO          166    .text               mc_5.l(uldiv.o)
    0x0001fc54   0x00000020   Code   RO          167    .text               mc_5.l(llshl.o)
    0x0001fc74   0x00000022   Code   RO          168    .text               mc_5.l(llushr.o)
    0x0001fc96   0x00000002   PAD
    0x0001fc98   0x00000000   Code   RO          173    .text               mc_5.l(iusefp.o)
    0x0001fc98   0x00000068   Code   RO          174    .text               mf_5.l(fepilogue.o)
    0x0001fd00   0x000000be   Code   RO          176    .text               mf_5.l(depilogue.o)
    0x0001fdbe   0x00000002   PAD
    0x0001fdc0   0x00000008   Ven    RO          177    .text               mf_5.l(dadd.o)
    0x0001fdc8   0x00000164   Code   RO          177    .text               mf_5.l(dadd.o)
    0x0001ff2c   0x00000008   Ven    RO          178    .text               mf_5.l(dmul.o)
    0x0001ff34   0x000000d0   Code   RO          178    .text               mf_5.l(dmul.o)
    0x00020004   0x000000f0   Code   RO          179    .text               mf_5.l(ddiv.o)
    0x000200f4   0x000000a2   Code   RO          180    .text               mf_5.l(dsqrt.o)
    0x00020196   0x00000002   PAD
    0x00020198   0x0000007c   Code   RO          181    .text               mf_5.l(drnd.o)
    0x00020214   0x00000008   Ven    RO          182    .text               mf_5.l(drem.o)
    0x0002021c   0x00000082   Code   RO          182    .text               mf_5.l(drem.o)
    0x0002029e   0x00000002   PAD
    0x000202a0   0x00000028   Code   RO          183    .text               mf_5.l(dflti.o)
    0x000202c8   0x0000002c   Code   RO          184    .text               mf_5.l(dfltl.o)
    0x000202f4   0x00000048   Code   RO          185    .text               mf_5.l(dfixi.o)
    0x0002033c   0x00000040   Code   RO          186    .text               mf_5.l(dfixul.o)
    0x0002037c   0x00000008   Ven    RO          187    .text               mf_5.l(dfixir.o)
    0x00020384   0x000000b0   Code   RO          187    .text               mf_5.l(dfixir.o)
    0x00020434   0x00000008   Ven    RO          188    .text               mf_5.l(dfixlr.o)
    0x0002043c   0x00000094   Code   RO          188    .text               mf_5.l(dfixlr.o)
    0x000204d0   0x0000002c   Code   RO          189    .text               mf_5.l(dmake.o)
    0x000204fc   0x00000028   Code   RO          190    .text               mf_5.l(cdcmple.o)
    0x00020524   0x00000028   Code   RO          191    .text               mf_5.l(cdrcmple.o)
    0x0002054c   0x00000026   Code   RO          195    .text               mc_5.l(llsshr.o)
    0x00020572   0x00000002   PAD
    0x00020574   0x00000024   Code   RO          134    i.__0vsprintf       mc_5.l(printfa.o)
    0x00020598   0x00000008   Ven    RO          171    i.__set_errno       mc_5.l(errno.o)
    0x000205a0   0x0000000c   Code   RO          171    i.__set_errno       mc_5.l(errno.o)
    0x000205ac   0x00000158   Code   RO          135    i._fp_digits        mc_5.l(printfa.o)
    0x00020704   0x000006f4   Code   RO          136    i._printf_core      mc_5.l(printfa.o)
    0x00020df8   0x00000020   Code   RO          137    i._printf_post_padding  mc_5.l(printfa.o)
    0x00020e18   0x0000002c   Code   RO          138    i._printf_pre_padding  mc_5.l(printfa.o)
    0x00020e44   0x0000000a   Code   RO          140    i._sputc            mc_5.l(printfa.o)
    0x00020e4e   0x00000002   PAD
    0x00020e50   0x000007f4   Code   RO          101    i.fma               m_5s.l(fma.o)
    0x00021644   0x00000074   Code   RO          156    i.frexp             m_5s.l(frexp.o)
    0x000216b8   0x00000070   Code   RO          116    i.llrint            m_5s.l(llrint.o)
    0x00021728   0x00000118   Code   RO          120    i.llround           m_5s.l(llround.o)
    0x00021840   0x00000058   Code   RO          103    i.lrint             m_5s.l(lrint.o)
    0x00021898   0x0000011c   Code   RO          118    i.lround            m_5s.l(lround.o)
    0x000219b4   0x00000010   Code   RO          105    i.nan               m_5s.l(nan.o)
    0x000219c4   0x000001a0   Code   RO          106    i.remquo            m_5s.l(remquo.o)
    0x00021b64   0x00000064   Code   RO          113    i.sqrt              m_5s.l(sqrt.o)
    0x00021bc8   0x0000002e   Data   RO            7    .constdata          arch_main.o
    0x00021bf6   0x00000002   PAD
    0x00021bf8   0x00000038   Data   RO           43    .constdata          bass.o
    0x00021c30   0x00000030   Data   RO           45    .constdata          bass_task.o
    0x00021c60   0x00000008   Data   RO           46    .constdata          bass_task.o
    0x00021c68   0x000000a8   Data   RO           48    .constdata          diss.o
    0x00021d10   0x00000018   Data   RO           50    .constdata          diss_task.o
    0x00021d28   0x00000008   Data   RO           51    .constdata          diss_task.o
    0x00021d30   0x00000050   Data   RO           53    .constdata          wechat.o
    0x00021d80   0x00000028   Data   RO           55    .constdata          wechat_task.o
    0x00021da8   0x00000008   Data   RO           56    .constdata          wechat_task.o
    0x00021db0   0x0000001c   Data   RO           62    .constdata          app.o
    0x00021dcc   0x00000020   Data   RO           64    .constdata          app_batt.o
    0x00021dec   0x00000008   Data   RO           65    .constdata          app_batt.o
    0x00021df4   0x00000008   Data   RO           68    .constdata          app_dis.o
    0x00021dfc   0x00000008   Data   RO           69    .constdata          app_dis.o
    0x00021e04   0x00000078   Data   RO           72    .constdata          app_task.o
    0x00021e7c   0x00000008   Data   RO           73    .constdata          app_task.o
    0x00021e84   0x000000b5   Data   RO           74    .constdata          app_task.o
    0x00021f39   0x00000003   PAD
    0x00021f3c   0x00000020   Data   RO           78    .constdata          app_wechat.o
    0x00021f5c   0x00000008   Data   RO           79    .constdata          app_wechat.o
    0x00021f64   0x000000b8   Data   RO           91    .constdata          mpbledemo2.o
    0x0002201c   0x00000019   Data   RO           92    .conststring        mpbledemo2.o


    Execution Region RAM_DATA (Base: 0x00400800, Size: 0x000001b0, Max: 0xffffffff, ABSOLUTE)

    Base Addr    Size         Type   Attr      Idx    E Section Name        Object

    0x00400800   0x00000002   Data   RW           21    .data               icu.o
    0x00400802   0x00000002   PAD
    0x00400804   0x00000010   Data   RW           28    .data               uart.o
    0x00400814   0x00000002   Data   RW           32    .data               wdt.o
    0x00400816   0x00000002   PAD
    0x00400818   0x00000140   Data   RW           35    .data               rf_xvr.o
    0x00400958   0x0000002c   Data   RW           38    .data               gpio.o
    0x00400984   0x00000004   Data   RW           41    .data               flash.o
    0x00400988   0x00000002   Data   RW           66    .data               app_batt.o
    0x0040098a   0x00000001   Data   RW           75    .data               app_task.o
    0x0040098b   0x00000001   PAD
    0x0040098c   0x0000000c   Data   RW           80    .data               app_wechat.o
    0x00400998   0x00000012   Data   RW           93    .data               mpbledemo2.o
    0x004009aa   0x00000002   PAD
    0x004009ac   0x00000004   Data   RW          172    .data               mc_5.l(errno.o)


    Execution Region RAM_BSS (Base: 0x004009b0, Size: 0x000015ec, Max: 0xffffffff, ABSOLUTE)

    Base Addr    Size         Type   Attr      Idx    E Section Name        Object

    0x004009b0   0x00000010   Zero   RW            6    .bss                arch_main.o
    0x004009c0   0x00000010   Zero   RW           18    .bss                rwip.o
    0x004009d0   0x00000094   Zero   RW           26    .bss                uart.o
    0x00400a64   0x00000040   Zero   RW           34    .bss                rf_xvr.o
    0x00400aa4   0x00000028   Zero   RW           37    .bss                gpio.o
    0x00400acc   0x0000000c   Zero   RW           40    .bss                flash.o
    0x00400ad8   0x000000f0   Zero   RW           58    .bss                prf.o
    0x00400bc8   0x00000028   Zero   RW           61    .bss                app.o
    0x00400bf0   0x0000007a   Zero   RW           77    .bss                app_wechat.o
    0x00400c6a   0x0000000c   Zero   RW           88    .bss                mpbledemo2.o
    0x00400c76   0x00000002   PAD
    0x00400c78   0x0000002c   Zero   RW           95    .bss                wechat_util.o
    0x00400ca4   0x000012f8   Zero   RW           19    ke_heap             rwip.o


    Execution Region RAM_STACK_UNUSED (Base: 0x0040350c, Size: 0x00000020, Max: 0x00000020, ABSOLUTE)

    Base Addr    Size         Type   Attr      Idx    E Section Name        Object

    0x0040350c   0x00000020   Zero   RW            1    RAM_STACK_UNUSED.bss  anon$$obj.o


    Execution Region RAM_STACK_SVC (Base: 0x0040352c, Size: 0x000006f0, Max: 0x000006f0, ABSOLUTE)

    Base Addr    Size         Type   Attr      Idx    E Section Name        Object

    0x0040352c   0x000006f0   Zero   RW            2    RAM_STACK_SVC.bss   anon$$obj.o


    Execution Region RAM_STACK_IRQ (Base: 0x00403c1c, Size: 0x000001f0, Max: 0x000001f0, ABSOLUTE)

    Base Addr    Size         Type   Attr      Idx    E Section Name        Object

    0x00403c1c   0x000001f0   Zero   RW            3    RAM_STACK_IRQ.bss   anon$$obj.o


    Execution Region RAM_STACK_FIQ (Base: 0x00403e0c, Size: 0x000001f0, Max: 0x000001f0, ABSOLUTE)

    Base Addr    Size         Type   Attr      Idx    E Section Name        Object

    0x00403e0c   0x000001f0   Zero   RW            4    RAM_STACK_FIQ.bss   anon$$obj.o


==============================================================================

Image component sizes


      Code (inc. data)   RO Data    RW Data    ZI Data      Debug   Object Name

       668        140         28          0         40          0   app.o
       164         14         40          2          0          0   app_batt.o
       268        112         16          0          0          0   app_dis.o
      1496        590        309          1          0          0   app_task.o
       676        176         40         12        122          0   app_wechat.o
      1156        526         46          0         16          0   arch_main.o
       948         16         56          0          0          0   bass.o
       676         12         56          0          0          0   bass_task.o
       500         76          0          0          0          0   boot_handlers.o
        92         32          0          0          0          0   boot_vectors.o
       228          4          0          0          0          0   crc32.o
       384         12        168          0          0          0   diss.o
       464          8         32          0          0          0   diss_task.o
        24          4          0          0          0          0   emi.o
       854          0          0          0          0          0   epb.o
      2020          8          0          0          0          0   epb_mmbp.o
       552         24          0          4         12          0   flash.o
       512         26          0         44         40          0   gpio.o
       296         24          0          2          0          0   icu.o
       144         12          0          0          0          0   intc.o
      1388        112        209         18         12          0   mpbledemo2.o
       560          6          0          0        240          0   prf.o
        96          0          0          0          0          0   prf_utils.o
       840         64          0        320         64          0   rf_xvr.o
       776         16          0          0          0          0   rwble.o
        56          0          0          0          0          0   rwble_hl.o
      1024        100          0          0       4872          0   rwip.o
        44          4          0          0          0          0   timer.o
       908        146          0         16        148          0   uart.o
       104         10          0          2          0          0   wdt.o
       428         14         80          0          0          0   wechat.o
       580         20         48          0          0          0   wechat_task.o
       184         10          0          0         44          0   wechat_util.o

    ----------------------------------------------------------------------
     19176       2342       1136        428       8412          0   Object Totals
        48         24          0          0       2800          0   (incl. Generated)
        18          0          8          7          2          0   (incl. Padding)

    ----------------------------------------------------------------------

      Code (inc. data)   RO Data    RW Data    ZI Data      Debug   Library Member Name

      2036          8          0          0          0          0   fma.o
       116          8          0          0          0          0   frexp.o
       112          0          0          0          0          0   llrint.o
       280         12          0          0          0          0   llround.o
        88          0          0          0          0          0   lrint.o
       284         16          0          0          0          0   lround.o
        16          4          0          0          0          0   nan.o
       416         12          0          0          0          0   remquo.o
       100          4          0          0          0          0   sqrt.o
        20          6          0          4          0          0   errno.o
         0          0          0          0          0          0   iusefp.o
        32          0          0          0          0          0   llshl.o
        38          0          0          0          0          0   llsshr.o
        34          0          0          0          0          0   llushr.o
      2246         94          0          0          0          0   printfa.o
        96          0          0          0          0          0   uldiv.o
        40          2          0          0          0          0   cdcmple.o
        40          2          0          0          0          0   cdrcmple.o
        56          0          0          0          0          0   d2f.o
       364          4          0          0          0          0   dadd.o
       240          6          0          0          0          0   ddiv.o
       190          0          0          0          0          0   depilogue.o
        72         10          0          0          0          0   dfixi.o
       184          8          0          0          0          0   dfixir.o
       156          8          0          0          0          0   dfixlr.o
        64         10          0          0          0          0   dfixul.o
        40          6          0          0          0          0   dflti.o
        44          6          0          0          0          0   dfltl.o
        44          4          0          0          0          0   dmake.o
       216          6          0          0          0          0   dmul.o
       138          0          0          0          0          0   drem.o
       124         10          0          0          0          0   drnd.o
        44          0          0          0          0          0   dscalb.o
       162          0          0          0          0          0   dsqrt.o
        40          0          0          0          0          0   f2d.o
       104          0          0          0          0          0   fepilogue.o

    ----------------------------------------------------------------------
      8288        246          0          4          0          0   Library Totals
        12          0          0          0          0          0   (incl. Padding)

    ----------------------------------------------------------------------

      Code (inc. data)   RO Data    RW Data    ZI Data      Debug   Library Name

      3448         64          0          0          0          0   m_5s.l
      2466        100          0          4          0          0   mc_5.l
      2362         82          0          0          0          0   mf_5.l

    ----------------------------------------------------------------------
      8288        246          0          4          0          0   Library Totals

    ----------------------------------------------------------------------

==============================================================================


      Code (inc. data)   RO Data    RW Data    ZI Data      Debug   

     27464       2588       1136        432       8412          0   Grand Totals
     27464       2588       1136        432       8412          0   ELF Image Totals
     27464       2588       1136        432          0          0   ROM Totals

==============================================================================

    Total RO  Size (Code + RO Data)                28600 (  27.93kB)
    Total RW  Size (RW Data + ZI Data)              8844 (   8.64kB)
    Total ROM Size (Code + RO Data + RW Data)      29032 (  28.35kB)

==============================================================================

