<html>
<body>
<pre>
<h1>µVision Build Log</h1>
<h2>Tool Versions:</h2>
IDE-Version: ¦ÌVision V5.12.0.0
Copyright (C) 2014 ARM Ltd and ARM Germany GmbH. All rights reserved.
License Information: 2 Administrator, 2, LIC=EXJFW-QWTYB-T30MI-TR5H8-TH5E1-ZU8P6
 
Tool Versions:
Toolchain:       MDK-ARM Standard  Version: 5.12.0.0
Toolchain Path:  C:\Keil_v5\ARM\ARMCC\Bin
C Compiler:      Armcc.exe V5.05 (build 41)
Assembler:       Armasm.exe V5.05 (build 41)
Linker/Locator:  ArmLink.exe V5.05 (build 41)
Library Manager: ArmAr.exe V5.05 (build 41)
Hex Converter:   FromElf.exe V5.05 (build 41)
CPU DLL:         SARM.DLL V5.12.0.0
Dialog DLL:      DARMP3.DLL
    Target DLL: Segger\JLTAgdi.dll
Dialog DLL:      TARMP3.DLL V1.02
 
<h2>Project:</h2>
D:\tunk\3432\sdk\beken\ble_bk3432_sdk_12_0304\projects\ble_app_wechat\bk3432.uvproj
Project File Date:  08/06/2018

<h2>Output:</h2>
Rebuild target 'BK3435'
compiling arch_main.c...
assembling boot_handlers.s...
assembling boot_vectors.s...
compiling rwble.c...
compiling rwble_hl.c...
compiling rwip.c...
compiling icu.c...
compiling intc.c...
compiling uart.c...
compiling emi.c...
compiling timer.c...
compiling wdt.c...
compiling rf_xvr.c...
compiling gpio.c...
compiling flash.c...
compiling bass.c...
compiling bass_task.c...
compiling diss.c...
compiling diss_task.c...
compiling wechat.c...
compiling wechat_task.c...
compiling prf.c...
compiling prf_utils.c...
compiling app.c...
compiling app_batt.c...
compiling app_dis.c...
compiling app_task.c...
compiling app_wechat.c...
compiling crc32.c...
compiling epb.c...
compiling epb_MmBp.c...
compiling md5.c...
compiling mpbledemo2.c...
compiling wechat_util.c...
compiling AES.c...
linking...
Program Size: Code=27940 RO-data=1136 RW-data=112 ZI-data=8396  
After Build - User command #1: fromelf --bin --output .\output\app\bk3432_ble_app.bin .\obj\bk3432_ble_app.axf
After Build - User command #2: .\output\encrypt_app.bat
D:\tunk\3432\sdk\beken\ble_bk3432_sdk_12_0304\projects\ble_app_wechat>.\output\BinConvert_3432.exe  -oad .\output\bim\bk3432_ble_bim.bin  .\output\stack\bk3432_ble_stack.bin  .\output\app\bk3432_ble_app.bin -m 0x2020 -l 0x1b020 -v 0x1111 -rom_v 0x0004 -e 00000000 00000000 00000000 00000000 
cmd_bin_oad.stack_file_addr :0x2020
binary version hex:0x1111; dec:4369
Arm Image Binary will be converted to OAD format binary file.....
cmd_bin_oad.stack_file_addr=2020
boot_bin_len=175c
add stack bin start
oad_stack_app_bin_len=20300
oad_app_bin_len=7300
e2 aa 9d 73 11 11 c0 1c 42 42 42 42 ff ff 04 00 /**< @CREATE_FILE_SUCCESS */
/**< @Download flash file:.\output\app\bk3432_ble_app_merge.bin
/**< @OAD file :.\output\app\bk3432_ble_app_stack.bin,CRC = 0xdc22ded4
/**< @OAD file :.\output\app\bk3432_ble_app_app.bin,CRC = 0x739daae2
/**< @author <gang.cheng@bekencorp.com> */
/**< @version v0.3 */
".\obj\bk3432_ble_app.axf" - 0 Error(s), 0 Warning(s).
</pre>
</body>
</html>
