<html>
<body>
<pre>
<h1>µVision Build Log</h1>
<h2>Tool Versions:</h2>
IDE-Version: ¦ÌVision V5.12.0.0
Copyright (C) 2014 ARM Ltd and ARM Germany GmbH. All rights reserved.
License Information: 2 Administrator, 2, LIC=EXJFW-QWTYB-T30MI-TR5H8-TH5E1-ZU8P6
 
Tool Versions:
Toolchain:       MDK-ARM Standard  Version: 5.12.0.0
Toolchain Path:  C:\Keil_v5\ARM\ARMCC\Bin
C Compiler:      Armcc.exe V5.05 (build 41)
Assembler:       Armasm.exe V5.05 (build 41)
Linker/Locator:  ArmLink.exe V5.05 (build 41)
Library Manager: ArmAr.exe V5.05 (build 41)
Hex Converter:   FromElf.exe V5.05 (build 41)
CPU DLL:         SARM.DLL V5.12.0.0
Dialog DLL:      DARMP3.DLL
    Target DLL: Segger\JLTAgdi.dll
Dialog DLL:      TARMP3.DLL V1.02
 
<h2>Project:</h2>
C:\Users\Administrator\Desktop\ble_bk3432_sdk_11_0202\projects\ble_app_wechat\bk3432.uvproj
Project File Date:  05/09/2018

<h2>Output:</h2>
Rebuild target 'BK3435'
compiling arch_main.c...
assembling boot_handlers.s...
assembling boot_vectors.s...
compiling rwble.c...
compiling rwble_hl.c...
compiling rwip.c...
compiling icu.c...
compiling intc.c...
compiling uart.c...
compiling emi.c...
compiling timer.c...
compiling wdt.c...
compiling rf_xvr.c...
compiling gpio.c...
compiling flash.c...
compiling bass.c...
compiling bass_task.c...
compiling diss.c...
compiling diss_task.c...
compiling wechat.c...
compiling wechat_task.c...
compiling prf.c...
compiling prf_utils.c...
compiling app.c...
compiling app_batt.c...
compiling app_dis.c...
compiling app_task.c...
compiling app_wechat.c...
compiling crc32.c...
compiling epb.c...
compiling epb_MmBp.c...
compiling md5.c...
compiling mpbledemo2.c...
compiling wechat_util.c...
compiling AES.c...
linking...
Program Size: Code=27464 RO-data=1136 RW-data=432 ZI-data=8412  
After Build - User command #1: fromelf --bin --output .\output\app\bk3432_ble_app.bin .\obj\bk3432_ble_app.axf
After Build - User command #2: .\output\encrypt_app.bat
C:\Users\Administrator\Desktop\ble_bk3432_sdk_11_0202\projects\ble_app_wechat>.\output\BinConvert_3432.exe  -oad .\output\bim\bk3432_ble_bim.bin  .\output\stack\bk3432_ble_stack.bin  .\output\app\bk3432_ble_app.bin -m 0x2020 -l 0x1b020 -v 0x1111 -rom_v 0x0002 -e 00000000 00000000 00000000 00000000 
cmd_bin_oad.stack_file_addr :0x2020
binary version hex:0x1111; dec:4369
Arm Image Binary will be converted to OAD format binary file.....
cmd_bin_oad.stack_file_addr=2020
boot_bin_len=175c
add stack bin start
oad_stack_app_bin_len=20200
oad_app_bin_len=7200
9f e0 f8 d6 11 11 80 1c 42 42 42 42 ff ff 02 00 /**< @CREATE_FILE_SUCCESS */
/**< @Download flash file:.\output\app\bk3432_ble_app_merge.bin
/**< @OAD file :.\output\app\bk3432_ble_app_stack.bin,CRC = 0x9f810837
/**< @OAD file :.\output\app\bk3432_ble_app_app.bin,CRC = 0xd6f8e09f
/**< @author <gang.cheng@bekencorp.com> */
/**< @version v0.3 */
".\obj\bk3432_ble_app.axf" - 0 Error(s), 0 Warning(s).
</pre>
</body>
</html>
 1 error
compiling timer.c...
..\..\sdk\plactform\driver\timer\timer.c(25): error:  #5: cannot open source input file "reg_timer.h": No such file or directory
  #include "reg_timer.h"
..\..\sdk\plactform\driver\timer\timer.c: 0 warnings, 1 error
compiling wdt.c...
..\..\sdk\plactform\driver\wdt\wdt.c(4): error:  #5: cannot open source input file "BK3432_reg.h": No such file or directory
  #include "BK3432_reg.h"
..\..\sdk\plactform\driver\wdt\wdt.c: 0 warnings, 1 error
compiling rf_xvr.c...
..\..\sdk\plactform\core_modules\rf\src\rf_xvr.c(32): error:  #5: cannot open source input file "co_utils.h": No such file or directory
  #include "co_utils.h"      // common utility definition
..\..\sdk\plactform\core_modules\rf\src\rf_xvr.c: 0 warnings, 1 error
compiling gpio.c...
..\..\sdk\plactform\driver\gpio\gpio.c(16): error:  #5: cannot open source input file "BK3432_reg.h": No such file or directory
  #include "BK3432_reg.h"
..\..\sdk\plactform\driver\gpio\gpio.c: 0 warnings, 1 error
compiling bass.c...
.\config\rwip_config.h(688): error:  #5: cannot open source input file "rwble_config.h": No such file or directory
  #include "rwble_config.h"   // ble stack configuration
..\..\sdk\ble_stack\com\profiles\bas\bass\src\bass.c: 0 warnings, 1 error
compiling bass_task.c...
.\config\rwip_config.h(688): error:  #5: cannot open source input file "rwble_config.h": No such file or directory
  #include "rwble_config.h"   // ble stack configuration
..\..\sdk\ble_stack\com\profiles\bas\bass\src\bass_task.c: 0 warnings, 1 error
compiling diss.c...
.\config\rwip_config.h(688): error:  #5: cannot open source input file "rwble_config.h": No such file or directory
  #include "rwble_config.h"   // ble stack configuration
..\..\sdk\ble_stack\com\profiles\dis\diss\src\diss.c: 0 warnings, 1 error
compiling diss_task.c...
.\config\rwip_config.h(688): error:  #5: cannot open source input file "rwble_config.h": No such file or directory
  #include "rwble_config.h"   // ble stack configuration
..\..\sdk\ble_stack\com\profiles\dis\diss\src\diss_task.c: 0 warnings, 1 error
compiling wechat.c...
.\config\rwip_config.h(688): error:  #5: cannot open source input file "rwble_config.h": No such file or directory
  #include "rwble_config.h"   // ble stack configuration
..\..\sdk\ble_stack\com\profiles\wechat\src\wechat.c: 0 warnings, 1 error
compiling wechat_task.c...
.\config\rwip_config.h(688): error:  #5: cannot open source input file "rwble_config.h": No such file or directory
  #include "rwble_config.h"   // ble stack configuration
..\..\sdk\ble_stack\com\profiles\wechat\src\wechat_task.c: 0 warnings, 1 error
compiling prf.c...
.\config\rwip_config.h(688): error:  #5: cannot open source input file "rwble_config.h": No such file or directory
  #include "rwble_config.h"   // ble stack configuration
..\..\sdk\ble_stack\com\prf\prf.c: 0 warnings, 1 error
compiling prf_utils.c...
.\config\rwip_config.h(688): error:  #5: cannot open source input file "rwble_config.h": No such file or directory
  #include "rwble_config.h"   // ble stack configuration
..\..\sdk\ble_stack\com\prf\prf_utils.c: 0 warnings, 1 error
compiling app.c...
.\config\rwip_config.h(688): error:  #5: cannot open source input file "rwble_config.h": No such file or directory
  #include "rwble_config.h"   // ble stack configuration
app\app.c: 0 warnings, 1 error
compiling app_batt.c...
.\config\rwip_config.h(688): error:  #5: cannot open source input file "rwble_config.h": No such file or directory
  #include "rwble_config.h"   // ble stack configuration
app\app_batt.c: 0 warnings, 1 error
compiling app_dis.c...
.\config\rwip_config.h(688): error:  #5: cannot open source input file "rwble_config.h": No such file or directory
  #include "rwble_config.h"   // ble stack configuration
app\app_dis.c: 0 warnings, 1 error
compiling app_task.c...
.\config\rwip_config.h(688): error:  #5: cannot open source input file "rwble_config.h": No such file or directory
  #include "rwble_config.h"   // ble stack configuration
app\app_task.c: 0 warnings, 1 error
compiling app_wechat.c...
.\config\rwip_config.h(688): error:  #5: cannot open source input file "rwble_config.h": No such file or directory
  #include "rwble_config.h"   // ble stack configuration
app\app_wechat.c: 0 warnings, 1 error
compiling crc32.c...
compiling epb.c...
compiling epb_MmBp.c...
.\config\rwip_config.h(688): error:  #5: cannot open source input file "rwble_config.h": No such file or directory
  #include "rwble_config.h"   // ble stack configuration
wechat\epb_MmBp.c: 0 warnings, 1 error
compiling md5.c...
wechat\md5.c(10): error:  #5: cannot open source input file "ke_config.h": No such file or directory
  #include "ke_config.h"
wechat\md5.c: 0 warnings, 1 error
compiling mpbledemo2.c...
.\config\rwip_config.h(688): error:  #5: cannot open source input file "rwble_config.h": No such file or directory
  #include "rwble_config.h"   // ble stack configuration
wechat\mpbledemo2.c: 0 warnings, 1 error
compiling wechat_util.c...
compiling AES.c...
".\obj\bk3432_ble_app.axf" - 28 Error(s), 0 Warning(s).
Target not created.
