<html>
<body>
<pre>
<h1>µVision Build Log</h1>
<h2>Tool Versions:</h2>
IDE-Version: ¦ÌVision V5.37.0.0
Copyright (C) 2022 ARM Ltd and ARM Germany GmbH. All rights reserved.
License Information: cheng chengge, 888, LIC=HF82M-XQ96N-D3RM3-AT7HS-G49UM-2WS9M
 
Tool Versions:
Toolchain:       MDK-ARM Professional  Version: 5.37.0.0
Toolchain Path:  E:\keil\ARM\ARMCC\Bin
C Compiler:      Armcc.exe V5.06 update 6 (build 750)
Assembler:       Armasm.exe V5.06 update 6 (build 750)
Linker/Locator:  ArmLink.exe V5.06 update 6 (build 750)
Library Manager: ArmAr.exe V5.06 update 6 (build 750)
Hex Converter:   FromElf.exe V5.06 update 6 (build 750)
CPU DLL:         SARMCM3.DLL V5.37.0.0
Dialog DLL:      DARMCM1.DLL V1.19.6.0
Target DLL:      UL2CM3.DLL V1.164.7.0
Dialog DLL:      TARMCM1.DLL V1.14.6.0
 
<h2>Project:</h2>
F:\phyplusinc\SDK\test\release_bbb_sdk-PHY62XX_SDK_3.1.3\example\ble_multi\yuan-simpleBleMultiConnection\simpleBleMulti.uvprojx
Project File Date:  06/29/2023

<h2>Output:</h2>
*** Using Compiler 'V5.06 update 6 (build 750)', folder: 'E:\keil\ARM\ARMCC\Bin'
Build target 'Target 1'
compiling multi_role.c...
source\multi_role\multi_role.c(365): warning:  #550-D: variable "i"  was set but never used
          static uint8 i = 0;
source\multi_role\multi_role.c: 1 warning, 0 errors
linking...
.\scatter_load.sct(42): warning: L6329W: Pattern ppsp_serv.o(RO) only matches removed unused sections.
.\scatter_load.sct(43): warning: L6329W: Pattern ppsp_impl.o(RO) only matches removed unused sections.
Program Size: Code=95032 RO-data=2248 RW-data=2140 ZI-data=14700  
Finished: 0 information, 2 warning and 0 error messages.
After Build - User command #1: fromelf.exe --bin -o  ./simpleBleMulti.bin  ./Objects/simpleBleMulti.axf
After Build - User command #2: fromelf.exe .\Objects\simpleBleMulti.axf --i32combined --output .\bin\simpleBleMulti.hex
".\Objects\simpleBleMulti.axf" - 0 Error(s), 3 Warning(s).

<h2>Software Packages used:</h2>

Package Vendor: ARM
                http://www.keil.com/pack/ARM.CMSIS.5.9.0.pack
                ARM.CMSIS.5.9.0
                CMSIS (Common Microcontroller Software Interface Standard)
   * Component: CORE Version: 5.6.0
   * Component: Startup Version: 1.2.2

<h2>Collection of Component include folders:</h2>
  ./RTE/_Target_1
  E:/keil/keil_v5/ARM/CMSIS/5.9.0/CMSIS/Core/Include
  E:/keil/keil_v5/ARM/CMSIS/5.9.0/Device/ARM/ARMCM0/Include

<h2>Collection of Component Files used:</h2>

   * Component: ARM::CMSIS:CORE:5.6.0

   * Component: ARM::Device:Startup:1.2.2
      Source file:   Device/ARM/ARMCM0/Source/system_ARMCM0.c
      Source file:   Device/ARM/ARMCM0/Source/ARM/startup_ARMCM0.s
      Include file:  Device/ARM/ARMCM0/Include/ARMCM0.h
Build Time Elapsed:  00:00:00
</pre>
</body>
</html>
